                                 Started job on |	Apr 09 22:04:45
                             Started mapping on |	Apr 09 22:05:04
                                    Finished on |	Apr 09 22:09:35
       Mapping speed, Million of reads per hour |	366.78

                          Number of input reads |	27610558
                      Average input read length |	202
                                    UNIQUE READS:
                   Uniquely mapped reads number |	22294837
                        Uniquely mapped reads % |	80.75%
                          Average mapped length |	199.61
                       Number of splices: Total |	3910924
            Number of splices: Annotated (sjdb) |	3786005
                       Number of splices: GT/AG |	3857417
                       Number of splices: GC/AG |	30065
                       Number of splices: AT/AC |	3314
               Number of splices: Non-canonical |	20128
                      Mismatch rate per base, % |	0.30%
                         Deletion rate per base |	0.02%
                        Deletion average length |	1.26
                        Insertion rate per base |	0.01%
                       Insertion average length |	1.52
                             MULTI-MAPPING READS:
        Number of reads mapped to multiple loci |	2621397
             % of reads mapped to multiple loci |	9.49%
        Number of reads mapped to too many loci |	81832
             % of reads mapped to too many loci |	0.30%
                                  UNMAPPED READS:
  Number of reads unmapped: too many mismatches |	0
       % of reads unmapped: too many mismatches |	0.00%
            Number of reads unmapped: too short |	2575396
                 % of reads unmapped: too short |	9.33%
                Number of reads unmapped: other |	37096
                     % of reads unmapped: other |	0.13%
                                  CHIMERIC READS:
                       Number of chimeric reads |	0
                            % of chimeric reads |	0.00%
