                                 Started job on |	Apr 10 10:24:35
                             Started mapping on |	Apr 10 10:24:44
                                    Finished on |	Apr 10 10:49:59
       Mapping speed, Million of reads per hour |	96.67

                          Number of input reads |	40680732
                      Average input read length |	284
                                    UNIQUE READS:
                   Uniquely mapped reads number |	34306250
                        Uniquely mapped reads % |	84.33%
                          Average mapped length |	284.08
                       Number of splices: Total |	46891553
            Number of splices: Annotated (sjdb) |	46099282
                       Number of splices: GT/AG |	46457474
                       Number of splices: GC/AG |	322592
                       Number of splices: AT/AC |	48362
               Number of splices: Non-canonical |	63125
                      Mismatch rate per base, % |	0.31%
                         Deletion rate per base |	0.01%
                        Deletion average length |	1.74
                        Insertion rate per base |	0.00%
                       Insertion average length |	1.70
                             MULTI-MAPPING READS:
        Number of reads mapped to multiple loci |	4055493
             % of reads mapped to multiple loci |	9.97%
        Number of reads mapped to too many loci |	205796
             % of reads mapped to too many loci |	0.51%
                                  UNMAPPED READS:
  Number of reads unmapped: too many mismatches |	0
       % of reads unmapped: too many mismatches |	0.00%
            Number of reads unmapped: too short |	1803266
                 % of reads unmapped: too short |	4.43%
                Number of reads unmapped: other |	309927
                     % of reads unmapped: other |	0.76%
                                  CHIMERIC READS:
                       Number of chimeric reads |	0
                            % of chimeric reads |	0.00%
