                                 Started job on |	Mar 28 12:45:20
                             Started mapping on |	Mar 28 12:51:41
                                    Finished on |	Mar 28 13:00:25
       Mapping speed, Million of reads per hour |	230.13

                          Number of input reads |	33496705
                      Average input read length |	202
                                    UNIQUE READS:
                   Uniquely mapped reads number |	25903167
                        Uniquely mapped reads % |	77.33%
                          Average mapped length |	200.20
                       Number of splices: Total |	10114916
            Number of splices: Annotated (sjdb) |	10091124
                       Number of splices: GT/AG |	9997742
                       Number of splices: GC/AG |	78527
                       Number of splices: AT/AC |	11545
               Number of splices: Non-canonical |	27102
                      Mismatch rate per base, % |	0.25%
                         Deletion rate per base |	0.02%
                        Deletion average length |	1.17
                        Insertion rate per base |	0.01%
                       Insertion average length |	1.47
                             MULTI-MAPPING READS:
        Number of reads mapped to multiple loci |	3773533
             % of reads mapped to multiple loci |	11.27%
        Number of reads mapped to too many loci |	53777
             % of reads mapped to too many loci |	0.16%
                                  UNMAPPED READS:
  Number of reads unmapped: too many mismatches |	0
       % of reads unmapped: too many mismatches |	0.00%
            Number of reads unmapped: too short |	3729898
                 % of reads unmapped: too short |	11.14%
                Number of reads unmapped: other |	36330
                     % of reads unmapped: other |	0.11%
                                  CHIMERIC READS:
                       Number of chimeric reads |	0
                            % of chimeric reads |	0.00%
