                                 Started job on |	Mar 26 09:50:14
                             Started mapping on |	Mar 26 09:58:52
                                    Finished on |	Mar 26 10:07:32
       Mapping speed, Million of reads per hour |	257.94

                          Number of input reads |	37258033
                      Average input read length |	202
                                    UNIQUE READS:
                   Uniquely mapped reads number |	29599966
                        Uniquely mapped reads % |	79.45%
                          Average mapped length |	200.03
                       Number of splices: Total |	4338662
            Number of splices: Annotated (sjdb) |	4294806
                       Number of splices: GT/AG |	4247703
                       Number of splices: GC/AG |	51032
                       Number of splices: AT/AC |	4420
               Number of splices: Non-canonical |	35507
                      Mismatch rate per base, % |	0.32%
                         Deletion rate per base |	0.03%
                        Deletion average length |	1.24
                        Insertion rate per base |	0.01%
                       Insertion average length |	1.67
                             MULTI-MAPPING READS:
        Number of reads mapped to multiple loci |	4321212
             % of reads mapped to multiple loci |	11.60%
        Number of reads mapped to too many loci |	308056
             % of reads mapped to too many loci |	0.83%
                                  UNMAPPED READS:
  Number of reads unmapped: too many mismatches |	0
       % of reads unmapped: too many mismatches |	0.00%
            Number of reads unmapped: too short |	2947360
                 % of reads unmapped: too short |	7.91%
                Number of reads unmapped: other |	81439
                     % of reads unmapped: other |	0.22%
                                  CHIMERIC READS:
                       Number of chimeric reads |	0
                            % of chimeric reads |	0.00%
