                                 Started job on |	Apr 09 22:20:58
                             Started mapping on |	Apr 09 22:26:34
                                    Finished on |	Apr 09 22:31:44
       Mapping speed, Million of reads per hour |	350.18

                          Number of input reads |	30153986
                      Average input read length |	202
                                    UNIQUE READS:
                   Uniquely mapped reads number |	25924632
                        Uniquely mapped reads % |	85.97%
                          Average mapped length |	200.91
                       Number of splices: Total |	6358495
            Number of splices: Annotated (sjdb) |	6330048
                       Number of splices: GT/AG |	6268706
                       Number of splices: GC/AG |	60132
                       Number of splices: AT/AC |	6293
               Number of splices: Non-canonical |	23364
                      Mismatch rate per base, % |	0.20%
                         Deletion rate per base |	0.03%
                        Deletion average length |	1.25
                        Insertion rate per base |	0.01%
                       Insertion average length |	1.52
                             MULTI-MAPPING READS:
        Number of reads mapped to multiple loci |	2383183
             % of reads mapped to multiple loci |	7.90%
        Number of reads mapped to too many loci |	49530
             % of reads mapped to too many loci |	0.16%
                                  UNMAPPED READS:
  Number of reads unmapped: too many mismatches |	0
       % of reads unmapped: too many mismatches |	0.00%
            Number of reads unmapped: too short |	1761855
                 % of reads unmapped: too short |	5.84%
                Number of reads unmapped: other |	34786
                     % of reads unmapped: other |	0.12%
                                  CHIMERIC READS:
                       Number of chimeric reads |	0
                            % of chimeric reads |	0.00%
