                                 Started job on |	Apr 10 03:18:18
                             Started mapping on |	Apr 10 03:23:41
                                    Finished on |	Apr 10 03:28:36
       Mapping speed, Million of reads per hour |	346.46

                          Number of input reads |	28390434
                      Average input read length |	202
                                    UNIQUE READS:
                   Uniquely mapped reads number |	24718330
                        Uniquely mapped reads % |	87.07%
                          Average mapped length |	200.49
                       Number of splices: Total |	4024551
            Number of splices: Annotated (sjdb) |	3992352
                       Number of splices: GT/AG |	3900217
                       Number of splices: GC/AG |	93115
                       Number of splices: AT/AC |	4101
               Number of splices: Non-canonical |	27118
                      Mismatch rate per base, % |	0.26%
                         Deletion rate per base |	0.02%
                        Deletion average length |	1.39
                        Insertion rate per base |	0.01%
                       Insertion average length |	1.55
                             MULTI-MAPPING READS:
        Number of reads mapped to multiple loci |	2004924
             % of reads mapped to multiple loci |	7.06%
        Number of reads mapped to too many loci |	103477
             % of reads mapped to too many loci |	0.36%
                                  UNMAPPED READS:
  Number of reads unmapped: too many mismatches |	0
       % of reads unmapped: too many mismatches |	0.00%
            Number of reads unmapped: too short |	1512956
                 % of reads unmapped: too short |	5.33%
                Number of reads unmapped: other |	50747
                     % of reads unmapped: other |	0.18%
                                  CHIMERIC READS:
                       Number of chimeric reads |	0
                            % of chimeric reads |	0.00%
