                                 Started job on |	Apr 09 23:29:03
                             Started mapping on |	Apr 09 23:35:08
                                    Finished on |	Apr 09 23:41:55
       Mapping speed, Million of reads per hour |	296.33

                          Number of input reads |	33501788
                      Average input read length |	202
                                    UNIQUE READS:
                   Uniquely mapped reads number |	27275955
                        Uniquely mapped reads % |	81.42%
                          Average mapped length |	200.44
                       Number of splices: Total |	8955064
            Number of splices: Annotated (sjdb) |	8930477
                       Number of splices: GT/AG |	8843009
                       Number of splices: GC/AG |	84265
                       Number of splices: AT/AC |	6092
               Number of splices: Non-canonical |	21698
                      Mismatch rate per base, % |	0.21%
                         Deletion rate per base |	0.03%
                        Deletion average length |	1.16
                        Insertion rate per base |	0.01%
                       Insertion average length |	1.52
                             MULTI-MAPPING READS:
        Number of reads mapped to multiple loci |	3922991
             % of reads mapped to multiple loci |	11.71%
        Number of reads mapped to too many loci |	80297
             % of reads mapped to too many loci |	0.24%
                                  UNMAPPED READS:
  Number of reads unmapped: too many mismatches |	0
       % of reads unmapped: too many mismatches |	0.00%
            Number of reads unmapped: too short |	2201246
                 % of reads unmapped: too short |	6.57%
                Number of reads unmapped: other |	21299
                     % of reads unmapped: other |	0.06%
                                  CHIMERIC READS:
                       Number of chimeric reads |	0
                            % of chimeric reads |	0.00%
