                                 Started job on |	Apr 10 11:38:33
                             Started mapping on |	Apr 10 11:52:03
                                    Finished on |	Apr 10 12:18:02
       Mapping speed, Million of reads per hour |	59.74

                          Number of input reads |	25868721
                      Average input read length |	202
                                    UNIQUE READS:
                   Uniquely mapped reads number |	20088016
                        Uniquely mapped reads % |	77.65%
                          Average mapped length |	199.12
                       Number of splices: Total |	3681251
            Number of splices: Annotated (sjdb) |	3583799
                       Number of splices: GT/AG |	3502821
                       Number of splices: GC/AG |	46009
                       Number of splices: AT/AC |	6270
               Number of splices: Non-canonical |	126151
                      Mismatch rate per base, % |	0.37%
                         Deletion rate per base |	0.02%
                        Deletion average length |	1.46
                        Insertion rate per base |	0.01%
                       Insertion average length |	1.74
                             MULTI-MAPPING READS:
        Number of reads mapped to multiple loci |	2689979
             % of reads mapped to multiple loci |	10.40%
        Number of reads mapped to too many loci |	216758
             % of reads mapped to too many loci |	0.84%
                                  UNMAPPED READS:
  Number of reads unmapped: too many mismatches |	0
       % of reads unmapped: too many mismatches |	0.00%
            Number of reads unmapped: too short |	2528126
                 % of reads unmapped: too short |	9.77%
                Number of reads unmapped: other |	345842
                     % of reads unmapped: other |	1.34%
                                  CHIMERIC READS:
                       Number of chimeric reads |	0
                            % of chimeric reads |	0.00%
