           Time    Speed        Read     Read   Mapped   Mapped   Mapped   Mapped Unmapped Unmapped Unmapped Unmapped
                    M/hr      number   length   unique   length   MMrate    multi   multi+       MM    short    other
Apr 09 21:48:13	Started 1st pass mapping
Apr 09 21:48:18     45.5       63172      202    79.9%    200.0     0.3%    11.6%     0.4%     0.0%     8.0%     0.2%
Apr 09 21:49:18    338.9     6118422      202    80.0%    200.1     0.3%    11.4%     0.3%     0.0%     8.0%     0.2%
Apr 09 21:50:18    349.8    12147251      202    80.1%    200.1     0.3%    11.4%     0.3%     0.0%     8.0%     0.2%
Apr 09 21:51:18    350.7    18020246      202    80.1%    200.1     0.3%    11.4%     0.3%     0.0%     8.0%     0.2%
Apr 09 21:52:18    351.1    23893241      202    80.1%    200.1     0.3%    11.4%     0.3%     0.0%     8.0%     0.2%
Apr 09 21:53:18    353.5    29951699      202    80.1%    200.1     0.3%    11.4%     0.3%     0.0%     8.0%     0.2%
Apr 09 21:54:18    353.3    35824694      202    80.1%    200.1     0.3%    11.4%     0.3%     0.0%     8.0%     0.2%
Apr 09 21:54:32	Finished 1st pass mapping
Apr 09 21:57:06    260.6     4559972      202    79.4%    200.0     0.3%    11.6%     0.8%     0.0%     7.9%     0.2%
Apr 09 21:58:06    277.6     9484674      202    79.4%    200.1     0.3%    11.6%     0.8%     0.0%     7.9%     0.2%
Apr 09 21:59:06    275.4    14001881      202    79.4%    200.0     0.3%    11.6%     0.8%     0.0%     7.9%     0.2%
Apr 09 22:00:06    277.0    18700277      202    79.4%    200.0     0.3%    11.6%     0.8%     0.0%     7.9%     0.2%
Apr 09 22:01:06    278.7    23460494      202    79.4%    200.0     0.3%    11.6%     0.8%     0.0%     7.9%     0.2%
Apr 09 22:02:06    278.6    28097069      202    79.4%    200.0     0.3%    11.6%     0.8%     0.0%     7.9%     0.2%
Apr 09 22:03:06    280.2    32919107      202    79.4%    200.0     0.3%    11.6%     0.8%     0.0%     7.9%     0.2%
Apr 09 22:04:25    267.2    37258033      202    79.4%    200.0     0.3%    11.6%     0.8%     0.0%     7.9%     0.2%
ALL DONE!
