                                 Started job on |	Apr 10 00:54:55
                             Started mapping on |	Apr 10 01:03:41
                                    Finished on |	Apr 10 01:15:12
       Mapping speed, Million of reads per hour |	162.24

                          Number of input reads |	31141130
                      Average input read length |	202
                                    UNIQUE READS:
                   Uniquely mapped reads number |	25745304
                        Uniquely mapped reads % |	82.67%
                          Average mapped length |	200.10
                       Number of splices: Total |	7238712
            Number of splices: Annotated (sjdb) |	7189817
                       Number of splices: GT/AG |	7084450
                       Number of splices: GC/AG |	78812
                       Number of splices: AT/AC |	6265
               Number of splices: Non-canonical |	69185
                      Mismatch rate per base, % |	0.27%
                         Deletion rate per base |	0.02%
                        Deletion average length |	1.57
                        Insertion rate per base |	0.01%
                       Insertion average length |	1.66
                             MULTI-MAPPING READS:
        Number of reads mapped to multiple loci |	2799830
             % of reads mapped to multiple loci |	8.99%
        Number of reads mapped to too many loci |	71401
             % of reads mapped to too many loci |	0.23%
                                  UNMAPPED READS:
  Number of reads unmapped: too many mismatches |	0
       % of reads unmapped: too many mismatches |	0.00%
            Number of reads unmapped: too short |	2438980
                 % of reads unmapped: too short |	7.83%
                Number of reads unmapped: other |	85615
                     % of reads unmapped: other |	0.27%
                                  CHIMERIC READS:
                       Number of chimeric reads |	0
                            % of chimeric reads |	0.00%
