                                 Started job on |	Mar 28 14:40:03
                             Started mapping on |	Mar 28 14:47:40
                                    Finished on |	Mar 28 14:55:07
       Mapping speed, Million of reads per hour |	337.65

                          Number of input reads |	41925247
                      Average input read length |	202
                                    UNIQUE READS:
                   Uniquely mapped reads number |	35798106
                        Uniquely mapped reads % |	85.39%
                          Average mapped length |	200.48
                       Number of splices: Total |	6929460
            Number of splices: Annotated (sjdb) |	6893421
                       Number of splices: GT/AG |	6833476
                       Number of splices: GC/AG |	59342
                       Number of splices: AT/AC |	6786
               Number of splices: Non-canonical |	29856
                      Mismatch rate per base, % |	0.25%
                         Deletion rate per base |	0.02%
                        Deletion average length |	1.32
                        Insertion rate per base |	0.01%
                       Insertion average length |	1.55
                             MULTI-MAPPING READS:
        Number of reads mapped to multiple loci |	2488883
             % of reads mapped to multiple loci |	5.94%
        Number of reads mapped to too many loci |	77663
             % of reads mapped to too many loci |	0.19%
                                  UNMAPPED READS:
  Number of reads unmapped: too many mismatches |	0
       % of reads unmapped: too many mismatches |	0.00%
            Number of reads unmapped: too short |	3499003
                 % of reads unmapped: too short |	8.35%
                Number of reads unmapped: other |	61592
                     % of reads unmapped: other |	0.15%
                                  CHIMERIC READS:
                       Number of chimeric reads |	0
                            % of chimeric reads |	0.00%
