           Time    Speed        Read     Read   Mapped   Mapped   Mapped   Mapped Unmapped Unmapped Unmapped Unmapped
                    M/hr      number   length   unique   length   MMrate    multi   multi+       MM    short    other
Apr 10 00:55:13	Started 1st pass mapping
Apr 10 00:55:20     32.5       63172      202    83.2%    200.1     0.2%     8.4%     0.2%     0.0%     8.0%     0.3%
Apr 10 00:56:20    245.0     4559972      202    83.1%    200.1     0.2%     8.5%     0.2%     0.0%     7.9%     0.2%
Apr 10 00:57:20    256.5     9048308      202    83.2%    200.1     0.2%     8.4%     0.2%     0.0%     7.9%     0.2%
Apr 10 00:58:20    257.7    13383671      202    83.2%    200.1     0.3%     8.5%     0.2%     0.0%     7.9%     0.2%
Apr 10 00:59:20    259.0    17772962      202    83.2%    200.1     0.3%     8.5%     0.2%     0.0%     7.9%     0.2%
Apr 10 01:00:20    260.6    22224074      202    83.2%    200.1     0.3%     8.5%     0.2%     0.0%     7.9%     0.2%
Apr 10 01:01:20    261.1    26613365      202    83.2%    200.1     0.3%     8.5%     0.2%     0.0%     7.9%     0.2%
Apr 10 01:02:20    261.0    30955667      202    83.2%    200.1     0.3%     8.5%     0.2%     0.0%     7.9%     0.2%
Apr 10 01:02:22	Finished 1st pass mapping
Apr 10 01:04:45    144.3     2565156      202    82.7%    200.1     0.2%     9.0%     0.2%     0.0%     7.8%     0.3%
Apr 10 01:05:48    157.5     5557380      202    82.7%    200.1     0.2%     9.0%     0.2%     0.0%     7.8%     0.3%
Apr 10 01:06:52    161.1     8549604      202    82.7%    200.1     0.2%     9.0%     0.2%     0.0%     7.8%     0.3%
Apr 10 01:07:54    164.0    11529041      202    82.7%    200.1     0.3%     9.0%     0.2%     0.0%     7.8%     0.3%
Apr 10 01:08:54    164.6    14310986      202    82.7%    200.1     0.3%     9.0%     0.2%     0.0%     7.8%     0.3%
Apr 10 01:09:54    165.0    17092931      202    82.7%    200.1     0.3%     9.0%     0.2%     0.0%     7.8%     0.3%
Apr 10 01:10:56    165.5    19998518      202    82.7%    200.1     0.3%     9.0%     0.2%     0.0%     7.8%     0.3%
Apr 10 01:11:56    166.6    22904105      202    82.7%    200.1     0.3%     9.0%     0.2%     0.0%     7.8%     0.3%
Apr 10 01:12:57    166.3    25686050      202    82.7%    200.1     0.3%     9.0%     0.2%     0.0%     7.8%     0.3%
Apr 10 01:13:57    166.7    28529816      202    82.7%    200.1     0.3%     9.0%     0.2%     0.0%     7.8%     0.3%
Apr 10 01:15:12    162.2    31141130      202    82.7%    200.1     0.3%     9.0%     0.2%     0.0%     7.8%     0.3%
ALL DONE!
