                                 Started job on |	Apr 10 03:28:52
                             Started mapping on |	Apr 10 03:35:09
                                    Finished on |	Apr 10 03:41:56
       Mapping speed, Million of reads per hour |	320.90

                          Number of input reads |	36279233
                      Average input read length |	202
                                    UNIQUE READS:
                   Uniquely mapped reads number |	30035494
                        Uniquely mapped reads % |	82.79%
                          Average mapped length |	200.58
                       Number of splices: Total |	7870659
            Number of splices: Annotated (sjdb) |	7802429
                       Number of splices: GT/AG |	7556166
                       Number of splices: GC/AG |	239155
                       Number of splices: AT/AC |	14361
               Number of splices: Non-canonical |	60977
                      Mismatch rate per base, % |	0.32%
                         Deletion rate per base |	0.03%
                        Deletion average length |	1.22
                        Insertion rate per base |	0.01%
                       Insertion average length |	1.52
                             MULTI-MAPPING READS:
        Number of reads mapped to multiple loci |	4423311
             % of reads mapped to multiple loci |	12.19%
        Number of reads mapped to too many loci |	78711
             % of reads mapped to too many loci |	0.22%
                                  UNMAPPED READS:
  Number of reads unmapped: too many mismatches |	0
       % of reads unmapped: too many mismatches |	0.00%
            Number of reads unmapped: too short |	1697704
                 % of reads unmapped: too short |	4.68%
                Number of reads unmapped: other |	44013
                     % of reads unmapped: other |	0.12%
                                  CHIMERIC READS:
                       Number of chimeric reads |	0
                            % of chimeric reads |	0.00%
