                                 Started job on |	Apr 09 22:32:00
                             Started mapping on |	Apr 09 22:37:27
                                    Finished on |	Apr 09 22:42:28
       Mapping speed, Million of reads per hour |	297.83

                          Number of input reads |	24902265
                      Average input read length |	202
                                    UNIQUE READS:
                   Uniquely mapped reads number |	20400508
                        Uniquely mapped reads % |	81.92%
                          Average mapped length |	200.08
                       Number of splices: Total |	5911847
            Number of splices: Annotated (sjdb) |	5888796
                       Number of splices: GT/AG |	5803745
                       Number of splices: GC/AG |	78342
                       Number of splices: AT/AC |	6007
               Number of splices: Non-canonical |	23753
                      Mismatch rate per base, % |	0.21%
                         Deletion rate per base |	0.02%
                        Deletion average length |	1.40
                        Insertion rate per base |	0.01%
                       Insertion average length |	1.51
                             MULTI-MAPPING READS:
        Number of reads mapped to multiple loci |	2563608
             % of reads mapped to multiple loci |	10.29%
        Number of reads mapped to too many loci |	64505
             % of reads mapped to too many loci |	0.26%
                                  UNMAPPED READS:
  Number of reads unmapped: too many mismatches |	0
       % of reads unmapped: too many mismatches |	0.00%
            Number of reads unmapped: too short |	1826656
                 % of reads unmapped: too short |	7.34%
                Number of reads unmapped: other |	46988
                     % of reads unmapped: other |	0.19%
                                  CHIMERIC READS:
                       Number of chimeric reads |	0
                            % of chimeric reads |	0.00%
