           Time    Speed        Read     Read   Mapped   Mapped   Mapped   Mapped Unmapped Unmapped Unmapped Unmapped
                    M/hr      number   length   unique   length   MMrate    multi   multi+       MM    short    other
Apr 10 11:38:51	Started 1st pass mapping
Apr 10 11:39:05     16.2       62864      202    78.4%    199.1     0.3%     9.9%     0.6%     0.0%     9.8%     1.3%
Apr 10 11:40:12    114.0     2565156      202    78.1%    199.2     0.3%    10.0%     0.6%     0.0%     9.9%     1.3%
Apr 10 11:41:19    123.0     5058676      202    78.1%    199.2     0.3%    10.0%     0.6%     0.0%    10.0%     1.3%
Apr 10 11:42:19    128.6     7427520      202    78.1%    199.2     0.3%    10.0%     0.6%     0.0%    10.0%     1.3%
Apr 10 11:43:20    127.8     9547012      202    78.1%    199.2     0.4%    10.0%     0.6%     0.0%    10.0%     1.3%
Apr 10 11:44:21    127.8    11714504      202    78.1%    199.2     0.4%    10.0%     0.6%     0.0%    10.0%     1.3%
Apr 10 11:45:23    128.6    14001881      202    78.1%    199.2     0.4%    10.0%     0.6%     0.0%    10.0%     1.3%
Apr 10 11:46:25    129.2    16289258      202    78.1%    199.2     0.4%    10.0%     0.6%     0.0%    10.0%     1.3%
Apr 10 11:47:26    129.4    18514814      202    78.1%    199.2     0.4%    10.0%     0.6%     0.0%    10.0%     1.3%
Apr 10 11:48:26    129.5    20678549      202    78.1%    199.2     0.4%    10.0%     0.6%     0.0%    10.0%     1.3%
Apr 10 11:49:26    129.9    22904105      202    78.1%    199.1     0.4%    10.0%     0.6%     0.0%    10.0%     1.3%
Apr 10 11:50:26    129.5    25006019      202    78.1%    199.1     0.4%    10.0%     0.6%     0.0%    10.0%     1.3%
Apr 10 11:50:46	Finished 1st pass mapping
Apr 10 11:53:03     45.3      755306      202    77.8%    199.1     0.3%    10.3%     0.8%     0.0%     9.6%     1.4%
Apr 10 11:54:03     52.6     1754762      202    77.8%    199.1     0.3%    10.4%     0.8%     0.0%     9.7%     1.3%
Apr 10 11:55:08     56.0     2876846      202    77.7%    199.1     0.3%    10.4%     0.8%     0.0%     9.7%     1.4%
Apr 10 11:56:12     57.8     3998930      202    77.7%    199.1     0.3%    10.4%     0.8%     0.0%     9.7%     1.4%
Apr 10 11:57:12     58.2     4996338      202    77.7%    199.1     0.4%    10.4%     0.8%     0.0%     9.7%     1.4%
Apr 10 11:58:21     57.7     6056084      202    77.7%    199.1     0.4%    10.4%     0.8%     0.0%     9.7%     1.3%
Apr 10 11:59:23     58.2     7115830      202    77.7%    199.1     0.4%    10.4%     0.8%     0.0%     9.7%     1.3%
Apr 10 12:00:23     58.4     8113238      202    77.7%    199.1     0.4%    10.4%     0.8%     0.0%     9.7%     1.3%
Apr 10 12:01:23     58.6     9110646      202    77.7%    199.1     0.4%    10.4%     0.8%     0.0%     9.7%     1.3%
Apr 10 12:02:23     59.0    10168979      202    77.7%    199.1     0.4%    10.4%     0.8%     0.0%     9.8%     1.3%
Apr 10 12:03:24     59.0    11158115      202    77.7%    199.1     0.4%    10.4%     0.8%     0.0%     9.8%     1.3%
Apr 10 12:04:25     59.2    12209072      202    77.7%    199.1     0.4%    10.4%     0.8%     0.0%     9.8%     1.3%
Apr 10 12:05:25     59.5    13260029      202    77.6%    199.1     0.4%    10.4%     0.8%     0.0%     9.8%     1.3%
Apr 10 12:06:27     59.9    14372807      202    77.7%    199.1     0.4%    10.4%     0.8%     0.0%     9.8%     1.3%
Apr 10 12:07:34     59.6    15423764      202    77.7%    199.1     0.4%    10.4%     0.8%     0.0%     9.8%     1.3%
Apr 10 12:08:35     59.8    16474721      202    77.7%    199.1     0.4%    10.4%     0.8%     0.0%     9.8%     1.3%
Apr 10 12:09:41     59.6    17525678      202    77.7%    199.1     0.4%    10.4%     0.8%     0.0%     9.8%     1.3%
Apr 10 12:10:41     59.6    18514814      202    77.7%    199.1     0.4%    10.4%     0.8%     0.0%     9.8%     1.3%
Apr 10 12:11:43     59.9    19627592      202    77.7%    199.1     0.4%    10.4%     0.8%     0.0%     9.8%     1.3%
Apr 10 12:12:44     60.0    20678549      202    77.7%    199.1     0.4%    10.4%     0.8%     0.0%     9.8%     1.3%
Apr 10 12:13:48     59.9    21729506      202    77.7%    199.1     0.4%    10.4%     0.8%     0.0%     9.8%     1.3%
Apr 10 12:14:52     60.1    22842284      202    77.7%    199.1     0.4%    10.4%     0.8%     0.0%     9.8%     1.3%
Apr 10 12:16:00     59.9    23893241      202    77.7%    199.1     0.4%    10.4%     0.8%     0.0%     9.8%     1.3%
Apr 10 12:17:00     59.8    24882377      202    77.7%    199.1     0.4%    10.4%     0.8%     0.0%     9.8%     1.3%
Apr 10 12:18:02     59.7    25868721      202    77.7%    199.1     0.4%    10.4%     0.8%     0.0%     9.8%     1.3%
ALL DONE!
