                                 Started job on |	Apr 10 03:46:17
                             Started mapping on |	Apr 10 03:52:14
                                    Finished on |	Apr 10 03:58:11
       Mapping speed, Million of reads per hour |	317.68

                          Number of input reads |	31503420
                      Average input read length |	202
                                    UNIQUE READS:
                   Uniquely mapped reads number |	26295236
                        Uniquely mapped reads % |	83.47%
                          Average mapped length |	200.50
                       Number of splices: Total |	5081155
            Number of splices: Annotated (sjdb) |	5055779
                       Number of splices: GT/AG |	5013015
                       Number of splices: GC/AG |	42134
                       Number of splices: AT/AC |	5368
               Number of splices: Non-canonical |	20638
                      Mismatch rate per base, % |	0.23%
                         Deletion rate per base |	0.02%
                        Deletion average length |	1.32
                        Insertion rate per base |	0.01%
                       Insertion average length |	1.55
                             MULTI-MAPPING READS:
        Number of reads mapped to multiple loci |	1738592
             % of reads mapped to multiple loci |	5.52%
        Number of reads mapped to too many loci |	75135
             % of reads mapped to too many loci |	0.24%
                                  UNMAPPED READS:
  Number of reads unmapped: too many mismatches |	0
       % of reads unmapped: too many mismatches |	0.00%
            Number of reads unmapped: too short |	3351483
                 % of reads unmapped: too short |	10.64%
                Number of reads unmapped: other |	42974
                     % of reads unmapped: other |	0.14%
                                  CHIMERIC READS:
                       Number of chimeric reads |	0
                            % of chimeric reads |	0.00%
