                                 Started job on |	Apr 10 01:58:24
                             Started mapping on |	Apr 10 02:04:47
                                    Finished on |	Apr 10 02:12:49
       Mapping speed, Million of reads per hour |	217.18

                          Number of input reads |	29078007
                      Average input read length |	202
                                    UNIQUE READS:
                   Uniquely mapped reads number |	22753724
                        Uniquely mapped reads % |	78.25%
                          Average mapped length |	200.04
                       Number of splices: Total |	6323919
            Number of splices: Annotated (sjdb) |	6295080
                       Number of splices: GT/AG |	6156275
                       Number of splices: GC/AG |	112996
                       Number of splices: AT/AC |	4474
               Number of splices: Non-canonical |	50174
                      Mismatch rate per base, % |	0.27%
                         Deletion rate per base |	0.02%
                        Deletion average length |	1.31
                        Insertion rate per base |	0.01%
                       Insertion average length |	1.55
                             MULTI-MAPPING READS:
        Number of reads mapped to multiple loci |	3537028
             % of reads mapped to multiple loci |	12.16%
        Number of reads mapped to too many loci |	74373
             % of reads mapped to too many loci |	0.26%
                                  UNMAPPED READS:
  Number of reads unmapped: too many mismatches |	0
       % of reads unmapped: too many mismatches |	0.00%
            Number of reads unmapped: too short |	2651500
                 % of reads unmapped: too short |	9.12%
                Number of reads unmapped: other |	61382
                     % of reads unmapped: other |	0.21%
                                  CHIMERIC READS:
                       Number of chimeric reads |	0
                            % of chimeric reads |	0.00%
