                                 Started job on |	Mar 28 14:22:05
                             Started mapping on |	Mar 28 14:28:37
                                    Finished on |	Mar 28 14:35:22
       Mapping speed, Million of reads per hour |	255.85

                          Number of input reads |	28783393
                      Average input read length |	202
                                    UNIQUE READS:
                   Uniquely mapped reads number |	22820382
                        Uniquely mapped reads % |	79.28%
                          Average mapped length |	200.12
                       Number of splices: Total |	4772547
            Number of splices: Annotated (sjdb) |	4741576
                       Number of splices: GT/AG |	4695659
                       Number of splices: GC/AG |	39577
                       Number of splices: AT/AC |	4692
               Number of splices: Non-canonical |	32619
                      Mismatch rate per base, % |	0.32%
                         Deletion rate per base |	0.02%
                        Deletion average length |	1.30
                        Insertion rate per base |	0.01%
                       Insertion average length |	1.56
                             MULTI-MAPPING READS:
        Number of reads mapped to multiple loci |	2984006
             % of reads mapped to multiple loci |	10.37%
        Number of reads mapped to too many loci |	87694
             % of reads mapped to too many loci |	0.30%
                                  UNMAPPED READS:
  Number of reads unmapped: too many mismatches |	0
       % of reads unmapped: too many mismatches |	0.00%
            Number of reads unmapped: too short |	2838587
                 % of reads unmapped: too short |	9.86%
                Number of reads unmapped: other |	52724
                     % of reads unmapped: other |	0.18%
                                  CHIMERIC READS:
                       Number of chimeric reads |	0
                            % of chimeric reads |	0.00%
