                                 Started job on |	Mar 28 16:24:52
                             Started mapping on |	Mar 28 16:30:13
                                    Finished on |	Mar 28 16:34:58
       Mapping speed, Million of reads per hour |	312.35

                          Number of input reads |	24727528
                      Average input read length |	202
                                    UNIQUE READS:
                   Uniquely mapped reads number |	19498826
                        Uniquely mapped reads % |	78.85%
                          Average mapped length |	198.87
                       Number of splices: Total |	4556992
            Number of splices: Annotated (sjdb) |	4532528
                       Number of splices: GT/AG |	4486320
                       Number of splices: GC/AG |	41742
                       Number of splices: AT/AC |	4948
               Number of splices: Non-canonical |	23982
                      Mismatch rate per base, % |	0.24%
                         Deletion rate per base |	0.02%
                        Deletion average length |	1.39
                        Insertion rate per base |	0.01%
                       Insertion average length |	1.55
                             MULTI-MAPPING READS:
        Number of reads mapped to multiple loci |	2085759
             % of reads mapped to multiple loci |	8.43%
        Number of reads mapped to too many loci |	129112
             % of reads mapped to too many loci |	0.52%
                                  UNMAPPED READS:
  Number of reads unmapped: too many mismatches |	0
       % of reads unmapped: too many mismatches |	0.00%
            Number of reads unmapped: too short |	2982950
                 % of reads unmapped: too short |	12.06%
                Number of reads unmapped: other |	30881
                     % of reads unmapped: other |	0.12%
                                  CHIMERIC READS:
                       Number of chimeric reads |	0
                            % of chimeric reads |	0.00%
