                                 Started job on |	Apr 09 22:04:45
                             Started mapping on |	Apr 09 22:10:57
                                    Finished on |	Apr 09 22:16:46
       Mapping speed, Million of reads per hour |	284.81

                          Number of input reads |	27610558
                      Average input read length |	202
                                    UNIQUE READS:
                   Uniquely mapped reads number |	22040208
                        Uniquely mapped reads % |	79.83%
                          Average mapped length |	199.59
                       Number of splices: Total |	3991252
            Number of splices: Annotated (sjdb) |	3965752
                       Number of splices: GT/AG |	3927884
                       Number of splices: GC/AG |	36324
                       Number of splices: AT/AC |	3354
               Number of splices: Non-canonical |	23690
                      Mismatch rate per base, % |	0.30%
                         Deletion rate per base |	0.02%
                        Deletion average length |	1.26
                        Insertion rate per base |	0.01%
                       Insertion average length |	1.52
                             MULTI-MAPPING READS:
        Number of reads mapped to multiple loci |	2875891
             % of reads mapped to multiple loci |	10.42%
        Number of reads mapped to too many loci |	83321
             % of reads mapped to too many loci |	0.30%
                                  UNMAPPED READS:
  Number of reads unmapped: too many mismatches |	0
       % of reads unmapped: too many mismatches |	0.00%
            Number of reads unmapped: too short |	2571156
                 % of reads unmapped: too short |	9.31%
                Number of reads unmapped: other |	39982
                     % of reads unmapped: other |	0.14%
                                  CHIMERIC READS:
                       Number of chimeric reads |	0
                            % of chimeric reads |	0.00%
