== Wed Oct  1 13:15:28 CEST 2025 :: START ==
Host: frodo.hpc.dsmz.de
[INFO] LIST=/home/chu25/data/nbl/SRP409177_SRRs.txt  TOTAL=47
[SEQ] (1/47) SRR22373268
---- Wed Oct  1 13:15:30 CEST 2025 :: START SRR22373268 ----
[prefetch] SRR22373268 → /home/chu25/data/nbl/SRP409177/sra

2025-10-01T11:15:36 prefetch.3.0.10: Current preference is set to retrieve SRA Normalized Format files with full base quality scores.
2025-10-01T11:15:36 prefetch.3.0.10: 1) Downloading 'SRR22373268'...
2025-10-01T11:15:36 prefetch.3.0.10: SRA Normalized Format file is being retrieved, if this is different from your preference, it may be due to current file availability.
2025-10-01T11:15:36 prefetch.3.0.10:  Downloading via HTTPS...
2025-10-01T11:16:56 prefetch.3.0.10:  HTTPS download succeed
2025-10-01T11:17:20 prefetch.3.0.10:  'SRR22373268' is valid
2025-10-01T11:17:20 prefetch.3.0.10: 1) 'SRR22373268' was downloaded successfully
2025-10-01T11:17:20 prefetch.3.0.10: 'SRR22373268' has 0 unresolved dependencies
[fasterq-dump] SRC=/home/chu25/data/nbl/SRP409177/sra/SRR22373268 threads=8 tmp=/home/chu25/data/nbl/SRP409177/tmp
[pigz] compressing SRR22373268_*.fastq
---- Wed Oct  1 13:20:56 CEST 2025 :: DONE  SRR22373268 ----
[SEQ] (2/47) SRR22373269
---- Wed Oct  1 13:20:56 CEST 2025 :: START SRR22373269 ----
[prefetch] SRR22373269 → /home/chu25/data/nbl/SRP409177/sra

2025-10-01T11:20:59 prefetch.3.0.10: Current preference is set to retrieve SRA Normalized Format files with full base quality scores.
2025-10-01T11:21:00 prefetch.3.0.10: 1) Downloading 'SRR22373269'...
2025-10-01T11:21:00 prefetch.3.0.10: SRA Normalized Format file is being retrieved, if this is different from your preference, it may be due to current file availability.
2025-10-01T11:21:00 prefetch.3.0.10:  Downloading via HTTPS...
2025-10-01T11:23:05 prefetch.3.0.10:  HTTPS download succeed
2025-10-01T11:23:29 prefetch.3.0.10:  'SRR22373269' is valid
2025-10-01T11:23:29 prefetch.3.0.10: 1) 'SRR22373269' was downloaded successfully
2025-10-01T11:23:29 prefetch.3.0.10: 'SRR22373269' has 0 unresolved dependencies
[fasterq-dump] SRC=/home/chu25/data/nbl/SRP409177/sra/SRR22373269 threads=8 tmp=/home/chu25/data/nbl/SRP409177/tmp
[pigz] compressing SRR22373269_*.fastq
---- Wed Oct  1 13:29:40 CEST 2025 :: DONE  SRR22373269 ----
[SEQ] (3/47) SRR22373270
---- Wed Oct  1 13:29:40 CEST 2025 :: START SRR22373270 ----
[prefetch] SRR22373270 → /home/chu25/data/nbl/SRP409177/sra

2025-10-01T11:29:43 prefetch.3.0.10: Current preference is set to retrieve SRA Normalized Format files with full base quality scores.
2025-10-01T11:29:43 prefetch.3.0.10: 1) Downloading 'SRR22373270'...
2025-10-01T11:29:43 prefetch.3.0.10: SRA Normalized Format file is being retrieved, if this is different from your preference, it may be due to current file availability.
2025-10-01T11:29:43 prefetch.3.0.10:  Downloading via HTTPS...
2025-10-01T11:31:12 prefetch.3.0.10:  HTTPS download succeed
2025-10-01T11:31:29 prefetch.3.0.10:  'SRR22373270' is valid
2025-10-01T11:31:29 prefetch.3.0.10: 1) 'SRR22373270' was downloaded successfully
2025-10-01T11:31:29 prefetch.3.0.10: 'SRR22373270' has 0 unresolved dependencies
[fasterq-dump] SRC=/home/chu25/data/nbl/SRP409177/sra/SRR22373270 threads=8 tmp=/home/chu25/data/nbl/SRP409177/tmp
[pigz] compressing SRR22373270_*.fastq
---- Wed Oct  1 13:35:45 CEST 2025 :: DONE  SRR22373270 ----
[SEQ] (4/47) SRR22373271
---- Wed Oct  1 13:35:45 CEST 2025 :: START SRR22373271 ----
[prefetch] SRR22373271 → /home/chu25/data/nbl/SRP409177/sra

2025-10-01T11:35:47 prefetch.3.0.10: Current preference is set to retrieve SRA Normalized Format files with full base quality scores.
2025-10-01T11:35:47 prefetch.3.0.10: 1) Downloading 'SRR22373271'...
2025-10-01T11:35:47 prefetch.3.0.10: SRA Normalized Format file is being retrieved, if this is different from your preference, it may be due to current file availability.
2025-10-01T11:35:47 prefetch.3.0.10:  Downloading via HTTPS...
2025-10-01T11:37:48 prefetch.3.0.10:  HTTPS download succeed
2025-10-01T11:38:17 prefetch.3.0.10:  'SRR22373271' is valid
2025-10-01T11:38:17 prefetch.3.0.10: 1) 'SRR22373271' was downloaded successfully
2025-10-01T11:38:18 prefetch.3.0.10: 'SRR22373271' has 0 unresolved dependencies
[fasterq-dump] SRC=/home/chu25/data/nbl/SRP409177/sra/SRR22373271 threads=8 tmp=/home/chu25/data/nbl/SRP409177/tmp
[pigz] compressing SRR22373271_*.fastq
---- Wed Oct  1 13:43:57 CEST 2025 :: DONE  SRR22373271 ----
[SEQ] (5/47) SRR22373272
---- Wed Oct  1 13:43:57 CEST 2025 :: START SRR22373272 ----
[prefetch] SRR22373272 → /home/chu25/data/nbl/SRP409177/sra

2025-10-01T11:44:00 prefetch.3.0.10: Current preference is set to retrieve SRA Normalized Format files with full base quality scores.
2025-10-01T11:44:00 prefetch.3.0.10: 1) Downloading 'SRR22373272'...
2025-10-01T11:44:01 prefetch.3.0.10: SRA Normalized Format file is being retrieved, if this is different from your preference, it may be due to current file availability.
2025-10-01T11:44:01 prefetch.3.0.10:  Downloading via HTTPS...
2025-10-01T11:45:52 prefetch.3.0.10:  HTTPS download succeed
2025-10-01T11:46:15 prefetch.3.0.10:  'SRR22373272' is valid
2025-10-01T11:46:15 prefetch.3.0.10: 1) 'SRR22373272' was downloaded successfully
2025-10-01T11:46:15 prefetch.3.0.10: 'SRR22373272' has 0 unresolved dependencies
[fasterq-dump] SRC=/home/chu25/data/nbl/SRP409177/sra/SRR22373272 threads=8 tmp=/home/chu25/data/nbl/SRP409177/tmp
[pigz] compressing SRR22373272_*.fastq
---- Wed Oct  1 13:51:00 CEST 2025 :: DONE  SRR22373272 ----
[SEQ] (6/47) SRR22373273
---- Wed Oct  1 13:51:00 CEST 2025 :: START SRR22373273 ----
[prefetch] SRR22373273 → /home/chu25/data/nbl/SRP409177/sra

2025-10-01T11:51:03 prefetch.3.0.10: Current preference is set to retrieve SRA Normalized Format files with full base quality scores.
2025-10-01T11:51:03 prefetch.3.0.10: 1) Downloading 'SRR22373273'...
2025-10-01T11:51:03 prefetch.3.0.10: SRA Normalized Format file is being retrieved, if this is different from your preference, it may be due to current file availability.
2025-10-01T11:51:03 prefetch.3.0.10:  Downloading via HTTPS...
2025-10-01T11:52:56 prefetch.3.0.10:  HTTPS download succeed
2025-10-01T11:53:21 prefetch.3.0.10:  'SRR22373273' is valid
2025-10-01T11:53:21 prefetch.3.0.10: 1) 'SRR22373273' was downloaded successfully
2025-10-01T11:53:21 prefetch.3.0.10: 'SRR22373273' has 0 unresolved dependencies
[fasterq-dump] SRC=/home/chu25/data/nbl/SRP409177/sra/SRR22373273 threads=8 tmp=/home/chu25/data/nbl/SRP409177/tmp
[pigz] compressing SRR22373273_*.fastq
---- Wed Oct  1 13:58:22 CEST 2025 :: DONE  SRR22373273 ----
[SEQ] (7/47) SRR22373274
---- Wed Oct  1 13:58:22 CEST 2025 :: START SRR22373274 ----
[prefetch] SRR22373274 → /home/chu25/data/nbl/SRP409177/sra

2025-10-01T11:58:24 prefetch.3.0.10: Current preference is set to retrieve SRA Normalized Format files with full base quality scores.
2025-10-01T11:58:24 prefetch.3.0.10: 1) Downloading 'SRR22373274'...
2025-10-01T11:58:24 prefetch.3.0.10: SRA Normalized Format file is being retrieved, if this is different from your preference, it may be due to current file availability.
2025-10-01T11:58:24 prefetch.3.0.10:  Downloading via HTTPS...
2025-10-01T12:00:40 prefetch.3.0.10:  HTTPS download succeed
2025-10-01T12:01:14 prefetch.3.0.10:  'SRR22373274' is valid
2025-10-01T12:01:14 prefetch.3.0.10: 1) 'SRR22373274' was downloaded successfully
2025-10-01T12:01:14 prefetch.3.0.10: 'SRR22373274' has 0 unresolved dependencies
[fasterq-dump] SRC=/home/chu25/data/nbl/SRP409177/sra/SRR22373274 threads=8 tmp=/home/chu25/data/nbl/SRP409177/tmp
[pigz] compressing SRR22373274_*.fastq
---- Wed Oct  1 14:07:24 CEST 2025 :: DONE  SRR22373274 ----
[SEQ] (8/47) SRR22373275
---- Wed Oct  1 14:07:24 CEST 2025 :: START SRR22373275 ----
[prefetch] SRR22373275 → /home/chu25/data/nbl/SRP409177/sra

2025-10-01T12:07:27 prefetch.3.0.10: Current preference is set to retrieve SRA Normalized Format files with full base quality scores.
2025-10-01T12:07:28 prefetch.3.0.10: 1) Downloading 'SRR22373275'...
2025-10-01T12:07:28 prefetch.3.0.10: SRA Normalized Format file is being retrieved, if this is different from your preference, it may be due to current file availability.
2025-10-01T12:07:28 prefetch.3.0.10:  Downloading via HTTPS...
2025-10-01T12:09:46 prefetch.3.0.10:  HTTPS download succeed
2025-10-01T12:10:16 prefetch.3.0.10:  'SRR22373275' is valid
2025-10-01T12:10:16 prefetch.3.0.10: 1) 'SRR22373275' was downloaded successfully
2025-10-01T12:10:16 prefetch.3.0.10: 'SRR22373275' has 0 unresolved dependencies
[fasterq-dump] SRC=/home/chu25/data/nbl/SRP409177/sra/SRR22373275 threads=8 tmp=/home/chu25/data/nbl/SRP409177/tmp
[pigz] compressing SRR22373275_*.fastq
---- Wed Oct  1 14:16:06 CEST 2025 :: DONE  SRR22373275 ----
[SEQ] (9/47) SRR22373276
---- Wed Oct  1 14:16:06 CEST 2025 :: START SRR22373276 ----
[prefetch] SRR22373276 → /home/chu25/data/nbl/SRP409177/sra

2025-10-01T12:16:09 prefetch.3.0.10: Current preference is set to retrieve SRA Normalized Format files with full base quality scores.
2025-10-01T12:16:10 prefetch.3.0.10: 1) Downloading 'SRR22373276'...
2025-10-01T12:16:10 prefetch.3.0.10: SRA Normalized Format file is being retrieved, if this is different from your preference, it may be due to current file availability.
2025-10-01T12:16:10 prefetch.3.0.10:  Downloading via HTTPS...
2025-10-01T12:17:55 prefetch.3.0.10:  HTTPS download succeed
2025-10-01T12:18:26 prefetch.3.0.10:  'SRR22373276' is valid
2025-10-01T12:18:26 prefetch.3.0.10: 1) 'SRR22373276' was downloaded successfully
2025-10-01T12:18:26 prefetch.3.0.10: 'SRR22373276' has 0 unresolved dependencies
[fasterq-dump] SRC=/home/chu25/data/nbl/SRP409177/sra/SRR22373276 threads=8 tmp=/home/chu25/data/nbl/SRP409177/tmp
[pigz] compressing SRR22373276_*.fastq
---- Wed Oct  1 14:23:15 CEST 2025 :: DONE  SRR22373276 ----
[SEQ] (10/47) SRR22373277
---- Wed Oct  1 14:23:15 CEST 2025 :: START SRR22373277 ----
[prefetch] SRR22373277 → /home/chu25/data/nbl/SRP409177/sra

2025-10-01T12:23:18 prefetch.3.0.10: Current preference is set to retrieve SRA Normalized Format files with full base quality scores.
2025-10-01T12:23:18 prefetch.3.0.10: 1) Downloading 'SRR22373277'...
2025-10-01T12:23:18 prefetch.3.0.10: SRA Normalized Format file is being retrieved, if this is different from your preference, it may be due to current file availability.
2025-10-01T12:23:18 prefetch.3.0.10:  Downloading via HTTPS...
2025-10-01T12:25:12 prefetch.3.0.10:  HTTPS download succeed
2025-10-01T12:25:58 prefetch.3.0.10:  'SRR22373277' is valid
2025-10-01T12:25:58 prefetch.3.0.10: 1) 'SRR22373277' was downloaded successfully
2025-10-01T12:25:58 prefetch.3.0.10: 'SRR22373277' has 0 unresolved dependencies
[fasterq-dump] SRC=/home/chu25/data/nbl/SRP409177/sra/SRR22373277 threads=8 tmp=/home/chu25/data/nbl/SRP409177/tmp
[pigz] compressing SRR22373277_*.fastq
---- Wed Oct  1 14:31:32 CEST 2025 :: DONE  SRR22373277 ----
[SEQ] (11/47) SRR22373278
---- Wed Oct  1 14:31:32 CEST 2025 :: START SRR22373278 ----
[prefetch] SRR22373278 → /home/chu25/data/nbl/SRP409177/sra

2025-10-01T12:31:34 prefetch.3.0.10: Current preference is set to retrieve SRA Normalized Format files with full base quality scores.
2025-10-01T12:31:34 prefetch.3.0.10: 1) Downloading 'SRR22373278'...
2025-10-01T12:31:34 prefetch.3.0.10: SRA Normalized Format file is being retrieved, if this is different from your preference, it may be due to current file availability.
2025-10-01T12:31:34 prefetch.3.0.10:  Downloading via HTTPS...
2025-10-01T12:33:32 prefetch.3.0.10:  HTTPS download succeed
2025-10-01T12:33:58 prefetch.3.0.10:  'SRR22373278' is valid
2025-10-01T12:33:58 prefetch.3.0.10: 1) 'SRR22373278' was downloaded successfully
2025-10-01T12:33:58 prefetch.3.0.10: 'SRR22373278' has 0 unresolved dependencies
[fasterq-dump] SRC=/home/chu25/data/nbl/SRP409177/sra/SRR22373278 threads=8 tmp=/home/chu25/data/nbl/SRP409177/tmp
[pigz] compressing SRR22373278_*.fastq
---- Wed Oct  1 14:39:10 CEST 2025 :: DONE  SRR22373278 ----
[SEQ] (12/47) SRR22373279
---- Wed Oct  1 14:39:11 CEST 2025 :: START SRR22373279 ----
[prefetch] SRR22373279 → /home/chu25/data/nbl/SRP409177/sra

2025-10-01T12:39:35 prefetch.3.0.10: Current preference is set to retrieve SRA Normalized Format files with full base quality scores.
2025-10-01T12:39:35 prefetch.3.0.10: 1) Downloading 'SRR22373279'...
2025-10-01T12:39:35 prefetch.3.0.10: SRA Normalized Format file is being retrieved, if this is different from your preference, it may be due to current file availability.
2025-10-01T12:39:35 prefetch.3.0.10:  Downloading via HTTPS...
2025-10-01T12:41:25 prefetch.3.0.10:  HTTPS download succeed
2025-10-01T12:41:53 prefetch.3.0.10:  'SRR22373279' is valid
2025-10-01T12:41:53 prefetch.3.0.10: 1) 'SRR22373279' was downloaded successfully
2025-10-01T12:41:53 prefetch.3.0.10: 'SRR22373279' has 0 unresolved dependencies
[fasterq-dump] SRC=/home/chu25/data/nbl/SRP409177/sra/SRR22373279 threads=8 tmp=/home/chu25/data/nbl/SRP409177/tmp
[pigz] compressing SRR22373279_*.fastq
---- Wed Oct  1 14:46:48 CEST 2025 :: DONE  SRR22373279 ----
[SEQ] (13/47) SRR22373280
---- Wed Oct  1 14:46:48 CEST 2025 :: START SRR22373280 ----
[prefetch] SRR22373280 → /home/chu25/data/nbl/SRP409177/sra

2025-10-01T12:46:51 prefetch.3.0.10: Current preference is set to retrieve SRA Normalized Format files with full base quality scores.
2025-10-01T12:46:51 prefetch.3.0.10: 1) Downloading 'SRR22373280'...
2025-10-01T12:46:51 prefetch.3.0.10: SRA Normalized Format file is being retrieved, if this is different from your preference, it may be due to current file availability.
2025-10-01T12:46:51 prefetch.3.0.10:  Downloading via HTTPS...
2025-10-01T12:49:30 prefetch.3.0.10:  HTTPS download succeed
2025-10-01T12:50:16 prefetch.3.0.10:  'SRR22373280' is valid
2025-10-01T12:50:16 prefetch.3.0.10: 1) 'SRR22373280' was downloaded successfully
2025-10-01T12:50:16 prefetch.3.0.10: 'SRR22373280' has 0 unresolved dependencies
[fasterq-dump] SRC=/home/chu25/data/nbl/SRP409177/sra/SRR22373280 threads=8 tmp=/home/chu25/data/nbl/SRP409177/tmp
[pigz] compressing SRR22373280_*.fastq
---- Wed Oct  1 14:57:20 CEST 2025 :: DONE  SRR22373280 ----
[SEQ] (14/47) SRR22373281
---- Wed Oct  1 14:57:20 CEST 2025 :: START SRR22373281 ----
[prefetch] SRR22373281 → /home/chu25/data/nbl/SRP409177/sra

2025-10-01T12:57:22 prefetch.3.0.10: Current preference is set to retrieve SRA Normalized Format files with full base quality scores.
2025-10-01T12:57:23 prefetch.3.0.10: 1) Downloading 'SRR22373281'...
2025-10-01T12:57:23 prefetch.3.0.10: SRA Normalized Format file is being retrieved, if this is different from your preference, it may be due to current file availability.
2025-10-01T12:57:23 prefetch.3.0.10:  Downloading via HTTPS...
2025-10-01T12:59:17 prefetch.3.0.10:  HTTPS download succeed
2025-10-01T12:59:45 prefetch.3.0.10:  'SRR22373281' is valid
2025-10-01T12:59:45 prefetch.3.0.10: 1) 'SRR22373281' was downloaded successfully
2025-10-01T12:59:45 prefetch.3.0.10: 'SRR22373281' has 0 unresolved dependencies
[fasterq-dump] SRC=/home/chu25/data/nbl/SRP409177/sra/SRR22373281 threads=8 tmp=/home/chu25/data/nbl/SRP409177/tmp
[pigz] compressing SRR22373281_*.fastq
---- Wed Oct  1 15:05:32 CEST 2025 :: DONE  SRR22373281 ----
[SEQ] (15/47) SRR22373282
---- Wed Oct  1 15:05:32 CEST 2025 :: START SRR22373282 ----
[prefetch] SRR22373282 → /home/chu25/data/nbl/SRP409177/sra

2025-10-01T13:05:35 prefetch.3.0.10: Current preference is set to retrieve SRA Normalized Format files with full base quality scores.
2025-10-01T13:05:35 prefetch.3.0.10: 1) Downloading 'SRR22373282'...
2025-10-01T13:05:35 prefetch.3.0.10: SRA Normalized Format file is being retrieved, if this is different from your preference, it may be due to current file availability.
2025-10-01T13:05:35 prefetch.3.0.10:  Downloading via HTTPS...
2025-10-01T13:08:10 prefetch.3.0.10:  HTTPS download succeed
2025-10-01T13:08:43 prefetch.3.0.10:  'SRR22373282' is valid
2025-10-01T13:08:43 prefetch.3.0.10: 1) 'SRR22373282' was downloaded successfully
2025-10-01T13:08:43 prefetch.3.0.10: 'SRR22373282' has 0 unresolved dependencies
[fasterq-dump] SRC=/home/chu25/data/nbl/SRP409177/sra/SRR22373282 threads=8 tmp=/home/chu25/data/nbl/SRP409177/tmp
[pigz] compressing SRR22373282_*.fastq
---- Wed Oct  1 15:15:50 CEST 2025 :: DONE  SRR22373282 ----
[SEQ] (16/47) SRR22373283
---- Wed Oct  1 15:15:50 CEST 2025 :: START SRR22373283 ----
[prefetch] SRR22373283 → /home/chu25/data/nbl/SRP409177/sra

2025-10-01T13:15:52 prefetch.3.0.10: Current preference is set to retrieve SRA Normalized Format files with full base quality scores.
2025-10-01T13:15:52 prefetch.3.0.10: 1) Downloading 'SRR22373283'...
2025-10-01T13:15:52 prefetch.3.0.10: SRA Normalized Format file is being retrieved, if this is different from your preference, it may be due to current file availability.
2025-10-01T13:15:52 prefetch.3.0.10:  Downloading via HTTPS...
2025-10-01T13:18:06 prefetch.3.0.10:  HTTPS download succeed
2025-10-01T13:18:37 prefetch.3.0.10:  'SRR22373283' is valid
2025-10-01T13:18:37 prefetch.3.0.10: 1) 'SRR22373283' was downloaded successfully
2025-10-01T13:18:37 prefetch.3.0.10: 'SRR22373283' has 0 unresolved dependencies
[fasterq-dump] SRC=/home/chu25/data/nbl/SRP409177/sra/SRR22373283 threads=8 tmp=/home/chu25/data/nbl/SRP409177/tmp
[pigz] compressing SRR22373283_*.fastq
---- Wed Oct  1 15:25:06 CEST 2025 :: DONE  SRR22373283 ----
[SEQ] (17/47) SRR22373284
---- Wed Oct  1 15:25:06 CEST 2025 :: START SRR22373284 ----
[prefetch] SRR22373284 → /home/chu25/data/nbl/SRP409177/sra

2025-10-01T13:25:09 prefetch.3.0.10: Current preference is set to retrieve SRA Normalized Format files with full base quality scores.
2025-10-01T13:25:10 prefetch.3.0.10: 1) Downloading 'SRR22373284'...
2025-10-01T13:25:10 prefetch.3.0.10: SRA Normalized Format file is being retrieved, if this is different from your preference, it may be due to current file availability.
2025-10-01T13:25:10 prefetch.3.0.10:  Downloading via HTTPS...
2025-10-01T13:27:27 prefetch.3.0.10:  HTTPS download succeed
2025-10-01T13:27:58 prefetch.3.0.10:  'SRR22373284' is valid
2025-10-01T13:27:58 prefetch.3.0.10: 1) 'SRR22373284' was downloaded successfully
2025-10-01T13:27:58 prefetch.3.0.10: 'SRR22373284' has 0 unresolved dependencies
[fasterq-dump] SRC=/home/chu25/data/nbl/SRP409177/sra/SRR22373284 threads=8 tmp=/home/chu25/data/nbl/SRP409177/tmp
[pigz] compressing SRR22373284_*.fastq
---- Wed Oct  1 15:34:29 CEST 2025 :: DONE  SRR22373284 ----
[SEQ] (18/47) SRR22373285
---- Wed Oct  1 15:34:30 CEST 2025 :: START SRR22373285 ----
[prefetch] SRR22373285 → /home/chu25/data/nbl/SRP409177/sra

2025-10-01T13:34:34 prefetch.3.0.10: Current preference is set to retrieve SRA Normalized Format files with full base quality scores.
2025-10-01T13:34:35 prefetch.3.0.10: 1) Downloading 'SRR22373285'...
2025-10-01T13:34:35 prefetch.3.0.10: SRA Normalized Format file is being retrieved, if this is different from your preference, it may be due to current file availability.
2025-10-01T13:34:35 prefetch.3.0.10:  Downloading via HTTPS...
2025-10-01T13:36:35 prefetch.3.0.10:  HTTPS download succeed
2025-10-01T13:37:08 prefetch.3.0.10:  'SRR22373285' is valid
2025-10-01T13:37:08 prefetch.3.0.10: 1) 'SRR22373285' was downloaded successfully
2025-10-01T13:37:08 prefetch.3.0.10: 'SRR22373285' has 0 unresolved dependencies
[fasterq-dump] SRC=/home/chu25/data/nbl/SRP409177/sra/SRR22373285 threads=8 tmp=/home/chu25/data/nbl/SRP409177/tmp
[pigz] compressing SRR22373285_*.fastq
---- Wed Oct  1 15:42:02 CEST 2025 :: DONE  SRR22373285 ----
[SEQ] (19/47) SRR22373286
---- Wed Oct  1 15:42:02 CEST 2025 :: START SRR22373286 ----
[prefetch] SRR22373286 → /home/chu25/data/nbl/SRP409177/sra

2025-10-01T13:42:05 prefetch.3.0.10: Current preference is set to retrieve SRA Normalized Format files with full base quality scores.
2025-10-01T13:42:05 prefetch.3.0.10: 1) Downloading 'SRR22373286'...
2025-10-01T13:42:05 prefetch.3.0.10: SRA Normalized Format file is being retrieved, if this is different from your preference, it may be due to current file availability.
2025-10-01T13:42:05 prefetch.3.0.10:  Downloading via HTTPS...
2025-10-01T13:44:04 prefetch.3.0.10:  HTTPS download succeed
2025-10-01T13:44:47 prefetch.3.0.10:  'SRR22373286' is valid
2025-10-01T13:44:47 prefetch.3.0.10: 1) 'SRR22373286' was downloaded successfully
2025-10-01T13:44:47 prefetch.3.0.10: 'SRR22373286' has 0 unresolved dependencies
[fasterq-dump] SRC=/home/chu25/data/nbl/SRP409177/sra/SRR22373286 threads=8 tmp=/home/chu25/data/nbl/SRP409177/tmp
[pigz] compressing SRR22373286_*.fastq
---- Wed Oct  1 15:50:39 CEST 2025 :: DONE  SRR22373286 ----
[SEQ] (20/47) SRR22373287
---- Wed Oct  1 15:50:39 CEST 2025 :: START SRR22373287 ----
[prefetch] SRR22373287 → /home/chu25/data/nbl/SRP409177/sra

2025-10-01T13:50:41 prefetch.3.0.10: Current preference is set to retrieve SRA Normalized Format files with full base quality scores.
2025-10-01T13:50:42 prefetch.3.0.10: 1) Downloading 'SRR22373287'...
2025-10-01T13:50:42 prefetch.3.0.10: SRA Normalized Format file is being retrieved, if this is different from your preference, it may be due to current file availability.
2025-10-01T13:50:42 prefetch.3.0.10:  Downloading via HTTPS...
2025-10-01T13:52:39 prefetch.3.0.10:  HTTPS download succeed
2025-10-01T13:53:05 prefetch.3.0.10:  'SRR22373287' is valid
2025-10-01T13:53:05 prefetch.3.0.10: 1) 'SRR22373287' was downloaded successfully
2025-10-01T13:53:05 prefetch.3.0.10: 'SRR22373287' has 0 unresolved dependencies
[fasterq-dump] SRC=/home/chu25/data/nbl/SRP409177/sra/SRR22373287 threads=8 tmp=/home/chu25/data/nbl/SRP409177/tmp
[pigz] compressing SRR22373287_*.fastq
---- Wed Oct  1 15:58:49 CEST 2025 :: DONE  SRR22373287 ----
[SEQ] (21/47) SRR22373288
---- Wed Oct  1 15:58:49 CEST 2025 :: START SRR22373288 ----
[prefetch] SRR22373288 → /home/chu25/data/nbl/SRP409177/sra

2025-10-01T13:58:51 prefetch.3.0.10: Current preference is set to retrieve SRA Normalized Format files with full base quality scores.
2025-10-01T13:58:52 prefetch.3.0.10: 1) Downloading 'SRR22373288'...
2025-10-01T13:58:52 prefetch.3.0.10: SRA Normalized Format file is being retrieved, if this is different from your preference, it may be due to current file availability.
2025-10-01T13:58:52 prefetch.3.0.10:  Downloading via HTTPS...
2025-10-01T14:00:28 prefetch.3.0.10:  HTTPS download succeed
2025-10-01T14:00:54 prefetch.3.0.10:  'SRR22373288' is valid
2025-10-01T14:00:54 prefetch.3.0.10: 1) 'SRR22373288' was downloaded successfully
2025-10-01T14:00:54 prefetch.3.0.10: 'SRR22373288' has 0 unresolved dependencies
[fasterq-dump] SRC=/home/chu25/data/nbl/SRP409177/sra/SRR22373288 threads=8 tmp=/home/chu25/data/nbl/SRP409177/tmp
[pigz] compressing SRR22373288_*.fastq
---- Wed Oct  1 16:06:14 CEST 2025 :: DONE  SRR22373288 ----
[SEQ] (22/47) SRR22373289
---- Wed Oct  1 16:06:14 CEST 2025 :: START SRR22373289 ----
[prefetch] SRR22373289 → /home/chu25/data/nbl/SRP409177/sra

2025-10-01T14:06:17 prefetch.3.0.10: Current preference is set to retrieve SRA Normalized Format files with full base quality scores.
2025-10-01T14:06:17 prefetch.3.0.10: 1) Downloading 'SRR22373289'...
2025-10-01T14:06:17 prefetch.3.0.10: SRA Normalized Format file is being retrieved, if this is different from your preference, it may be due to current file availability.
2025-10-01T14:06:17 prefetch.3.0.10:  Downloading via HTTPS...
2025-10-01T14:08:21 prefetch.3.0.10:  HTTPS download succeed
2025-10-01T14:08:44 prefetch.3.0.10:  'SRR22373289' is valid
2025-10-01T14:08:44 prefetch.3.0.10: 1) 'SRR22373289' was downloaded successfully
2025-10-01T14:08:44 prefetch.3.0.10: 'SRR22373289' has 0 unresolved dependencies
[fasterq-dump] SRC=/home/chu25/data/nbl/SRP409177/sra/SRR22373289 threads=8 tmp=/home/chu25/data/nbl/SRP409177/tmp
[pigz] compressing SRR22373289_*.fastq
---- Wed Oct  1 16:14:57 CEST 2025 :: DONE  SRR22373289 ----
[SEQ] (23/47) SRR22373290
---- Wed Oct  1 16:14:57 CEST 2025 :: START SRR22373290 ----
[prefetch] SRR22373290 → /home/chu25/data/nbl/SRP409177/sra

2025-10-01T14:15:00 prefetch.3.0.10: Current preference is set to retrieve SRA Normalized Format files with full base quality scores.
2025-10-01T14:15:00 prefetch.3.0.10: 1) Downloading 'SRR22373290'...
2025-10-01T14:15:00 prefetch.3.0.10: SRA Normalized Format file is being retrieved, if this is different from your preference, it may be due to current file availability.
2025-10-01T14:15:00 prefetch.3.0.10:  Downloading via HTTPS...
2025-10-01T14:17:20 prefetch.3.0.10:  HTTPS download succeed
2025-10-01T14:18:10 prefetch.3.0.10:  'SRR22373290' is valid
2025-10-01T14:18:10 prefetch.3.0.10: 1) 'SRR22373290' was downloaded successfully
2025-10-01T14:18:10 prefetch.3.0.10: 'SRR22373290' has 0 unresolved dependencies
[fasterq-dump] SRC=/home/chu25/data/nbl/SRP409177/sra/SRR22373290 threads=8 tmp=/home/chu25/data/nbl/SRP409177/tmp
[pigz] compressing SRR22373290_*.fastq
---- Wed Oct  1 16:25:55 CEST 2025 :: DONE  SRR22373290 ----
[SEQ] (24/47) SRR22373291
---- Wed Oct  1 16:25:55 CEST 2025 :: START SRR22373291 ----
[prefetch] SRR22373291 → /home/chu25/data/nbl/SRP409177/sra

2025-10-01T14:25:58 prefetch.3.0.10: Current preference is set to retrieve SRA Normalized Format files with full base quality scores.
2025-10-01T14:25:58 prefetch.3.0.10: 1) Downloading 'SRR22373291'...
2025-10-01T14:25:58 prefetch.3.0.10: SRA Normalized Format file is being retrieved, if this is different from your preference, it may be due to current file availability.
2025-10-01T14:25:58 prefetch.3.0.10:  Downloading via HTTPS...
2025-10-01T14:27:43 prefetch.3.0.10:  HTTPS download succeed
2025-10-01T14:28:14 prefetch.3.0.10:  'SRR22373291' is valid
2025-10-01T14:28:14 prefetch.3.0.10: 1) 'SRR22373291' was downloaded successfully
2025-10-01T14:28:14 prefetch.3.0.10: 'SRR22373291' has 0 unresolved dependencies
[fasterq-dump] SRC=/home/chu25/data/nbl/SRP409177/sra/SRR22373291 threads=8 tmp=/home/chu25/data/nbl/SRP409177/tmp
[pigz] compressing SRR22373291_*.fastq
---- Wed Oct  1 16:32:51 CEST 2025 :: DONE  SRR22373291 ----
[SEQ] (25/47) SRR22373292
---- Wed Oct  1 16:32:51 CEST 2025 :: START SRR22373292 ----
[prefetch] SRR22373292 → /home/chu25/data/nbl/SRP409177/sra

2025-10-01T14:32:53 prefetch.3.0.10: Current preference is set to retrieve SRA Normalized Format files with full base quality scores.
2025-10-01T14:32:54 prefetch.3.0.10: 1) Downloading 'SRR22373292'...
2025-10-01T14:32:54 prefetch.3.0.10: SRA Normalized Format file is being retrieved, if this is different from your preference, it may be due to current file availability.
2025-10-01T14:32:54 prefetch.3.0.10:  Downloading via HTTPS...
2025-10-01T14:35:18 prefetch.3.0.10:  HTTPS download succeed
2025-10-01T14:35:54 prefetch.3.0.10:  'SRR22373292' is valid
2025-10-01T14:35:54 prefetch.3.0.10: 1) 'SRR22373292' was downloaded successfully
2025-10-01T14:35:54 prefetch.3.0.10: 'SRR22373292' has 0 unresolved dependencies
[fasterq-dump] SRC=/home/chu25/data/nbl/SRP409177/sra/SRR22373292 threads=8 tmp=/home/chu25/data/nbl/SRP409177/tmp
[pigz] compressing SRR22373292_*.fastq
---- Wed Oct  1 16:40:42 CEST 2025 :: DONE  SRR22373292 ----
[SEQ] (26/47) SRR22373293
---- Wed Oct  1 16:40:42 CEST 2025 :: START SRR22373293 ----
[prefetch] SRR22373293 → /home/chu25/data/nbl/SRP409177/sra

2025-10-01T14:40:45 prefetch.3.0.10: Current preference is set to retrieve SRA Normalized Format files with full base quality scores.
2025-10-01T14:40:45 prefetch.3.0.10: 1) Downloading 'SRR22373293'...
2025-10-01T14:40:46 prefetch.3.0.10: SRA Normalized Format file is being retrieved, if this is different from your preference, it may be due to current file availability.
2025-10-01T14:40:46 prefetch.3.0.10:  Downloading via HTTPS...
2025-10-01T14:42:38 prefetch.3.0.10:  HTTPS download succeed
2025-10-01T14:43:00 prefetch.3.0.10:  'SRR22373293' is valid
2025-10-01T14:43:00 prefetch.3.0.10: 1) 'SRR22373293' was downloaded successfully
2025-10-01T14:43:00 prefetch.3.0.10: 'SRR22373293' has 0 unresolved dependencies
[fasterq-dump] SRC=/home/chu25/data/nbl/SRP409177/sra/SRR22373293 threads=8 tmp=/home/chu25/data/nbl/SRP409177/tmp
[pigz] compressing SRR22373293_*.fastq
---- Wed Oct  1 16:47:39 CEST 2025 :: DONE  SRR22373293 ----
[SEQ] (27/47) SRR22373294
---- Wed Oct  1 16:47:39 CEST 2025 :: START SRR22373294 ----
[prefetch] SRR22373294 → /home/chu25/data/nbl/SRP409177/sra

2025-10-01T14:47:41 prefetch.3.0.10: Current preference is set to retrieve SRA Normalized Format files with full base quality scores.
2025-10-01T14:47:42 prefetch.3.0.10: 1) Downloading 'SRR22373294'...
2025-10-01T14:47:42 prefetch.3.0.10: SRA Normalized Format file is being retrieved, if this is different from your preference, it may be due to current file availability.
2025-10-01T14:47:42 prefetch.3.0.10:  Downloading via HTTPS...
2025-10-01T14:49:45 prefetch.3.0.10:  HTTPS download succeed
2025-10-01T14:50:09 prefetch.3.0.10:  'SRR22373294' is valid
2025-10-01T14:50:09 prefetch.3.0.10: 1) 'SRR22373294' was downloaded successfully
2025-10-01T14:50:09 prefetch.3.0.10: 'SRR22373294' has 0 unresolved dependencies
[fasterq-dump] SRC=/home/chu25/data/nbl/SRP409177/sra/SRR22373294 threads=8 tmp=/home/chu25/data/nbl/SRP409177/tmp
[pigz] compressing SRR22373294_*.fastq
---- Wed Oct  1 16:55:44 CEST 2025 :: DONE  SRR22373294 ----
[SEQ] (28/47) SRR22373295
---- Wed Oct  1 16:55:44 CEST 2025 :: START SRR22373295 ----
[prefetch] SRR22373295 → /home/chu25/data/nbl/SRP409177/sra

2025-10-01T14:55:47 prefetch.3.0.10: Current preference is set to retrieve SRA Normalized Format files with full base quality scores.
2025-10-01T14:55:47 prefetch.3.0.10: 1) Downloading 'SRR22373295'...
2025-10-01T14:55:47 prefetch.3.0.10: SRA Normalized Format file is being retrieved, if this is different from your preference, it may be due to current file availability.
2025-10-01T14:55:47 prefetch.3.0.10:  Downloading via HTTPS...
2025-10-01T14:57:30 prefetch.3.0.10:  HTTPS download succeed
2025-10-01T14:58:10 prefetch.3.0.10:  'SRR22373295' is valid
2025-10-01T14:58:10 prefetch.3.0.10: 1) 'SRR22373295' was downloaded successfully
2025-10-01T14:58:10 prefetch.3.0.10: 'SRR22373295' has 0 unresolved dependencies
[fasterq-dump] SRC=/home/chu25/data/nbl/SRP409177/sra/SRR22373295 threads=8 tmp=/home/chu25/data/nbl/SRP409177/tmp
[pigz] compressing SRR22373295_*.fastq
---- Wed Oct  1 17:03:59 CEST 2025 :: DONE  SRR22373295 ----
[SEQ] (29/47) SRR22373296
---- Wed Oct  1 17:03:59 CEST 2025 :: START SRR22373296 ----
[prefetch] SRR22373296 → /home/chu25/data/nbl/SRP409177/sra

2025-10-01T15:04:02 prefetch.3.0.10: Current preference is set to retrieve SRA Normalized Format files with full base quality scores.
2025-10-01T15:04:03 prefetch.3.0.10: 1) Downloading 'SRR22373296'...
2025-10-01T15:04:03 prefetch.3.0.10: SRA Normalized Format file is being retrieved, if this is different from your preference, it may be due to current file availability.
2025-10-01T15:04:03 prefetch.3.0.10:  Downloading via HTTPS...
2025-10-01T15:06:08 prefetch.3.0.10:  HTTPS download succeed
2025-10-01T15:06:36 prefetch.3.0.10:  'SRR22373296' is valid
2025-10-01T15:06:36 prefetch.3.0.10: 1) 'SRR22373296' was downloaded successfully
2025-10-01T15:06:36 prefetch.3.0.10: 'SRR22373296' has 0 unresolved dependencies
[fasterq-dump] SRC=/home/chu25/data/nbl/SRP409177/sra/SRR22373296 threads=8 tmp=/home/chu25/data/nbl/SRP409177/tmp
[pigz] compressing SRR22373296_*.fastq
---- Wed Oct  1 17:12:07 CEST 2025 :: DONE  SRR22373296 ----
[SEQ] (30/47) SRR22373297
---- Wed Oct  1 17:12:07 CEST 2025 :: START SRR22373297 ----
[prefetch] SRR22373297 → /home/chu25/data/nbl/SRP409177/sra

2025-10-01T15:12:10 prefetch.3.0.10: Current preference is set to retrieve SRA Normalized Format files with full base quality scores.
2025-10-01T15:12:10 prefetch.3.0.10: 1) Downloading 'SRR22373297'...
2025-10-01T15:12:10 prefetch.3.0.10: SRA Normalized Format file is being retrieved, if this is different from your preference, it may be due to current file availability.
2025-10-01T15:12:10 prefetch.3.0.10:  Downloading via HTTPS...
2025-10-01T15:14:21 prefetch.3.0.10:  HTTPS download succeed
2025-10-01T15:15:06 prefetch.3.0.10:  'SRR22373297' is valid
2025-10-01T15:15:06 prefetch.3.0.10: 1) 'SRR22373297' was downloaded successfully
2025-10-01T15:15:06 prefetch.3.0.10: 'SRR22373297' has 0 unresolved dependencies
[fasterq-dump] SRC=/home/chu25/data/nbl/SRP409177/sra/SRR22373297 threads=8 tmp=/home/chu25/data/nbl/SRP409177/tmp
[pigz] compressing SRR22373297_*.fastq
---- Wed Oct  1 17:22:52 CEST 2025 :: DONE  SRR22373297 ----
[SEQ] (31/47) SRR22373298
---- Wed Oct  1 17:22:52 CEST 2025 :: START SRR22373298 ----
[prefetch] SRR22373298 → /home/chu25/data/nbl/SRP409177/sra

2025-10-01T15:22:57 prefetch.3.0.10: Current preference is set to retrieve SRA Normalized Format files with full base quality scores.
2025-10-01T15:22:58 prefetch.3.0.10: 1) Downloading 'SRR22373298'...
2025-10-01T15:22:58 prefetch.3.0.10: SRA Normalized Format file is being retrieved, if this is different from your preference, it may be due to current file availability.
2025-10-01T15:22:58 prefetch.3.0.10:  Downloading via HTTPS...
2025-10-01T15:25:01 prefetch.3.0.10:  HTTPS download succeed
2025-10-01T15:25:49 prefetch.3.0.10:  'SRR22373298' is valid
2025-10-01T15:25:49 prefetch.3.0.10: 1) 'SRR22373298' was downloaded successfully
2025-10-01T15:25:49 prefetch.3.0.10: 'SRR22373298' has 0 unresolved dependencies
[fasterq-dump] SRC=/home/chu25/data/nbl/SRP409177/sra/SRR22373298 threads=8 tmp=/home/chu25/data/nbl/SRP409177/tmp
[pigz] compressing SRR22373298_*.fastq
---- Wed Oct  1 17:32:04 CEST 2025 :: DONE  SRR22373298 ----
[SEQ] (32/47) SRR22373299
---- Wed Oct  1 17:32:04 CEST 2025 :: START SRR22373299 ----
[prefetch] SRR22373299 → /home/chu25/data/nbl/SRP409177/sra

2025-10-01T15:32:07 prefetch.3.0.10: Current preference is set to retrieve SRA Normalized Format files with full base quality scores.
2025-10-01T15:32:08 prefetch.3.0.10: 1) Downloading 'SRR22373299'...
2025-10-01T15:32:08 prefetch.3.0.10: SRA Normalized Format file is being retrieved, if this is different from your preference, it may be due to current file availability.
2025-10-01T15:32:08 prefetch.3.0.10:  Downloading via HTTPS...
2025-10-01T15:34:00 prefetch.3.0.10:  HTTPS download succeed
2025-10-01T15:34:27 prefetch.3.0.10:  'SRR22373299' is valid
2025-10-01T15:34:27 prefetch.3.0.10: 1) 'SRR22373299' was downloaded successfully
2025-10-01T15:34:27 prefetch.3.0.10: 'SRR22373299' has 0 unresolved dependencies
[fasterq-dump] SRC=/home/chu25/data/nbl/SRP409177/sra/SRR22373299 threads=8 tmp=/home/chu25/data/nbl/SRP409177/tmp
[pigz] compressing SRR22373299_*.fastq
---- Wed Oct  1 17:40:51 CEST 2025 :: DONE  SRR22373299 ----
[SEQ] (33/47) SRR22373300
---- Wed Oct  1 17:40:51 CEST 2025 :: START SRR22373300 ----
[prefetch] SRR22373300 → /home/chu25/data/nbl/SRP409177/sra

2025-10-01T15:40:54 prefetch.3.0.10: Current preference is set to retrieve SRA Normalized Format files with full base quality scores.
2025-10-01T15:40:54 prefetch.3.0.10: 1) Downloading 'SRR22373300'...
2025-10-01T15:40:54 prefetch.3.0.10: SRA Normalized Format file is being retrieved, if this is different from your preference, it may be due to current file availability.
2025-10-01T15:40:54 prefetch.3.0.10:  Downloading via HTTPS...
2025-10-01T15:42:52 prefetch.3.0.10:  HTTPS download succeed
2025-10-01T15:43:13 prefetch.3.0.10:  'SRR22373300' is valid
2025-10-01T15:43:13 prefetch.3.0.10: 1) 'SRR22373300' was downloaded successfully
2025-10-01T15:43:14 prefetch.3.0.10: 'SRR22373300' has 0 unresolved dependencies
[fasterq-dump] SRC=/home/chu25/data/nbl/SRP409177/sra/SRR22373300 threads=8 tmp=/home/chu25/data/nbl/SRP409177/tmp
[pigz] compressing SRR22373300_*.fastq
---- Wed Oct  1 17:48:03 CEST 2025 :: DONE  SRR22373300 ----
[SEQ] (34/47) SRR22373301
---- Wed Oct  1 17:48:03 CEST 2025 :: START SRR22373301 ----
[prefetch] SRR22373301 → /home/chu25/data/nbl/SRP409177/sra

2025-10-01T15:48:07 prefetch.3.0.10: Current preference is set to retrieve SRA Normalized Format files with full base quality scores.
2025-10-01T15:48:07 prefetch.3.0.10: 1) Downloading 'SRR22373301'...
2025-10-01T15:48:07 prefetch.3.0.10: SRA Normalized Format file is being retrieved, if this is different from your preference, it may be due to current file availability.
2025-10-01T15:48:07 prefetch.3.0.10:  Downloading via HTTPS...
2025-10-01T15:49:28 prefetch.3.0.10:  HTTPS download succeed
2025-10-01T15:49:54 prefetch.3.0.10:  'SRR22373301' is valid
2025-10-01T15:49:54 prefetch.3.0.10: 1) 'SRR22373301' was downloaded successfully
2025-10-01T15:49:55 prefetch.3.0.10: 'SRR22373301' has 0 unresolved dependencies
[fasterq-dump] SRC=/home/chu25/data/nbl/SRP409177/sra/SRR22373301 threads=8 tmp=/home/chu25/data/nbl/SRP409177/tmp
[pigz] compressing SRR22373301_*.fastq
---- Wed Oct  1 17:53:53 CEST 2025 :: DONE  SRR22373301 ----
[SEQ] (35/47) SRR22373302
---- Wed Oct  1 17:53:53 CEST 2025 :: START SRR22373302 ----
[prefetch] SRR22373302 → /home/chu25/data/nbl/SRP409177/sra

2025-10-01T15:53:56 prefetch.3.0.10: Current preference is set to retrieve SRA Normalized Format files with full base quality scores.
2025-10-01T15:53:56 prefetch.3.0.10: 1) Downloading 'SRR22373302'...
2025-10-01T15:53:56 prefetch.3.0.10: SRA Normalized Format file is being retrieved, if this is different from your preference, it may be due to current file availability.
2025-10-01T15:53:56 prefetch.3.0.10:  Downloading via HTTPS...
2025-10-01T15:55:56 prefetch.3.0.10:  HTTPS download succeed
2025-10-01T15:56:23 prefetch.3.0.10:  'SRR22373302' is valid
2025-10-01T15:56:23 prefetch.3.0.10: 1) 'SRR22373302' was downloaded successfully
2025-10-01T15:56:23 prefetch.3.0.10: 'SRR22373302' has 0 unresolved dependencies
[fasterq-dump] SRC=/home/chu25/data/nbl/SRP409177/sra/SRR22373302 threads=8 tmp=/home/chu25/data/nbl/SRP409177/tmp
[pigz] compressing SRR22373302_*.fastq
---- Wed Oct  1 18:01:20 CEST 2025 :: DONE  SRR22373302 ----
[SEQ] (36/47) SRR22373303
---- Wed Oct  1 18:01:20 CEST 2025 :: START SRR22373303 ----
[prefetch] SRR22373303 → /home/chu25/data/nbl/SRP409177/sra

2025-10-01T16:01:23 prefetch.3.0.10: Current preference is set to retrieve SRA Normalized Format files with full base quality scores.
2025-10-01T16:01:23 prefetch.3.0.10: 1) Downloading 'SRR22373303'...
2025-10-01T16:01:24 prefetch.3.0.10: SRA Normalized Format file is being retrieved, if this is different from your preference, it may be due to current file availability.
2025-10-01T16:01:24 prefetch.3.0.10:  Downloading via HTTPS...
2025-10-01T16:03:06 prefetch.3.0.10:  HTTPS download succeed
2025-10-01T16:03:30 prefetch.3.0.10:  'SRR22373303' is valid
2025-10-01T16:03:30 prefetch.3.0.10: 1) 'SRR22373303' was downloaded successfully
2025-10-01T16:03:30 prefetch.3.0.10: 'SRR22373303' has 0 unresolved dependencies
[fasterq-dump] SRC=/home/chu25/data/nbl/SRP409177/sra/SRR22373303 threads=8 tmp=/home/chu25/data/nbl/SRP409177/tmp
[pigz] compressing SRR22373303_*.fastq
---- Wed Oct  1 18:08:28 CEST 2025 :: DONE  SRR22373303 ----
[SEQ] (37/47) SRR22373304
---- Wed Oct  1 18:08:28 CEST 2025 :: START SRR22373304 ----
[prefetch] SRR22373304 → /home/chu25/data/nbl/SRP409177/sra

2025-10-01T16:08:31 prefetch.3.0.10: Current preference is set to retrieve SRA Normalized Format files with full base quality scores.
2025-10-01T16:08:31 prefetch.3.0.10: 1) Downloading 'SRR22373304'...
2025-10-01T16:08:31 prefetch.3.0.10: SRA Normalized Format file is being retrieved, if this is different from your preference, it may be due to current file availability.
2025-10-01T16:08:31 prefetch.3.0.10:  Downloading via HTTPS...
2025-10-01T16:11:32 prefetch.3.0.10:  HTTPS download succeed
2025-10-01T16:11:51 prefetch.3.0.10:  'SRR22373304' is valid
2025-10-01T16:11:51 prefetch.3.0.10: 1) 'SRR22373304' was downloaded successfully
2025-10-01T16:11:51 prefetch.3.0.10: 'SRR22373304' has 0 unresolved dependencies
[fasterq-dump] SRC=/home/chu25/data/nbl/SRP409177/sra/SRR22373304 threads=8 tmp=/home/chu25/data/nbl/SRP409177/tmp
[pigz] compressing SRR22373304_*.fastq
---- Wed Oct  1 18:16:44 CEST 2025 :: DONE  SRR22373304 ----
[SEQ] (38/47) SRR22373305
---- Wed Oct  1 18:16:44 CEST 2025 :: START SRR22373305 ----
[prefetch] SRR22373305 → /home/chu25/data/nbl/SRP409177/sra

2025-10-01T16:16:48 prefetch.3.0.10: Current preference is set to retrieve SRA Normalized Format files with full base quality scores.
2025-10-01T16:16:48 prefetch.3.0.10: 1) Downloading 'SRR22373305'...
2025-10-01T16:16:48 prefetch.3.0.10: SRA Normalized Format file is being retrieved, if this is different from your preference, it may be due to current file availability.
2025-10-01T16:16:48 prefetch.3.0.10:  Downloading via HTTPS...
2025-10-01T16:18:49 prefetch.3.0.10:  HTTPS download succeed
2025-10-01T16:19:23 prefetch.3.0.10:  'SRR22373305' is valid
2025-10-01T16:19:23 prefetch.3.0.10: 1) 'SRR22373305' was downloaded successfully
2025-10-01T16:19:23 prefetch.3.0.10: 'SRR22373305' has 0 unresolved dependencies
[fasterq-dump] SRC=/home/chu25/data/nbl/SRP409177/sra/SRR22373305 threads=8 tmp=/home/chu25/data/nbl/SRP409177/tmp
[pigz] compressing SRR22373305_*.fastq
---- Wed Oct  1 18:24:12 CEST 2025 :: DONE  SRR22373305 ----
[SEQ] (39/47) SRR22373306
---- Wed Oct  1 18:24:12 CEST 2025 :: START SRR22373306 ----
[prefetch] SRR22373306 → /home/chu25/data/nbl/SRP409177/sra

2025-10-01T16:24:15 prefetch.3.0.10: Current preference is set to retrieve SRA Normalized Format files with full base quality scores.
2025-10-01T16:24:16 prefetch.3.0.10: 1) Downloading 'SRR22373306'...
2025-10-01T16:24:16 prefetch.3.0.10: SRA Normalized Format file is being retrieved, if this is different from your preference, it may be due to current file availability.
2025-10-01T16:24:16 prefetch.3.0.10:  Downloading via HTTPS...
2025-10-01T16:25:41 prefetch.3.0.10:  HTTPS download succeed
2025-10-01T16:25:56 prefetch.3.0.10:  'SRR22373306' is valid
2025-10-01T16:25:56 prefetch.3.0.10: 1) 'SRR22373306' was downloaded successfully
2025-10-01T16:25:56 prefetch.3.0.10: 'SRR22373306' has 0 unresolved dependencies
[fasterq-dump] SRC=/home/chu25/data/nbl/SRP409177/sra/SRR22373306 threads=8 tmp=/home/chu25/data/nbl/SRP409177/tmp
[pigz] compressing SRR22373306_*.fastq
---- Wed Oct  1 18:30:40 CEST 2025 :: DONE  SRR22373306 ----
[SEQ] (40/47) SRR22373307
---- Wed Oct  1 18:30:40 CEST 2025 :: START SRR22373307 ----
[prefetch] SRR22373307 → /home/chu25/data/nbl/SRP409177/sra

2025-10-01T16:30:43 prefetch.3.0.10: Current preference is set to retrieve SRA Normalized Format files with full base quality scores.
2025-10-01T16:30:44 prefetch.3.0.10: 1) Downloading 'SRR22373307'...
2025-10-01T16:30:44 prefetch.3.0.10: SRA Normalized Format file is being retrieved, if this is different from your preference, it may be due to current file availability.
2025-10-01T16:30:44 prefetch.3.0.10:  Downloading via HTTPS...
2025-10-01T16:33:37 prefetch.3.0.10:  HTTPS download succeed
2025-10-01T16:34:00 prefetch.3.0.10:  'SRR22373307' is valid
2025-10-01T16:34:00 prefetch.3.0.10: 1) 'SRR22373307' was downloaded successfully
2025-10-01T16:34:00 prefetch.3.0.10: 'SRR22373307' has 0 unresolved dependencies
[fasterq-dump] SRC=/home/chu25/data/nbl/SRP409177/sra/SRR22373307 threads=8 tmp=/home/chu25/data/nbl/SRP409177/tmp
[pigz] compressing SRR22373307_*.fastq
---- Wed Oct  1 18:38:30 CEST 2025 :: DONE  SRR22373307 ----
[SEQ] (41/47) SRR22373308
---- Wed Oct  1 18:38:30 CEST 2025 :: START SRR22373308 ----
[prefetch] SRR22373308 → /home/chu25/data/nbl/SRP409177/sra

2025-10-01T16:38:32 prefetch.3.0.10: Current preference is set to retrieve SRA Normalized Format files with full base quality scores.
2025-10-01T16:38:33 prefetch.3.0.10: 1) Downloading 'SRR22373308'...
2025-10-01T16:38:33 prefetch.3.0.10: SRA Normalized Format file is being retrieved, if this is different from your preference, it may be due to current file availability.
2025-10-01T16:38:33 prefetch.3.0.10:  Downloading via HTTPS...
2025-10-01T16:40:11 prefetch.3.0.10:  HTTPS download succeed
2025-10-01T16:40:35 prefetch.3.0.10:  'SRR22373308' is valid
2025-10-01T16:40:35 prefetch.3.0.10: 1) 'SRR22373308' was downloaded successfully
2025-10-01T16:40:35 prefetch.3.0.10: 'SRR22373308' has 0 unresolved dependencies
[fasterq-dump] SRC=/home/chu25/data/nbl/SRP409177/sra/SRR22373308 threads=8 tmp=/home/chu25/data/nbl/SRP409177/tmp
[pigz] compressing SRR22373308_*.fastq
---- Wed Oct  1 18:45:28 CEST 2025 :: DONE  SRR22373308 ----
[SEQ] (42/47) SRR22373309
---- Wed Oct  1 18:45:28 CEST 2025 :: START SRR22373309 ----
[prefetch] SRR22373309 → /home/chu25/data/nbl/SRP409177/sra

2025-10-01T16:45:31 prefetch.3.0.10: Current preference is set to retrieve SRA Normalized Format files with full base quality scores.
2025-10-01T16:45:31 prefetch.3.0.10: 1) Downloading 'SRR22373309'...
2025-10-01T16:45:31 prefetch.3.0.10: SRA Normalized Format file is being retrieved, if this is different from your preference, it may be due to current file availability.
2025-10-01T16:45:31 prefetch.3.0.10:  Downloading via HTTPS...
2025-10-01T16:47:02 prefetch.3.0.10:  HTTPS download succeed
2025-10-01T16:47:34 prefetch.3.0.10:  'SRR22373309' is valid
2025-10-01T16:47:34 prefetch.3.0.10: 1) 'SRR22373309' was downloaded successfully
2025-10-01T16:47:35 prefetch.3.0.10: 'SRR22373309' has 0 unresolved dependencies
[fasterq-dump] SRC=/home/chu25/data/nbl/SRP409177/sra/SRR22373309 threads=8 tmp=/home/chu25/data/nbl/SRP409177/tmp
[pigz] compressing SRR22373309_*.fastq
---- Wed Oct  1 18:52:34 CEST 2025 :: DONE  SRR22373309 ----
[SEQ] (43/47) SRR22373310
---- Wed Oct  1 18:52:34 CEST 2025 :: START SRR22373310 ----
[prefetch] SRR22373310 → /home/chu25/data/nbl/SRP409177/sra

2025-10-01T16:52:36 prefetch.3.0.10: Current preference is set to retrieve SRA Normalized Format files with full base quality scores.
2025-10-01T16:52:36 prefetch.3.0.10: 1) Downloading 'SRR22373310'...
2025-10-01T16:52:36 prefetch.3.0.10: SRA Normalized Format file is being retrieved, if this is different from your preference, it may be due to current file availability.
2025-10-01T16:52:36 prefetch.3.0.10:  Downloading via HTTPS...
2025-10-01T16:54:42 prefetch.3.0.10:  HTTPS download succeed
2025-10-01T16:55:06 prefetch.3.0.10:  'SRR22373310' is valid
2025-10-01T16:55:06 prefetch.3.0.10: 1) 'SRR22373310' was downloaded successfully
2025-10-01T16:55:06 prefetch.3.0.10: 'SRR22373310' has 0 unresolved dependencies
[fasterq-dump] SRC=/home/chu25/data/nbl/SRP409177/sra/SRR22373310 threads=8 tmp=/home/chu25/data/nbl/SRP409177/tmp
[pigz] compressing SRR22373310_*.fastq
---- Wed Oct  1 19:00:08 CEST 2025 :: DONE  SRR22373310 ----
[SEQ] (44/47) SRR22373311
---- Wed Oct  1 19:00:08 CEST 2025 :: START SRR22373311 ----
[prefetch] SRR22373311 → /home/chu25/data/nbl/SRP409177/sra

2025-10-01T17:00:11 prefetch.3.0.10: Current preference is set to retrieve SRA Normalized Format files with full base quality scores.
2025-10-01T17:00:11 prefetch.3.0.10: 1) Downloading 'SRR22373311'...
2025-10-01T17:00:11 prefetch.3.0.10: SRA Normalized Format file is being retrieved, if this is different from your preference, it may be due to current file availability.
2025-10-01T17:00:11 prefetch.3.0.10:  Downloading via HTTPS...
2025-10-01T17:01:46 prefetch.3.0.10:  HTTPS download succeed
2025-10-01T17:02:07 prefetch.3.0.10:  'SRR22373311' is valid
2025-10-01T17:02:07 prefetch.3.0.10: 1) 'SRR22373311' was downloaded successfully
2025-10-01T17:02:07 prefetch.3.0.10: 'SRR22373311' has 0 unresolved dependencies
[fasterq-dump] SRC=/home/chu25/data/nbl/SRP409177/sra/SRR22373311 threads=8 tmp=/home/chu25/data/nbl/SRP409177/tmp
[pigz] compressing SRR22373311_*.fastq
---- Wed Oct  1 19:06:05 CEST 2025 :: DONE  SRR22373311 ----
[SEQ] (45/47) SRR22373312
---- Wed Oct  1 19:06:05 CEST 2025 :: START SRR22373312 ----
[prefetch] SRR22373312 → /home/chu25/data/nbl/SRP409177/sra

2025-10-01T17:06:08 prefetch.3.0.10: Current preference is set to retrieve SRA Normalized Format files with full base quality scores.
2025-10-01T17:06:08 prefetch.3.0.10: 1) Downloading 'SRR22373312'...
2025-10-01T17:06:08 prefetch.3.0.10: SRA Normalized Format file is being retrieved, if this is different from your preference, it may be due to current file availability.
2025-10-01T17:06:08 prefetch.3.0.10:  Downloading via HTTPS...
2025-10-01T17:07:16 prefetch.3.0.10:  HTTPS download succeed
2025-10-01T17:07:44 prefetch.3.0.10:  'SRR22373312' is valid
2025-10-01T17:07:44 prefetch.3.0.10: 1) 'SRR22373312' was downloaded successfully
2025-10-01T17:07:44 prefetch.3.0.10: 'SRR22373312' has 0 unresolved dependencies
[fasterq-dump] SRC=/home/chu25/data/nbl/SRP409177/sra/SRR22373312 threads=8 tmp=/home/chu25/data/nbl/SRP409177/tmp
[pigz] compressing SRR22373312_*.fastq
---- Wed Oct  1 19:11:29 CEST 2025 :: DONE  SRR22373312 ----
[SEQ] (46/47) SRR22373313
---- Wed Oct  1 19:11:29 CEST 2025 :: START SRR22373313 ----
[prefetch] SRR22373313 → /home/chu25/data/nbl/SRP409177/sra

2025-10-01T17:11:32 prefetch.3.0.10: Current preference is set to retrieve SRA Normalized Format files with full base quality scores.
2025-10-01T17:11:32 prefetch.3.0.10: 1) Downloading 'SRR22373313'...
2025-10-01T17:11:32 prefetch.3.0.10: SRA Normalized Format file is being retrieved, if this is different from your preference, it may be due to current file availability.
2025-10-01T17:11:32 prefetch.3.0.10:  Downloading via HTTPS...
2025-10-01T17:13:37 prefetch.3.0.10:  HTTPS download succeed
2025-10-01T17:14:04 prefetch.3.0.10:  'SRR22373313' is valid
2025-10-01T17:14:04 prefetch.3.0.10: 1) 'SRR22373313' was downloaded successfully
2025-10-01T17:14:04 prefetch.3.0.10: 'SRR22373313' has 0 unresolved dependencies
[fasterq-dump] SRC=/home/chu25/data/nbl/SRP409177/sra/SRR22373313 threads=8 tmp=/home/chu25/data/nbl/SRP409177/tmp
[pigz] compressing SRR22373313_*.fastq
---- Wed Oct  1 19:19:29 CEST 2025 :: DONE  SRR22373313 ----
[SEQ] (47/47) SRR22373314
---- Wed Oct  1 19:19:29 CEST 2025 :: START SRR22373314 ----
[prefetch] SRR22373314 → /home/chu25/data/nbl/SRP409177/sra

2025-10-01T17:19:32 prefetch.3.0.10: Current preference is set to retrieve SRA Normalized Format files with full base quality scores.
2025-10-01T17:19:33 prefetch.3.0.10: 1) Downloading 'SRR22373314'...
2025-10-01T17:19:33 prefetch.3.0.10: SRA Normalized Format file is being retrieved, if this is different from your preference, it may be due to current file availability.
2025-10-01T17:19:33 prefetch.3.0.10:  Downloading via HTTPS...
2025-10-01T17:21:40 prefetch.3.0.10:  HTTPS download succeed
2025-10-01T17:22:03 prefetch.3.0.10:  'SRR22373314' is valid
2025-10-01T17:22:04 prefetch.3.0.10: 1) 'SRR22373314' was downloaded successfully
2025-10-01T17:22:04 prefetch.3.0.10: 'SRR22373314' has 0 unresolved dependencies
[fasterq-dump] SRC=/home/chu25/data/nbl/SRP409177/sra/SRR22373314 threads=8 tmp=/home/chu25/data/nbl/SRP409177/tmp
[pigz] compressing SRR22373314_*.fastq
---- Wed Oct  1 19:26:54 CEST 2025 :: DONE  SRR22373314 ----
== Wed Oct  1 19:26:55 CEST 2025 :: ALL DONE ==
