[2026-04-17 17:48:31,658] multiqc                                            [DEBUG  ]  This is MultiQC v1.14
[2026-04-17 17:48:31,658] multiqc                                            [DEBUG  ]  Command used: /work/ugbogu/pipeline/preprocessing_and_quality_control/nbl/.snakemake/conda/25bab6eebc31cc5397ba6665e6c28187_/bin/multiqc /work/ugbogu/pipeline/data/nbl/GSE100148/results -o /work/ugbogu/pipeline/data/nbl/GSE100148/results/multiqc -n multiqc_report.html
[2026-04-17 17:48:32,835] multiqc                                            [WARNING]  MultiQC Version v1.33 now available!
[2026-04-17 17:48:32,835] multiqc                                            [DEBUG  ]  Working dir : /work/ugbogu/pipeline/preprocessing_and_quality_control/nbl
[2026-04-17 17:48:32,835] multiqc                                            [DEBUG  ]  Template    : default
[2026-04-17 17:48:32,835] multiqc                                            [DEBUG  ]  Running Python 3.11.15 | packaged by conda-forge | (main, Mar  5 2026, 16:45:40) [GCC 14.3.0]
[2026-04-17 17:48:32,836] multiqc                                            [DEBUG  ]  Analysing modules: custom_content, ccs, ngsderive, purple, conpair, lima, peddy, somalier, methylQA, mosdepth, phantompeakqualtools, qualimap, preseq, hifiasm, quast, qorts, rna_seqc, rockhopper, rsem, rseqc, busco, bustools, goleft_indexcov, gffcompare, disambiguate, supernova, deeptools, sargasso, verifybamid, mirtrace, happy, mirtop, sambamba, gopeaks, homer, hops, macs2, theta2, snpeff, gatk, htseq, bcftools, featureCounts, fgbio, dragen, dragen_fastqc, dedup, pbmarkdup, damageprofiler, biobambam2, jcvi, mtnucratio, picard, vep, sentieon, prokka, qc3C, nanostat, samblaster, samtools, sexdeterrmine, eigenstratdatabasetools, bamtools, jellyfish, vcftools, longranger, stacks, varscan2, snippy, umitools, bbmap, bismark, biscuit, diamond, hicexplorer, hicup, hicpro, salmon, kallisto, slamdunk, star, hisat2, tophat, bowtie2, bowtie1, cellranger, snpsplit, odgi, pangolin, nextclade, humid, kat, leehom, adapterRemoval, bbduk, clipandmerge, cutadapt, flexbar, kaiju, kraken, malt, motus, trimmomatic, sickle, skewer, sortmerna, biobloomtools, fastq_screen, afterqc, fastp, fastqc, filtlong, prinseqplusplus, pychopper, porechop, pycoqc, minionqc, anglerfish, multivcfanalyzer, clusterflow, checkqc, bcl2fastq, bclconvert, interop, ivar, flash, seqyclean, optitype, whatshap
[2026-04-17 17:48:32,836] multiqc                                            [DEBUG  ]  Using temporary directory for creating report: /tmp/tmpinv4h86n
[2026-04-17 17:48:32,893] multiqc                                            [INFO   ]  Search path : /work/ugbogu/pipeline/data/nbl/GSE100148/results
[2026-04-17 17:50:26,554] multiqc                                            [DEBUG  ]  Summary of files that were skipped by the search: [skipped_module_specific_max_filesize: 1594] // [skipped_no_match: 195] // [skipped_ignore_pattern: 45]
[2026-04-17 17:50:27,097] multiqc.plots.bargraph                             [DEBUG  ]  Using matplotlib version 3.10.8
[2026-04-17 17:50:27,099] multiqc.plots.linegraph                            [DEBUG  ]  Using matplotlib version 3.10.8
[2026-04-17 17:50:27,100] multiqc                                            [DEBUG  ]  No samples found: custom_content
[2026-04-17 17:50:27,124] multiqc.modules.picard.picard                      [INFO   ]  Found 15 AlignmentSummaryMetrics reports
[2026-04-17 17:50:27,290] multiqc.modules.picard.picard                      [INFO   ]  Found 15 InsertSizeMetrics reports
[2026-04-17 17:50:27,293] multiqc.modules.picard.picard                      [INFO   ]  Found 15 QualityYieldMetrics reports
[2026-04-17 17:50:27,330] multiqc.modules.star.star                          [INFO   ]  Found 30 reports
[2026-04-17 17:50:27,572] multiqc.modules.fastqc.fastqc                      [INFO   ]  Found 30 reports
[2026-04-17 17:50:27,689] multiqc                                            [INFO   ]  Compressing plot data
[2026-04-17 17:50:28,034] multiqc                                            [INFO   ]  Report      : ../../data/nbl/GSE100148/results/multiqc/multiqc_report.html
[2026-04-17 17:50:28,034] multiqc                                            [INFO   ]  Data        : ../../data/nbl/GSE100148/results/multiqc/multiqc_report_data
[2026-04-17 17:50:28,034] multiqc                                            [DEBUG  ]  Moving data file from '/tmp/tmpinv4h86n/multiqc_data' to '/work/ugbogu/pipeline/data/nbl/GSE100148/results/multiqc/multiqc_report_data'
[2026-04-17 17:50:28,183] multiqc                                            [INFO   ]  MultiQC complete
