                                 Started job on |	Apr 10 03:46:17
                             Started mapping on |	Apr 10 03:46:24
                                    Finished on |	Apr 10 03:50:58
       Mapping speed, Million of reads per hour |	413.91

                          Number of input reads |	31503420
                      Average input read length |	202
                                    UNIQUE READS:
                   Uniquely mapped reads number |	26379847
                        Uniquely mapped reads % |	83.74%
                          Average mapped length |	200.50
                       Number of splices: Total |	5014336
            Number of splices: Annotated (sjdb) |	4859272
                       Number of splices: GT/AG |	4952095
                       Number of splices: GC/AG |	39075
                       Number of splices: AT/AC |	4743
               Number of splices: Non-canonical |	18423
                      Mismatch rate per base, % |	0.23%
                         Deletion rate per base |	0.02%
                        Deletion average length |	1.32
                        Insertion rate per base |	0.01%
                       Insertion average length |	1.55
                             MULTI-MAPPING READS:
        Number of reads mapped to multiple loci |	1648082
             % of reads mapped to multiple loci |	5.23%
        Number of reads mapped to too many loci |	81439
             % of reads mapped to too many loci |	0.26%
                                  UNMAPPED READS:
  Number of reads unmapped: too many mismatches |	0
       % of reads unmapped: too many mismatches |	0.00%
            Number of reads unmapped: too short |	3355065
                 % of reads unmapped: too short |	10.65%
                Number of reads unmapped: other |	38987
                     % of reads unmapped: other |	0.12%
                                  CHIMERIC READS:
                       Number of chimeric reads |	0
                            % of chimeric reads |	0.00%
