=== TCGA R job started ===
Start time: Mon Jul  7 14:41:25 CEST 2025
Running in: /home/chu25/TCGA/sample_types


processing file: sample_types.Rmd
1/6                  
2/6 [setup]          
3/6                  
4/6 [unnamed-chunk-1]
5/6                  
6/6 [unnamed-chunk-2]
Error in `bind_rows()`:
! Can't combine `..1$paper_age_at_initial_pathologic_diagnosis` <double> and `..6$paper_age_at_initial_pathologic_diagnosis` <factor<e5f19>>.
Backtrace:
     x
  1. +-dplyr::bind_rows(combined_coldata)
  2. | \-vctrs::vec_rbind(!!!dots, .names_to = .id, .error_call = current_env())
  3. \-vctrs (local) `<fn>`()
  4.   \-vctrs::vec_default_ptype2(...)
  5.     +-base::withRestarts(...)
  6.     | \-base (local) withOneRestart(expr, restarts[[1L]])
  7.     |   \-base (local) doWithOneRestart(return(expr), restart)
  8.     \-vctrs::stop_incompatible_type(...)
  9.       \-vctrs:::stop_incompatible(...)
 10.         \-vctrs:::stop_vctrs(...)
 11.           \-rlang::abort(message, class = c(class, "vctrs_error"), ..., call = call)

Quitting from sample_types.Rmd:48-61 [unnamed-chunk-2]
Execution halted
=== Job finished at Mon Jul  7 14:45:13 CEST 2025 ===
