                                 Started job on |	Mar 28 12:45:20
                             Started mapping on |	Mar 28 12:45:39
                                    Finished on |	Mar 28 12:50:26
       Mapping speed, Million of reads per hour |	420.17

                          Number of input reads |	33496705
                      Average input read length |	202
                                    UNIQUE READS:
                   Uniquely mapped reads number |	26356991
                        Uniquely mapped reads % |	78.69%
                          Average mapped length |	200.23
                       Number of splices: Total |	9940877
            Number of splices: Annotated (sjdb) |	9773705
                       Number of splices: GT/AG |	9840901
                       Number of splices: GC/AG |	71031
                       Number of splices: AT/AC |	8283
               Number of splices: Non-canonical |	20662
                      Mismatch rate per base, % |	0.25%
                         Deletion rate per base |	0.02%
                        Deletion average length |	1.17
                        Insertion rate per base |	0.01%
                       Insertion average length |	1.47
                             MULTI-MAPPING READS:
        Number of reads mapped to multiple loci |	3317461
             % of reads mapped to multiple loci |	9.90%
        Number of reads mapped to too many loci |	53862
             % of reads mapped to too many loci |	0.16%
                                  UNMAPPED READS:
  Number of reads unmapped: too many mismatches |	0
       % of reads unmapped: too many mismatches |	0.00%
            Number of reads unmapped: too short |	3739901
                 % of reads unmapped: too short |	11.16%
                Number of reads unmapped: other |	28490
                     % of reads unmapped: other |	0.09%
                                  CHIMERIC READS:
                       Number of chimeric reads |	0
                            % of chimeric reads |	0.00%
