                                 Started job on |	Apr 09 22:45:57
                             Started mapping on |	Apr 09 22:46:11
                                    Finished on |	Apr 09 23:01:26
       Mapping speed, Million of reads per hour |	99.00

                          Number of input reads |	25161543
                      Average input read length |	282
                                    UNIQUE READS:
                   Uniquely mapped reads number |	21580171
                        Uniquely mapped reads % |	85.77%
                          Average mapped length |	282.13
                       Number of splices: Total |	29337606
            Number of splices: Annotated (sjdb) |	28880861
                       Number of splices: GT/AG |	29058126
                       Number of splices: GC/AG |	202910
                       Number of splices: AT/AC |	28257
               Number of splices: Non-canonical |	48313
                      Mismatch rate per base, % |	0.26%
                         Deletion rate per base |	0.01%
                        Deletion average length |	1.70
                        Insertion rate per base |	0.00%
                       Insertion average length |	1.56
                             MULTI-MAPPING READS:
        Number of reads mapped to multiple loci |	2385007
             % of reads mapped to multiple loci |	9.48%
        Number of reads mapped to too many loci |	143588
             % of reads mapped to too many loci |	0.57%
                                  UNMAPPED READS:
  Number of reads unmapped: too many mismatches |	0
       % of reads unmapped: too many mismatches |	0.00%
            Number of reads unmapped: too short |	817702
                 % of reads unmapped: too short |	3.25%
                Number of reads unmapped: other |	235075
                     % of reads unmapped: other |	0.93%
                                  CHIMERIC READS:
                       Number of chimeric reads |	0
                            % of chimeric reads |	0.00%
