spots read      : 46,916,963
reads read      : 93,833,926
reads written   : 93,833,926
spots read      : 54,620,690
reads read      : 109,241,380
reads written   : 109,241,380
spots read      : 49,890,349
reads read      : 99,780,698
reads written   : 99,780,698
spots read      : 55,223,180
reads read      : 110,446,360
reads written   : 110,446,360
spots read      : 40,246,786
reads read      : 80,493,572
reads written   : 80,493,572
spots read      : 54,593,218
reads read      : 109,186,436
reads written   : 109,186,436
spots read      : 50,840,431
reads read      : 101,680,862
reads written   : 101,680,862
spots read      : 41,328,772
reads read      : 82,657,544
reads written   : 82,657,544
spots read      : 54,309,025
reads read      : 108,618,050
reads written   : 108,618,050
spots read      : 50,845,678
reads read      : 101,691,356
reads written   : 101,691,356
spots read      : 86,751,725
reads read      : 173,503,450
reads written   : 173,503,450
spots read      : 61,996,823
reads read      : 123,993,646
reads written   : 123,993,646
spots read      : 45,534,685
reads read      : 91,069,370
reads written   : 91,069,370
spots read      : 52,700,742
reads read      : 105,401,484
reads written   : 105,401,484
spots read      : 54,190,453
reads read      : 108,380,906
reads written   : 108,380,906
spots read      : 39,923,561
reads read      : 79,847,122
reads written   : 79,847,122
