=== TCGA R job started ===
Start time: Wed Jul  2 17:20:34 CEST 2025
Running in: /home/chu25/TCGA


processing file: TCGA_bulk_RNAseq_data.Rmd
1/45                   
2/45 [unnamed-chunk-1] 
3/45                   
4/45 [unnamed-chunk-2] 
5/45                   
6/45 [unnamed-chunk-3] 
7/45                   
8/45 [unnamed-chunk-4] 
9/45                   
10/45 [unnamed-chunk-5] 
11/45                   
12/45 [unnamed-chunk-6] 
13/45                   
14/45 [unnamed-chunk-7] 
15/45                   
16/45 [unnamed-chunk-8] 
17/45                   
18/45 [unnamed-chunk-9] 
19/45                   
20/45 [unnamed-chunk-10]
21/45                   
22/45 [unnamed-chunk-11]
23/45                   
24/45 [unnamed-chunk-12]
25/45                   
26/45 [unnamed-chunk-13]
27/45                   
28/45 [unnamed-chunk-14]
29/45                   
30/45 [unnamed-chunk-15]
31/45                   
32/45 [unnamed-chunk-16]
33/45                   
34/45 [unnamed-chunk-17]
35/45                   
36/45 [unnamed-chunk-18]
37/45                   
38/45 [unnamed-chunk-19]
39/45                   
40/45 [unnamed-chunk-20]
41/45                   
42/45 [unnamed-chunk-21]
43/45                   
44/45 [unnamed-chunk-22]
45/45                   
output file: TCGA_bulk_RNAseq_data.knit.md

/home/chu25/miniconda3/envs/tcga-r-env/bin/pandoc +RTS -K512m -RTS TCGA_bulk_RNAseq_data.knit.md --to latex --from markdown+autolink_bare_uris+tex_math_single_backslash --output TCGA_bulk_RNAseq_data.tex --lua-filter /mnt/beegfs/mnt/work/bioinfo/home/chu25/miniconda3/envs/tcga-r-env/lib/R/library/rmarkdown/rmarkdown/lua/pagebreak.lua --lua-filter /mnt/beegfs/mnt/work/bioinfo/home/chu25/miniconda3/envs/tcga-r-env/lib/R/library/rmarkdown/rmarkdown/lua/latex-div.lua --embed-resources --standalone --highlight-style tango --pdf-engine pdflatex --variable graphics --variable 'geometry:margin=1in' 

Output created: TCGA_bulk_RNAseq_data.pdf
=== Job finished at Wed Jul  2 17:22:43 CEST 2025 ===
