                                 Started job on |	Mar 28 13:05:55
                             Started mapping on |	Mar 28 13:06:06
                                    Finished on |	Mar 28 13:33:03
       Mapping speed, Million of reads per hour |	105.72

                          Number of input reads |	47486549
                      Average input read length |	286
                                    UNIQUE READS:
                   Uniquely mapped reads number |	41563418
                        Uniquely mapped reads % |	87.53%
                          Average mapped length |	285.47
                       Number of splices: Total |	60969286
            Number of splices: Annotated (sjdb) |	60190293
                       Number of splices: GT/AG |	60427465
                       Number of splices: GC/AG |	401687
                       Number of splices: AT/AC |	51490
               Number of splices: Non-canonical |	88644
                      Mismatch rate per base, % |	0.31%
                         Deletion rate per base |	0.01%
                        Deletion average length |	1.70
                        Insertion rate per base |	0.00%
                       Insertion average length |	1.98
                             MULTI-MAPPING READS:
        Number of reads mapped to multiple loci |	3647680
             % of reads mapped to multiple loci |	7.68%
        Number of reads mapped to too many loci |	168155
             % of reads mapped to too many loci |	0.35%
                                  UNMAPPED READS:
  Number of reads unmapped: too many mismatches |	0
       % of reads unmapped: too many mismatches |	0.00%
            Number of reads unmapped: too short |	1886832
                 % of reads unmapped: too short |	3.97%
                Number of reads unmapped: other |	220464
                     % of reads unmapped: other |	0.46%
                                  CHIMERIC READS:
                       Number of chimeric reads |	0
                            % of chimeric reads |	0.00%
