== Tue Mar 24 06:06:09 UTC 2026 :: START ==
Host: hcc07
Job ID: 86423
Working directory: /work/ugbogu/pipeline/data/nbl/target_nbl
Conda env: gdc39
python: /work/ugbogu/.conda/envs/gdc39/bin/python
Python 3.9.23
gdc-client: /work/ugbogu/.conda/envs/gdc39/bin/gdc-client
2.3
== Tue Mar 24 06:06:11 UTC 2026 :: Querying GDC metadata table ==
== Tue Mar 24 06:06:12 UTC 2026 :: Querying GDC manifest ==
== Tue Mar 24 06:06:13 UTC 2026 :: Building file-to-aliquot mapping ==
rows=162
non_empty_aliquot_ids=162
unique_aliquot_ids=162
== Tue Mar 24 06:06:13 UTC 2026 :: Summary ==
Mapping rows      : 162
Unique aliquots   : 162
Manifest entries  : 162
file_id	file_name	case_submitter_id	sample_submitter_id	aliquot_submitter_id
6d16ffc8-98af-47e1-9f4e-1ebedaf2064f	ce3b2baf-9564-4a61-bf54-f0d6c9f05772.rna_seq.augmented_star_gene_counts.tsv	TARGET-30-PARACS	TARGET-30-PARACS-01A	TARGET-30-PARACS-01A-01R
8c64feeb-afa6-4669-aa86-20b2687fce27	39f40887-9ad2-4919-89eb-e157b76137b5.rna_seq.augmented_star_gene_counts.tsv	TARGET-30-PAMMXF	TARGET-30-PAMMXF-01A	TARGET-30-PAMMXF-01A-01R
a5d40b27-a645-4ea6-b013-bd93710b2793	bc5468a0-fed7-4b4b-8eb3-3e7dd28d7acd.rna_seq.augmented_star_gene_counts.tsv	TARGET-30-PAMYCE	TARGET-30-PAMYCE-01A	TARGET-30-PAMYCE-01A-01R
587a09f5-9289-4b80-a9d3-23c75cec1d69	fff26c2c-cf1d-4adc-a071-083271cce89c.rna_seq.augmented_star_gene_counts.tsv	TARGET-30-PATGLU	TARGET-30-PATGLU-01A	TARGET-30-PATGLU-01A-01R
== Tue Mar 24 06:06:13 UTC 2026 :: Downloading TARGET-NBL STAR counts ==
  0% [                                              ] ETA:  --:--:--   0.0 s/B
 24% [##########                                  ] ETA:   0:00:09 327.7 KiB/s
 49% [#####################                       ] ETA:   0:00:03 552.4 KiB/s
 74% [################################            ] ETA:   0:00:01 736.2 KiB/s
 99% [########################################### ] ETA:   0:00:00 908.2 KiB/s
100% [############################################] Time:  0:00:04 915.2 KiB/s
  0% [                                              ] ETA:  --:--:--   0.0 s/B
 24% [##########                                  ] ETA:   0:00:07 430.1 KiB/s
 49% [#####################                       ] ETA:   0:00:02 721.7 KiB/s
 74% [################################            ] ETA:   0:00:01 966.3 KiB/s
 98% [########################################### ] ETA:   0:00:00   1.2 MiB/s
100% [############################################] Time:  0:00:03   1.2 MiB/s
  0% [                                              ] ETA:  --:--:--   0.0 s/B
 24% [##########                                  ] ETA:   0:00:04 652.8 KiB/s
 49% [#####################                      ] ETA:   0:00:02 1011.0 KiB/s
 73% [################################            ] ETA:   0:00:00   1.3 MiB/s
 98% [########################################### ] ETA:   0:00:00   1.5 MiB/s
100% [############################################] Time:  0:00:02   1.5 MiB/s
  0% [                                              ] ETA:  --:--:--   0.0 s/B
 24% [##########                                  ] ETA:   0:00:05 619.2 KiB/s
 49% [#####################                       ] ETA:   0:00:02 970.5 KiB/s
 74% [################################            ] ETA:   0:00:00   1.2 MiB/s
 98% [########################################### ] ETA:   0:00:00   1.4 MiB/s
100% [############################################] Time:  0:00:02   1.4 MiB/s
  0% [                                              ] ETA:  --:--:--   0.0 s/B
 24% [##########                                  ] ETA:   0:00:04 642.0 KiB/s
 49% [#####################                       ] ETA:   0:00:02 998.9 KiB/s
 74% [################################            ] ETA:   0:00:00   1.3 MiB/s
 98% [########################################### ] ETA:   0:00:00   1.5 MiB/s
100% [############################################] Time:  0:00:02   1.5 MiB/s
  0% [                                              ] ETA:  --:--:--   0.0 s/B
 24% [##########                                  ] ETA:   0:00:05 592.4 KiB/s
 49% [#####################                       ] ETA:   0:00:02 937.5 KiB/s
 73% [################################            ] ETA:   0:00:00   1.2 MiB/s
 98% [########################################### ] ETA:   0:00:00   1.4 MiB/s
100% [############################################] Time:  0:00:02   1.4 MiB/s
  0% [                                              ] ETA:  --:--:--   0.0 s/B
 24% [##########                                  ] ETA:   0:00:10 291.3 KiB/s
 49% [#####################                       ] ETA:   0:00:04 501.3 KiB/s
 73% [################################            ] ETA:   0:00:01 693.5 KiB/s
 98% [########################################### ] ETA:   0:00:00 858.3 KiB/s
100% [############################################] Time:  0:00:04 869.5 KiB/s
  0% [                                              ] ETA:  --:--:--   0.0 s/B
 24% [##########                                  ] ETA:   0:00:06 454.5 KiB/s
 49% [#####################                       ] ETA:   0:00:02 756.0 KiB/s
 74% [################################            ] ETA:   0:00:01   1.0 MiB/s
 99% [########################################### ] ETA:   0:00:00   1.2 MiB/s
100% [############################################] Time:  0:00:03   1.2 MiB/s
  0% [                                              ] ETA:  --:--:--   0.0 s/B
 24% [##########                                  ] ETA:   0:00:05 600.3 KiB/s
 49% [#####################                       ] ETA:   0:00:02 946.3 KiB/s
 73% [################################            ] ETA:   0:00:00   1.1 MiB/s
 98% [########################################### ] ETA:   0:00:00   1.4 MiB/s
100% [############################################] Time:  0:00:02   1.4 MiB/s
  0% [                                              ] ETA:  --:--:--   0.0 s/B
 24% [##########                                  ] ETA:   0:00:04 641.3 KiB/s
 49% [#####################                       ] ETA:   0:00:02 997.7 KiB/s
 73% [################################            ] ETA:   0:00:00   1.3 MiB/s
 98% [########################################### ] ETA:   0:00:00   1.5 MiB/s
100% [############################################] ETA:  00:00:00   1.5 MiB/s
100% [############################################] Time:  0:00:02   1.5 MiB/s
  0% [                                              ] ETA:  --:--:--   0.0 s/B
 24% [##########                                  ] ETA:   0:00:04 643.0 KiB/s
 49% [#####################                       ] ETA:   0:00:02   1.0 MiB/s
 73% [################################            ] ETA:   0:00:00   1.3 MiB/s
 98% [########################################### ] ETA:   0:00:00   1.6 MiB/s
100% [############################################] ETA:  00:00:00   1.6 MiB/s
100% [############################################] Time:  0:00:02   1.6 MiB/s
  0% [                                              ] ETA:  --:--:--   0.0 s/B
 24% [##########                                  ] ETA:   0:00:04 638.5 KiB/s
 49% [#####################                       ] ETA:   0:00:02 991.8 KiB/s
 74% [################################            ] ETA:   0:00:00   1.3 MiB/s
 98% [########################################### ] ETA:   0:00:00   1.5 MiB/s
100% [############################################] Time:  0:00:02   1.5 MiB/s
  0% [                                              ] ETA:  --:--:--   0.0 s/B
 24% [##########                                  ] ETA:   0:00:04 706.7 KiB/s
 49% [#####################                       ] ETA:   0:00:01   1.1 MiB/s
 73% [################################            ] ETA:   0:00:00   1.4 MiB/s
 98% [########################################### ] ETA:   0:00:00   1.7 MiB/s
100% [############################################] Time:  0:00:02   1.7 MiB/s
  0% [                                              ] ETA:  --:--:--   0.0 s/B
 24% [##########                                  ] ETA:   0:00:04 662.8 KiB/s
 49% [#####################                       ] ETA:   0:00:02   1.0 MiB/s
 73% [################################            ] ETA:   0:00:00   1.4 MiB/s
 98% [########################################### ] ETA:   0:00:00   1.6 MiB/s
100% [############################################] ETA:  00:00:00   1.6 MiB/s
100% [############################################] Time:  0:00:02   1.6 MiB/s
  0% [                                              ] ETA:  --:--:--   0.0 s/B
 24% [##########                                  ] ETA:   0:00:04 751.2 KiB/s
 49% [#####################                       ] ETA:   0:00:01   1.2 MiB/s
 73% [################################            ] ETA:   0:00:00   1.5 MiB/s
 98% [########################################### ] ETA:   0:00:00   1.8 MiB/s
100% [############################################] Time:  0:00:02   1.8 MiB/s
  0% [                                              ] ETA:  --:--:--   0.0 s/B
 24% [##########                                  ] ETA:   0:00:05 550.1 KiB/s
 49% [#####################                       ] ETA:   0:00:02 883.3 KiB/s
 74% [################################            ] ETA:   0:00:00   1.1 MiB/s
 98% [########################################### ] ETA:   0:00:00   1.3 MiB/s
100% [############################################] Time:  0:00:03   1.3 MiB/s
  0% [                                              ] ETA:  --:--:--   0.0 s/B
 24% [##########                                  ] ETA:   0:00:04 648.8 KiB/s
 49% [#####################                      ] ETA:   0:00:02 1006.5 KiB/s
 74% [################################            ] ETA:   0:00:00   1.3 MiB/s
 98% [########################################### ] ETA:   0:00:00   1.5 MiB/s
100% [############################################] Time:  0:00:02   1.5 MiB/s
  0% [                                              ] ETA:  --:--:--   0.0 s/B
 24% [##########                                  ] ETA:   0:00:04 702.7 KiB/s
 49% [#####################                       ] ETA:   0:00:01   1.1 MiB/s
 73% [################################            ] ETA:   0:00:00   1.4 MiB/s
 98% [########################################### ] ETA:   0:00:00   1.7 MiB/s
100% [############################################] Time:  0:00:02   1.7 MiB/s
  0% [                                              ] ETA:  --:--:--   0.0 s/B
 24% [##########                                  ] ETA:   0:00:04 673.8 KiB/s
 49% [#####################                       ] ETA:   0:00:01   1.1 MiB/s
 73% [################################            ] ETA:   0:00:00   1.4 MiB/s
 98% [########################################### ] ETA:   0:00:00   1.6 MiB/s
100% [############################################] Time:  0:00:02   1.6 MiB/s
  0% [                                              ] ETA:  --:--:--   0.0 s/B
 24% [##########                                  ] ETA:   0:00:04 690.8 KiB/s
 49% [#####################                       ] ETA:   0:00:01   1.0 MiB/s
 73% [################################            ] ETA:   0:00:00   1.3 MiB/s
 98% [########################################### ] ETA:   0:00:00   1.6 MiB/s
100% [############################################] Time:  0:00:02   1.6 MiB/s
  0% [                                              ] ETA:  --:--:--   0.0 s/B
 24% [##########                                  ] ETA:   0:00:04 689.0 KiB/s
 49% [#####################                       ] ETA:   0:00:02   1.0 MiB/s
 73% [################################            ] ETA:   0:00:00   1.3 MiB/s
 98% [########################################### ] ETA:   0:00:00   1.5 MiB/s
100% [############################################] Time:  0:00:02   1.5 MiB/s
  0% [                                              ] ETA:  --:--:--   0.0 s/B
 24% [##########                                  ] ETA:   0:00:04 686.9 KiB/s
 49% [#####################                       ] ETA:   0:00:01   1.0 MiB/s
 73% [################################            ] ETA:   0:00:00   1.4 MiB/s
 98% [########################################### ] ETA:   0:00:00   1.7 MiB/s
100% [############################################] Time:  0:00:02   1.7 MiB/s
  0% [                                              ] ETA:  --:--:--   0.0 s/B
 24% [##########                                  ] ETA:   0:00:04 684.5 KiB/s
 49% [#####################                       ] ETA:   0:00:01   1.1 MiB/s
 73% [################################            ] ETA:   0:00:00   1.4 MiB/s
 98% [########################################### ] ETA:   0:00:00   1.7 MiB/s
100% [############################################] Time:  0:00:02   1.7 MiB/s
  0% [                                              ] ETA:  --:--:--   0.0 s/B
 24% [##########                                  ] ETA:   0:00:04 710.4 KiB/s
 49% [#####################                       ] ETA:   0:00:01   1.1 MiB/s
 73% [################################            ] ETA:   0:00:00   1.4 MiB/s
 98% [########################################### ] ETA:   0:00:00   1.6 MiB/s
100% [############################################] Time:  0:00:02   1.7 MiB/s
  0% [                                              ] ETA:  --:--:--   0.0 s/B
 24% [##########                                  ] ETA:   0:00:04 641.4 KiB/s
 49% [#####################                      ] ETA:   0:00:02 1015.0 KiB/s
 73% [################################            ] ETA:   0:00:00   1.3 MiB/s
 98% [########################################### ] ETA:   0:00:00   1.5 MiB/s
100% [############################################] ETA:  00:00:00   1.5 MiB/s
100% [############################################] Time:  0:00:02   1.5 MiB/s
  0% [                                              ] ETA:  --:--:--   0.0 s/B
 24% [##########                                  ] ETA:   0:00:05 590.2 KiB/s
 49% [#####################                       ] ETA:   0:00:02 985.1 KiB/s
 74% [################################            ] ETA:   0:00:00   1.2 MiB/s
 99% [########################################### ] ETA:   0:00:00   1.5 MiB/s
100% [############################################] Time:  0:00:02   1.5 MiB/s
  0% [                                              ] ETA:  --:--:--   0.0 s/B
 24% [##########                                  ] ETA:   0:00:04 650.9 KiB/s
 49% [#####################                      ] ETA:   0:00:02 1005.8 KiB/s
 74% [################################            ] ETA:   0:00:00   1.3 MiB/s
 98% [########################################### ] ETA:   0:00:00   1.5 MiB/s
100% [############################################] Time:  0:00:02   1.5 MiB/s
  0% [                                              ] ETA:  --:--:--   0.0 s/B
 24% [##########                                  ] ETA:   0:00:04 629.4 KiB/s
 49% [#####################                       ] ETA:   0:00:02   1.0 MiB/s
 73% [################################            ] ETA:   0:00:00   1.3 MiB/s
 98% [########################################### ] ETA:   0:00:00   1.6 MiB/s
100% [############################################] Time:  0:00:02   1.6 MiB/s
  0% [                                              ] ETA:  --:--:--   0.0 s/B
 24% [##########                                  ] ETA:   0:00:05 626.0 KiB/s
 49% [#####################                       ] ETA:   0:00:02   1.0 MiB/s
 73% [################################            ] ETA:   0:00:00   1.3 MiB/s
 98% [########################################### ] ETA:   0:00:00   1.5 MiB/s
100% [############################################] Time:  0:00:02   1.5 MiB/s
  0% [                                              ] ETA:  --:--:--   0.0 s/B
 24% [##########                                  ] ETA:   0:00:04 678.4 KiB/s
 49% [#####################                       ] ETA:   0:00:02   1.0 MiB/s
 73% [################################            ] ETA:   0:00:00   1.4 MiB/s
 98% [########################################### ] ETA:   0:00:00   1.7 MiB/s
100% [############################################] Time:  0:00:02   1.7 MiB/s
  0% [                                              ] ETA:  --:--:--   0.0 s/B
 24% [##########                                  ] ETA:   0:00:04 694.1 KiB/s
 49% [#####################                       ] ETA:   0:00:01   1.1 MiB/s
 74% [################################            ] ETA:   0:00:00   1.5 MiB/s
 99% [########################################### ] ETA:   0:00:00   1.7 MiB/s
100% [############################################] Time:  0:00:02   1.7 MiB/s
  0% [                                              ] ETA:  --:--:--   0.0 s/B
 24% [##########                                  ] ETA:   0:00:04 651.0 KiB/s
 49% [#####################                       ] ETA:   0:00:02   1.0 MiB/s
 73% [################################            ] ETA:   0:00:00   1.3 MiB/s
 98% [########################################### ] ETA:   0:00:00   1.6 MiB/s
100% [############################################] ETA:  00:00:00   1.6 MiB/s
100% [############################################] Time:  0:00:02   1.6 MiB/s
  0% [                                              ] ETA:  --:--:--   0.0 s/B
 24% [##########                                  ] ETA:   0:00:04 658.2 KiB/s
 49% [#####################                       ] ETA:   0:00:02   1.0 MiB/s
 74% [################################            ] ETA:   0:00:00   1.3 MiB/s
 99% [########################################### ] ETA:   0:00:00   1.6 MiB/s
100% [############################################] Time:  0:00:02   1.6 MiB/s
  0% [                                              ] ETA:  --:--:--   0.0 s/B
 24% [##########                                  ] ETA:   0:00:05 620.8 KiB/s
 49% [#####################                       ] ETA:   0:00:02 972.9 KiB/s
 73% [################################            ] ETA:   0:00:00   1.2 MiB/s
 98% [########################################### ] ETA:   0:00:00   1.5 MiB/s
100% [############################################] Time:  0:00:02   1.5 MiB/s
  0% [                                              ] ETA:  --:--:--   0.0 s/B
 24% [##########                                  ] ETA:   0:00:05 615.3 KiB/s
 49% [#####################                      ] ETA:   0:00:02 1020.4 KiB/s
 73% [################################            ] ETA:   0:00:00   1.3 MiB/s
 98% [########################################### ] ETA:   0:00:00   1.6 MiB/s
100% [############################################] Time:  0:00:02   1.6 MiB/s
  0% [                                              ] ETA:  --:--:--   0.0 s/B
 24% [##########                                  ] ETA:   0:00:04 720.1 KiB/s
 49% [#####################                       ] ETA:   0:00:01   1.1 MiB/s
 73% [################################            ] ETA:   0:00:00   1.5 MiB/s
 98% [########################################### ] ETA:   0:00:00   1.7 MiB/s
100% [############################################] Time:  0:00:02   1.7 MiB/s
  0% [                                              ] ETA:  --:--:--   0.0 s/B
 24% [##########                                  ] ETA:   0:00:04 711.1 KiB/s
 49% [#####################                       ] ETA:   0:00:01   1.2 MiB/s
 73% [################################            ] ETA:   0:00:00   1.5 MiB/s
 98% [########################################### ] ETA:   0:00:00   1.8 MiB/s
100% [############################################] Time:  0:00:02   1.8 MiB/s
  0% [                                              ] ETA:  --:--:--   0.0 s/B
 24% [##########                                  ] ETA:   0:00:04 629.7 KiB/s
 49% [#####################                       ] ETA:   0:00:02 984.4 KiB/s
 74% [################################            ] ETA:   0:00:00   1.3 MiB/s
 98% [########################################### ] ETA:   0:00:00   1.5 MiB/s
100% [############################################] Time:  0:00:02   1.5 MiB/s
  0% [                                              ] ETA:  --:--:--   0.0 s/B
 24% [##########                                  ] ETA:   0:00:04 669.3 KiB/s
 49% [#####################                       ] ETA:   0:00:02   1.0 MiB/s
 73% [################################            ] ETA:   0:00:00   1.4 MiB/s
 98% [########################################### ] ETA:   0:00:00   1.6 MiB/s
100% [############################################] ETA:  00:00:00   1.6 MiB/s
100% [############################################] Time:  0:00:02   1.6 MiB/s
  0% [                                              ] ETA:  --:--:--   0.0 s/B
 24% [##########                                  ] ETA:   0:00:04 699.0 KiB/s
 48% [#####################                       ] ETA:   0:00:01   1.1 MiB/s
 73% [################################            ] ETA:   0:00:00   1.4 MiB/s
 97% [##########################################  ] ETA:   0:00:00   1.7 MiB/s
100% [############################################] Time:  0:00:02   1.7 MiB/s
  0% [                                              ] ETA:  --:--:--   0.0 s/B
 24% [##########                                  ] ETA:   0:00:04 675.5 KiB/s
 49% [#####################                       ] ETA:   0:00:01   1.1 MiB/s
 74% [################################            ] ETA:   0:00:00   1.4 MiB/s
 98% [########################################### ] ETA:   0:00:00   1.7 MiB/s
100% [############################################] Time:  0:00:02   1.7 MiB/s
  0% [                                              ] ETA:  --:--:--   0.0 s/B
 24% [##########                                  ] ETA:   0:00:04 704.3 KiB/s
 49% [#####################                       ] ETA:   0:00:01   1.1 MiB/s
 73% [################################            ] ETA:   0:00:00   1.4 MiB/s
 98% [########################################### ] ETA:   0:00:00   1.7 MiB/s
100% [############################################] Time:  0:00:02   1.7 MiB/s
  0% [                                              ] ETA:  --:--:--   0.0 s/B
 24% [##########                                  ] ETA:   0:00:05 604.3 KiB/s
 49% [#####################                       ] ETA:   0:00:02 904.3 KiB/s
 73% [################################            ] ETA:   0:00:00   1.2 MiB/s
 98% [########################################### ] ETA:   0:00:00   1.4 MiB/s
100% [############################################] Time:  0:00:02   1.4 MiB/s
  0% [                                              ] ETA:  --:--:--   0.0 s/B
 24% [##########                                  ] ETA:   0:00:08 386.0 KiB/s
 49% [#####################                       ] ETA:   0:00:03 683.6 KiB/s
 73% [################################            ] ETA:   0:00:01 920.9 KiB/s
 98% [########################################### ] ETA:   0:00:00   1.1 MiB/s
100% [############################################] Time:  0:00:03   1.1 MiB/s
  0% [                                              ] ETA:  --:--:--   0.0 s/B
 24% [##########                                  ] ETA:   0:00:04 645.3 KiB/s
 49% [#####################                      ] ETA:   0:00:02 1003.1 KiB/s
 73% [################################            ] ETA:   0:00:00   1.3 MiB/s
 98% [########################################### ] ETA:   0:00:00   1.5 MiB/s
100% [############################################] Time:  0:00:02   1.6 MiB/s
  0% [                                              ] ETA:  --:--:--   0.0 s/B
 24% [##########                                  ] ETA:   0:00:05 606.3 KiB/s
 49% [#####################                       ] ETA:   0:00:02 972.7 KiB/s
 73% [################################            ] ETA:   0:00:00   1.2 MiB/s
 98% [########################################### ] ETA:   0:00:00   1.5 MiB/s
100% [############################################] Time:  0:00:02   1.5 MiB/s
  0% [                                              ] ETA:  --:--:--   0.0 s/B
 24% [##########                                  ] ETA:   0:00:04 665.3 KiB/s
 49% [#####################                       ] ETA:   0:00:02   1.0 MiB/s
 73% [################################            ] ETA:   0:00:00   1.3 MiB/s
 98% [########################################### ] ETA:   0:00:00   1.6 MiB/s
100% [############################################] Time:  0:00:02   1.6 MiB/s
  0% [                                              ] ETA:  --:--:--   0.0 s/B
 24% [##########                                  ] ETA:   0:00:04 693.6 KiB/s
 49% [#####################                       ] ETA:   0:00:01   1.1 MiB/s
 73% [################################            ] ETA:   0:00:00   1.5 MiB/s
 98% [########################################### ] ETA:   0:00:00   1.7 MiB/s
100% [############################################] Time:  0:00:02   1.7 MiB/s
  0% [                                              ] ETA:  --:--:--   0.0 s/B
 24% [##########                                  ] ETA:   0:00:04 711.0 KiB/s
 49% [#####################                       ] ETA:   0:00:01   1.1 MiB/s
 73% [################################            ] ETA:   0:00:00   1.4 MiB/s
 98% [########################################### ] ETA:   0:00:00   1.7 MiB/s
100% [############################################] ETA:  00:00:00   1.6 MiB/s
100% [############################################] Time:  0:00:02   1.6 MiB/s
  0% [                                              ] ETA:  --:--:--   0.0 s/B
 24% [##########                                  ] ETA:   0:00:04 650.5 KiB/s
 49% [#####################                       ] ETA:   0:00:01   1.0 MiB/s
 74% [################################            ] ETA:   0:00:00   1.4 MiB/s
 99% [########################################### ] ETA:   0:00:00   1.6 MiB/s
100% [############################################] Time:  0:00:02   1.6 MiB/s
  0% [                                              ] ETA:  --:--:--   0.0 s/B
 24% [##########                                  ] ETA:   0:00:05 618.3 KiB/s
 49% [#####################                       ] ETA:   0:00:02 920.5 KiB/s
 73% [################################            ] ETA:   0:00:00   1.2 MiB/s
 98% [########################################### ] ETA:   0:00:00   1.4 MiB/s
100% [############################################] Time:  0:00:02   1.5 MiB/s
  0% [                                              ] ETA:  --:--:--   0.0 s/B
 24% [##########                                  ] ETA:   0:00:04 680.2 KiB/s
 49% [#####################                       ] ETA:   0:00:01   1.1 MiB/s
 73% [################################            ] ETA:   0:00:00   1.4 MiB/s
 98% [########################################### ] ETA:   0:00:00   1.7 MiB/s
100% [############################################] Time:  0:00:02   1.7 MiB/s
  0% [                                              ] ETA:  --:--:--   0.0 s/B
 24% [##########                                  ] ETA:   0:00:05 627.4 KiB/s
 49% [#####################                       ] ETA:   0:00:02 999.1 KiB/s
 73% [################################            ] ETA:   0:00:00   1.3 MiB/s
 98% [########################################### ] ETA:   0:00:00   1.5 MiB/s
100% [############################################] Time:  0:00:02   1.6 MiB/s
  0% [                                              ] ETA:  --:--:--   0.0 s/B
 24% [##########                                  ] ETA:   0:00:04 641.3 KiB/s
 49% [#####################                       ] ETA:   0:00:02 998.2 KiB/s
 73% [################################            ] ETA:   0:00:00   1.3 MiB/s
 98% [########################################### ] ETA:   0:00:00   1.5 MiB/s
100% [############################################] Time:  0:00:02   1.5 MiB/s
  0% [                                              ] ETA:  --:--:--   0.0 s/B
 24% [##########                                  ] ETA:   0:00:04 641.3 KiB/s
 49% [#####################                       ] ETA:   0:00:01   1.0 MiB/s
 73% [################################            ] ETA:   0:00:00   1.4 MiB/s
 98% [########################################### ] ETA:   0:00:00   1.6 MiB/s
100% [############################################] Time:  0:00:02   1.6 MiB/s
  0% [                                              ] ETA:  --:--:--   0.0 s/B
 24% [##########                                  ] ETA:   0:00:05 568.7 KiB/s
 49% [#####################                       ] ETA:   0:00:02 892.8 KiB/s
 73% [################################            ] ETA:   0:00:00   1.1 MiB/s
 98% [########################################### ] ETA:   0:00:00   1.3 MiB/s
100% [############################################] Time:  0:00:02   1.4 MiB/s
  0% [                                              ] ETA:  --:--:--   0.0 s/B
 24% [##########                                  ] ETA:   0:00:04 671.6 KiB/s
 49% [#####################                       ] ETA:   0:00:01   1.0 MiB/s
 74% [################################            ] ETA:   0:00:00   1.4 MiB/s
 98% [########################################### ] ETA:   0:00:00   1.6 MiB/s
100% [############################################] Time:  0:00:02   1.6 MiB/s
  0% [                                              ] ETA:  --:--:--   0.0 s/B
 24% [##########                                  ] ETA:   0:00:04 678.5 KiB/s
 49% [#####################                       ] ETA:   0:00:01   1.1 MiB/s
 73% [################################            ] ETA:   0:00:00   1.4 MiB/s
 98% [########################################### ] ETA:   0:00:00   1.6 MiB/s
100% [############################################] Time:  0:00:02   1.6 MiB/s
  0% [                                              ] ETA:  --:--:--   0.0 s/B
 24% [##########                                  ] ETA:   0:00:05 621.1 KiB/s
 49% [#####################                       ] ETA:   0:00:02 970.4 KiB/s
 73% [################################            ] ETA:   0:00:00   1.2 MiB/s
 98% [########################################### ] ETA:   0:00:00   1.4 MiB/s
100% [############################################] Time:  0:00:02   1.4 MiB/s
  0% [                                              ] ETA:  --:--:--   0.0 s/B
 24% [##########                                  ] ETA:   0:00:04 642.8 KiB/s
 49% [#####################                       ] ETA:   0:00:02 999.3 KiB/s
 73% [################################            ] ETA:   0:00:00   1.3 MiB/s
 98% [########################################### ] ETA:   0:00:00   1.5 MiB/s
100% [############################################] Time:  0:00:02   1.5 MiB/s
  0% [                                              ] ETA:  --:--:--   0.0 s/B
 24% [##########                                  ] ETA:   0:00:04 671.7 KiB/s
 49% [#####################                       ] ETA:   0:00:01   1.1 MiB/s
 73% [################################            ] ETA:   0:00:00   1.4 MiB/s
 98% [########################################### ] ETA:   0:00:00   1.6 MiB/s
100% [############################################] Time:  0:00:02   1.7 MiB/s
  0% [                                              ] ETA:  --:--:--   0.0 s/B
 24% [##########                                  ] ETA:   0:00:05 601.9 KiB/s
 49% [#####################                       ] ETA:   0:00:02 948.2 KiB/s
 73% [################################            ] ETA:   0:00:00   1.1 MiB/s
 98% [########################################### ] ETA:   0:00:00   1.4 MiB/s
100% [############################################] Time:  0:00:02   1.4 MiB/s
  0% [                                              ] ETA:  --:--:--   0.0 s/B
 24% [##########                                  ] ETA:   0:00:04 641.2 KiB/s
 49% [#####################                       ] ETA:   0:00:02   1.0 MiB/s
 73% [################################            ] ETA:   0:00:00   1.4 MiB/s
 98% [########################################### ] ETA:   0:00:00   1.6 MiB/s
100% [############################################] Time:  0:00:02   1.6 MiB/s
  0% [                                              ] ETA:  --:--:--   0.0 s/B
 24% [##########                                  ] ETA:   0:00:04 627.5 KiB/s
 49% [#####################                       ] ETA:   0:00:02 981.0 KiB/s
 74% [################################            ] ETA:   0:00:00   1.2 MiB/s
 99% [########################################### ] ETA:   0:00:00   1.4 MiB/s
100% [############################################] Time:  0:00:02   1.5 MiB/s
  0% [                                              ] ETA:  --:--:--   0.0 s/B
 24% [##########                                  ] ETA:   0:00:04 677.8 KiB/s
 49% [#####################                       ] ETA:   0:00:01   1.0 MiB/s
 74% [################################            ] ETA:   0:00:00   1.4 MiB/s
 98% [########################################### ] ETA:   0:00:00   1.6 MiB/s
100% [############################################] Time:  0:00:02   1.6 MiB/s
  0% [                                              ] ETA:  --:--:--   0.0 s/B
 24% [##########                                  ] ETA:   0:00:05 573.2 KiB/s
 49% [#####################                       ] ETA:   0:00:02 868.7 KiB/s
 73% [################################            ] ETA:   0:00:01   1.1 MiB/s
 98% [########################################### ] ETA:   0:00:00   1.3 MiB/s
100% [############################################] Time:  0:00:03   1.3 MiB/s
  0% [                                              ] ETA:  --:--:--   0.0 s/B
 24% [##########                                  ] ETA:   0:00:04 688.8 KiB/s
 49% [#####################                       ] ETA:   0:00:02   1.0 MiB/s
 73% [################################            ] ETA:   0:00:00   1.4 MiB/s
 98% [########################################### ] ETA:   0:00:00   1.6 MiB/s
100% [############################################] Time:  0:00:02   1.6 MiB/s
  0% [                                              ] ETA:  --:--:--   0.0 s/B
 24% [##########                                  ] ETA:   0:00:04 634.3 KiB/s
 49% [#####################                       ] ETA:   0:00:01   1.0 MiB/s
 74% [################################            ] ETA:   0:00:00   1.3 MiB/s
 99% [########################################### ] ETA:   0:00:00   1.6 MiB/s
100% [############################################] Time:  0:00:02   1.6 MiB/s
  0% [                                              ] ETA:  --:--:--   0.0 s/B
 24% [##########                                  ] ETA:   0:00:04 716.7 KiB/s
 49% [#####################                       ] ETA:   0:00:01   1.1 MiB/s
 73% [################################            ] ETA:   0:00:00   1.4 MiB/s
 98% [########################################### ] ETA:   0:00:00   1.7 MiB/s
100% [############################################] Time:  0:00:02   1.7 MiB/s
  0% [                                              ] ETA:  --:--:--   0.0 s/B
 24% [##########                                  ] ETA:   0:00:04 740.7 KiB/s
 49% [#####################                       ] ETA:   0:00:01   1.1 MiB/s
 73% [################################            ] ETA:   0:00:00   1.5 MiB/s
 98% [########################################### ] ETA:   0:00:00   1.7 MiB/s
100% [############################################] Time:  0:00:02   1.7 MiB/s
  0% [                                              ] ETA:  --:--:--   0.0 s/B
 24% [##########                                  ] ETA:   0:00:04 666.4 KiB/s
 49% [#####################                       ] ETA:   0:00:01   1.1 MiB/s
 73% [################################            ] ETA:   0:00:00   1.4 MiB/s
 98% [########################################### ] ETA:   0:00:00   1.6 MiB/s
100% [############################################] Time:  0:00:02   1.6 MiB/s
  0% [                                              ] ETA:  --:--:--   0.0 s/B
 24% [##########                                  ] ETA:   0:00:04 735.0 KiB/s
 49% [#####################                       ] ETA:   0:00:01   1.2 MiB/s
 73% [################################            ] ETA:   0:00:00   1.5 MiB/s
 98% [########################################### ] ETA:   0:00:00   1.7 MiB/s
100% [############################################] Time:  0:00:02   1.8 MiB/s
  0% [                                              ] ETA:  --:--:--   0.0 s/B
 24% [##########                                  ] ETA:   0:00:04 706.4 KiB/s
 49% [#####################                       ] ETA:   0:00:01   1.1 MiB/s
 73% [################################            ] ETA:   0:00:00   1.4 MiB/s
 98% [########################################### ] ETA:   0:00:00   1.6 MiB/s
100% [############################################] Time:  0:00:02   1.6 MiB/s
  0% [                                              ] ETA:  --:--:--   0.0 s/B
 24% [##########                                  ] ETA:   0:00:05 612.9 KiB/s
 49% [#####################                      ] ETA:   0:00:02 1017.5 KiB/s
 73% [################################            ] ETA:   0:00:00   1.3 MiB/s
 98% [########################################### ] ETA:   0:00:00   1.5 MiB/s
100% [############################################] Time:  0:00:02   1.6 MiB/s
  0% [                                              ] ETA:  --:--:--   0.0 s/B
 24% [##########                                  ] ETA:   0:00:04 709.0 KiB/s
 48% [#####################                       ] ETA:   0:00:01   1.1 MiB/s
 73% [################################            ] ETA:   0:00:00   1.4 MiB/s
 97% [########################################### ] ETA:   0:00:00   1.7 MiB/s
100% [############################################] Time:  0:00:02   1.7 MiB/s
  0% [                                              ] ETA:  --:--:--   0.0 s/B
 24% [##########                                  ] ETA:   0:00:04 719.7 KiB/s
 49% [#####################                       ] ETA:   0:00:01   1.1 MiB/s
 73% [################################            ] ETA:   0:00:00   1.4 MiB/s
 98% [########################################### ] ETA:   0:00:00   1.7 MiB/s
100% [############################################] ETA:  00:00:00   1.7 MiB/s
100% [############################################] Time:  0:00:02   1.7 MiB/s
  0% [                                              ] ETA:  --:--:--   0.0 s/B
 24% [##########                                  ] ETA:   0:00:05 596.0 KiB/s
 49% [#####################                       ] ETA:   0:00:02 991.8 KiB/s
 73% [################################            ] ETA:   0:00:00   1.2 MiB/s
 98% [########################################### ] ETA:   0:00:00   1.5 MiB/s
100% [############################################] ETA:  00:00:00   1.5 MiB/s
100% [############################################] Time:  0:00:02   1.5 MiB/s
  0% [                                              ] ETA:  --:--:--   0.0 s/B
 24% [##########                                  ] ETA:   0:00:04 689.0 KiB/s
 49% [#####################                       ] ETA:   0:00:01   1.0 MiB/s
 74% [################################            ] ETA:   0:00:00   1.3 MiB/s
 98% [########################################### ] ETA:   0:00:00   1.6 MiB/s
100% [############################################] Time:  0:00:02   1.6 MiB/s
  0% [                                              ] ETA:  --:--:--   0.0 s/B
 24% [##########                                  ] ETA:   0:00:04 649.9 KiB/s
 49% [#####################                       ] ETA:   0:00:01   1.0 MiB/s
 73% [################################            ] ETA:   0:00:00   1.4 MiB/s
 98% [########################################### ] ETA:   0:00:00   1.6 MiB/s
100% [############################################] Time:  0:00:02   1.6 MiB/s
  0% [                                              ] ETA:  --:--:--   0.0 s/B
 24% [##########                                  ] ETA:   0:00:04 715.8 KiB/s
 49% [#####################                       ] ETA:   0:00:01   1.1 MiB/s
 74% [################################            ] ETA:   0:00:00   1.4 MiB/s
 98% [########################################### ] ETA:   0:00:00   1.7 MiB/s
100% [############################################] Time:  0:00:02   1.7 MiB/s
  0% [                                              ] ETA:  --:--:--   0.0 s/B
 24% [##########                                  ] ETA:   0:00:04 670.9 KiB/s
 49% [#####################                       ] ETA:   0:00:02   1.0 MiB/s
 73% [################################            ] ETA:   0:00:00   1.3 MiB/s
 98% [########################################### ] ETA:   0:00:00   1.6 MiB/s
100% [############################################] Time:  0:00:02   1.6 MiB/s
  0% [                                              ] ETA:  --:--:--   0.0 s/B
 24% [##########                                  ] ETA:   0:00:04 749.4 KiB/s
 49% [#####################                       ] ETA:   0:00:01   1.1 MiB/s
 74% [################################            ] ETA:   0:00:00   1.5 MiB/s
 98% [########################################### ] ETA:   0:00:00   1.7 MiB/s
100% [############################################] ETA:  00:00:00   1.7 MiB/s
100% [############################################] Time:  0:00:02   1.7 MiB/s
  0% [                                              ] ETA:  --:--:--   0.0 s/B
 24% [##########                                  ] ETA:   0:00:04 683.7 KiB/s
 49% [#####################                       ] ETA:   0:00:01   1.1 MiB/s
 73% [################################            ] ETA:   0:00:00   1.4 MiB/s
 98% [########################################### ] ETA:   0:00:00   1.7 MiB/s
100% [############################################] Time:  0:00:02   1.7 MiB/s
  0% [                                              ] ETA:  --:--:--   0.0 s/B
 24% [##########                                  ] ETA:   0:00:04 690.2 KiB/s
 49% [#####################                       ] ETA:   0:00:01   1.1 MiB/s
 73% [################################            ] ETA:   0:00:00   1.5 MiB/s
 98% [########################################### ] ETA:   0:00:00   1.7 MiB/s
100% [############################################] Time:  0:00:02   1.8 MiB/s
  0% [                                              ] ETA:  --:--:--   0.0 s/B
 24% [##########                                  ] ETA:   0:00:04 643.2 KiB/s
 49% [#####################                       ] ETA:   0:00:01   1.1 MiB/s
 74% [################################            ] ETA:   0:00:00   1.4 MiB/s
 99% [########################################### ] ETA:   0:00:00   1.7 MiB/s
100% [############################################] Time:  0:00:02   1.7 MiB/s
  0% [                                              ] ETA:  --:--:--   0.0 s/B
 24% [##########                                  ] ETA:   0:00:04 666.6 KiB/s
 49% [#####################                       ] ETA:   0:00:01   1.1 MiB/s
 73% [################################            ] ETA:   0:00:00   1.3 MiB/s
 98% [########################################### ] ETA:   0:00:00   1.5 MiB/s
100% [############################################] Time:  0:00:02   1.5 MiB/s
  0% [                                              ] ETA:  --:--:--   0.0 s/B
 24% [##########                                  ] ETA:   0:00:05 615.7 KiB/s
 49% [#####################                       ] ETA:   0:00:02 917.3 KiB/s
 73% [################################            ] ETA:   0:00:00   1.2 MiB/s
 98% [########################################### ] ETA:   0:00:00   1.4 MiB/s
100% [############################################] Time:  0:00:02   1.4 MiB/s
  0% [                                              ] ETA:  --:--:--   0.0 s/B
 24% [##########                                  ] ETA:   0:00:04 667.2 KiB/s
 49% [#####################                       ] ETA:   0:00:02   1.0 MiB/s
 74% [################################            ] ETA:   0:00:00   1.3 MiB/s
 98% [########################################### ] ETA:   0:00:00   1.6 MiB/s
100% [############################################] Time:  0:00:02   1.6 MiB/s
  0% [                                              ] ETA:  --:--:--   0.0 s/B
 24% [##########                                  ] ETA:   0:00:04 650.2 KiB/s
 49% [#####################                       ] ETA:   0:00:01   1.1 MiB/s
 73% [################################            ] ETA:   0:00:00   1.4 MiB/s
 98% [########################################### ] ETA:   0:00:00   1.7 MiB/s
100% [############################################] Time:  0:00:02   1.7 MiB/s
  0% [                                              ] ETA:  --:--:--   0.0 s/B
 24% [##########                                  ] ETA:   0:00:05 610.1 KiB/s
 49% [#####################                       ] ETA:   0:00:02 959.9 KiB/s
 73% [################################            ] ETA:   0:00:00   1.2 MiB/s
 98% [########################################### ] ETA:   0:00:00   1.5 MiB/s
100% [############################################] Time:  0:00:02   1.5 MiB/s
  0% [                                              ] ETA:  --:--:--   0.0 s/B
 24% [##########                                  ] ETA:   0:00:04 667.8 KiB/s
 49% [#####################                       ] ETA:   0:00:01   1.1 MiB/s
 73% [################################            ] ETA:   0:00:00   1.4 MiB/s
 98% [########################################### ] ETA:   0:00:00   1.7 MiB/s
100% [############################################] Time:  0:00:02   1.7 MiB/s
  0% [                                              ] ETA:  --:--:--   0.0 s/B
 24% [##########                                  ] ETA:   0:00:05 608.8 KiB/s
 49% [#####################                       ] ETA:   0:00:02 992.8 KiB/s
 73% [################################            ] ETA:   0:00:00   1.3 MiB/s
 98% [########################################### ] ETA:   0:00:00   1.5 MiB/s
100% [############################################] Time:  0:00:02   1.6 MiB/s
  0% [                                              ] ETA:  --:--:--   0.0 s/B
 24% [##########                                  ] ETA:   0:00:04 697.8 KiB/s
 49% [#####################                       ] ETA:   0:00:01   1.1 MiB/s
 73% [################################            ] ETA:   0:00:00   1.5 MiB/s
 98% [########################################### ] ETA:   0:00:00   1.7 MiB/s
100% [############################################] Time:  0:00:02   1.7 MiB/s
  0% [                                              ] ETA:  --:--:--   0.0 s/B
 24% [##########                                  ] ETA:   0:00:04 680.3 KiB/s
 49% [#####################                       ] ETA:   0:00:01   1.2 MiB/s
 73% [################################            ] ETA:   0:00:00   1.4 MiB/s
 98% [########################################### ] ETA:   0:00:00   1.7 MiB/s
100% [############################################] Time:  0:00:02   1.8 MiB/s
  0% [                                              ] ETA:  --:--:--   0.0 s/B
 24% [##########                                  ] ETA:   0:00:04 750.2 KiB/s
 49% [#####################                       ] ETA:   0:00:01   1.2 MiB/s
 73% [################################            ] ETA:   0:00:00   1.5 MiB/s
 98% [########################################### ] ETA:   0:00:00   1.8 MiB/s
100% [############################################] Time:  0:00:02   1.8 MiB/s
  0% [                                              ] ETA:  --:--:--   0.0 s/B
 24% [##########                                  ] ETA:   0:00:04 720.0 KiB/s
 49% [#####################                       ] ETA:   0:00:01   1.1 MiB/s
 73% [################################            ] ETA:   0:00:00   1.5 MiB/s
 98% [########################################### ] ETA:   0:00:00   1.7 MiB/s
100% [############################################] Time:  0:00:02   1.7 MiB/s
  0% [                                              ] ETA:  --:--:--   0.0 s/B
 24% [##########                                  ] ETA:   0:00:04 649.1 KiB/s
 49% [#####################                       ] ETA:   0:00:01   1.1 MiB/s
 74% [################################            ] ETA:   0:00:00   1.4 MiB/s
 99% [########################################### ] ETA:   0:00:00   1.7 MiB/s
100% [############################################] ETA:  00:00:00   1.6 MiB/s
100% [############################################] Time:  0:00:02   1.6 MiB/s
  0% [                                              ] ETA:  --:--:--   0.0 s/B
 24% [##########                                  ] ETA:   0:00:04 705.5 KiB/s
 49% [#####################                       ] ETA:   0:00:01   1.1 MiB/s
 74% [################################            ] ETA:   0:00:00   1.5 MiB/s
 99% [########################################### ] ETA:   0:00:00   1.8 MiB/s
100% [############################################] Time:  0:00:02   1.8 MiB/s
  0% [                                              ] ETA:  --:--:--   0.0 s/B
 24% [##########                                  ] ETA:   0:00:04 678.1 KiB/s
 49% [#####################                       ] ETA:   0:00:01   1.1 MiB/s
 74% [################################            ] ETA:   0:00:00   1.4 MiB/s
 98% [########################################### ] ETA:   0:00:00   1.7 MiB/s
100% [############################################] Time:  0:00:02   1.7 MiB/s
  0% [                                              ] ETA:  --:--:--   0.0 s/B
 24% [##########                                  ] ETA:   0:00:04 708.9 KiB/s
 49% [#####################                       ] ETA:   0:00:01   1.1 MiB/s
 73% [################################            ] ETA:   0:00:00   1.5 MiB/s
 98% [########################################### ] ETA:   0:00:00   1.7 MiB/s
100% [############################################] Time:  0:00:02   1.7 MiB/s
  0% [                                              ] ETA:  --:--:--   0.0 s/B
 24% [##########                                  ] ETA:   0:00:04 644.7 KiB/s
 49% [#####################                       ] ETA:   0:00:01   1.1 MiB/s
 74% [################################            ] ETA:   0:00:00   1.4 MiB/s
 98% [########################################### ] ETA:   0:00:00   1.5 MiB/s
100% [############################################] Time:  0:00:02   1.5 MiB/s
  0% [                                              ] ETA:  --:--:--   0.0 s/B
 24% [##########                                  ] ETA:   0:00:04 671.8 KiB/s
 49% [#####################                       ] ETA:   0:00:01   1.1 MiB/s
 74% [################################            ] ETA:   0:00:00   1.4 MiB/s
 98% [########################################### ] ETA:   0:00:00   1.7 MiB/s
100% [############################################] Time:  0:00:02   1.7 MiB/s
  0% [                                              ] ETA:  --:--:--   0.0 s/B
 24% [##########                                  ] ETA:   0:00:04 680.8 KiB/s
 49% [#####################                       ] ETA:   0:00:01   1.1 MiB/s
 74% [################################            ] ETA:   0:00:00   1.4 MiB/s
 99% [########################################### ] ETA:   0:00:00   1.6 MiB/s
100% [############################################] Time:  0:00:02   1.6 MiB/s
  0% [                                              ] ETA:  --:--:--   0.0 s/B
 24% [##########                                  ] ETA:   0:00:05 620.9 KiB/s
 49% [#####################                       ] ETA:   0:00:02 972.6 KiB/s
 74% [################################            ] ETA:   0:00:00   1.2 MiB/s
 99% [########################################### ] ETA:   0:00:00   1.5 MiB/s
100% [############################################] Time:  0:00:02   1.5 MiB/s
  0% [                                              ] ETA:  --:--:--   0.0 s/B
 24% [##########                                  ] ETA:   0:00:04 653.1 KiB/s
 49% [#####################                       ] ETA:   0:00:01   1.0 MiB/s
 73% [################################            ] ETA:   0:00:00   1.3 MiB/s
 98% [########################################### ] ETA:   0:00:00   1.6 MiB/s
100% [############################################] Time:  0:00:02   1.6 MiB/s
  0% [                                              ] ETA:  --:--:--   0.0 s/B
 24% [##########                                  ] ETA:   0:00:04 690.8 KiB/s
 49% [#####################                       ] ETA:   0:00:01   1.0 MiB/s
 74% [################################            ] ETA:   0:00:00   1.3 MiB/s
 98% [########################################### ] ETA:   0:00:00   1.6 MiB/s
100% [############################################] Time:  0:00:02   1.6 MiB/s
  0% [                                              ] ETA:  --:--:--   0.0 s/B
 24% [##########                                  ] ETA:   0:00:05 624.6 KiB/s
 49% [#####################                       ] ETA:   0:00:02 960.9 KiB/s
 73% [################################            ] ETA:   0:00:00   1.2 MiB/s
 98% [########################################### ] ETA:   0:00:00   1.5 MiB/s
100% [############################################] Time:  0:00:02   1.5 MiB/s
  0% [                                              ] ETA:  --:--:--   0.0 s/B
 24% [##########                                  ] ETA:   0:00:05 596.6 KiB/s
 49% [#####################                       ] ETA:   0:00:03 669.1 KiB/s
 73% [################################            ] ETA:   0:00:01 933.8 KiB/s
 98% [########################################### ] ETA:   0:00:00   1.1 MiB/s
100% [############################################] ETA:  00:00:00 877.0 KiB/s
100% [############################################] Time:  0:00:04 876.0 KiB/s
  0% [                                              ] ETA:  --:--:--   0.0 s/B
 24% [##########                                  ] ETA:   0:00:04 723.2 KiB/s
 48% [#####################                       ] ETA:   0:00:01   1.1 MiB/s
 73% [################################            ] ETA:   0:00:00   1.4 MiB/s
 97% [##########################################  ] ETA:   0:00:00   1.6 MiB/s
100% [############################################] Time:  0:00:02   1.7 MiB/s
  0% [                                              ] ETA:  --:--:--   0.0 s/B
 24% [##########                                  ] ETA:   0:00:07 437.5 KiB/s
 49% [#####################                       ] ETA:   0:00:02 764.0 KiB/s
 74% [################################            ] ETA:   0:00:01   1.0 MiB/s
 98% [########################################### ] ETA:   0:00:00   1.3 MiB/s
100% [############################################] Time:  0:00:03   1.3 MiB/s
  0% [                                              ] ETA:  --:--:--   0.0 s/B
 24% [##########                                  ] ETA:   0:00:04 727.4 KiB/s
 49% [#####################                       ] ETA:   0:00:01   1.1 MiB/s
 73% [################################            ] ETA:   0:00:00   1.5 MiB/s
 98% [########################################### ] ETA:   0:00:00   1.7 MiB/s
100% [############################################] Time:  0:00:02   1.7 MiB/s
  0% [                                              ] ETA:  --:--:--   0.0 s/B
 24% [##########                                  ] ETA:   0:00:04 735.7 KiB/s
 49% [#####################                       ] ETA:   0:00:01   1.2 MiB/s
 73% [################################            ] ETA:   0:00:00   1.5 MiB/s
 98% [########################################### ] ETA:   0:00:00   1.1 MiB/s
100% [############################################] Time:  0:00:03   1.1 MiB/s
  0% [                                              ] ETA:  --:--:--   0.0 s/B
 24% [##########                                  ] ETA:   0:00:04 650.3 KiB/s
 49% [#####################                      ] ETA:   0:00:02 1006.1 KiB/s
 73% [################################            ] ETA:   0:00:00   1.3 MiB/s
 98% [########################################### ] ETA:   0:00:00   1.5 MiB/s
100% [############################################] ETA:  00:00:00   1.5 MiB/s
100% [############################################] Time:  0:00:02   1.5 MiB/s
  0% [                                              ] ETA:  --:--:--   0.0 s/B
 24% [##########                                  ] ETA:   0:00:07 390.7 KiB/s
 49% [#####################                       ] ETA:   0:00:04 515.9 KiB/s
 74% [################################            ] ETA:   0:00:01 694.8 KiB/s
 98% [########################################### ] ETA:   0:00:00 880.3 KiB/s
100% [############################################] Time:  0:00:04 889.2 KiB/s
  0% [                                              ] ETA:  --:--:--   0.0 s/B
 24% [##########                                  ] ETA:   0:00:04 666.6 KiB/s
 49% [#####################                       ] ETA:   0:00:01   1.1 MiB/s
 73% [################################            ] ETA:   0:00:00   1.4 MiB/s
 98% [########################################### ] ETA:   0:00:00   1.2 MiB/s
100% [############################################] Time:  0:00:03   1.2 MiB/s
  0% [                                              ] ETA:  --:--:--   0.0 s/B
 24% [##########                                  ] ETA:   0:00:04 692.3 KiB/s
 49% [#####################                       ] ETA:   0:00:03 697.8 KiB/s
 73% [################################            ] ETA:   0:00:01 936.8 KiB/s
 98% [########################################### ] ETA:   0:00:00   1.1 MiB/s
100% [############################################] Time:  0:00:03   1.1 MiB/s
  0% [                                              ] ETA:  --:--:--   0.0 s/B
 24% [##########                                  ] ETA:   0:00:04 778.4 KiB/s
 49% [#####################                       ] ETA:   0:00:01   1.2 MiB/s
 73% [################################            ] ETA:   0:00:01 985.9 KiB/s
 98% [########################################### ] ETA:   0:00:00   1.2 MiB/s
100% [############################################] Time:  0:00:03   1.2 MiB/s
  0% [                                              ] ETA:  --:--:--   0.0 s/B
 24% [##########                                  ] ETA:   0:00:08 369.7 KiB/s
 49% [#####################                       ] ETA:   0:00:03 658.1 KiB/s
 74% [################################            ] ETA:   0:00:01 672.1 KiB/s
 99% [########################################### ] ETA:   0:00:00 496.0 KiB/s
100% [############################################] Time:  0:00:08 500.6 KiB/s
  0% [                                              ] ETA:  --:--:--   0.0 s/B
 24% [##########                                  ] ETA:   0:00:14 209.3 KiB/s
 49% [#####################                       ] ETA:   0:00:05 400.1 KiB/s
 73% [################################            ] ETA:   0:00:01 550.6 KiB/s
 98% [########################################### ] ETA:   0:00:00 591.2 KiB/s
100% [############################################] ETA:  00:00:00 510.1 KiB/s
100% [############################################] Time:  0:00:08 509.7 KiB/s
  0% [                                              ] ETA:  --:--:--   0.0 s/B
 24% [##########                                  ] ETA:   0:00:14 208.3 KiB/s
 49% [#####################                       ] ETA:   0:00:05 379.9 KiB/s
 74% [################################            ] ETA:   0:00:02 440.6 KiB/s
 98% [########################################### ] ETA:   0:00:00 568.4 KiB/s
100% [############################################] Time:  0:00:07 574.7 KiB/s
  0% [                                              ] ETA:  --:--:--   0.0 s/B
 24% [##########                                  ] ETA:   0:00:04 759.5 KiB/s
 49% [#####################                       ] ETA:   0:00:01   1.3 MiB/s
 74% [################################            ] ETA:   0:00:00   1.4 MiB/s
 99% [########################################### ] ETA:   0:00:00   1.0 MiB/s
100% [############################################] ETA:  00:00:00 832.0 KiB/s
100% [############################################] Time:  0:00:04 831.2 KiB/s
  0% [                                              ] ETA:  --:--:--   0.0 s/B
 24% [##########                                  ] ETA:   0:00:07 409.6 KiB/s
 49% [#####################                       ] ETA:   0:00:06 330.7 KiB/s
 73% [################################            ] ETA:   0:00:03 273.5 KiB/s
 98% [########################################### ] ETA:   0:00:00 195.7 KiB/s
100% [############################################] Time:  0:00:20 198.7 KiB/s
  0% [                                              ] ETA:  --:--:--   0.0 s/B
 24% [##########                                  ] ETA:   0:00:17 176.9 KiB/s
 49% [#####################                       ] ETA:   0:00:11 189.3 KiB/s
 73% [################################            ] ETA:   0:00:06 174.3 KiB/s
 98% [########################################### ] ETA:   0:00:00 213.4 KiB/s
100% [############################################] ETA:  00:00:00 194.7 KiB/s
100% [############################################] Time:  0:00:21 194.7 KiB/s
  0% [                                              ] ETA:  --:--:--   0.0 s/B
 24% [##########                                  ] ETA:   0:00:23 131.7 KiB/s
 49% [#####################                       ] ETA:   0:00:11 176.9 KiB/s
 73% [################################            ] ETA:   0:00:05 201.1 KiB/s
 98% [########################################### ] ETA:   0:00:00 185.4 KiB/s
100% [############################################] Time:  0:00:22 187.9 KiB/s
  0% [                                              ] ETA:  --:--:--   0.0 s/B
 24% [##########                                  ] ETA:   0:00:52  60.2 KiB/s
 49% [#####################                       ] ETA:   0:00:21  99.7 KiB/s
 73% [################################            ] ETA:   0:00:07 138.8 KiB/s
 98% [########################################### ] ETA:   0:00:00 176.0 KiB/s
100% [############################################] ETA:  00:00:00 178.5 KiB/s
100% [############################################] Time:  0:00:23 178.4 KiB/s
  0% [                                              ] ETA:  --:--:--   0.0 s/B
 24% [##########                                  ] ETA:   0:00:03 820.7 KiB/s
 49% [#####################                       ] ETA:   0:00:01   1.3 MiB/s
 73% [################################            ] ETA:   0:00:00   1.6 MiB/s
 98% [########################################### ] ETA:   0:00:00   1.8 MiB/s
100% [############################################] Time:  0:00:02   1.9 MiB/s
  0% [                                              ] ETA:  --:--:--   0.0 s/B
 24% [##########                                  ] ETA:   0:00:04 719.8 KiB/s
 49% [#####################                       ] ETA:   0:00:01   1.2 MiB/s
 74% [################################            ] ETA:   0:00:00   1.6 MiB/s
 99% [########################################### ] ETA:   0:00:00   1.8 MiB/s
100% [############################################] Time:  0:00:02   1.8 MiB/s
  0% [                                              ] ETA:  --:--:--   0.0 s/B
 24% [##########                                  ] ETA:   0:00:04 745.0 KiB/s
 49% [#####################                       ] ETA:   0:00:01   1.2 MiB/s
 73% [################################            ] ETA:   0:00:00   1.5 MiB/s
 98% [########################################### ] ETA:   0:00:00   1.8 MiB/s
100% [############################################] Time:  0:00:02   1.8 MiB/s
  0% [                                              ] ETA:  --:--:--   0.0 s/B
 24% [##########                                  ] ETA:   0:00:04 669.4 KiB/s
 49% [#####################                       ] ETA:   0:00:01   1.1 MiB/s
 73% [################################            ] ETA:   0:00:00   1.4 MiB/s
 98% [########################################### ] ETA:   0:00:00   1.7 MiB/s
100% [############################################] ETA:  00:00:00   1.7 MiB/s
100% [############################################] Time:  0:00:02   1.7 MiB/s
  0% [                                              ] ETA:  --:--:--   0.0 s/B
 24% [##########                                  ] ETA:   0:00:03 816.3 KiB/s
 49% [#####################                       ] ETA:   0:00:01   1.3 MiB/s
 74% [################################            ] ETA:   0:00:00   1.5 MiB/s
 99% [########################################### ] ETA:   0:00:00   1.8 MiB/s
100% [############################################] Time:  0:00:02   1.9 MiB/s
  0% [                                              ] ETA:  --:--:--   0.0 s/B
 24% [##########                                  ] ETA:   0:00:03 801.0 KiB/s
 49% [#####################                       ] ETA:   0:00:01   1.2 MiB/s
 73% [################################            ] ETA:   0:00:00   1.5 MiB/s
 98% [########################################### ] ETA:   0:00:00   1.8 MiB/s
100% [############################################] Time:  0:00:02   1.8 MiB/s
  0% [                                              ] ETA:  --:--:--   0.0 s/B
 24% [##########                                  ] ETA:   0:00:04 661.0 KiB/s
 49% [#####################                       ] ETA:   0:00:01   1.1 MiB/s
 73% [################################            ] ETA:   0:00:00   1.4 MiB/s
 98% [########################################### ] ETA:   0:00:00   1.6 MiB/s
100% [############################################] Time:  0:00:02   1.6 MiB/s
  0% [                                              ] ETA:  --:--:--   0.0 s/B
 24% [##########                                  ] ETA:   0:00:04 646.7 KiB/s
 49% [#####################                       ] ETA:   0:00:03 699.5 KiB/s
 74% [################################            ] ETA:   0:00:01 558.4 KiB/s
 98% [########################################### ] ETA:   0:00:00 388.7 KiB/s
100% [############################################] Time:  0:00:10 393.5 KiB/s
  0% [                                              ] ETA:  --:--:--   0.0 s/B
 24% [##########                                  ] ETA:   0:00:07 398.1 KiB/s
 49% [#####################                       ] ETA:   0:00:03 702.0 KiB/s
 73% [################################            ] ETA:   0:00:01 942.7 KiB/s
 98% [########################################### ] ETA:   0:00:00   1.1 MiB/s
100% [############################################] Time:  0:00:03   1.2 MiB/s
  0% [                                              ] ETA:  --:--:--   0.0 s/B
 24% [##########                                  ] ETA:   0:00:04 776.1 KiB/s
 49% [#####################                       ] ETA:   0:00:01   1.2 MiB/s
 73% [################################            ] ETA:   0:00:00   1.6 MiB/s
 98% [########################################### ] ETA:   0:00:00   1.9 MiB/s
100% [############################################] ETA:  00:00:00   1.8 MiB/s
100% [############################################] Time:  0:00:02   1.8 MiB/s
  0% [                                              ] ETA:  --:--:--   0.0 s/B
 24% [##########                                  ] ETA:   0:00:04 676.3 KiB/s
 49% [#####################                       ] ETA:   0:00:01   1.1 MiB/s
 73% [################################            ] ETA:   0:00:00   1.4 MiB/s
 98% [########################################### ] ETA:   0:00:00   1.6 MiB/s
100% [############################################] Time:  0:00:02   1.7 MiB/s
  0% [                                              ] ETA:  --:--:--   0.0 s/B
 24% [##########                                  ] ETA:   0:00:04 682.3 KiB/s
 49% [#####################                       ] ETA:   0:00:01   1.2 MiB/s
 73% [################################            ] ETA:   0:00:00   1.5 MiB/s
 98% [########################################### ] ETA:   0:00:00   1.7 MiB/s
100% [############################################] Time:  0:00:02   1.8 MiB/s
  0% [                                              ] ETA:  --:--:--   0.0 s/B
 24% [##########                                  ] ETA:   0:00:05 604.1 KiB/s
 49% [#####################                       ] ETA:   0:00:02 950.8 KiB/s
 73% [################################            ] ETA:   0:00:00   1.2 MiB/s
 98% [########################################### ] ETA:   0:00:00   1.5 MiB/s
100% [############################################] Time:  0:00:02   1.5 MiB/s
  0% [                                              ] ETA:  --:--:--   0.0 s/B
 24% [##########                                  ] ETA:   0:00:04 712.9 KiB/s
 49% [#####################                       ] ETA:   0:00:01   1.2 MiB/s
 73% [################################            ] ETA:   0:00:00   1.5 MiB/s
 98% [########################################### ] ETA:   0:00:00   1.7 MiB/s
100% [############################################] Time:  0:00:02   1.7 MiB/s
  0% [                                              ] ETA:  --:--:--   0.0 s/B
 24% [##########                                  ] ETA:   0:00:04 695.7 KiB/s
 49% [#####################                       ] ETA:   0:00:01   1.1 MiB/s
 73% [################################            ] ETA:   0:00:00   1.4 MiB/s
 98% [########################################### ] ETA:   0:00:00   1.7 MiB/s
100% [############################################] Time:  0:00:02   1.7 MiB/s
  0% [                                              ] ETA:  --:--:--   0.0 s/B
 24% [##########                                  ] ETA:   0:00:04 693.7 KiB/s
 49% [#####################                       ] ETA:   0:00:01   1.1 MiB/s
 73% [################################            ] ETA:   0:00:00   1.5 MiB/s
 98% [########################################### ] ETA:   0:00:00   1.7 MiB/s
100% [############################################] Time:  0:00:02   1.7 MiB/s
  0% [                                              ] ETA:  --:--:--   0.0 s/B
 24% [##########                                  ] ETA:   0:00:04 677.2 KiB/s
 48% [#####################                       ] ETA:   0:00:02   1.0 MiB/s
 73% [################################            ] ETA:   0:00:00   1.3 MiB/s
 97% [########################################### ] ETA:   0:00:00   1.6 MiB/s
100% [############################################] Time:  0:00:02   1.6 MiB/s
  0% [                                              ] ETA:  --:--:--   0.0 s/B
 24% [##########                                  ] ETA:   0:00:04 692.7 KiB/s
 49% [#####################                       ] ETA:   0:00:02   1.0 MiB/s
 73% [################################            ] ETA:   0:00:00   1.4 MiB/s
 98% [########################################### ] ETA:   0:00:00   1.7 MiB/s
100% [############################################] Time:  0:00:02   1.7 MiB/s
  0% [                                              ] ETA:  --:--:--   0.0 s/B
 24% [##########                                  ] ETA:   0:00:05 570.2 KiB/s
 49% [#####################                       ] ETA:   0:00:02 906.5 KiB/s
 73% [################################            ] ETA:   0:00:00   1.2 MiB/s
 98% [########################################### ] ETA:   0:00:00   1.4 MiB/s
100% [############################################] Time:  0:00:02   1.4 MiB/s
  0% [                                              ] ETA:  --:--:--   0.0 s/B
 24% [##########                                  ] ETA:   0:00:04 628.1 KiB/s
 49% [#####################                       ] ETA:   0:00:02 982.4 KiB/s
 73% [################################            ] ETA:   0:00:00   1.3 MiB/s
 98% [########################################### ] ETA:   0:00:00   1.5 MiB/s
100% [############################################] Time:  0:00:02   1.5 MiB/s
  0% [                                              ] ETA:  --:--:--   0.0 s/B
 24% [##########                                  ] ETA:   0:00:05 620.0 KiB/s
 49% [#####################                       ] ETA:   0:00:02 988.6 KiB/s
 73% [################################            ] ETA:   0:00:00   1.2 MiB/s
 98% [########################################### ] ETA:   0:00:00   1.5 MiB/s
100% [############################################] Time:  0:00:02   1.5 MiB/s
  0% [                                              ] ETA:  --:--:--   0.0 s/B
 24% [##########                                  ] ETA:   0:00:04 652.5 KiB/s
 49% [#####################                       ] ETA:   0:00:01   1.0 MiB/s
 73% [################################            ] ETA:   0:00:00   1.4 MiB/s
 98% [########################################### ] ETA:   0:00:00   1.6 MiB/s
100% [############################################] Time:  0:00:02   1.6 MiB/s
  0% [                                              ] ETA:  --:--:--   0.0 s/B
 24% [##########                                  ] ETA:   0:00:04 670.0 KiB/s
 49% [#####################                       ] ETA:   0:00:01   1.0 MiB/s
 74% [################################            ] ETA:   0:00:00   1.4 MiB/s
 99% [########################################### ] ETA:   0:00:00   1.6 MiB/s
100% [############################################] Time:  0:00:02   1.6 MiB/s
  0% [                                              ] ETA:  --:--:--   0.0 s/B
 24% [##########                                  ] ETA:   0:00:04 643.8 KiB/s
 49% [#####################                      ] ETA:   0:00:02 1001.4 KiB/s
 73% [################################            ] ETA:   0:00:00   1.3 MiB/s
 98% [########################################### ] ETA:   0:00:00   1.5 MiB/s
100% [############################################] Time:  0:00:02   1.6 MiB/s
  0% [                                              ] ETA:  --:--:--   0.0 s/B
 24% [##########                                  ] ETA:   0:00:04 671.7 KiB/s
 49% [#####################                       ] ETA:   0:00:01   1.1 MiB/s
 73% [################################            ] ETA:   0:00:00   1.4 MiB/s
 98% [########################################### ] ETA:   0:00:00   1.6 MiB/s
100% [############################################] Time:  0:00:02   1.7 MiB/s
  0% [                                              ] ETA:  --:--:--   0.0 s/B
 24% [##########                                  ] ETA:   0:00:04 702.5 KiB/s
 49% [#####################                       ] ETA:   0:00:01   1.1 MiB/s
 73% [################################            ] ETA:   0:00:00   1.4 MiB/s
 98% [########################################### ] ETA:   0:00:00   1.6 MiB/s
100% [############################################] Time:  0:00:02   1.6 MiB/s
  0% [                                              ] ETA:  --:--:--   0.0 s/B
 24% [##########                                  ] ETA:   0:00:04 658.3 KiB/s
 49% [#####################                       ] ETA:   0:00:01   1.1 MiB/s
 73% [################################            ] ETA:   0:00:00   1.3 MiB/s
 98% [########################################### ] ETA:   0:00:00   1.6 MiB/s
100% [############################################] Time:  0:00:02   1.6 MiB/s
  0% [                                              ] ETA:  --:--:--   0.0 s/B
 24% [##########                                  ] ETA:   0:00:04 666.8 KiB/s
 49% [#####################                       ] ETA:   0:00:01   1.1 MiB/s
 74% [################################            ] ETA:   0:00:00   1.3 MiB/s
 98% [########################################### ] ETA:   0:00:00   1.6 MiB/s
100% [############################################] Time:  0:00:02   1.6 MiB/s
  0% [                                              ] ETA:  --:--:--   0.0 s/B
 24% [##########                                  ] ETA:   0:00:04 747.5 KiB/s
 49% [#####################                       ] ETA:   0:00:01   1.2 MiB/s
 73% [################################            ] ETA:   0:00:00   1.5 MiB/s
 98% [########################################### ] ETA:   0:00:00   1.8 MiB/s
100% [############################################] ETA:  00:00:00   1.8 MiB/s
100% [############################################] Time:  0:00:02   1.8 MiB/s
  0% [                                              ] ETA:  --:--:--   0.0 s/B
 24% [##########                                  ] ETA:   0:00:04 753.0 KiB/s
 49% [#####################                       ] ETA:   0:00:01   1.2 MiB/s
 73% [################################            ] ETA:   0:00:00   1.6 MiB/s
 98% [########################################### ] ETA:   0:00:00   1.8 MiB/s
100% [############################################] ETA:  00:00:00   1.8 MiB/s
100% [############################################] Time:  0:00:02   1.8 MiB/s
  0% [                                              ] ETA:  --:--:--   0.0 s/B
 24% [##########                                  ] ETA:   0:00:04 709.7 KiB/s
 49% [#####################                       ] ETA:   0:00:01   1.1 MiB/s
 74% [################################            ] ETA:   0:00:00   1.4 MiB/s
 98% [########################################### ] ETA:   0:00:00   1.6 MiB/s
100% [############################################] Time:  0:00:02   1.6 MiB/s
  0% [                                              ] ETA:  --:--:--   0.0 s/B
 24% [##########                                  ] ETA:   0:00:04 654.2 KiB/s
 48% [#####################                       ] ETA:   0:00:01   1.0 MiB/s
 73% [################################            ] ETA:   0:00:00   1.3 MiB/s
 97% [########################################### ] ETA:   0:00:00   1.6 MiB/s
100% [############################################] Time:  0:00:02   1.6 MiB/s
  0% [                                              ] ETA:  --:--:--   0.0 s/B
 24% [##########                                  ] ETA:   0:00:04 709.4 KiB/s
 49% [#####################                       ] ETA:   0:00:01   1.1 MiB/s
 73% [################################            ] ETA:   0:00:00   1.5 MiB/s
 98% [########################################### ] ETA:   0:00:00   1.8 MiB/s
100% [############################################] Time:  0:00:02   1.8 MiB/s
  0% [                                              ] ETA:  --:--:--   0.0 s/B
 24% [##########                                  ] ETA:   0:00:04 748.9 KiB/s
 49% [#####################                       ] ETA:   0:00:01   1.1 MiB/s
 73% [################################            ] ETA:   0:00:00   1.5 MiB/s
 98% [########################################### ] ETA:   0:00:00   1.7 MiB/s
100% [############################################] Time:  0:00:02   1.7 MiB/s
  0% [                                              ] ETA:  --:--:--   0.0 s/B
 24% [##########                                  ] ETA:   0:00:04 732.0 KiB/s
 49% [#####################                       ] ETA:   0:00:01   1.1 MiB/s
 73% [################################            ] ETA:   0:00:00   1.5 MiB/s
 98% [########################################### ] ETA:   0:00:00   1.7 MiB/s
100% [############################################] Time:  0:00:02   1.7 MiB/s
  0% [                                              ] ETA:  --:--:--   0.0 s/B
 24% [##########                                  ] ETA:   0:00:05 621.5 KiB/s
 49% [#####################                       ] ETA:   0:00:02 924.1 KiB/s
 73% [################################            ] ETA:   0:00:00   1.2 MiB/s
 98% [########################################### ] ETA:   0:00:00   1.4 MiB/s
100% [############################################] Time:  0:00:02   1.4 MiB/s
  0% [                                              ] ETA:  --:--:--   0.0 s/B
 24% [##########                                  ] ETA:   0:00:04 643.4 KiB/s
 49% [#####################                       ] ETA:   0:00:01   1.0 MiB/s
 73% [################################            ] ETA:   0:00:00   1.3 MiB/s
 98% [########################################### ] ETA:   0:00:00   1.5 MiB/s
100% [############################################] Time:  0:00:02   1.5 MiB/s
Successfully downloaded: 162
== Tue Mar 24 06:17:47 UTC 2026 :: DONE ==
Outputs in: /work/ugbogu/pipeline/data/nbl/target_nbl
