                                 Started job on |	Mar 28 11:18:56
                             Started mapping on |	Mar 28 11:19:14
                                    Finished on |	Mar 28 11:47:07
       Mapping speed, Million of reads per hour |	104.72

                          Number of input reads |	48666516
                      Average input read length |	290
                                    UNIQUE READS:
                   Uniquely mapped reads number |	39285416
                        Uniquely mapped reads % |	80.72%
                          Average mapped length |	289.83
                       Number of splices: Total |	53529952
            Number of splices: Annotated (sjdb) |	52476957
                       Number of splices: GT/AG |	53031703
                       Number of splices: GC/AG |	370987
                       Number of splices: AT/AC |	51952
               Number of splices: Non-canonical |	75310
                      Mismatch rate per base, % |	0.51%
                         Deletion rate per base |	0.01%
                        Deletion average length |	1.61
                        Insertion rate per base |	0.01%
                       Insertion average length |	1.43
                             MULTI-MAPPING READS:
        Number of reads mapped to multiple loci |	6948069
             % of reads mapped to multiple loci |	14.28%
        Number of reads mapped to too many loci |	157416
             % of reads mapped to too many loci |	0.32%
                                  UNMAPPED READS:
  Number of reads unmapped: too many mismatches |	0
       % of reads unmapped: too many mismatches |	0.00%
            Number of reads unmapped: too short |	2087816
                 % of reads unmapped: too short |	4.29%
                Number of reads unmapped: other |	187799
                     % of reads unmapped: other |	0.39%
                                  CHIMERIC READS:
                       Number of chimeric reads |	0
                            % of chimeric reads |	0.00%
