[INFO] Running from directory: /work/ugbogu/pipeline/preprocessing_and_quality_control/nbl
[INFO] Snakefile: /work/ugbogu/pipeline/preprocessing_and_quality_control/nbl/Snakefile
[INFO] Config:    /work/ugbogu/pipeline/preprocessing_and_quality_control/nbl/config/config.yaml
[INFO] Logs:      /work/ugbogu/pipeline/preprocessing_and_quality_control/nbl/logs
[INFO] Recommended submission for direct logs:
       sbatch --output=/work/ugbogu/pipeline/preprocessing_and_quality_control/nbl/logs/%j.out --error=/work/ugbogu/pipeline/preprocessing_and_quality_control/nbl/logs/%j.err preprocessing_snakefile.sh
[INFO] ENVS_DIR:  /work/ugbogu/pipeline/preprocessing_and_quality_control/envs
[INFO] SLURM_CPUS_PER_TASK = 8
[INFO] SLURM_JOB_ID = 88944
[INFO] Proxy vars:
       http_proxy=http://proxy2.uni-potsdam.de:3128
       https_proxy=http://proxy2.uni-potsdam.de:3128
       HTTP_PROXY=<unset>
       HTTPS_PROXY=<unset>
       all_proxy=<unset>
       ALL_PROXY=<unset>
[INFO] Snakemake env exists: /work/ugbogu/pipeline/preprocessing_and_quality_control/nbl/envs/.conda/smk
[INFO] Activating Snakemake env: /work/ugbogu/pipeline/preprocessing_and_quality_control/nbl/envs/.conda/smk
[INFO] Using snakemake: /work/ugbogu/pipeline/preprocessing_and_quality_control/nbl/envs/.conda/smk/bin/snakemake (9.19.0)
[INFO] Unlocking Snakemake working directory (if locked)...
Config file config/config.yaml is extended by additional config specified via the command line.
Unlocked working directory.
[SUCCESS] GSE100148: Found 15 real paired-end samples
[SUCCESS] GSE189367: Found 64 real paired-end samples
[SUCCESS] SRP409177: Found 47 real paired-end samples

[FINAL] TOTAL PAIRED-END SAMPLES: 126
[SUMMARY] GSE100148: 15 paired-end samples
[SUMMARY] GSE189367: 64 paired-end samples
[SUMMARY] SRP409177: 47 paired-end samples
  → GSE100148/SRR7828562
  → GSE100148/SRR7828563
  → GSE100148/SRR7828564
  → GSE100148/SRR7828565
  → GSE100148/SRR7828566
  → GSE100148/SRR7828567
  → GSE100148/SRR7828568
  → GSE100148/SRR7828569
  → GSE100148/SRR7828570
  → GSE100148/SRR7828571
  ... and 116 more
[INFO] Starting Snakemake pipeline...
Config file config/config.yaml is extended by additional config specified via the command line.
Assuming unrestricted shared filesystem usage.
host: hcc24
Building DAG of jobs...
MissingInputException in rule build_target_nbl_count_matrix in file "/work/ugbogu/pipeline/preprocessing_and_quality_control/nbl/Snakefile", line 486:
Missing input files for rule build_target_nbl_count_matrix:
    output: /work/ugbogu/pipeline/data/nbl/target_nbl/merged/target_nbl_count.rds, /work/ugbogu/pipeline/data/nbl/target_nbl/merged/target_nbl_sample_metadata.csv, /work/ugbogu/pipeline/data/nbl/target_nbl/merged/target_nbl_gene_list.txt
    affected files:
        /work/ugbogu/pipeline/preprocessing_and_quality_control/nbl/envs/.conda/smk/lib/python3.13/site-packages/snakemake/scripts/merge_target_nbl_counts.R
[SUCCESS] GSE100148: Found 15 real paired-end samples
[SUCCESS] GSE189367: Found 64 real paired-end samples
[SUCCESS] SRP409177: Found 47 real paired-end samples

[FINAL] TOTAL PAIRED-END SAMPLES: 126
[SUMMARY] GSE100148: 15 paired-end samples
[SUMMARY] GSE189367: 64 paired-end samples
[SUMMARY] SRP409177: 47 paired-end samples
  → GSE100148/SRR7828562
  → GSE100148/SRR7828563
  → GSE100148/SRR7828564
  → GSE100148/SRR7828565
  → GSE100148/SRR7828566
  → GSE100148/SRR7828567
  → GSE100148/SRR7828568
  → GSE100148/SRR7828569
  → GSE100148/SRR7828570
  → GSE100148/SRR7828571
  ... and 116 more
[INFO] Snakemake pipeline completed with status: 1
