== Wed Mar 18 09:02:52 UTC 2026 :: START ==
Host: hcc31
/usr/bin/python3
Python 3.9.21
/home/ugbogu/edirect/esearch
/home/ugbogu/edirect/efetch
[INFO] Running SRR extraction for all datasets

=== GSE111168 ===
[INFO] downloading RunInfo for PRJNA436090
[INFO] GSE111168
[INFO] primary GSMs matched: 3
[INFO] tumour RNA-seq runs: 3
[INFO] paired-end tumour RNA-seq runs: 3
[INFO] wrote: /work/ugbogu/pipeline/data/rbl/GSE111168_primary_tumours/all_primary_tumour_srr.txt
[INFO] wrote: /work/ugbogu/pipeline/data/rbl/GSE111168_primary_tumours/all_primary_tumour_pe.txt

=== GSE196420 ===
[INFO] downloading RunInfo for PRJNA804875
[INFO] GSE196420
[INFO] primary GSMs matched: 16
[INFO] tumour RNA-seq runs: 16
[INFO] paired-end tumour RNA-seq runs: 16
[INFO] wrote: /work/ugbogu/pipeline/data/rbl/GSE196420_primary_tumours/all_primary_tumour_srr.txt
[INFO] wrote: /work/ugbogu/pipeline/data/rbl/GSE196420_primary_tumours/all_primary_tumour_pe.txt

=== GSE268136 ===
[INFO] downloading RunInfo for PRJNA1114744
[INFO] GSE268136
[INFO] primary GSMs matched: 50
[INFO] tumour RNA-seq runs: 50
[INFO] paired-end tumour RNA-seq runs: 50
[INFO] wrote: /work/ugbogu/pipeline/data/rbl/GSE268136_primary_tumours/all_primary_tumour_srr.txt
[INFO] wrote: /work/ugbogu/pipeline/data/rbl/GSE268136_primary_tumours/all_primary_tumour_pe.txt
== Wed Mar 18 09:03:25 UTC 2026 :: DONE ==
