                                 Started job on |	Mar 28 20:50:09
                             Started mapping on |	Mar 28 20:50:30
                                    Finished on |	Mar 28 21:19:07
       Mapping speed, Million of reads per hour |	95.67

                          Number of input reads |	45628058
                      Average input read length |	293
                                    UNIQUE READS:
                   Uniquely mapped reads number |	39321956
                        Uniquely mapped reads % |	86.18%
                          Average mapped length |	290.64
                       Number of splices: Total |	52017777
            Number of splices: Annotated (sjdb) |	51130237
                       Number of splices: GT/AG |	51504031
                       Number of splices: GC/AG |	333926
                       Number of splices: AT/AC |	51376
               Number of splices: Non-canonical |	128444
                      Mismatch rate per base, % |	0.79%
                         Deletion rate per base |	0.01%
                        Deletion average length |	1.91
                        Insertion rate per base |	0.00%
                       Insertion average length |	1.53
                             MULTI-MAPPING READS:
        Number of reads mapped to multiple loci |	3437942
             % of reads mapped to multiple loci |	7.53%
        Number of reads mapped to too many loci |	91071
             % of reads mapped to too many loci |	0.20%
                                  UNMAPPED READS:
  Number of reads unmapped: too many mismatches |	0
       % of reads unmapped: too many mismatches |	0.00%
            Number of reads unmapped: too short |	2602131
                 % of reads unmapped: too short |	5.70%
                Number of reads unmapped: other |	174958
                     % of reads unmapped: other |	0.38%
                                  CHIMERIC READS:
                       Number of chimeric reads |	0
                            % of chimeric reads |	0.00%
