                                 Started job on |	Apr 09 22:32:00
                             Started mapping on |	Apr 09 22:32:18
                                    Finished on |	Apr 09 22:36:03
       Mapping speed, Million of reads per hour |	398.44

                          Number of input reads |	24902265
                      Average input read length |	202
                                    UNIQUE READS:
                   Uniquely mapped reads number |	20704727
                        Uniquely mapped reads % |	83.14%
                          Average mapped length |	200.11
                       Number of splices: Total |	5766126
            Number of splices: Annotated (sjdb) |	5630732
                       Number of splices: GT/AG |	5701733
                       Number of splices: GC/AG |	40979
                       Number of splices: AT/AC |	5863
               Number of splices: Non-canonical |	17551
                      Mismatch rate per base, % |	0.21%
                         Deletion rate per base |	0.02%
                        Deletion average length |	1.38
                        Insertion rate per base |	0.01%
                       Insertion average length |	1.41
                             MULTI-MAPPING READS:
        Number of reads mapped to multiple loci |	2255394
             % of reads mapped to multiple loci |	9.06%
        Number of reads mapped to too many loci |	65908
             % of reads mapped to too many loci |	0.26%
                                  UNMAPPED READS:
  Number of reads unmapped: too many mismatches |	0
       % of reads unmapped: too many mismatches |	0.00%
            Number of reads unmapped: too short |	1831257
                 % of reads unmapped: too short |	7.35%
                Number of reads unmapped: other |	44979
                     % of reads unmapped: other |	0.18%
                                  CHIMERIC READS:
                       Number of chimeric reads |	0
                            % of chimeric reads |	0.00%
