[INFO] Using 1 threads (SLURM_CPUS_PER_TASK)
converting counts to integer mode
converting counts to integer mode
[INFO] Purity-associated genes for model fitting: 1729
[INFO] Permanently removed 1729 purity-associated genes from TCGA VST.
[INFO] Made DSMZ data consistent by removing 1729 purity-associated genes.
converting counts to integer mode
'select()' returned 1:many mapping between keys and columns
[INFO] Using 30 PCs explaining 75.8% variance
[kmeans] best k by silhouette→CH = 3
03:59:16 UMAP embedding parameters a = 0.9922 b = 1.112
03:59:16 Read 1114 rows and found 30 numeric columns
03:59:16 Using FNN for neighbor search, n_neighbors = 20
03:59:18 Commencing smooth kNN distance calibration using 128 threads with target n_neighbors = 20
03:59:20 Initializing from normalized Laplacian + noise (using irlba)
03:59:21 Commencing optimization for 500 epochs, with 29210 positive edges
03:59:21 Using rng type: pcg
Using method 'umap'
0%   10   20   30   40   50   60   70   80   90   100%
[----|----|----|----|----|----|----|----|----|----|
**************************************************|
03:59:23 Optimization finished
03:59:27 UMAP embedding parameters a = 0.9922 b = 1.112
03:59:27 Read 1114 rows and found 30 numeric columns
03:59:27 Using FNN for neighbor search, n_neighbors = 20
03:59:28 Commencing smooth kNN distance calibration using 128 threads with target n_neighbors = 20
03:59:30 Initializing from normalized Laplacian + noise (using irlba)
03:59:30 Commencing optimization for 500 epochs, with 29210 positive edges
03:59:30 Using rng type: pcg
Using method 'umap'
0%   10   20   30   40   50   60   70   80   90   100%
[----|----|----|----|----|----|----|----|----|----|
**************************************************|
03:59:32 Optimization finished
`geom_smooth()` using formula = 'y ~ x'
`geom_smooth()` using formula = 'y ~ x'
`geom_smooth()` using formula = 'y ~ x'
`geom_smooth()` using formula = 'y ~ x'
`geom_smooth()` using formula = 'y ~ x'
`geom_smooth()` using formula = 'y ~ x'
`geom_smooth()` using formula = 'y ~ x'
`geom_smooth()` using formula = 'y ~ x'
`geom_smooth()` using formula = 'y ~ x'
`geom_smooth()` using formula = 'y ~ x'
`geom_smooth()` using formula = 'y ~ x'
`geom_smooth()` using formula = 'y ~ x'
`geom_smooth()` using formula = 'y ~ x'
`geom_smooth()` using formula = 'y ~ x'
`geom_smooth()` using formula = 'y ~ x'
`geom_smooth()` using formula = 'y ~ x'
`geom_smooth()` using formula = 'y ~ x'
`geom_smooth()` using formula = 'y ~ x'
`geom_smooth()` using formula = 'y ~ x'
`geom_smooth()` using formula = 'y ~ x'
`geom_smooth()` using formula = 'y ~ x'
`geom_smooth()` using formula = 'y ~ x'
`geom_smooth()` using formula = 'y ~ x'
`geom_smooth()` using formula = 'y ~ x'
converting counts to integer mode
estimating size factors
estimating dispersions
gene-wise dispersion estimates
mean-dispersion relationship
final dispersion estimates
fitting model and testing
-- replacing outliers and refitting for 4348 genes
-- DESeq argument 'minReplicatesForReplace' = 7 
-- original counts are preserved in counts(dds)
estimating dispersions
fitting model and testing
04:22:18 UMAP embedding parameters a = 0.9922 b = 1.112
04:22:18 Read 1114 rows and found 30 numeric columns
04:22:18 Using FNN for neighbor search, n_neighbors = 20
04:22:19 Commencing smooth kNN distance calibration using 128 threads with target n_neighbors = 20
04:22:20 Initializing from normalized Laplacian + noise (using irlba)
04:22:20 Commencing optimization for 500 epochs, with 29210 positive edges
04:22:20 Using rng type: pcg
Using method 'umap'
0%   10   20   30   40   50   60   70   80   90   100%
[----|----|----|----|----|----|----|----|----|----|
**************************************************|
04:22:22 Optimization finished
04:22:22 UMAP embedding parameters a = 0.9922 b = 1.112
04:22:22 Read 186 rows and found 30 numeric columns
04:22:22 Using FNN for neighbor search, n_neighbors = 15
04:22:23 Commencing smooth kNN distance calibration using 128 threads with target n_neighbors = 15
04:22:24 Initializing from normalized Laplacian + noise (using irlba)
04:22:24 Commencing optimization for 500 epochs, with 3706 positive edges
04:22:24 Using rng type: pcg
Using method 'umap'
0%   10   20   30   40   50   60   70   80   90   100%
[----|----|----|----|----|----|----|----|----|----|
**************************************************|
04:22:25 Optimization finished
04:22:25 UMAP embedding parameters a = 0.9922 b = 1.112
04:22:25 Read 36 rows and found 30 numeric columns
04:22:25 Using FNN for neighbor search, n_neighbors = 15
04:22:26 Commencing smooth kNN distance calibration using 128 threads with target n_neighbors = 15
04:22:27 Initializing from normalized Laplacian + noise (using irlba)
04:22:27 Commencing optimization for 500 epochs, with 634 positive edges
04:22:27 Using rng type: pcg
Using method 'umap'
0%   10   20   30   40   50   60   70   80   90   100%
[----|----|----|----|----|----|----|----|----|----|
**************************************************|
04:22:28 Optimization finished
04:22:28 UMAP embedding parameters a = 0.9922 b = 1.112
04:22:28 Read 27 rows and found 30 numeric columns
04:22:28 Using FNN for neighbor search, n_neighbors = 10
04:22:29 Commencing smooth kNN distance calibration using 128 threads with target n_neighbors = 10
04:22:30 Initializing from normalized Laplacian + noise (using irlba)
04:22:30 Commencing optimization for 500 epochs, with 308 positive edges
04:22:30 Using rng type: pcg
Using method 'umap'
0%   10   20   30   40   50   60   70   80   90   100%
[----|----|----|----|----|----|----|----|----|----|
**************************************************|
04:22:31 Optimization finished
Warning message:
In grid.Call.graphics(C_text, as.graphicsAnnot(x$label), x$x, x$y,  :
  for 'UMAP on 30 PCs (HDBSCAN clusters: 1–5, NA=unassigned)' in 'mbcsToSbcs': - substituted for – (U+2013)
Warning message:
In grid.Call.graphics(C_text, as.graphicsAnnot(x$label), x$x, x$y,  :
  for 'UMAP (HDBSCAN PAM50 clusters: 1–5, NA=unassigned)' in 'mbcsToSbcs': - substituted for – (U+2013)

Attaching package: ‘patchwork’

The following object is masked from ‘package:MASS’:

    area

The following object is masked from ‘package:genefilter’:

    area

