converting counts to integer mode
converting counts to integer mode
converting counts to integer mode
'select()' returned 1:many mapping between keys and columns
[kmeans] best k by silhouette→CH = 3
converting counts to integer mode
estimating size factors
estimating dispersions
gene-wise dispersion estimates
mean-dispersion relationship
final dispersion estimates
fitting model and testing
1 rows did not converge in beta, labelled in mcols(object)$betaConv. Use larger maxit argument with nbinomWaldTest
-- replacing outliers and refitting for 44006 genes
-- DESeq argument 'minReplicatesForReplace' = 7 
-- original counts are preserved in counts(dds)
estimating dispersions
fitting model and testing
1 rows did not converge in beta, labelled in mcols(object)$betaConv. Use larger maxit argument with nbinomWaldTest
[DSCF] No pairwise DSCF results to write.
Error in h(simpleError(msg, call)) : 
  error in evaluating the argument 'y' in selecting a method for function 'intersect': error in evaluating the argument 'x' in selecting a method for function 'rownames': object 'V' not found
Calls: intersect ... rownames -> .handleSimpleError -> h -> .handleSimpleError -> h
Execution halted
