Starting DSMZ-TCGA breast cancer subtypes analysis via R script...
[INFO] Starting pipeline...
[INFO] Collapsing 44 duplicate TCGA genes: ENSG00000002586, ENSG00000124333, ENSG00000124334, ENSG00000167393, ENSG00000169084
[INFO] Collapsing 44 duplicate DSMZ genes: ENSG00000228572, ENSG00000182378, ENSG00000178605, ENSG00000226179, ENSG00000167393
[DIM] TCGA (raw)          :   60,616 genes x 10,272 samples
[DIM] DSMZ (raw)          :   60,616 genes x    167 samples
[DIM] DSMZ (after organ subset):   60,616 genes x     29 samples
[DIM] TCGA (after project subset):   60,616 genes x  1,085 samples
[INFO] Shared genes: 60616
[DIM] TCGA (post-intersect):   60,616 genes x  1,085 samples
[DIM] DSMZ (post-intersect):   60,616 genes x     29 samples
[DIM] Merged (Xc_raw)     :   60,616 genes x  1,114 samples
[INFO] VST per-dataset (TCGA only)...
[INFO] VST per-dataset (DSMZ only)...
[INFO] Using purity from SummarizedExperiment
[INFO] Applying purity adjustment to TCGA VST data...
[INFO] Applying purity adjustment on VST data...
[INFO] Removing 1729 purity-associated genes
[INFO] Merging independently normalized datasets...
[DIM] Merged normalized   :   60,616 genes x  1,114 samples
[INFO] Re-normalizing merged data for ComBat_seq...
[INFO] Applying ComBat_seq to raw counts...
Found 2 batches
Using null model in ComBat-seq.
Adjusting for 0 covariate(s) or covariate level(s)
Estimating dispersions
Fitting the GLM model
Shrinkage off - using GLM estimates for parameters
Adjusting the data
[INFO] Converting ComBat_seq corrected counts to VST...
[DIM] TCGA (ComBat_seq corrected):   60,616 genes x  1,085 samples
[DIM] DSMZ (ComBat_seq corrected):   60,616 genes x     29 samples
[INFO] PCA before and after batch correction...
[INFO] Subsetting to PAM50 genes...
[INFO] Attempting gene symbol mapping via org.Hs.eg.db...
[INFO] org.Hs.eg.db mapping successful: 36309 mappings
[INFO] Attempting gene symbol mapping via TCGA rowData...
[INFO] TCGA rowData mapping successful: 59427 mappings using column 'gene_name'
[INFO] Final gene symbol mapping summary: 59533 total mappings
[DIM] PAM50 Matrix        :       48 genes x  1,114 samples
[PAM50] Matched 48/50 genes
[PAM50] Missing symbols: ORC6L, WHSC1L1 
[INFO] Found 19/19 marker genes in VST matrix.
Optimal k (k-means): 3 with mean silhouette: 0.109 
               dataset_lab
clusters_kmeans DSMZ TCGA
             C1    2  350
             C2    9  193
             C3   18  542
[INFO] Performing hierarchical clustering (HVG)...
[INFO] Using Euclidean distance for hierarchical clustering (standard for gene expression)
[INFO] Performing hierarchical clustering (PAM50)...
[INFO] Using Euclidean distance for PAM50 hierarchical clustering (consistent with HVG analysis)
[INFO] Performing differential expression analysis...
[INFO] Performing iterative UMAP + HDBSCAN (HVG)...
[INFO] Performing iterative UMAP + HDBSCAN (PAM50)...
[INFO] Performing statistical analysis...
[INFO] DSMZ Ensembl duplicate rows: 44 | duplicate IDs: 44 (collapsed)
# A tibble: 6 × 6
  sample     rho_overall kmeans_cluster hc_subtype hdb_subtype hdb_pam50_subtype
  <chr>            <dbl> <fct>          <fct>      <fct>       <fct>            
1 NG-29643_…       0.834 C3             HER2-high  <NA>        <NA>             
2 NG-29643_…       0.855 C3             HER2-high  <NA>        <NA>             
3 NG-29643_…       0.837 C3             LumB       <NA>        <NA>             
4 NG-29643_…       0.833 C2             HER2-high  <NA>        <NA>             
5 NG-29643_…       0.832 C2             HER2-high  <NA>        <NA>             
6 NG-29643_…       0.812 C3             Basal      <NA>        <NA>             
null device 
          1 
[MARKER] Requested symbols: ESR1, PGR, ERBB2, MKI67, KRT5, KRT14, KRT17, FOXC1, GRB7, BCL2, EGFR, CCNB1, BIRC5, MYBL2, KIF2C, KRT8, KRT18, GATA3, XBP1 
[INFO] Attempting TCGA gene symbol mapping via rowData...
[INFO] TCGA rowData mapping successful: 59427 mappings using column 'gene_name'
[INFO] Marker gene symbol mapping summary: 59417 total mappings
