converting counts to integer mode
converting counts to integer mode
converting counts to integer mode
'select()' returned 1:many mapping between keys and columns
[kmeans] best k by silhouette→CH = 3
converting counts to integer mode
estimating size factors
estimating dispersions
gene-wise dispersion estimates
mean-dispersion relationship
final dispersion estimates
fitting model and testing
1 rows did not converge in beta, labelled in mcols(object)$betaConv. Use larger maxit argument with nbinomWaldTest
-- replacing outliers and refitting for 44006 genes
-- DESeq argument 'minReplicatesForReplace' = 7 
-- original counts are preserved in counts(dds)
estimating dispersions
fitting model and testing
1 rows did not converge in beta, labelled in mcols(object)$betaConv. Use larger maxit argument with nbinomWaldTest
[DSCF] No pairwise DSCF results to write.
Warning message:
In grid.Call.graphics(C_text, as.graphicsAnnot(x$label), x$x, x$y,  :
  for 'TCGA BRCA (PAM50) — clusters & selected Top20 per subtype' in 'mbcsToSbcs': - substituted for — (U+2014)
Warning message:
In grid.Call.graphics(C_text, as.graphicsAnnot(x$label), x$x, x$y,  :
  for 'DSMZ (PAM50) — predicted PAM50 subtype (nearest TCGA centroid)' in 'mbcsToSbcs': - substituted for — (U+2014)

Attaching package: ‘patchwork’

The following object is masked from ‘package:genefilter’:

    area

