                                 Started job on |	Apr 09 23:29:03
                             Started mapping on |	Apr 09 23:29:16
                                    Finished on |	Apr 09 23:33:52
       Mapping speed, Million of reads per hour |	436.98

                          Number of input reads |	33501788
                      Average input read length |	202
                                    UNIQUE READS:
                   Uniquely mapped reads number |	27564123
                        Uniquely mapped reads % |	82.28%
                          Average mapped length |	200.46
                       Number of splices: Total |	8750714
            Number of splices: Annotated (sjdb) |	8631435
                       Number of splices: GT/AG |	8668787
                       Number of splices: GC/AG |	56596
                       Number of splices: AT/AC |	6017
               Number of splices: Non-canonical |	19314
                      Mismatch rate per base, % |	0.21%
                         Deletion rate per base |	0.03%
                        Deletion average length |	1.23
                        Insertion rate per base |	0.01%
                       Insertion average length |	1.33
                             MULTI-MAPPING READS:
        Number of reads mapped to multiple loci |	3629965
             % of reads mapped to multiple loci |	10.84%
        Number of reads mapped to too many loci |	78943
             % of reads mapped to too many loci |	0.24%
                                  UNMAPPED READS:
  Number of reads unmapped: too many mismatches |	0
       % of reads unmapped: too many mismatches |	0.00%
            Number of reads unmapped: too short |	2210096
                 % of reads unmapped: too short |	6.60%
                Number of reads unmapped: other |	18661
                     % of reads unmapped: other |	0.06%
                                  CHIMERIC READS:
                       Number of chimeric reads |	0
                            % of chimeric reads |	0.00%
