                                 Started job on |	Apr 10 03:58:27
                             Started mapping on |	Apr 10 04:13:29
                                    Finished on |	Apr 10 04:36:18
       Mapping speed, Million of reads per hour |	62.39

                          Number of input reads |	23723759
                      Average input read length |	282
                                    UNIQUE READS:
                   Uniquely mapped reads number |	19726641
                        Uniquely mapped reads % |	83.15%
                          Average mapped length |	281.97
                       Number of splices: Total |	27539392
            Number of splices: Annotated (sjdb) |	27504115
                       Number of splices: GT/AG |	27242783
                       Number of splices: GC/AG |	214951
                       Number of splices: AT/AC |	29277
               Number of splices: Non-canonical |	52381
                      Mismatch rate per base, % |	0.27%
                         Deletion rate per base |	0.01%
                        Deletion average length |	1.79
                        Insertion rate per base |	0.00%
                       Insertion average length |	1.42
                             MULTI-MAPPING READS:
        Number of reads mapped to multiple loci |	3004357
             % of reads mapped to multiple loci |	12.66%
        Number of reads mapped to too many loci |	85159
             % of reads mapped to too many loci |	0.36%
                                  UNMAPPED READS:
  Number of reads unmapped: too many mismatches |	0
       % of reads unmapped: too many mismatches |	0.00%
            Number of reads unmapped: too short |	741467
                 % of reads unmapped: too short |	3.13%
                Number of reads unmapped: other |	166135
                     % of reads unmapped: other |	0.70%
                                  CHIMERIC READS:
                       Number of chimeric reads |	0
                            % of chimeric reads |	0.00%
