                                 Started job on |	Apr 09 20:06:42
                             Started mapping on |	Apr 09 20:39:05
                                    Finished on |	Apr 09 21:38:30
       Mapping speed, Million of reads per hour |	49.14

                          Number of input reads |	48666516
                      Average input read length |	290
                                    UNIQUE READS:
                   Uniquely mapped reads number |	38031266
                        Uniquely mapped reads % |	78.15%
                          Average mapped length |	289.78
                       Number of splices: Total |	53973189
            Number of splices: Annotated (sjdb) |	53894909
                       Number of splices: GT/AG |	53266551
                       Number of splices: GC/AG |	540657
                       Number of splices: AT/AC |	52930
               Number of splices: Non-canonical |	113051
                      Mismatch rate per base, % |	0.50%
                         Deletion rate per base |	0.01%
                        Deletion average length |	1.62
                        Insertion rate per base |	0.00%
                       Insertion average length |	1.40
                             MULTI-MAPPING READS:
        Number of reads mapped to multiple loci |	7996764
             % of reads mapped to multiple loci |	16.43%
        Number of reads mapped to too many loci |	148942
             % of reads mapped to too many loci |	0.31%
                                  UNMAPPED READS:
  Number of reads unmapped: too many mismatches |	0
       % of reads unmapped: too many mismatches |	0.00%
            Number of reads unmapped: too short |	2094386
                 % of reads unmapped: too short |	4.30%
                Number of reads unmapped: other |	395158
                     % of reads unmapped: other |	0.81%
                                  CHIMERIC READS:
                       Number of chimeric reads |	0
                            % of chimeric reads |	0.00%
