           Time    Speed        Read     Read   Mapped   Mapped   Mapped   Mapped Unmapped Unmapped Unmapped Unmapped
                    M/hr      number   length   unique   length   MMrate    multi   multi+       MM    short    other
Apr 10 06:45:07	Started 1st pass mapping
Apr 10 06:45:23     10.4       46141      289    86.9%    288.8     0.3%     8.1%     0.5%     0.0%     3.6%     0.9%
Apr 10 06:46:30     65.6     1513375      289    86.9%    288.3     0.3%     8.1%     0.5%     0.0%     3.5%     1.0%
Apr 10 06:47:37     71.4     2973873      289    86.9%    288.4     0.3%     8.1%     0.5%     0.0%     3.5%     1.0%
Apr 10 06:48:45     73.3     4436327      289    86.8%    288.2     0.4%     8.1%     0.5%     0.0%     3.6%     1.0%
Apr 10 06:49:53     74.2     5898511      289    86.8%    288.2     0.4%     8.1%     0.5%     0.0%     3.6%     1.0%
Apr 10 06:50:59     75.3     7359319      289    86.8%    288.2     0.4%     8.1%     0.5%     0.0%     3.6%     1.0%
Apr 10 06:52:07     75.6     8819745      289    86.8%    288.2     0.4%     8.1%     0.5%     0.0%     3.6%     1.0%
Apr 10 06:53:16     75.7    10279212      289    86.7%    288.2     0.4%     8.1%     0.5%     0.0%     3.6%     1.0%
Apr 10 06:54:24     75.8    11731959      289    86.7%    288.2     0.4%     8.1%     0.5%     0.0%     3.7%     1.0%
Apr 10 06:55:29     76.3    13184064      289    86.7%    288.2     0.4%     8.1%     0.5%     0.0%     3.6%     1.0%
Apr 10 06:56:35     76.6    14635648      289    86.7%    288.2     0.4%     8.1%     0.5%     0.0%     3.6%     1.0%
Apr 10 06:57:42     76.7    16088275      289    86.7%    288.2     0.4%     8.1%     0.5%     0.0%     3.6%     1.0%
Apr 10 06:58:50     76.7    17541461      289    86.7%    288.2     0.4%     8.1%     0.5%     0.0%     3.7%     1.0%
Apr 10 06:59:57     76.8    18993866      289    86.7%    288.2     0.4%     8.1%     0.5%     0.0%     3.7%     1.0%
Apr 10 07:00:57     77.3    20399964      289    86.7%    288.2     0.4%     8.1%     0.5%     0.0%     3.7%     1.0%
Apr 10 07:01:59     76.9    21625102      289    86.7%    288.2     0.4%     8.1%     0.5%     0.0%     3.7%     1.0%
Apr 10 07:03:05     76.8    22986802      289    86.7%    288.2     0.4%     8.1%     0.5%     0.0%     3.7%     1.0%
Apr 10 07:04:05     77.2    24404381      289    86.7%    288.1     0.4%     8.1%     0.5%     0.0%     3.7%     1.0%
Apr 10 07:04:10	Finished 1st pass mapping
Apr 10 07:06:52     34.3      781618      289    82.6%    288.7     0.3%    12.0%     0.4%     0.0%     3.7%     1.3%
Apr 10 07:08:13     41.5     1878712      289    82.6%    288.7     0.3%    12.1%     0.4%     0.0%     3.6%     1.3%
Apr 10 07:09:13     45.1     2791362      289    82.6%    288.7     0.3%    12.1%     0.4%     0.0%     3.6%     1.3%
Apr 10 07:10:13     46.5     3659269      289    82.5%    288.6     0.3%    12.1%     0.4%     0.0%     3.7%     1.3%
Apr 10 07:11:24     45.1     4436327      289    82.5%    288.6     0.3%    12.1%     0.4%     0.0%     3.7%     1.3%
Apr 10 07:12:24     45.3     5213187      289    82.5%    288.6     0.3%    12.1%     0.4%     0.0%     3.7%     1.3%
Apr 10 07:13:25     46.4     6126877      289    82.5%    288.5     0.3%    12.1%     0.4%     0.0%     3.7%     1.3%
Apr 10 07:14:25     46.8     6948683      289    82.5%    288.6     0.3%    12.1%     0.4%     0.0%     3.7%     1.3%
Apr 10 07:15:37     45.8     7724541      289    82.5%    288.6     0.3%    12.1%     0.4%     0.0%     3.7%     1.3%
Apr 10 07:16:39     46.2     8591547      289    82.5%    288.6     0.3%    12.1%     0.4%     0.0%     3.7%     1.3%
Apr 10 07:17:39     46.7     9458737      289    82.5%    288.6     0.3%    12.1%     0.4%     0.0%     3.7%     1.3%
Apr 10 07:18:50     46.3    10279235      289    82.4%    288.6     0.3%    12.1%     0.4%     0.0%     3.7%     1.3%
Apr 10 07:19:51     46.4    11096525      289    82.4%    288.5     0.3%    12.1%     0.4%     0.0%     3.8%     1.3%
Apr 10 07:20:51     46.7    11959035      289    82.4%    288.5     0.3%    12.1%     0.4%     0.0%     3.8%     1.3%
Apr 10 07:21:51     46.7    12730400      289    82.4%    288.5     0.3%    12.1%     0.4%     0.0%     3.8%     1.3%
Apr 10 07:23:02     46.4    13546928      289    82.4%    288.5     0.3%    12.1%     0.4%     0.0%     3.8%     1.3%
Apr 10 07:24:04     46.7    14454143      289    82.4%    288.6     0.3%    12.1%     0.4%     0.0%     3.8%     1.3%
Apr 10 07:25:06     46.7    15270929      289    82.5%    288.6     0.3%    12.1%     0.4%     0.0%     3.8%     1.3%
Apr 10 07:26:14     46.6    16088275      289    82.4%    288.5     0.3%    12.1%     0.4%     0.0%     3.8%     1.3%
Apr 10 07:27:14     46.5    16860220      289    82.4%    288.5     0.3%    12.1%     0.4%     0.0%     3.8%     1.3%
Apr 10 07:28:16     46.7    17723031      289    82.4%    288.5     0.3%    12.1%     0.4%     0.0%     3.8%     1.3%
Apr 10 07:29:23     46.7    18585650      289    82.4%    288.5     0.3%    12.1%     0.4%     0.0%     3.8%     1.3%
Apr 10 07:30:24     46.6    19356896      289    82.4%    288.5     0.3%    12.1%     0.4%     0.0%     3.8%     1.3%
Apr 10 07:31:24     46.7    20173155      289    82.4%    288.5     0.3%    12.1%     0.4%     0.0%     3.8%     1.3%
Apr 10 07:32:25     46.7    20944233      289    82.4%    288.5     0.3%    12.1%     0.4%     0.0%     3.8%     1.3%
Apr 10 07:33:25     46.8    21761120      289    82.4%    288.5     0.3%    12.1%     0.4%     0.0%     3.8%     1.3%
Apr 10 07:34:34     46.6    22578355      289    82.4%    288.5     0.3%    12.1%     0.4%     0.0%     3.8%     1.3%
Apr 10 07:35:38     46.6    23395350      289    82.4%    288.5     0.3%    12.1%     0.4%     0.0%     3.8%     1.3%
Apr 10 07:36:41     46.6    24212636      289    82.4%    288.5     0.3%    12.1%     0.4%     0.0%     3.8%     1.3%
ALL DONE!
