                                 Started job on |	Mar 26 11:00:32
                             Started mapping on |	Mar 26 11:26:16
                                    Finished on |	Mar 26 12:08:42
       Mapping speed, Million of reads per hour |	49.04

                          Number of input reads |	34678892
                      Average input read length |	286
                                    UNIQUE READS:
                   Uniquely mapped reads number |	28713463
                        Uniquely mapped reads % |	82.80%
                          Average mapped length |	285.56
                       Number of splices: Total |	40273575
            Number of splices: Annotated (sjdb) |	40221209
                       Number of splices: GT/AG |	39830264
                       Number of splices: GC/AG |	326394
                       Number of splices: AT/AC |	40232
               Number of splices: Non-canonical |	76685
                      Mismatch rate per base, % |	0.32%
                         Deletion rate per base |	0.01%
                        Deletion average length |	1.66
                        Insertion rate per base |	0.00%
                       Insertion average length |	1.64
                             MULTI-MAPPING READS:
        Number of reads mapped to multiple loci |	4052755
             % of reads mapped to multiple loci |	11.69%
        Number of reads mapped to too many loci |	118444
             % of reads mapped to too many loci |	0.34%
                                  UNMAPPED READS:
  Number of reads unmapped: too many mismatches |	0
       % of reads unmapped: too many mismatches |	0.00%
            Number of reads unmapped: too short |	1443494
                 % of reads unmapped: too short |	4.16%
                Number of reads unmapped: other |	350736
                     % of reads unmapped: other |	1.01%
                                  CHIMERIC READS:
                       Number of chimeric reads |	0
                            % of chimeric reads |	0.00%
