           Time    Speed        Read     Read   Mapped   Mapped   Mapped   Mapped Unmapped Unmapped Unmapped Unmapped
                    M/hr      number   length   unique   length   MMrate    multi   multi+       MM    short    other
Mar 28 14:55:42	Started 1st pass mapping
Mar 28 14:55:55     12.7       45982      290    87.4%    290.0     0.3%     8.3%     0.4%     0.0%     3.4%     0.5%
Mar 28 14:56:57     89.8     1870939      290    87.2%    289.8     0.3%     8.3%     0.4%     0.0%     3.6%     0.5%
Mar 28 14:57:59     97.0     3689793      290    87.2%    289.8     0.3%     8.3%     0.4%     0.0%     3.6%     0.5%
Mar 28 14:59:02     99.1     5508222      290    87.2%    289.8     0.3%     8.3%     0.4%     0.0%     3.6%     0.5%
Mar 28 15:00:03    101.1     7328672      290    87.1%    289.7     0.3%     8.3%     0.4%     0.0%     3.7%     0.5%
Mar 28 15:01:06    101.7     9149124      290    87.0%    289.7     0.3%     8.3%     0.4%     0.0%     3.7%     0.5%
Mar 28 15:02:08    102.2    10962643      290    87.0%    289.7     0.3%     8.3%     0.4%     0.0%     3.7%     0.5%
Mar 28 15:03:10    102.6    12769763      290    87.0%    289.7     0.3%     8.3%     0.4%     0.0%     3.7%     0.5%
Mar 28 15:04:12    102.9    14576477      290    87.0%    289.7     0.3%     8.3%     0.4%     0.0%     3.7%     0.5%
Mar 28 15:05:17    102.6    16384115      290    87.0%    289.7     0.3%     8.3%     0.4%     0.0%     3.7%     0.5%
Mar 28 15:06:18    103.0    18192598      290    87.0%    289.7     0.3%     8.3%     0.4%     0.0%     3.8%     0.5%
Mar 28 15:07:18    102.8    19865191      290    87.0%    289.6     0.3%     8.3%     0.4%     0.0%     3.8%     0.5%
Mar 28 15:08:18    102.8    21582355      290    87.0%    289.7     0.3%     8.3%     0.4%     0.0%     3.8%     0.5%
Mar 28 15:09:20    102.7    23344322      290    87.0%    289.7     0.3%     8.3%     0.4%     0.0%     3.8%     0.5%
Mar 28 15:10:20    102.9    25106372      290    87.0%    289.7     0.3%     8.3%     0.4%     0.0%     3.8%     0.5%
Mar 28 15:11:20    103.1    26869692      290    87.0%    289.7     0.3%     8.3%     0.4%     0.0%     3.8%     0.5%
Mar 28 15:12:20    102.8    28497797      290    87.0%    289.7     0.3%     8.3%     0.4%     0.0%     3.8%     0.5%
Mar 28 15:13:22    102.6    30216461      290    87.0%    289.6     0.3%     8.3%     0.4%     0.0%     3.8%     0.5%
Mar 28 15:14:24    102.8    32023863      290    87.0%    289.6     0.3%     8.3%     0.4%     0.0%     3.8%     0.5%
Mar 28 15:15:25    103.0    33830694      290    87.0%    289.6     0.3%     8.3%     0.4%     0.0%     3.8%     0.5%
Mar 28 15:16:25    102.7    35457127      290    87.0%    289.7     0.3%     8.3%     0.4%     0.0%     3.8%     0.5%
Mar 28 15:17:28    102.6    37220018      290    87.0%    289.6     0.3%     8.3%     0.4%     0.0%     3.8%     0.5%
Mar 28 15:18:31    102.6    39028314      290    87.0%    289.6     0.3%     8.3%     0.4%     0.0%     3.8%     0.5%
Mar 28 15:19:32    102.7    40792112      290    86.9%    289.6     0.3%     8.3%     0.4%     0.0%     3.8%     0.5%
Mar 28 15:19:37	Finished 1st pass mapping
Mar 28 15:22:27     36.4      778219      290    78.2%    289.2     0.3%    17.0%     0.3%     0.0%     3.6%     0.9%
Mar 28 15:23:41     44.6     1870939      290    78.2%    289.2     0.3%    17.1%     0.3%     0.0%     3.6%     0.8%
Mar 28 15:24:41     49.8     2917014      290    78.1%    289.2     0.3%    17.1%     0.3%     0.0%     3.6%     0.8%
Mar 28 15:25:49     47.6     3689771      290    78.2%    289.2     0.3%    17.1%     0.3%     0.0%     3.6%     0.8%
Mar 28 15:26:50     50.1     4735161      290    78.2%    289.2     0.3%    17.1%     0.3%     0.0%     3.6%     0.8%
Mar 28 15:27:57     48.7     5508248      290    78.1%    289.2     0.3%    17.1%     0.3%     0.0%     3.6%     0.8%
Mar 28 15:28:59     50.0     6509648      290    78.1%    289.1     0.3%    17.1%     0.3%     0.0%     3.6%     0.8%
Mar 28 15:30:04     49.4     7328680      290    78.0%    289.1     0.3%    17.1%     0.3%     0.0%     3.7%     0.8%
Mar 28 15:31:04     49.9     8239187      290    78.0%    289.1     0.3%    17.1%     0.3%     0.0%     3.7%     0.8%
Mar 28 15:32:04     50.1     9103632      290    78.0%    289.1     0.3%    17.2%     0.3%     0.0%     3.7%     0.8%
Mar 28 15:33:06     49.7     9877124      290    78.0%    289.0     0.3%    17.2%     0.3%     0.0%     3.7%     0.8%
Mar 28 15:34:07     50.2    10827095      290    78.0%    289.1     0.3%    17.2%     0.3%     0.0%     3.7%     0.8%
Mar 28 15:35:13     49.9    11685455      290    78.0%    289.1     0.3%    17.2%     0.3%     0.0%     3.7%     0.8%
Mar 28 15:36:14     50.3    12634171      290    78.0%    289.1     0.3%    17.1%     0.3%     0.0%     3.7%     0.8%
Mar 28 15:37:14     50.2    13447391      290    78.0%    289.1     0.3%    17.1%     0.3%     0.0%     3.7%     0.8%
Mar 28 15:38:15     50.1    14260256      290    78.0%    289.1     0.3%    17.1%     0.3%     0.0%     3.7%     0.8%
Mar 28 15:39:16     50.3    15163569      290    78.0%    289.1     0.3%    17.1%     0.3%     0.0%     3.7%     0.8%
Mar 28 15:40:16     50.2    15977179      290    78.0%    289.1     0.3%    17.1%     0.3%     0.0%     3.7%     0.8%
Mar 28 15:41:19     50.1    16836100      290    78.0%    289.1     0.3%    17.1%     0.3%     0.0%     3.7%     0.8%
Mar 28 15:42:21     50.1    17695121      290    78.0%    289.1     0.3%    17.1%     0.3%     0.0%     3.7%     0.8%
Mar 28 15:43:27     50.2    18644498      290    78.0%    289.1     0.3%    17.1%     0.3%     0.0%     3.7%     0.8%
Mar 28 15:44:27     50.3    19503509      290    77.9%    289.1     0.3%    17.1%     0.3%     0.0%     3.8%     0.8%
Mar 28 15:45:27     50.3    20362323      290    77.9%    289.1     0.3%    17.1%     0.3%     0.0%     3.8%     0.8%
Mar 28 15:46:28     50.3    21220995      290    77.9%    289.1     0.3%    17.1%     0.3%     0.0%     3.8%     0.8%
Mar 28 15:47:29     50.3    22079367      290    78.0%    289.1     0.3%    17.1%     0.3%     0.0%     3.7%     0.8%
Mar 28 15:48:33     50.3    22937934      290    78.0%    289.1     0.3%    17.1%     0.3%     0.0%     3.7%     0.8%
Mar 28 15:49:36     50.3    23841209      290    78.0%    289.1     0.3%    17.1%     0.3%     0.0%     3.7%     0.8%
Mar 28 15:50:37     50.3    24699827      290    78.0%    289.1     0.3%    17.1%     0.3%     0.0%     3.7%     0.8%
Mar 28 15:51:37     50.5    25603476      290    78.0%    289.1     0.3%    17.1%     0.3%     0.0%     3.7%     0.8%
Mar 28 15:52:38     50.4    26417487      290    78.0%    289.1     0.3%    17.1%     0.3%     0.0%     3.7%     0.8%
Mar 28 15:53:39     50.4    27276883      290    78.0%    289.1     0.3%    17.1%     0.3%     0.0%     3.7%     0.8%
Mar 28 15:54:43     50.4    28181469      290    77.9%    289.1     0.3%    17.1%     0.3%     0.0%     3.8%     0.8%
Mar 28 15:55:43     50.4    29040589      290    77.9%    289.1     0.3%    17.1%     0.3%     0.0%     3.8%     0.8%
Mar 28 15:56:44     50.4    29854884      290    77.9%    289.0     0.3%    17.1%     0.3%     0.0%     3.8%     0.8%
Mar 28 15:57:46     50.4    30759001      290    77.9%    289.0     0.3%    17.1%     0.3%     0.0%     3.8%     0.8%
Mar 28 15:58:51     50.4    31662371      290    77.9%    289.0     0.3%    17.1%     0.3%     0.0%     3.8%     0.8%
Mar 28 15:59:51     50.4    32520981      290    77.9%    289.1     0.3%    17.1%     0.3%     0.0%     3.8%     0.8%
Mar 28 16:00:53     50.5    33424105      290    77.9%    289.1     0.3%    17.1%     0.3%     0.0%     3.8%     0.8%
Mar 28 16:01:57     50.4    34237345      290    77.9%    289.1     0.3%    17.1%     0.3%     0.0%     3.8%     0.8%
Mar 28 16:03:02     50.4    35185926      290    77.9%    289.1     0.3%    17.1%     0.3%     0.0%     3.8%     0.8%
Mar 28 16:04:06     50.4    36044823      290    77.9%    289.1     0.3%    17.1%     0.3%     0.0%     3.8%     0.8%
Mar 28 16:05:09     50.4    36948690      290    77.9%    289.1     0.3%    17.1%     0.3%     0.0%     3.8%     0.8%
Mar 28 16:06:14     50.3    37807844      290    77.9%    289.0     0.3%    17.1%     0.3%     0.0%     3.8%     0.8%
Mar 28 16:07:17     50.4    38757114      290    77.9%    289.0     0.3%    17.1%     0.3%     0.0%     3.8%     0.8%
Mar 28 16:08:18     50.4    39570960      290    77.9%    289.0     0.3%    17.1%     0.3%     0.0%     3.8%     0.8%
Mar 28 16:09:19     50.3    40339686      290    77.9%    289.0     0.3%    17.1%     0.3%     0.0%     3.8%     0.8%
Mar 28 16:10:29     49.9    40999944      290    77.9%    289.0     0.3%    17.1%     0.3%     0.0%     3.8%     0.8%
ALL DONE!
