                                 Started job on |	Mar 28 13:05:55
                             Started mapping on |	Mar 28 13:34:29
                                    Finished on |	Mar 28 14:21:27
       Mapping speed, Million of reads per hour |	60.66

                          Number of input reads |	47486549
                      Average input read length |	286
                                    UNIQUE READS:
                   Uniquely mapped reads number |	40183458
                        Uniquely mapped reads % |	84.62%
                          Average mapped length |	285.41
                       Number of splices: Total |	61468512
            Number of splices: Annotated (sjdb) |	61392875
                       Number of splices: GT/AG |	60640006
                       Number of splices: GC/AG |	630428
                       Number of splices: AT/AC |	52020
               Number of splices: Non-canonical |	146058
                      Mismatch rate per base, % |	0.31%
                         Deletion rate per base |	0.01%
                        Deletion average length |	1.71
                        Insertion rate per base |	0.00%
                       Insertion average length |	1.75
                             MULTI-MAPPING READS:
        Number of reads mapped to multiple loci |	4900352
             % of reads mapped to multiple loci |	10.32%
        Number of reads mapped to too many loci |	120695
             % of reads mapped to too many loci |	0.25%
                                  UNMAPPED READS:
  Number of reads unmapped: too many mismatches |	0
       % of reads unmapped: too many mismatches |	0.00%
            Number of reads unmapped: too short |	1893735
                 % of reads unmapped: too short |	3.99%
                Number of reads unmapped: other |	388309
                     % of reads unmapped: other |	0.82%
                                  CHIMERIC READS:
                       Number of chimeric reads |	0
                            % of chimeric reads |	0.00%
