           Time    Speed        Read     Read   Mapped   Mapped   Mapped   Mapped Unmapped Unmapped Unmapped Unmapped
                    M/hr      number   length   unique   length   MMrate    multi   multi+       MM    short    other
Apr 10 01:22:01	Started 1st pass mapping
Apr 10 01:22:11     16.8       46721      284    88.4%    283.5     0.3%     7.8%     0.2%     0.0%     3.4%     0.3%
Apr 10 01:23:12    115.7     2281238      283    88.4%    283.2     0.3%     7.7%     0.2%     0.0%     3.5%     0.3%
Apr 10 01:24:12    123.9     4509586      283    88.4%    283.2     0.3%     7.7%     0.2%     0.0%     3.4%     0.3%
Apr 10 01:25:13    126.3     6737788      283    88.4%    283.2     0.3%     7.7%     0.2%     0.0%     3.4%     0.3%
Apr 10 01:26:15    127.1     8965907      283    88.4%    283.2     0.3%     7.7%     0.2%     0.0%     3.4%     0.3%
Apr 10 01:27:15    128.2    11186205      283    88.4%    283.2     0.3%     7.7%     0.2%     0.0%     3.4%     0.3%
Apr 10 01:28:15    129.4    13446676      283    88.4%    283.2     0.3%     7.7%     0.2%     0.0%     3.4%     0.3%
Apr 10 01:29:15    129.9    15660242      283    88.4%    283.2     0.3%     7.7%     0.2%     0.0%     3.4%     0.3%
Apr 10 01:30:16    130.0    17874305      283    88.5%    283.2     0.3%     7.7%     0.2%     0.0%     3.4%     0.3%
Apr 10 01:31:16    130.3    20088230      283    88.5%    283.2     0.3%     7.7%     0.2%     0.0%     3.4%     0.3%
Apr 10 01:32:16    129.5    22117544      283    88.5%    283.2     0.3%     7.7%     0.2%     0.0%     3.4%     0.3%
Apr 10 01:33:16    129.8    24330659      283    88.5%    283.2     0.3%     7.7%     0.2%     0.0%     3.4%     0.3%
Apr 10 01:34:17    129.8    26543985      283    88.5%    283.2     0.3%     7.7%     0.2%     0.0%     3.4%     0.3%
Apr 10 01:34:49	Finished 1st pass mapping
Apr 10 01:37:12     61.8     1167282      283    85.2%    283.0     0.3%    10.6%     0.2%     0.0%     3.5%     0.5%
Apr 10 01:38:19     70.7     2652358      283    85.3%    283.1     0.3%    10.6%     0.2%     0.0%     3.5%     0.5%
Apr 10 01:39:25     74.1     4138055      283    85.3%    283.0     0.3%    10.6%     0.2%     0.0%     3.4%     0.5%
Apr 10 01:40:25     76.9     5577352      283    85.3%    283.1     0.3%    10.6%     0.2%     0.0%     3.4%     0.5%
Apr 10 01:41:25     75.6     6737788      283    85.3%    283.1     0.3%    10.6%     0.2%     0.0%     3.4%     0.5%
Apr 10 01:42:26     76.6     8130261      283    85.3%    283.1     0.3%    10.6%     0.2%     0.0%     3.4%     0.5%
Apr 10 01:43:27     76.3     9383291      283    85.3%    283.1     0.3%    10.6%     0.2%     0.0%     3.4%     0.5%
Apr 10 01:44:31     76.5    10770895      283    85.3%    283.1     0.3%    10.6%     0.2%     0.0%     3.4%     0.5%
Apr 10 01:45:31     76.9    12108628      283    85.3%    283.1     0.3%    10.6%     0.2%     0.0%     3.4%     0.5%
Apr 10 01:46:31     77.2    13446676      283    85.3%    283.1     0.3%    10.6%     0.2%     0.0%     3.4%     0.5%
Apr 10 01:47:31     77.2    14737804      283    85.3%    283.1     0.3%    10.6%     0.2%     0.0%     3.4%     0.5%
Apr 10 01:48:32     77.1    16028819      283    85.3%    283.1     0.3%    10.6%     0.2%     0.0%     3.4%     0.5%
Apr 10 01:49:32     77.0    17274361      283    85.3%    283.1     0.3%    10.6%     0.2%     0.0%     3.4%     0.5%
Apr 10 01:50:33     77.3    18658410      283    85.3%    283.1     0.3%    10.6%     0.2%     0.0%     3.4%     0.5%
Apr 10 01:51:34     77.2    19949864      283    85.3%    283.1     0.3%    10.6%     0.2%     0.0%     3.4%     0.5%
Apr 10 01:52:35     77.3    21287285      283    85.3%    283.1     0.3%    10.6%     0.2%     0.0%     3.4%     0.5%
Apr 10 01:53:35     77.0    22486085      283    85.3%    283.1     0.3%    10.6%     0.2%     0.0%     3.4%     0.5%
Apr 10 01:54:38     77.0    23823390      283    85.3%    283.1     0.3%    10.6%     0.2%     0.0%     3.4%     0.5%
Apr 10 01:55:38     77.2    25160710      283    85.3%    283.1     0.3%    10.6%     0.2%     0.0%     3.4%     0.5%
Apr 10 01:56:38     77.0    26405703      283    85.3%    283.1     0.3%    10.6%     0.2%     0.0%     3.4%     0.5%
Apr 10 01:57:40     77.4    27874313      283    85.3%    283.1     0.3%    10.6%     0.2%     0.0%     3.4%     0.5%
ALL DONE!
