           Time    Speed        Read     Read   Mapped   Mapped   Mapped   Mapped Unmapped Unmapped Unmapped Unmapped
                    M/hr      number   length   unique   length   MMrate    multi   multi+       MM    short    other
Apr 10 04:41:07	Started 1st pass mapping
Apr 10 04:41:20     12.7       45816      292    86.0%    290.8     0.5%     8.4%     0.3%     0.0%     4.6%     0.6%
Apr 10 04:42:27     83.8     1862726      292    84.8%    289.6     0.7%     8.6%     0.3%     0.0%     5.6%     0.7%
Apr 10 04:43:34     90.0     3673509      292    85.0%    289.8     0.7%     8.6%     0.3%     0.0%     5.4%     0.7%
Apr 10 04:44:38     93.6     5484311      292    85.3%    290.0     0.7%     8.6%     0.3%     0.0%     5.2%     0.7%
Apr 10 04:45:44     94.8     7294730      292    85.3%    290.0     0.7%     8.6%     0.3%     0.0%     5.1%     0.7%
Apr 10 04:46:47     96.4     9105453      292    85.4%    290.0     0.6%     8.5%     0.3%     0.0%     5.1%     0.7%
Apr 10 04:47:52     97.0    10911427      292    85.4%    290.1     0.6%     8.6%     0.3%     0.0%     5.0%     0.7%
Apr 10 04:48:57     97.4    12711482      292    85.4%    290.1     0.6%     8.6%     0.3%     0.0%     5.0%     0.7%
Apr 10 04:49:59     98.2    14511593      291    85.5%    290.1     0.6%     8.6%     0.3%     0.0%     4.9%     0.7%
Apr 10 04:51:01     98.9    16311899      291    85.6%    290.2     0.6%     8.6%     0.3%     0.0%     4.9%     0.7%
Apr 10 04:52:01     98.0    17796455      291    85.4%    290.0     0.6%     8.5%     0.3%     0.0%     5.1%     0.7%
Apr 10 04:53:02     98.0    19460322      292    85.3%    290.0     0.6%     8.5%     0.3%     0.0%     5.1%     0.7%
Apr 10 04:54:06     97.2    21034121      292    85.2%    289.9     0.7%     8.5%     0.3%     0.0%     5.2%     0.7%
Apr 10 04:55:06     97.2    22652821      292    85.1%    289.9     0.7%     8.5%     0.3%     0.0%     5.3%     0.7%
Apr 10 04:56:07     97.1    24271829      292    85.2%    289.9     0.7%     8.5%     0.3%     0.0%     5.3%     0.7%
Apr 10 04:57:08     96.8    25846327      292    85.1%    289.8     0.7%     8.5%     0.3%     0.0%     5.4%     0.7%
Apr 10 04:58:11     96.7    27510286      292    85.1%    289.8     0.7%     8.5%     0.3%     0.0%     5.4%     0.7%
Apr 10 04:59:11     96.9    29174549      292    85.0%    289.8     0.7%     8.5%     0.3%     0.0%     5.4%     0.7%
Apr 10 05:00:14     96.5    30748269      292    85.0%    289.8     0.7%     8.5%     0.3%     0.0%     5.5%     0.7%
Apr 10 05:01:14     96.9    32503233      292    85.1%    289.8     0.7%     8.5%     0.3%     0.0%     5.4%     0.7%
Apr 10 05:02:14     96.7    34032763      292    85.0%    289.8     0.7%     8.5%     0.3%     0.0%     5.4%     0.7%
Apr 10 05:03:14     96.2    35472050      292    85.0%    289.8     0.7%     8.5%     0.3%     0.0%     5.5%     0.7%
Apr 10 05:04:14     96.4    37136168      292    85.0%    289.8     0.7%     8.5%     0.3%     0.0%     5.5%     0.7%
Apr 10 05:05:14     96.2    38665739      292    84.9%    289.7     0.7%     8.5%     0.3%     0.0%     5.5%     0.7%
Apr 10 05:06:16     95.9    40195277      292    84.9%    289.7     0.7%     8.5%     0.3%     0.0%     5.6%     0.7%
Apr 10 05:07:16     95.9    41815169      292    84.9%    289.7     0.7%     8.5%     0.3%     0.0%     5.6%     0.7%
Apr 10 05:08:16     95.8    43344431      292    84.8%    289.7     0.7%     8.5%     0.3%     0.0%     5.6%     0.7%
Apr 10 05:09:16     95.7    44919375      292    84.8%    289.7     0.7%     8.5%     0.3%     0.0%     5.6%     0.7%
Apr 10 05:10:17     95.6    46449082      292    84.8%    289.6     0.7%     8.5%     0.3%     0.0%     5.7%     0.7%
Apr 10 05:11:17     95.5    48024100      292    84.8%    289.6     0.7%     8.5%     0.3%     0.0%     5.7%     0.7%
Apr 10 05:12:17     95.4    49552552      292    84.8%    289.6     0.7%     8.5%     0.3%     0.0%     5.7%     0.7%
Apr 10 05:13:17     94.9    50900532      292    84.7%    289.6     0.7%     8.5%     0.3%     0.0%     5.8%     0.7%
Apr 10 05:14:17     94.8    52383138      292    84.7%    289.5     0.7%     8.5%     0.3%     0.0%     5.8%     0.7%
Apr 10 05:15:19     94.2    53686386      292    84.6%    289.5     0.8%     8.5%     0.3%     0.0%     5.9%     0.7%
Apr 10 05:16:19     94.3    55350144      292    84.5%    289.5     0.8%     8.5%     0.3%     0.0%     5.9%     0.7%
Apr 10 05:17:20     93.9    56654404      292    84.5%    289.4     0.8%     8.5%     0.3%     0.0%     6.0%     0.7%
Apr 10 05:18:20     93.9    58272461      292    84.5%    289.4     0.8%     8.5%     0.3%     0.0%     6.0%     0.7%
Apr 10 05:19:20     93.6    59620650      292    84.4%    289.4     0.8%     8.5%     0.3%     0.0%     6.1%     0.7%
Apr 10 05:20:20     93.6    61149037      292    84.4%    289.4     0.8%     8.5%     0.3%     0.0%     6.1%     0.7%
Apr 10 05:21:21     93.4    62633270      292    84.3%    289.3     0.8%     8.5%     0.3%     0.0%     6.2%     0.7%
Apr 10 05:22:21     93.3    64118420      292    84.3%    289.3     0.8%     8.5%     0.3%     0.0%     6.2%     0.7%
Apr 10 05:22:39	Finished 1st pass mapping
Apr 10 05:25:38     35.8      774970      292    81.8%    289.2     0.8%    10.8%     0.3%     0.0%     6.0%     1.1%
Apr 10 05:26:38     47.4     1817465      292    82.2%    289.5     0.7%    10.8%     0.3%     0.0%     5.7%     1.1%
Apr 10 05:27:43     45.9     2587198      291    82.6%    289.8     0.7%    10.8%     0.3%     0.0%     5.3%     1.1%
Apr 10 05:28:43     48.4     3537728      292    82.5%    289.7     0.7%    10.8%     0.3%     0.0%     5.4%     1.1%
Apr 10 05:29:54     47.4     4397843      292    82.5%    289.8     0.7%    10.8%     0.3%     0.0%     5.4%     1.1%
Apr 10 05:31:06     48.6     5484377      292    82.7%    290.0     0.6%    10.8%     0.3%     0.0%     5.2%     1.1%
Apr 10 05:32:08     50.2     6525223      292    82.7%    289.9     0.6%    10.8%     0.3%     0.0%     5.2%     1.1%
Apr 10 05:33:13     49.3     7294731      292    82.7%    290.0     0.6%    10.8%     0.3%     0.0%     5.2%     1.1%
Apr 10 05:34:16     50.4     8335830      292    82.8%    290.0     0.6%    10.8%     0.3%     0.0%     5.0%     1.1%
Apr 10 05:35:19     50.0     9150744      292    82.8%    290.0     0.6%    10.8%     0.3%     0.0%     5.1%     1.1%
Apr 10 05:36:26     50.3    10146259      292    82.8%    290.0     0.6%    10.8%     0.3%     0.0%     5.1%     1.1%
Apr 10 05:37:27     50.5    11046311      292    82.9%    290.0     0.6%    10.8%     0.3%     0.0%     5.0%     1.1%
Apr 10 05:38:39     50.3    11991381      292    82.8%    290.0     0.6%    10.8%     0.3%     0.0%     5.0%     1.1%
Apr 10 05:39:39     50.7    12936593      291    82.9%    290.0     0.6%    10.8%     0.3%     0.0%     5.0%     1.1%
Apr 10 05:40:40     50.7    13791702      291    82.9%    290.1     0.6%    10.8%     0.3%     0.0%     4.9%     1.1%
Apr 10 05:41:41     51.0    14736679      291    82.9%    290.1     0.6%    10.8%     0.3%     0.0%     5.0%     1.1%
Apr 10 05:42:43     50.9    15591859      291    83.0%    290.1     0.6%    10.8%     0.3%     0.0%     4.9%     1.1%
Apr 10 05:43:44     51.1    16536873      291    83.0%    290.1     0.6%    10.8%     0.3%     0.0%     4.9%     1.1%
Apr 10 05:44:49     50.9    17391607      291    82.8%    290.0     0.6%    10.8%     0.3%     0.0%     5.0%     1.1%
Apr 10 05:45:49     51.0    18246304      292    82.8%    290.0     0.6%    10.7%     0.3%     0.0%     5.1%     1.1%
Apr 10 05:46:53     50.9    19145495      292    82.8%    290.0     0.6%    10.7%     0.3%     0.0%     5.1%     1.1%
Apr 10 05:47:56     50.7    19954792      292    82.7%    289.9     0.6%    10.7%     0.3%     0.0%     5.2%     1.1%
Apr 10 05:49:00     50.8    20899199      292    82.6%    289.9     0.6%    10.7%     0.3%     0.0%     5.3%     1.1%
Apr 10 05:50:00     50.7    21708257      292    82.7%    289.9     0.6%    10.7%     0.3%     0.0%     5.2%     1.1%
Apr 10 05:51:00     50.6    22472888      292    82.6%    289.8     0.6%    10.7%     0.3%     0.0%     5.3%     1.1%
Apr 10 05:52:00     50.6    23327416      292    82.6%    289.8     0.7%    10.7%     0.3%     0.0%     5.3%     1.1%
Apr 10 05:53:00     50.7    24226929      292    82.6%    289.9     0.6%    10.7%     0.3%     0.0%     5.3%     1.1%
Apr 10 05:54:02     50.6    25036412      292    82.5%    289.8     0.7%    10.7%     0.3%     0.0%     5.4%     1.1%
Apr 10 05:55:03     50.6    25891333      292    82.5%    289.8     0.7%    10.7%     0.3%     0.0%     5.4%     1.1%
Apr 10 05:56:03     50.6    26746144      292    82.5%    289.8     0.7%    10.7%     0.3%     0.0%     5.4%     1.1%
Apr 10 05:57:03     50.5    27510264      292    82.5%    289.8     0.7%    10.7%     0.3%     0.0%     5.4%     1.1%
Apr 10 05:58:04     50.5    28409684      292    82.5%    289.8     0.7%    10.7%     0.3%     0.0%     5.5%     1.1%
Apr 10 05:59:11     50.5    29309511      292    82.5%    289.8     0.7%    10.7%     0.3%     0.0%     5.4%     1.1%
Apr 10 06:00:11     50.6    30208527      292    82.5%    289.8     0.7%    10.7%     0.3%     0.0%     5.5%     1.1%
Apr 10 06:01:13     50.5    31063244      292    82.5%    289.8     0.7%    10.7%     0.3%     0.0%     5.5%     1.1%
Apr 10 06:02:14     50.5    31918325      292    82.5%    289.8     0.7%    10.7%     0.3%     0.0%     5.5%     1.1%
Apr 10 06:03:23     50.5    32863141      292    82.5%    289.8     0.7%    10.7%     0.3%     0.0%     5.4%     1.1%
Apr 10 06:04:24     50.6    33762888      292    82.5%    289.8     0.7%    10.7%     0.3%     0.0%     5.4%     1.1%
Apr 10 06:05:25     50.5    34572410      292    82.5%    289.8     0.7%    10.7%     0.3%     0.0%     5.5%     1.1%
Apr 10 06:06:25     50.4    35337142      292    82.4%    289.7     0.7%    10.7%     0.3%     0.0%     5.5%     1.1%
Apr 10 06:07:25     50.4    36191755      292    82.4%    289.7     0.7%    10.7%     0.3%     0.0%     5.5%     1.1%
Apr 10 06:08:30     50.4    37091176      292    82.4%    289.7     0.7%    10.7%     0.3%     0.0%     5.5%     1.1%
Apr 10 06:09:33     50.2    37855745      292    82.4%    289.7     0.7%    10.7%     0.3%     0.0%     5.6%     1.1%
Apr 10 06:10:33     50.3    38755727      292    82.4%    289.7     0.7%    10.7%     0.3%     0.0%     5.5%     1.1%
Apr 10 06:11:33     50.3    39610571      292    82.4%    289.7     0.7%    10.7%     0.3%     0.0%     5.6%     1.1%
Apr 10 06:12:36     50.2    40375194      292    82.3%    289.7     0.7%    10.7%     0.3%     0.0%     5.6%     1.1%
Apr 10 06:13:39     50.2    41275179      292    82.3%    289.7     0.7%    10.7%     0.3%     0.0%     5.6%     1.1%
Apr 10 06:14:40     50.2    42085170      292    82.3%    289.7     0.7%    10.7%     0.3%     0.0%     5.6%     1.1%
Apr 10 06:15:43     50.1    42894648      292    82.3%    289.6     0.7%    10.7%     0.3%     0.0%     5.6%     1.1%
Apr 10 06:16:43     50.2    43794390      292    82.3%    289.6     0.7%    10.7%     0.3%     0.0%     5.6%     1.1%
Apr 10 06:17:43     50.1    44559439      292    82.3%    289.6     0.7%    10.7%     0.3%     0.0%     5.6%     1.1%
Apr 10 06:18:44     50.1    45414023      292    82.3%    289.6     0.7%    10.7%     0.3%     0.0%     5.7%     1.1%
Apr 10 06:19:44     50.1    46269007      292    82.3%    289.6     0.7%    10.7%     0.3%     0.0%     5.7%     1.1%
Apr 10 06:20:44     50.1    47079292      292    82.3%    289.6     0.7%    10.7%     0.3%     0.0%     5.7%     1.1%
Apr 10 06:21:46     50.1    47934199      292    82.3%    289.6     0.7%    10.7%     0.3%     0.0%     5.7%     1.1%
Apr 10 06:22:49     50.0    48698707      292    82.2%    289.6     0.7%    10.7%     0.3%     0.0%     5.7%     1.1%
Apr 10 06:23:49     50.0    49597485      292    82.3%    289.6     0.7%    10.7%     0.3%     0.0%     5.7%     1.1%
Apr 10 06:24:49     50.0    50406380      292    82.2%    289.6     0.7%    10.7%     0.3%     0.0%     5.7%     1.1%
Apr 10 06:25:49     49.9    51125020      292    82.1%    289.5     0.7%    10.7%     0.3%     0.0%     5.8%     1.1%
Apr 10 06:26:51     49.8    51889141      292    82.1%    289.5     0.7%    10.7%     0.3%     0.0%     5.8%     1.1%
Apr 10 06:27:52     49.7    52652783      292    82.1%    289.5     0.7%    10.7%     0.3%     0.0%     5.9%     1.1%
Apr 10 06:28:52     49.7    53461842      292    82.1%    289.4     0.7%    10.7%     0.3%     0.0%     5.9%     1.1%
Apr 10 06:29:53     49.6    54225972      292    82.0%    289.4     0.7%    10.7%     0.3%     0.0%     6.0%     1.1%
Apr 10 06:30:54     49.6    55080192      292    82.0%    289.4     0.7%    10.7%     0.3%     0.0%     5.9%     1.1%
Apr 10 06:31:58     49.5    55844968      292    82.0%    289.4     0.7%    10.7%     0.3%     0.0%     6.0%     1.1%
Apr 10 06:32:58     49.5    56654432      292    81.9%    289.4     0.7%    10.7%     0.3%     0.0%     6.0%     1.1%
Apr 10 06:33:59     49.6    57553185      292    82.0%    289.4     0.7%    10.7%     0.3%     0.0%     6.0%     1.1%
Apr 10 06:35:03     49.5    58317412      292    81.9%    289.4     0.8%    10.7%     0.3%     0.0%     6.0%     1.1%
Apr 10 06:36:09     49.4    59081165      292    81.9%    289.3     0.8%    10.7%     0.3%     0.0%     6.1%     1.1%
Apr 10 06:37:10     49.4    60025131      292    81.9%    289.3     0.8%    10.7%     0.3%     0.0%     6.1%     1.1%
Apr 10 06:38:15     49.4    60834252      292    81.9%    289.3     0.8%    10.7%     0.3%     0.0%     6.1%     1.1%
Apr 10 06:39:22     49.3    61598388      292    81.8%    289.3     0.8%    10.7%     0.3%     0.0%     6.2%     1.1%
Apr 10 06:40:28     49.3    62588254      292    81.8%    289.3     0.8%    10.7%     0.3%     0.0%     6.2%     1.1%
Apr 10 06:41:29     49.3    63398343      292    81.8%    289.3     0.8%    10.7%     0.3%     0.0%     6.2%     1.1%
Apr 10 06:42:29     49.3    64163404      292    81.8%    289.3     0.8%    10.7%     0.3%     0.0%     6.2%     1.1%
Apr 10 06:43:51     48.7    64581542      292    81.8%    289.3     0.8%    10.7%     0.3%     0.0%     6.2%     1.1%
ALL DONE!
