           Time    Speed        Read     Read   Mapped   Mapped   Mapped   Mapped Unmapped Unmapped Unmapped Unmapped
                    M/hr      number   length   unique   length   MMrate    multi   multi+       MM    short    other
Mar 28 11:19:14	Started 1st pass mapping
Mar 28 11:19:25     15.0       45697      290    81.4%    290.5     0.4%    14.5%     0.3%     0.0%     3.5%     0.4%
Mar 28 11:20:25    101.8     2006780      290    81.4%    290.3     0.4%    14.3%     0.3%     0.0%     3.6%     0.4%
Mar 28 11:21:25    110.1     4006009      290    81.5%    290.4     0.4%    14.3%     0.3%     0.0%     3.5%     0.4%
Mar 28 11:22:29    108.3     5868527      290    81.5%    290.4     0.4%    14.3%     0.3%     0.0%     3.5%     0.4%
Mar 28 11:23:29    108.5     7686796      290    81.4%    290.4     0.4%    14.3%     0.3%     0.0%     3.6%     0.4%
Mar 28 11:24:29    109.1     9550576      290    81.4%    290.4     0.4%    14.3%     0.3%     0.0%     3.6%     0.4%
Mar 28 11:25:29    110.8    11540787      290    81.4%    290.4     0.4%    14.3%     0.3%     0.0%     3.6%     0.4%
Mar 28 11:26:29    110.8    13391975      290    81.5%    290.4     0.4%    14.3%     0.3%     0.0%     3.5%     0.4%
Mar 28 11:27:33    110.0    15241955      290    81.5%    290.4     0.4%    14.3%     0.3%     0.0%     3.5%     0.4%
Mar 28 11:28:33    110.9    17227683      290    81.5%    290.5     0.4%    14.3%     0.3%     0.0%     3.5%     0.4%
Mar 28 11:29:33    111.2    19122496      290    81.6%    290.5     0.4%    14.2%     0.3%     0.0%     3.5%     0.4%
Mar 28 11:30:35    111.1    21018774      290    81.6%    290.5     0.4%    14.2%     0.3%     0.0%     3.5%     0.4%
Mar 28 11:31:35    111.3    22914440      290    81.6%    290.5     0.3%    14.2%     0.3%     0.0%     3.5%     0.4%
Mar 28 11:32:35    111.5    24810272      290    81.6%    290.5     0.3%    14.2%     0.3%     0.0%     3.4%     0.4%
Mar 28 11:33:37    110.7    26526057      290    81.5%    290.5     0.4%    14.2%     0.3%     0.0%     3.5%     0.4%
Mar 28 11:34:38    110.0    28242673      290    81.5%    290.4     0.4%    14.2%     0.3%     0.0%     3.6%     0.4%
Mar 28 11:35:41    109.6    30049800      290    81.4%    290.4     0.4%    14.2%     0.3%     0.0%     3.7%     0.4%
Mar 28 11:36:41    109.2    31767080      290    81.3%    290.3     0.4%    14.3%     0.3%     0.0%     3.7%     0.4%
Mar 28 11:37:41    108.6    33394105      290    81.3%    290.3     0.4%    14.3%     0.3%     0.0%     3.8%     0.4%
Mar 28 11:38:42    108.4    35156599      290    81.2%    290.2     0.4%    14.3%     0.3%     0.0%     3.8%     0.4%
Mar 28 11:39:42    108.0    36829100      290    81.2%    290.2     0.4%    14.3%     0.3%     0.0%     3.8%     0.4%
Mar 28 11:40:45    107.2    38454173      290    81.1%    290.1     0.4%    14.3%     0.3%     0.0%     3.9%     0.4%
Mar 28 11:41:45    106.8    40079204      290    81.0%    290.1     0.5%    14.3%     0.3%     0.0%     4.0%     0.4%
Mar 28 11:42:47    106.3    41704883      290    81.0%    290.0     0.5%    14.3%     0.3%     0.0%     4.0%     0.4%
Mar 28 11:43:48    105.9    43376291      290    80.9%    290.0     0.5%    14.3%     0.3%     0.0%     4.1%     0.4%
Mar 28 11:44:49    105.3    44911139      290    80.8%    289.9     0.5%    14.3%     0.3%     0.0%     4.2%     0.4%
Mar 28 11:45:51    104.9    46536469      290    80.8%    289.9     0.5%    14.3%     0.3%     0.0%     4.2%     0.4%
Mar 28 11:46:52    104.7    48208531      290    80.7%    289.8     0.5%    14.3%     0.3%     0.0%     4.3%     0.4%
Mar 28 11:47:07	Finished 1st pass mapping
Mar 28 11:49:57     41.2      778030      290    78.5%    290.2     0.4%    16.5%     0.3%     0.0%     3.8%     0.8%
Mar 28 11:51:06     49.2     1870526      290    78.8%    290.3     0.4%    16.5%     0.3%     0.0%     3.6%     0.8%
Mar 28 11:52:14     52.0     2961059      290    78.8%    290.3     0.4%    16.5%     0.3%     0.0%     3.6%     0.8%
Mar 28 11:53:24     53.0     4051406      290    78.9%    290.4     0.3%    16.4%     0.3%     0.0%     3.5%     0.8%
Mar 28 11:54:33     53.8     5141726      290    78.9%    290.4     0.4%    16.5%     0.3%     0.0%     3.5%     0.8%
Mar 28 11:55:33     54.7     6140812      290    78.9%    290.4     0.3%    16.4%     0.3%     0.0%     3.5%     0.8%
Mar 28 11:56:35     53.8     6959175      290    78.9%    290.4     0.4%    16.4%     0.3%     0.0%     3.6%     0.8%
Mar 28 11:57:38     54.5     8005113      290    78.8%    290.3     0.4%    16.5%     0.3%     0.0%     3.6%     0.8%
Mar 28 11:58:39     54.4     8914009      290    78.8%    290.3     0.4%    16.5%     0.3%     0.0%     3.6%     0.8%
Mar 28 11:59:40     54.6     9868698      290    78.8%    290.4     0.4%    16.5%     0.3%     0.0%     3.6%     0.8%
Mar 28 12:00:42     55.1    10908211      290    78.9%    290.4     0.4%    16.5%     0.3%     0.0%     3.6%     0.8%
Mar 28 12:01:42     55.0    11811716      290    78.9%    290.4     0.4%    16.5%     0.3%     0.0%     3.6%     0.8%
Mar 28 12:02:42     54.9    12714532      290    78.9%    290.4     0.4%    16.4%     0.3%     0.0%     3.6%     0.8%
Mar 28 12:03:52     55.0    13798160      290    78.9%    290.4     0.4%    16.4%     0.3%     0.0%     3.6%     0.8%
Mar 28 12:04:52     55.5    14835623      290    78.9%    290.4     0.3%    16.4%     0.3%     0.0%     3.5%     0.8%
Mar 28 12:05:55     55.1    15693378      290    78.9%    290.4     0.3%    16.4%     0.3%     0.0%     3.5%     0.8%
Mar 28 12:06:56     55.3    16685682      290    79.0%    290.4     0.3%    16.4%     0.3%     0.0%     3.5%     0.8%
Mar 28 12:07:57     55.2    17588725      290    79.0%    290.4     0.3%    16.4%     0.3%     0.0%     3.5%     0.8%
Mar 28 12:09:00     55.1    18535818      290    79.0%    290.5     0.3%    16.4%     0.3%     0.0%     3.5%     0.8%
Mar 28 12:10:02     55.2    19529129      290    79.0%    290.5     0.3%    16.4%     0.3%     0.0%     3.5%     0.8%
Mar 28 12:11:04     55.1    20432176      290    79.0%    290.5     0.3%    16.4%     0.3%     0.0%     3.5%     0.8%
Mar 28 12:12:07     55.2    21425200      290    79.0%    290.5     0.3%    16.4%     0.3%     0.0%     3.5%     0.8%
Mar 28 12:13:09     55.3    22418419      290    79.0%    290.5     0.3%    16.4%     0.3%     0.0%     3.5%     0.8%
Mar 28 12:14:09     55.2    23320841      290    79.0%    290.5     0.3%    16.4%     0.3%     0.0%     3.5%     0.8%
Mar 28 12:15:09     55.3    24268949      290    79.0%    290.5     0.3%    16.4%     0.3%     0.0%     3.5%     0.8%
Mar 28 12:16:11     55.4    25261388      290    79.0%    290.5     0.3%    16.4%     0.3%     0.0%     3.5%     0.8%
Mar 28 12:17:11     55.2    26074482      290    79.0%    290.5     0.3%    16.4%     0.3%     0.0%     3.5%     0.8%
Mar 28 12:18:11     54.9    26887521      290    78.9%    290.4     0.4%    16.4%     0.3%     0.0%     3.5%     0.8%
Mar 28 12:19:11     54.9    27791090      290    78.9%    290.4     0.4%    16.4%     0.3%     0.0%     3.6%     0.8%
Mar 28 12:20:12     54.8    28648928      290    78.9%    290.4     0.4%    16.4%     0.3%     0.0%     3.6%     0.8%
Mar 28 12:21:17     54.7    29597970      290    78.8%    290.3     0.4%    16.4%     0.3%     0.0%     3.7%     0.8%
Mar 28 12:22:21     54.5    30456379      290    78.8%    290.3     0.4%    16.4%     0.3%     0.0%     3.7%     0.8%
Mar 28 12:23:24     54.6    31450644      290    78.7%    290.3     0.4%    16.4%     0.3%     0.0%     3.7%     0.8%
Mar 28 12:24:24     54.5    32309476      290    78.7%    290.3     0.4%    16.4%     0.3%     0.0%     3.7%     0.8%
Mar 28 12:25:28     54.4    33213353      290    78.7%    290.2     0.4%    16.4%     0.3%     0.0%     3.8%     0.8%
Mar 28 12:26:31     54.3    34117128      290    78.7%    290.2     0.4%    16.4%     0.3%     0.0%     3.8%     0.8%
Mar 28 12:27:31     54.3    35020988      290    78.6%    290.2     0.4%    16.4%     0.3%     0.0%     3.8%     0.8%
Mar 28 12:28:32     54.2    35880023      290    78.6%    290.2     0.4%    16.4%     0.3%     0.0%     3.8%     0.8%
Mar 28 12:29:34     54.2    36783885      290    78.6%    290.1     0.4%    16.4%     0.3%     0.0%     3.9%     0.8%
Mar 28 12:30:34     54.1    37641669      290    78.6%    290.1     0.4%    16.4%     0.3%     0.0%     3.9%     0.8%
Mar 28 12:31:35     54.0    38499332      290    78.5%    290.1     0.4%    16.4%     0.3%     0.0%     3.9%     0.8%
Mar 28 12:32:36     53.9    39312026      290    78.5%    290.0     0.4%    16.4%     0.3%     0.0%     4.0%     0.8%
Mar 28 12:33:37     53.8    40169489      290    78.4%    290.0     0.4%    16.4%     0.3%     0.0%     4.0%     0.8%
Mar 28 12:34:37     53.7    41027530      290    78.4%    290.0     0.5%    16.4%     0.3%     0.0%     4.0%     0.8%
Mar 28 12:35:42     53.5    41840364      290    78.4%    290.0     0.5%    16.4%     0.3%     0.0%     4.1%     0.8%
Mar 28 12:36:44     53.5    42743952      290    78.3%    289.9     0.5%    16.4%     0.3%     0.0%     4.1%     0.8%
Mar 28 12:37:45     53.4    43556730      290    78.3%    289.9     0.5%    16.4%     0.3%     0.0%     4.1%     0.8%
Mar 28 12:38:46     53.4    44414633      290    78.3%    289.9     0.5%    16.4%     0.3%     0.0%     4.2%     0.8%
Mar 28 12:39:47     53.3    45272429      290    78.2%    289.9     0.5%    16.4%     0.3%     0.0%     4.2%     0.8%
Mar 28 12:40:47     53.3    46130139      290    78.2%    289.8     0.5%    16.4%     0.3%     0.0%     4.2%     0.8%
Mar 28 12:41:52     53.1    46988417      290    78.2%    289.8     0.5%    16.4%     0.3%     0.0%     4.3%     0.8%
Mar 28 12:42:52     53.2    47892142      290    78.2%    289.8     0.5%    16.4%     0.3%     0.0%     4.3%     0.8%
Mar 28 12:44:30     52.4    48666516      290    78.1%    289.8     0.5%    16.4%     0.3%     0.0%     4.3%     0.8%
ALL DONE!
