           Time    Speed        Read     Read   Mapped   Mapped   Mapped   Mapped Unmapped Unmapped Unmapped Unmapped
                    M/hr      number   length   unique   length   MMrate    multi   multi+       MM    short    other
Apr 10 10:24:44	Started 1st pass mapping
Apr 10 10:24:57     12.9       46523      285    84.6%    284.4     0.3%     9.8%     0.5%     0.0%     4.3%     0.8%
Apr 10 10:26:05     84.6     1903692      284    84.3%    284.1     0.3%    10.0%     0.5%     0.0%     4.5%     0.8%
Apr 10 10:27:05     94.7     3708989      284    84.3%    284.1     0.3%    10.0%     0.5%     0.0%     4.5%     0.8%
Apr 10 10:28:07     92.9     5236656      284    84.3%    284.0     0.3%    10.0%     0.5%     0.0%     4.5%     0.8%
Apr 10 10:29:07     95.8     6995681      284    84.3%    284.0     0.3%    10.0%     0.5%     0.0%     4.5%     0.8%
Apr 10 10:30:08     95.2     8569756      284    84.3%    284.1     0.3%    10.0%     0.5%     0.0%     4.4%     0.8%
Apr 10 10:31:08     96.4    10281108      284    84.3%    284.1     0.3%    10.0%     0.5%     0.0%     4.4%     0.8%
Apr 10 10:32:13     95.7    11936604      284    84.3%    284.1     0.3%    10.0%     0.5%     0.0%     4.4%     0.8%
Apr 10 10:33:18     96.2    13729972      284    84.3%    284.1     0.3%    10.0%     0.5%     0.0%     4.5%     0.8%
Apr 10 10:34:18     96.8    15431625      284    84.3%    284.1     0.3%    10.0%     0.5%     0.0%     4.5%     0.8%
Apr 10 10:35:20     96.5    17041243      284    84.3%    284.1     0.3%    10.0%     0.5%     0.0%     4.5%     0.8%
Apr 10 10:36:21     96.8    18742855      284    84.3%    284.1     0.3%    10.0%     0.5%     0.0%     4.4%     0.8%
Apr 10 10:37:21     96.8    20352569      284    84.3%    284.1     0.3%    10.0%     0.5%     0.0%     4.5%     0.8%
Apr 10 10:38:21     96.6    21915904      284    84.3%    284.1     0.3%    10.0%     0.5%     0.0%     4.5%     0.8%
Apr 10 10:39:23     96.7    23616809      284    84.3%    284.1     0.3%    10.0%     0.5%     0.0%     4.4%     0.8%
Apr 10 10:40:24     96.6    25226876      284    84.3%    284.1     0.3%    10.0%     0.5%     0.0%     4.4%     0.8%
Apr 10 10:41:24     96.8    26882792      284    84.3%    284.1     0.3%    10.0%     0.5%     0.0%     4.4%     0.8%
Apr 10 10:42:25     96.7    28491976      284    84.3%    284.1     0.3%    10.0%     0.5%     0.0%     4.4%     0.8%
Apr 10 10:43:26     96.7    30147944      284    84.3%    284.1     0.3%    10.0%     0.5%     0.0%     4.4%     0.8%
Apr 10 10:44:26     96.7    31756914      284    84.3%    284.1     0.3%    10.0%     0.5%     0.0%     4.4%     0.8%
Apr 10 10:45:26     96.6    33319365      284    84.3%    284.1     0.3%    10.0%     0.5%     0.0%     4.4%     0.8%
Apr 10 10:46:26     96.7    34974253      284    84.3%    284.1     0.3%    10.0%     0.5%     0.0%     4.4%     0.8%
Apr 10 10:47:30     96.4    36583188      284    84.3%    284.1     0.3%    10.0%     0.5%     0.0%     4.4%     0.8%
Apr 10 10:48:31     96.6    38284041      284    84.3%    284.1     0.3%    10.0%     0.5%     0.0%     4.4%     0.8%
Apr 10 10:49:32     96.5    39893195      284    84.3%    284.1     0.3%    10.0%     0.5%     0.0%     4.4%     0.8%
Apr 10 10:49:59	Finished 1st pass mapping
Apr 10 10:52:40     39.0      791717      285    82.8%    284.2     0.3%    11.2%     0.4%     0.0%     4.6%     1.1%
Apr 10 10:53:54     46.6     1903671      284    82.8%    284.1     0.3%    11.2%     0.4%     0.0%     4.6%     1.1%
Apr 10 10:55:09     48.9     3015085      284    82.7%    284.0     0.3%    11.2%     0.4%     0.0%     4.6%     1.1%
Apr 10 10:56:25     49.8     4125528      284    82.7%    284.0     0.3%    11.2%     0.4%     0.0%     4.6%     1.1%
Apr 10 10:57:37     51.0     5236660      284    82.8%    284.0     0.3%    11.2%     0.4%     0.0%     4.6%     1.1%
Apr 10 10:58:49     51.7     6347881      284    82.8%    284.0     0.3%    11.2%     0.4%     0.0%     4.6%     1.1%
Apr 10 11:00:01     52.2     7458563      284    82.8%    284.0     0.3%    11.2%     0.4%     0.0%     4.6%     1.1%
Apr 10 11:01:02     52.8     8431094      284    82.8%    284.0     0.3%    11.2%     0.4%     0.0%     4.5%     1.1%
Apr 10 11:02:07     52.4     9310510      284    82.8%    284.0     0.3%    11.2%     0.4%     0.0%     4.5%     1.1%
Apr 10 11:03:20     52.6    10419104      284    82.8%    284.0     0.3%    11.2%     0.4%     0.0%     4.5%     1.1%
Apr 10 11:04:20     53.2    11431246      284    82.8%    284.0     0.3%    11.2%     0.4%     0.0%     4.5%     1.1%
Apr 10 11:05:24     52.7    12258498      284    82.8%    284.0     0.3%    11.2%     0.4%     0.0%     4.5%     1.1%
Apr 10 11:06:24     53.1    13224556      284    82.8%    284.0     0.3%    11.2%     0.4%     0.0%     4.5%     1.1%
Apr 10 11:07:30     52.7    14097975      284    82.8%    284.0     0.3%    11.2%     0.4%     0.0%     4.5%     1.1%
Apr 10 11:08:30     53.2    15109652      284    82.8%    284.0     0.3%    11.2%     0.4%     0.0%     4.5%     1.1%
Apr 10 11:09:33     52.8    15937564      284    82.8%    284.0     0.3%    11.2%     0.4%     0.0%     4.5%     1.1%
Apr 10 11:10:35     53.0    16903253      284    82.8%    284.0     0.3%    11.2%     0.4%     0.0%     4.5%     1.1%
Apr 10 11:11:37     52.9    17777220      284    82.8%    284.0     0.3%    11.2%     0.4%     0.0%     4.5%     1.1%
Apr 10 11:12:37     52.9    18650904      284    82.8%    284.0     0.3%    11.2%     0.4%     0.0%     4.5%     1.1%
Apr 10 11:13:39     53.1    19663003      284    82.8%    284.0     0.3%    11.2%     0.4%     0.0%     4.5%     1.1%
Apr 10 11:14:41     52.8    20444697      284    82.8%    284.0     0.3%    11.2%     0.4%     0.0%     4.5%     1.1%
Apr 10 11:15:41     53.0    21410336      284    82.8%    284.0     0.3%    11.2%     0.4%     0.0%     4.5%     1.1%
Apr 10 11:16:42     53.0    22283891      284    82.8%    284.0     0.3%    11.2%     0.4%     0.0%     4.5%     1.1%
Apr 10 11:17:42     52.8    23111085      284    82.8%    284.0     0.3%    11.2%     0.4%     0.0%     4.5%     1.1%
Apr 10 11:18:42     53.0    24077029      284    82.8%    284.0     0.3%    11.2%     0.4%     0.0%     4.5%     1.1%
Apr 10 11:19:47     52.7    24904848      284    82.8%    284.0     0.3%    11.2%     0.4%     0.0%     4.5%     1.1%
Apr 10 11:20:52     53.0    25963067      284    82.8%    284.0     0.3%    11.2%     0.4%     0.0%     4.5%     1.1%
Apr 10 11:21:52     52.9    26836814      284    82.8%    284.0     0.3%    11.2%     0.4%     0.0%     4.5%     1.1%
Apr 10 11:22:58     52.9    27802819      284    82.8%    284.0     0.3%    11.2%     0.4%     0.0%     4.5%     1.1%
Apr 10 11:24:00     52.9    28721941      284    82.8%    284.1     0.3%    11.2%     0.4%     0.0%     4.5%     1.1%
Apr 10 11:25:08     52.9    29688422      284    82.8%    284.0     0.3%    11.2%     0.4%     0.0%     4.5%     1.1%
Apr 10 11:26:08     52.9    30607855      284    82.8%    284.0     0.3%    11.2%     0.4%     0.0%     4.5%     1.1%
Apr 10 11:27:11     52.9    31527021      284    82.8%    284.0     0.3%    11.2%     0.4%     0.0%     4.5%     1.1%
Apr 10 11:28:16     52.9    32446620      284    82.8%    284.0     0.3%    11.2%     0.4%     0.0%     4.5%     1.1%
Apr 10 11:29:16     52.9    33319365      284    82.8%    284.1     0.3%    11.2%     0.4%     0.0%     4.5%     1.1%
Apr 10 11:30:18     52.9    34284433      284    82.8%    284.1     0.3%    11.2%     0.4%     0.0%     4.5%     1.1%
Apr 10 11:31:19     52.8    35112210      284    82.8%    284.0     0.3%    11.2%     0.4%     0.0%     4.5%     1.1%
Apr 10 11:32:19     53.0    36077144      284    82.8%    284.0     0.3%    11.2%     0.4%     0.0%     4.5%     1.1%
Apr 10 11:33:19     52.8    36859103      284    82.8%    284.0     0.3%    11.2%     0.4%     0.0%     4.5%     1.1%
Apr 10 11:34:21     53.0    37870154      284    82.8%    284.0     0.3%    11.2%     0.4%     0.0%     4.5%     1.1%
Apr 10 11:35:25     52.8    38697747      284    82.8%    284.1     0.3%    11.2%     0.4%     0.0%     4.5%     1.1%
Apr 10 11:36:27     52.9    39709151      284    82.8%    284.0     0.3%    11.2%     0.4%     0.0%     4.5%     1.1%
Apr 10 11:37:27     53.0    40634750      284    82.8%    284.0     0.3%    11.2%     0.4%     0.0%     4.5%     1.1%
ALL DONE!
