                                 Started job on |	Apr 09 22:45:57
                             Started mapping on |	Apr 09 23:02:51
                                    Finished on |	Apr 09 23:28:42
       Mapping speed, Million of reads per hour |	58.40

                          Number of input reads |	25161543
                      Average input read length |	282
                                    UNIQUE READS:
                   Uniquely mapped reads number |	21037988
                        Uniquely mapped reads % |	83.61%
                          Average mapped length |	282.12
                       Number of splices: Total |	29508091
            Number of splices: Annotated (sjdb) |	29462940
                       Number of splices: GT/AG |	29202179
                       Number of splices: GC/AG |	218881
                       Number of splices: AT/AC |	28804
               Number of splices: Non-canonical |	58227
                      Mismatch rate per base, % |	0.25%
                         Deletion rate per base |	0.01%
                        Deletion average length |	1.71
                        Insertion rate per base |	0.00%
                       Insertion average length |	1.48
                             MULTI-MAPPING READS:
        Number of reads mapped to multiple loci |	2875240
             % of reads mapped to multiple loci |	11.43%
        Number of reads mapped to too many loci |	114217
             % of reads mapped to too many loci |	0.45%
                                  UNMAPPED READS:
  Number of reads unmapped: too many mismatches |	0
       % of reads unmapped: too many mismatches |	0.00%
            Number of reads unmapped: too short |	821863
                 % of reads unmapped: too short |	3.27%
                Number of reads unmapped: other |	312235
                     % of reads unmapped: other |	1.24%
                                  CHIMERIC READS:
                       Number of chimeric reads |	0
                            % of chimeric reads |	0.00%
