           Time    Speed        Read     Read   Mapped   Mapped   Mapped   Mapped Unmapped Unmapped Unmapped Unmapped
                    M/hr      number   length   unique   length   MMrate    multi   multi+       MM    short    other
Mar 28 16:37:29	Started 1st pass mapping
Mar 28 16:37:42     12.9       46654      286    86.5%    285.3     0.3%     8.5%     0.5%     0.0%     3.7%     0.8%
Mar 28 16:38:49     85.4     1898608      285    86.2%    284.9     0.3%     8.6%     0.5%     0.0%     3.9%     0.8%
Mar 28 16:39:56     91.7     3744780      285    86.2%    284.9     0.3%     8.6%     0.5%     0.0%     3.9%     0.9%
Mar 28 16:41:01     94.9     5591101      285    86.2%    284.9     0.3%     8.6%     0.5%     0.0%     3.9%     0.9%
Mar 28 16:42:01     97.2     7345404      285    86.2%    284.9     0.3%     8.6%     0.5%     0.0%     3.8%     0.9%
Mar 28 16:43:01     96.7     8914931      285    86.2%    284.9     0.3%     8.6%     0.5%     0.0%     3.8%     0.9%
Mar 28 16:44:01     97.9    10664798      285    86.2%    284.9     0.3%     8.6%     0.5%     0.0%     3.8%     0.9%
Mar 28 16:45:01     97.7    12269409      285    86.2%    284.9     0.3%     8.6%     0.5%     0.0%     3.8%     0.9%
Mar 28 16:46:02     98.3    14012169      285    86.2%    284.9     0.3%     8.6%     0.5%     0.0%     3.8%     0.9%
Mar 28 16:47:02     98.1    15617230      285    86.2%    284.9     0.3%     8.6%     0.5%     0.0%     3.8%     0.9%
Mar 28 16:48:05     98.3    17359983      285    86.2%    284.9     0.3%     8.6%     0.5%     0.0%     3.8%     0.9%
Mar 28 16:49:05     99.0    19148793      285    86.2%    284.9     0.3%     8.6%     0.5%     0.0%     3.8%     0.9%
Mar 28 16:50:08     98.4    20753260      285    86.2%    284.9     0.3%     8.6%     0.5%     0.0%     3.8%     0.9%
Mar 28 16:51:08     98.7    22449700      285    86.2%    284.9     0.3%     8.6%     0.5%     0.0%     3.8%     0.9%
Mar 28 16:52:08     98.7    24101062      285    86.2%    284.9     0.3%     8.6%     0.5%     0.0%     3.8%     0.9%
Mar 28 16:53:09     98.8    25797996      285    86.3%    284.9     0.3%     8.6%     0.5%     0.0%     3.8%     0.9%
Mar 28 16:54:10     98.7    27448924      285    86.3%    284.9     0.3%     8.6%     0.5%     0.0%     3.8%     0.9%
Mar 28 16:55:10     99.2    29237721      285    86.3%    284.9     0.3%     8.6%     0.5%     0.0%     3.8%     0.9%
Mar 28 16:56:12     98.7    30796568      285    86.3%    284.9     0.3%     8.6%     0.5%     0.0%     3.8%     0.9%
Mar 28 16:57:12     98.9    32492556      285    86.3%    284.9     0.3%     8.6%     0.5%     0.0%     3.8%     0.9%
Mar 28 16:58:14     98.7    34143439      285    86.3%    284.9     0.3%     8.6%     0.5%     0.0%     3.8%     0.9%
Mar 28 16:59:15     98.8    35840106      285    86.3%    284.9     0.3%     8.6%     0.5%     0.0%     3.8%     0.8%
Mar 28 17:00:15     98.8    37490687      285    86.3%    284.9     0.3%     8.6%     0.5%     0.0%     3.8%     0.8%
Mar 28 17:00:54	Finished 1st pass mapping
Mar 28 17:03:35     41.2      789881      285    84.4%    284.9     0.3%    10.3%     0.4%     0.0%     3.8%     1.1%
Mar 28 17:04:44     49.5     1898608      285    84.3%    284.9     0.3%    10.3%     0.4%     0.0%     3.9%     1.1%
Mar 28 17:05:55     51.8     3006638      285    84.2%    284.9     0.3%    10.3%     0.4%     0.0%     3.9%     1.2%
Mar 28 17:07:06     52.9     4114113      285    84.2%    284.8     0.3%    10.3%     0.4%     0.0%     3.9%     1.2%
Mar 28 17:08:08     54.5     5175644      285    84.3%    284.9     0.3%    10.3%     0.4%     0.0%     3.9%     1.2%
Mar 28 17:09:09     54.1     6052942      285    84.3%    284.8     0.3%    10.3%     0.4%     0.0%     3.9%     1.2%
Mar 28 17:10:15     54.3     7068390      285    84.3%    284.9     0.3%    10.3%     0.4%     0.0%     3.8%     1.2%
Mar 28 17:11:17     54.8     8084117      285    84.3%    284.9     0.3%    10.3%     0.4%     0.0%     3.8%     1.2%
Mar 28 17:12:18     54.5     8961093      285    84.3%    284.9     0.3%    10.3%     0.4%     0.0%     3.8%     1.2%
Mar 28 17:13:27     54.6    10022471      285    84.3%    284.9     0.3%    10.3%     0.4%     0.0%     3.8%     1.2%
Mar 28 17:14:28     55.0    11031519      285    84.3%    284.9     0.3%    10.3%     0.4%     0.0%     3.8%     1.2%
Mar 28 17:15:28     54.8    11902466      285    84.3%    284.9     0.3%    10.3%     0.4%     0.0%     3.8%     1.2%
Mar 28 17:16:29     55.1    12911121      285    84.3%    284.9     0.3%    10.3%     0.4%     0.0%     3.8%     1.2%
Mar 28 17:17:32     54.6    13736845      285    84.3%    284.9     0.3%    10.3%     0.4%     0.0%     3.8%     1.2%
Mar 28 17:18:40     54.8    14837509      285    84.3%    284.9     0.3%    10.3%     0.4%     0.0%     3.8%     1.2%
Mar 28 17:19:42     55.2    15892230      285    84.3%    284.9     0.3%    10.3%     0.4%     0.0%     3.8%     1.2%
Mar 28 17:20:42     55.2    16809531      285    84.3%    284.9     0.3%    10.3%     0.4%     0.0%     3.8%     1.2%
Mar 28 17:21:44     55.3    17772696      285    84.3%    284.9     0.3%    10.3%     0.4%     0.0%     3.8%     1.2%
Mar 28 17:22:45     55.5    18781980      285    84.3%    284.9     0.3%    10.3%     0.4%     0.0%     3.8%     1.2%
Mar 28 17:23:49     55.3    19699078      285    84.3%    284.9     0.3%    10.3%     0.4%     0.0%     3.8%     1.2%
Mar 28 17:24:52     55.4    20707352      285    84.3%    284.9     0.3%    10.3%     0.4%     0.0%     3.8%     1.2%
Mar 28 17:25:52     55.4    21624660      285    84.3%    284.9     0.3%    10.3%     0.4%     0.0%     3.8%     1.2%
Mar 28 17:26:56     55.3    22587363      285    84.3%    284.9     0.3%    10.3%     0.4%     0.0%     3.8%     1.2%
Mar 28 17:27:57     55.5    23596503      285    84.3%    284.9     0.3%    10.3%     0.4%     0.0%     3.8%     1.2%
Mar 28 17:28:58     55.3    24468066      285    84.3%    284.9     0.3%    10.3%     0.4%     0.0%     3.8%     1.2%
Mar 28 17:30:04     55.3    25476914      285    84.3%    284.9     0.3%    10.3%     0.4%     0.0%     3.8%     1.2%
Mar 28 17:31:04     55.4    26440173      285    84.3%    284.9     0.3%    10.3%     0.4%     0.0%     3.8%     1.2%
Mar 28 17:32:07     55.3    27357132      285    84.3%    284.9     0.3%    10.3%     0.4%     0.0%     3.8%     1.2%
Mar 28 17:33:08     55.4    28366471      285    84.3%    284.9     0.3%    10.3%     0.4%     0.0%     3.8%     1.2%
Mar 28 17:34:09     55.4    29283543      285    84.3%    284.9     0.3%    10.3%     0.4%     0.0%     3.8%     1.2%
Mar 28 17:35:16     55.3    30246464      285    84.3%    284.9     0.3%    10.3%     0.4%     0.0%     3.8%     1.2%
Mar 28 17:36:16     55.3    31208824      285    84.3%    284.9     0.3%    10.3%     0.4%     0.0%     3.8%     1.2%
Mar 28 17:37:19     55.3    32125771      285    84.3%    284.9     0.3%    10.3%     0.4%     0.0%     3.8%     1.2%
Mar 28 17:38:22     55.3    33134489      285    84.3%    284.9     0.3%    10.3%     0.4%     0.0%     3.8%     1.2%
Mar 28 17:39:22     55.4    34097629      285    84.3%    284.9     0.3%    10.3%     0.4%     0.0%     3.8%     1.2%
Mar 28 17:40:22     55.3    34968877      285    84.3%    284.9     0.3%    10.3%     0.4%     0.0%     3.8%     1.2%
Mar 28 17:41:30     55.3    35977609      285    84.3%    284.9     0.3%    10.3%     0.4%     0.0%     3.8%     1.2%
Mar 28 17:42:30     55.2    36894601      285    84.3%    284.9     0.3%    10.3%     0.4%     0.0%     3.8%     1.2%
Mar 28 17:43:31     55.3    37857671      285    84.3%    284.9     0.3%    10.3%     0.4%     0.0%     3.8%     1.2%
Mar 28 17:44:48     54.7    38615482      285    84.3%    284.9     0.3%    10.3%     0.4%     0.0%     3.8%     1.2%
ALL DONE!
