           Time    Speed        Read     Read   Mapped   Mapped   Mapped   Mapped Unmapped Unmapped Unmapped Unmapped
                    M/hr      number   length   unique   length   MMrate    multi   multi+       MM    short    other
Apr 09 22:46:11	Started 1st pass mapping
Apr 09 22:46:24     13.1       47199      283    86.3%    282.6     0.2%     9.4%     0.6%     0.0%     2.8%     0.9%
Apr 09 22:47:31     86.3     1917256      282    85.8%    282.1     0.3%     9.5%     0.6%     0.0%     3.2%     0.9%
Apr 09 22:48:38     92.6     3781062      282    85.8%    282.1     0.3%     9.5%     0.6%     0.0%     3.3%     0.9%
Apr 09 22:49:41     96.0     5598984      282    85.7%    282.0     0.3%     9.5%     0.6%     0.0%     3.3%     0.9%
Apr 09 22:50:42     97.3     7323763      282    85.7%    282.0     0.3%     9.5%     0.6%     0.0%     3.3%     0.9%
Apr 09 22:51:46     96.7     9001381      282    85.7%    282.1     0.3%     9.5%     0.6%     0.0%     3.3%     0.9%
Apr 09 22:52:46     98.1    10768245      282    85.7%    282.1     0.3%     9.5%     0.6%     0.0%     3.3%     0.9%
Apr 09 22:53:47     98.2    12436074      282    85.7%    282.1     0.3%     9.5%     0.6%     0.0%     3.3%     0.9%
Apr 09 22:54:49     98.3    14148595      282    85.7%    282.1     0.3%     9.5%     0.6%     0.0%     3.3%     0.9%
Apr 09 22:55:50     98.0    15768705      282    85.7%    282.1     0.3%     9.5%     0.6%     0.0%     3.3%     0.9%
Apr 09 22:56:50     98.2    17435561      282    85.7%    282.1     0.3%     9.5%     0.6%     0.0%     3.3%     0.9%
Apr 09 22:57:50     98.4    19102869      282    85.7%    282.1     0.3%     9.5%     0.6%     0.0%     3.3%     0.9%
Apr 09 22:58:50     98.7    20816072      282    85.8%    282.1     0.3%     9.5%     0.6%     0.0%     3.3%     0.9%
Apr 09 22:59:51     98.3    22390672      282    85.8%    282.1     0.3%     9.5%     0.6%     0.0%     3.3%     0.9%
Apr 09 23:00:51     98.8    24150504      282    85.8%    282.1     0.3%     9.5%     0.6%     0.0%     3.2%     0.9%
Apr 09 23:01:26	Finished 1st pass mapping
Apr 09 23:03:56     44.2      797636      282    83.6%    282.1     0.3%    11.4%     0.4%     0.0%     3.3%     1.2%
Apr 09 23:05:02     52.7     1917256      282    83.6%    282.1     0.3%    11.4%     0.4%     0.0%     3.3%     1.2%
Apr 09 23:06:09     55.2     3035398      282    83.6%    282.1     0.3%    11.4%     0.4%     0.0%     3.3%     1.2%
Apr 09 23:07:18     56.0     4154015      282    83.6%    282.0     0.3%    11.4%     0.4%     0.0%     3.3%     1.2%
Apr 09 23:08:27     56.5     5272618      282    83.6%    282.0     0.3%    11.4%     0.5%     0.0%     3.3%     1.2%
Apr 09 23:09:32     57.4     6391651      282    83.6%    282.0     0.3%    11.4%     0.5%     0.0%     3.3%     1.2%
Apr 09 23:10:33     58.2     7463574      282    83.6%    282.0     0.3%    11.4%     0.5%     0.0%     3.3%     1.2%
Apr 09 23:11:33     58.5     8488741      282    83.6%    282.1     0.3%    11.4%     0.5%     0.0%     3.3%     1.2%
Apr 09 23:12:33     58.3     9420783      282    83.6%    282.1     0.3%    11.4%     0.5%     0.0%     3.3%     1.2%
Apr 09 23:13:34     58.5    10444043      282    83.6%    282.1     0.3%    11.4%     0.5%     0.0%     3.3%     1.2%
Apr 09 23:14:44     58.3    11555819      282    83.6%    282.1     0.3%    11.4%     0.5%     0.0%     3.3%     1.2%
Apr 09 23:15:50     58.5    12667489      282    83.6%    282.1     0.3%    11.4%     0.5%     0.0%     3.3%     1.2%
Apr 09 23:16:55     58.8    13778504      282    83.6%    282.1     0.3%    11.4%     0.5%     0.0%     3.3%     1.2%
Apr 09 23:17:55     58.9    14796558      282    83.6%    282.1     0.3%    11.4%     0.5%     0.0%     3.3%     1.2%
Apr 09 23:18:58     58.5    15722419      282    83.6%    282.1     0.3%    11.4%     0.5%     0.0%     3.3%     1.2%
Apr 09 23:20:05     58.6    16833996      282    83.6%    282.1     0.3%    11.4%     0.5%     0.0%     3.3%     1.2%
Apr 09 23:21:07     58.8    17898498      282    83.6%    282.1     0.3%    11.4%     0.5%     0.0%     3.3%     1.2%
Apr 09 23:22:10     58.9    18963861      282    83.6%    282.1     0.3%    11.4%     0.5%     0.0%     3.3%     1.2%
Apr 09 23:23:13     58.9    19982630      282    83.6%    282.1     0.3%    11.4%     0.5%     0.0%     3.3%     1.2%
Apr 09 23:24:13     58.7    20908706      282    83.6%    282.1     0.3%    11.4%     0.5%     0.0%     3.3%     1.2%
Apr 09 23:25:22     58.7    22020172      282    83.6%    282.1     0.3%    11.4%     0.5%     0.0%     3.3%     1.2%
Apr 09 23:26:27     58.8    23131717      282    83.6%    282.1     0.3%    11.4%     0.5%     0.0%     3.3%     1.2%
Apr 09 23:27:36     58.8    24243293      282    83.6%    282.1     0.3%    11.4%     0.5%     0.0%     3.3%     1.2%
Apr 09 23:28:42     58.4    25161543      282    83.6%    282.1     0.3%    11.4%     0.5%     0.0%     3.3%     1.2%
ALL DONE!
