                                 Started job on |	Mar 28 14:55:28
                             Started mapping on |	Mar 28 15:21:10
                                    Finished on |	Mar 28 16:10:29
       Mapping speed, Million of reads per hour |	49.88

                          Number of input reads |	40999944
                      Average input read length |	290
                                    UNIQUE READS:
                   Uniquely mapped reads number |	31940390
                        Uniquely mapped reads % |	77.90%
                          Average mapped length |	289.02
                       Number of splices: Total |	48357258
            Number of splices: Annotated (sjdb) |	48286432
                       Number of splices: GT/AG |	47846624
                       Number of splices: GC/AG |	375860
                       Number of splices: AT/AC |	40381
               Number of splices: Non-canonical |	94393
                      Mismatch rate per base, % |	0.35%
                         Deletion rate per base |	0.01%
                        Deletion average length |	1.78
                        Insertion rate per base |	0.00%
                       Insertion average length |	1.82
                             MULTI-MAPPING READS:
        Number of reads mapped to multiple loci |	7024941
             % of reads mapped to multiple loci |	17.13%
        Number of reads mapped to too many loci |	132760
             % of reads mapped to too many loci |	0.32%
                                  UNMAPPED READS:
  Number of reads unmapped: too many mismatches |	0
       % of reads unmapped: too many mismatches |	0.00%
            Number of reads unmapped: too short |	1556504
                 % of reads unmapped: too short |	3.80%
                Number of reads unmapped: other |	345349
                     % of reads unmapped: other |	0.84%
                                  CHIMERIC READS:
                       Number of chimeric reads |	0
                            % of chimeric reads |	0.00%
