           Time    Speed        Read     Read   Mapped   Mapped   Mapped   Mapped Unmapped Unmapped Unmapped Unmapped
                    M/hr      number   length   unique   length   MMrate    multi   multi+       MM    short    other
Apr 09 23:46:30	Started 1st pass mapping
Apr 09 23:46:43     12.9       46530      285    87.4%    284.4     0.3%     8.0%     0.4%     0.0%     3.7%     0.5%
Apr 09 23:47:46     90.2     1905042      284    87.1%    283.9     0.3%     8.0%     0.4%     0.0%     3.8%     0.6%
Apr 09 23:48:49     97.3     3757574      284    87.1%    283.9     0.3%     8.1%     0.4%     0.0%     3.8%     0.6%
Apr 09 23:49:50    101.0     5610351      284    87.1%    283.9     0.3%     8.1%     0.4%     0.0%     3.8%     0.6%
Apr 09 23:50:50    102.7     7416945      284    87.1%    283.9     0.3%     8.1%     0.4%     0.0%     3.8%     0.6%
Apr 09 23:51:50    102.2     9084592      284    87.1%    283.9     0.3%     8.1%     0.4%     0.0%     3.8%     0.6%
Apr 09 23:52:54    101.6    10839273      284    87.2%    283.9     0.3%     8.1%     0.4%     0.0%     3.8%     0.6%
Apr 09 23:53:56    102.3    12679861      284    87.1%    283.9     0.3%     8.1%     0.4%     0.0%     3.8%     0.6%
Apr 09 23:54:58    102.6    14474445      284    87.1%    283.9     0.3%     8.1%     0.4%     0.0%     3.8%     0.6%
Apr 09 23:55:59    102.9    16268860      284    87.1%    283.9     0.3%     8.1%     0.4%     0.0%     3.8%     0.6%
Apr 09 23:57:01    103.3    18109749      284    87.1%    283.9     0.3%     8.1%     0.4%     0.0%     3.8%     0.6%
Apr 09 23:58:01    103.5    19858782      284    87.1%    283.9     0.3%     8.1%     0.4%     0.0%     3.8%     0.6%
Apr 09 23:59:01    103.4    21560812      284    87.1%    283.9     0.3%     8.1%     0.4%     0.0%     3.8%     0.6%
Apr 10 00:00:01    103.3    23262407      284    87.1%    283.9     0.3%     8.1%     0.4%     0.0%     3.8%     0.6%
Apr 10 00:01:05    103.1    25057258      284    87.1%    283.9     0.3%     8.1%     0.4%     0.0%     3.8%     0.6%
Apr 10 00:02:05    103.4    26852155      284    87.1%    283.9     0.3%     8.1%     0.4%     0.0%     3.8%     0.6%
Apr 10 00:03:05    103.6    28646569      284    87.2%    283.9     0.3%     8.1%     0.4%     0.0%     3.8%     0.6%
Apr 10 00:04:06    103.6    30395617      284    87.2%    283.9     0.3%     8.1%     0.4%     0.0%     3.8%     0.6%
Apr 10 00:05:06    103.5    32097537      284    87.2%    283.9     0.3%     8.1%     0.4%     0.0%     3.8%     0.6%
Apr 10 00:06:06    103.5    33798768      284    87.1%    283.9     0.3%     8.1%     0.4%     0.0%     3.8%     0.6%
Apr 10 00:07:06    103.4    35500925      284    87.1%    283.9     0.3%     8.1%     0.4%     0.0%     3.8%     0.6%
Apr 10 00:08:06    103.3    37203035      284    87.1%    283.9     0.3%     8.1%     0.4%     0.0%     3.8%     0.6%
Apr 10 00:09:06    103.3    38904649      284    87.1%    283.9     0.3%     8.1%     0.4%     0.0%     3.8%     0.6%
Apr 10 00:10:05	Finished 1st pass mapping
Apr 10 00:12:37     43.2      792398      284    85.2%    283.9     0.3%     9.8%     0.3%     0.0%     3.8%     0.9%
Apr 10 00:13:43     52.0     1905042      284    85.1%    283.8     0.3%     9.8%     0.3%     0.0%     3.9%     0.9%
Apr 10 00:14:50     54.6     3016854      284    85.1%    283.8     0.3%     9.8%     0.3%     0.0%     3.9%     0.9%
Apr 10 00:15:55     56.3     4128137      284    85.1%    283.8     0.3%     9.8%     0.3%     0.0%     3.8%     0.9%
Apr 10 00:16:57     56.8     5147277      284    85.1%    283.8     0.3%     9.8%     0.3%     0.0%     3.9%     0.9%
Apr 10 00:17:58     56.1     6027269      284    85.1%    283.8     0.3%     9.8%     0.3%     0.0%     3.8%     0.9%
Apr 10 00:19:06     56.5     7138998      284    85.1%    283.8     0.3%     9.8%     0.3%     0.0%     3.8%     0.9%
Apr 10 00:20:14     56.8     8251019      284    85.1%    283.8     0.3%     9.8%     0.3%     0.0%     3.8%     0.9%
Apr 10 00:21:15     57.4     9316179      284    85.1%    283.8     0.3%     9.8%     0.3%     0.0%     3.8%     0.9%
Apr 10 00:22:17     57.6    10333134      284    85.1%    283.8     0.3%     9.8%     0.3%     0.0%     3.8%     0.9%
Apr 10 00:23:17     57.1    11207502      284    85.1%    283.8     0.3%     9.8%     0.3%     0.0%     3.8%     0.9%
Apr 10 00:24:19     57.3    12219566      284    85.1%    283.8     0.3%     9.8%     0.3%     0.0%     3.8%     0.9%
Apr 10 00:25:20     57.5    13232216      284    85.1%    283.8     0.3%     9.8%     0.3%     0.0%     3.8%     0.9%
Apr 10 00:26:24     57.2    14198193      284    85.1%    283.8     0.3%     9.8%     0.3%     0.0%     3.8%     0.9%
Apr 10 00:27:26     57.3    15210302      284    85.1%    283.8     0.3%     9.8%     0.3%     0.0%     3.8%     0.9%
Apr 10 00:28:26     57.4    16176784      284    85.1%    283.8     0.3%     9.8%     0.3%     0.0%     3.8%     0.9%
Apr 10 00:29:27     57.4    17143032      284    85.1%    283.9     0.3%     9.8%     0.3%     0.0%     3.8%     0.9%
Apr 10 00:30:27     57.4    18109749      284    85.1%    283.9     0.3%     9.8%     0.3%     0.0%     3.8%     0.9%
Apr 10 00:31:31     57.4    19122105      284    85.1%    283.9     0.3%     9.8%     0.3%     0.0%     3.8%     0.9%
Apr 10 00:32:34     57.5    20180792      284    85.1%    283.8     0.3%     9.8%     0.3%     0.0%     3.8%     0.9%
Apr 10 00:33:34     57.5    21147161      284    85.1%    283.8     0.3%     9.9%     0.3%     0.0%     3.8%     0.9%
Apr 10 00:34:37     57.3    22066861      284    85.1%    283.9     0.3%     9.9%     0.3%     0.0%     3.8%     0.9%
Apr 10 00:35:41     57.4    23124471      284    85.1%    283.9     0.3%     9.9%     0.3%     0.0%     3.8%     0.9%
Apr 10 00:36:51     57.4    24229070      284    85.1%    283.9     0.3%     9.9%     0.3%     0.0%     3.8%     0.9%
Apr 10 00:38:01     57.4    25333508      284    85.1%    283.9     0.3%     9.9%     0.3%     0.0%     3.8%     0.9%
Apr 10 00:39:02     57.5    26392107      284    85.1%    283.9     0.3%     9.9%     0.3%     0.0%     3.8%     0.9%
Apr 10 00:40:03     57.7    27450518      284    85.1%    283.9     0.3%     9.9%     0.3%     0.0%     3.8%     0.9%
Apr 10 00:41:04     57.4    28278546      284    85.1%    283.9     0.3%     9.9%     0.3%     0.0%     3.8%     0.9%
Apr 10 00:42:14     57.4    29383372      284    85.1%    283.9     0.3%     9.9%     0.3%     0.0%     3.8%     0.9%
Apr 10 00:43:18     57.6    30487648      284    85.1%    283.9     0.3%     9.9%     0.3%     0.0%     3.8%     0.9%
Apr 10 00:44:19     57.6    31499381      284    85.1%    283.9     0.3%     9.9%     0.3%     0.0%     3.8%     0.9%
Apr 10 00:45:20     57.5    32419573      284    85.1%    283.9     0.3%     9.9%     0.3%     0.0%     3.8%     0.9%
Apr 10 00:46:20     57.5    33384945      284    85.1%    283.9     0.3%     9.9%     0.3%     0.0%     3.8%     0.9%
Apr 10 00:47:22     57.5    34350470      284    85.1%    283.9     0.3%     9.9%     0.3%     0.0%     3.8%     0.9%
Apr 10 00:48:25     57.5    35362837      284    85.1%    283.9     0.3%     9.9%     0.3%     0.0%     3.8%     0.9%
Apr 10 00:49:25     57.6    36374704      284    85.1%    283.9     0.3%     9.9%     0.3%     0.0%     3.8%     0.9%
Apr 10 00:50:25     57.5    37249049      284    85.1%    283.9     0.3%     9.9%     0.3%     0.0%     3.8%     0.9%
Apr 10 00:51:29     57.5    38306733      284    85.1%    283.9     0.3%     9.9%     0.3%     0.0%     3.8%     0.9%
Apr 10 00:52:29     57.5    39272795      284    85.1%    283.9     0.3%     9.9%     0.3%     0.0%     3.8%     0.9%
Apr 10 00:53:29     57.5    40193151      284    85.1%    283.9     0.3%     9.9%     0.3%     0.0%     3.8%     0.9%
ALL DONE!
