           Time    Speed        Read     Read   Mapped   Mapped   Mapped   Mapped Unmapped Unmapped Unmapped Unmapped
                    M/hr      number   length   unique   length   MMrate    multi   multi+       MM    short    other
Mar 28 22:26:35	Started 1st pass mapping
Mar 28 22:26:49     12.0       46792      283    86.5%    282.8     0.2%     9.2%     0.6%     0.0%     3.3%     0.5%
Mar 28 22:27:55     86.1     1912938      283    86.3%    282.7     0.3%     9.2%     0.6%     0.0%     3.4%     0.5%
Mar 28 22:28:55     94.6     3679880      283    86.3%    282.7     0.3%     9.2%     0.6%     0.0%     3.4%     0.5%
Mar 28 22:29:57     93.8     5260960      283    86.3%    282.6     0.3%     9.2%     0.6%     0.0%     3.4%     0.5%
Mar 28 22:30:57     95.3     6935182      283    86.3%    282.6     0.3%     9.2%     0.6%     0.0%     3.4%     0.5%
Mar 28 22:31:57     96.8     8656214      283    86.3%    282.6     0.3%     9.2%     0.6%     0.0%     3.5%     0.5%
Mar 28 22:32:57     95.2    10097220      283    86.3%    282.7     0.3%     9.2%     0.6%     0.0%     3.4%     0.5%
Mar 28 22:33:57     95.0    11668695      283    86.3%    282.7     0.3%     9.2%     0.6%     0.0%     3.4%     0.5%
Mar 28 22:34:58     96.1    13425623      283    86.3%    282.7     0.3%     9.2%     0.6%     0.0%     3.4%     0.5%
Mar 28 22:35:58     96.2    15043561      283    86.3%    282.7     0.3%     9.2%     0.6%     0.0%     3.4%     0.5%
Mar 28 22:36:59     96.7    16753004      283    86.3%    282.7     0.3%     9.2%     0.6%     0.0%     3.4%     0.5%
Mar 28 22:38:00     96.1    18277073      283    86.3%    282.7     0.3%     9.2%     0.6%     0.0%     3.4%     0.5%
Mar 28 22:39:00     97.0    20078950      283    86.3%    282.7     0.3%     9.2%     0.6%     0.0%     3.4%     0.5%
Mar 28 22:40:00     96.6    21603434      283    86.3%    282.7     0.3%     9.2%     0.6%     0.0%     3.4%     0.5%
Mar 28 22:41:01     96.9    23313300      283    86.3%    282.7     0.3%     9.2%     0.6%     0.0%     3.4%     0.5%
Mar 28 22:42:03     96.9    24976416      283    86.3%    282.7     0.3%     9.2%     0.6%     0.0%     3.4%     0.5%
Mar 28 22:43:03     97.1    26640105      283    86.3%    282.7     0.3%     9.2%     0.6%     0.0%     3.4%     0.5%
Mar 28 22:44:05     97.0    28303717      283    86.3%    282.7     0.3%     9.2%     0.6%     0.0%     3.4%     0.5%
Mar 28 22:45:05     97.0    29921143      283    86.3%    282.7     0.3%     9.2%     0.6%     0.0%     3.4%     0.5%
Mar 28 22:45:30	Finished 1st pass mapping
Mar 28 22:48:10     39.8      795721      283    81.5%    282.6     0.3%    13.8%     0.4%     0.0%     3.5%     0.9%
Mar 28 22:49:12     50.1     1866462      283    81.6%    282.5     0.3%    13.8%     0.4%     0.0%     3.4%     0.9%
Mar 28 22:50:13     49.9     2703402      283    81.6%    282.5     0.3%    13.7%     0.4%     0.0%     3.4%     0.9%
Mar 28 22:51:13     52.0     3679880      283    81.6%    282.4     0.3%    13.7%     0.4%     0.0%     3.5%     0.9%
Mar 28 22:52:14     52.0     4563479      283    81.5%    282.4     0.3%    13.7%     0.4%     0.0%     3.5%     0.9%
Mar 28 22:53:14     52.6     5493456      283    81.5%    282.4     0.3%    13.7%     0.4%     0.0%     3.5%     0.9%
Mar 28 22:54:18     52.6     6423408      283    81.5%    282.4     0.3%    13.7%     0.4%     0.0%     3.5%     0.9%
Mar 28 22:55:21     53.0     7400203      283    81.5%    282.4     0.3%    13.7%     0.4%     0.0%     3.5%     0.9%
Mar 28 22:56:25     53.2     8377087      283    81.5%    282.4     0.3%    13.7%     0.4%     0.0%     3.5%     0.9%
Mar 28 22:57:26     53.1     9260726      283    81.5%    282.4     0.3%    13.7%     0.4%     0.0%     3.5%     0.9%
Mar 28 22:58:28     53.2    10189561      283    81.6%    282.4     0.3%    13.7%     0.4%     0.0%     3.5%     0.9%
Mar 28 22:59:29     53.3    11113840      283    81.6%    282.5     0.3%    13.7%     0.4%     0.0%     3.5%     0.9%
Mar 28 23:00:29     53.4    12038497      283    81.6%    282.5     0.3%    13.7%     0.4%     0.0%     3.5%     0.9%
Mar 28 23:01:30     53.5    12963447      283    81.6%    282.5     0.3%    13.7%     0.4%     0.0%     3.5%     0.9%
Mar 28 23:02:37     53.4    13934131      283    81.6%    282.5     0.3%    13.7%     0.4%     0.0%     3.5%     0.9%
Mar 28 23:03:39     53.6    14904768      283    81.5%    282.5     0.3%    13.7%     0.4%     0.0%     3.5%     0.9%
Mar 28 23:04:41     53.6    15829110      283    81.6%    282.5     0.3%    13.7%     0.4%     0.0%     3.5%     0.9%
Mar 28 23:05:41     53.6    16706842      283    81.6%    282.5     0.3%    13.7%     0.4%     0.0%     3.4%     0.9%
Mar 28 23:06:42     53.7    17676401      283    81.6%    282.5     0.3%    13.7%     0.4%     0.0%     3.5%     0.9%
Mar 28 23:07:42     53.7    18554320      283    81.6%    282.5     0.3%    13.7%     0.4%     0.0%     3.5%     0.9%
Mar 28 23:08:45     53.8    19524459      283    81.6%    282.5     0.3%    13.7%     0.4%     0.0%     3.5%     0.9%
Mar 28 23:09:46     53.8    20448718      283    81.5%    282.4     0.3%    13.7%     0.4%     0.0%     3.4%     0.9%
Mar 28 23:10:51     53.6    21326200      283    81.5%    282.4     0.3%    13.7%     0.4%     0.0%     3.5%     0.9%
Mar 28 23:11:51     53.9    22342788      283    81.5%    282.4     0.3%    13.7%     0.4%     0.0%     3.5%     0.9%
Mar 28 23:12:51     53.8    23220867      283    81.5%    282.4     0.3%    13.7%     0.4%     0.0%     3.5%     0.9%
Mar 28 23:13:55     53.8    24144865      283    81.6%    282.4     0.3%    13.7%     0.4%     0.0%     3.4%     0.9%
Mar 28 23:14:56     53.7    25022608      283    81.6%    282.4     0.3%    13.7%     0.4%     0.0%     3.4%     0.9%
Mar 28 23:15:57     53.7    25946898      283    81.6%    282.5     0.3%    13.7%     0.4%     0.0%     3.4%     0.9%
Mar 28 23:17:00     53.9    26963656      283    81.6%    282.5     0.3%    13.7%     0.4%     0.0%     3.4%     0.9%
Mar 28 23:18:00     53.9    27887794      283    81.6%    282.5     0.3%    13.7%     0.4%     0.0%     3.4%     0.9%
Mar 28 23:19:03     53.8    28765698      283    81.6%    282.5     0.3%    13.7%     0.4%     0.0%     3.4%     0.9%
