           Time    Speed        Read     Read   Mapped   Mapped   Mapped   Mapped Unmapped Unmapped Unmapped Unmapped
                    M/hr      number   length   unique   length   MMrate    multi   multi+       MM    short    other
Apr 10 09:29:12	Started 1st pass mapping
Apr 10 09:29:26     12.0       46692      284    85.7%    283.2     0.3%     9.0%     0.5%     0.0%     4.2%     0.6%
Apr 10 09:30:35     82.8     1908674      284    86.2%    283.3     0.3%     9.0%     0.5%     0.0%     3.8%     0.6%
Apr 10 09:31:35     91.3     3624896      284    86.1%    283.3     0.3%     9.0%     0.5%     0.0%     3.8%     0.5%
Apr 10 09:32:40     90.9     5249529      284    86.1%    283.2     0.3%     9.0%     0.5%     0.0%     3.8%     0.6%
Apr 10 09:33:41     92.6     6919839      284    86.1%    283.2     0.3%     9.0%     0.5%     0.0%     3.8%     0.6%
Apr 10 09:34:41     93.5     8542177      284    86.1%    283.3     0.3%     9.0%     0.5%     0.0%     3.8%     0.6%
Apr 10 09:35:45     92.3    10072033      284    86.1%    283.3     0.3%     9.0%     0.5%     0.0%     3.8%     0.6%
Apr 10 09:36:45     93.6    11777717      284    86.0%    283.2     0.3%     9.0%     0.5%     0.0%     3.9%     0.6%
Apr 10 09:37:46     93.5    13344686      284    86.0%    283.3     0.3%     9.0%     0.5%     0.0%     3.9%     0.6%
Apr 10 09:38:46     93.5    14911614      284    86.0%    283.3     0.3%     9.0%     0.5%     0.0%     3.8%     0.6%
Apr 10 09:39:46     93.3    16433172      284    86.0%    283.3     0.3%     9.0%     0.5%     0.0%     3.9%     0.6%
Apr 10 09:40:46     93.6    18047051      284    86.0%    283.2     0.3%     9.0%     0.5%     0.0%     3.9%     0.6%
Apr 10 09:41:46     93.9    19659783      284    86.0%    283.2     0.3%     9.0%     0.5%     0.0%     3.9%     0.6%
Apr 10 09:42:50     93.4    21225952      284    86.0%    283.3     0.3%     9.0%     0.5%     0.0%     3.9%     0.6%
Apr 10 09:43:50     93.6    22839357      284    86.0%    283.2     0.3%     9.0%     0.5%     0.0%     3.9%     0.6%
Apr 10 09:44:49	Finished 1st pass mapping
Apr 10 09:47:26     35.7      794213      284    83.0%    283.2     0.3%    11.7%     0.4%     0.0%     3.8%     1.1%
Apr 10 09:48:26     47.9     1862287      284    83.0%    283.3     0.3%    11.7%     0.4%     0.0%     3.8%     1.1%
Apr 10 09:49:42     44.2     2650534      284    83.0%    283.3     0.3%    11.7%     0.4%     0.0%     3.8%     1.1%
Apr 10 09:50:42     47.3     3624896      284    83.0%    283.2     0.3%    11.8%     0.4%     0.0%     3.8%     1.1%
Apr 10 09:51:56     46.4     4506774      284    82.9%    283.2     0.3%    11.8%     0.4%     0.0%     3.8%     1.1%
Apr 10 09:52:56     46.9     5342400      284    82.9%    283.2     0.3%    11.8%     0.4%     0.0%     3.8%     1.1%
Apr 10 09:53:57     47.9     6270568      284    82.9%    283.2     0.3%    11.8%     0.4%     0.0%     3.8%     1.1%
Apr 10 09:55:09     47.1     7105002      284    82.9%    283.2     0.3%    11.8%     0.4%     0.0%     3.8%     1.1%
Apr 10 09:56:10     47.6     7986048      284    82.9%    283.2     0.3%    11.8%     0.4%     0.0%     3.8%     1.1%
Apr 10 09:57:17     47.8     8913018      284    82.9%    283.2     0.3%    11.8%     0.4%     0.0%     3.9%     1.1%
Apr 10 09:58:20     47.6     9701444      284    82.9%    283.2     0.3%    11.8%     0.4%     0.0%     3.9%     1.1%
Apr 10 09:59:21     47.9    10579161      284    82.9%    283.2     0.3%    11.8%     0.4%     0.0%     3.9%     1.1%
Apr 10 10:00:22     48.2    11455005      284    82.9%    283.2     0.3%    11.8%     0.4%     0.0%     3.9%     1.1%
Apr 10 10:01:28     48.0    12284745      284    82.9%    283.2     0.3%    11.8%     0.4%     0.0%     3.9%     1.1%
Apr 10 10:02:31     48.1    13160355      284    82.9%    283.2     0.3%    11.8%     0.4%     0.0%     3.9%     1.1%
Apr 10 10:03:41     48.1    14081865      284    82.9%    283.2     0.3%    11.8%     0.4%     0.0%     3.9%     1.1%
Apr 10 10:04:42     48.1    14911614      284    82.9%    283.2     0.3%    11.8%     0.4%     0.0%     3.9%     1.1%
Apr 10 10:05:42     48.3    15787483      284    82.9%    283.2     0.3%    11.8%     0.4%     0.0%     3.9%     1.1%
Apr 10 10:06:42     48.4    16617565      284    82.9%    283.2     0.3%    11.8%     0.4%     0.0%     3.9%     1.1%
Apr 10 10:07:45     48.2    17401516      284    82.9%    283.2     0.3%    11.8%     0.4%     0.0%     3.9%     1.1%
Apr 10 10:08:47     48.2    18231637      284    82.8%    283.2     0.3%    11.8%     0.4%     0.0%     3.9%     1.1%
Apr 10 10:09:47     48.2    19014832      284    82.9%    283.2     0.3%    11.8%     0.4%     0.0%     3.9%     1.1%
Apr 10 10:10:47     48.1    19797768      284    82.9%    283.2     0.3%    11.8%     0.4%     0.0%     3.9%     1.1%
Apr 10 10:11:50     48.3    20719068      284    82.9%    283.2     0.3%    11.8%     0.4%     0.0%     3.9%     1.1%
Apr 10 10:12:51     48.2    21502639      284    82.9%    283.2     0.3%    11.8%     0.4%     0.0%     3.9%     1.1%
Apr 10 10:13:55     48.2    22332310      284    82.9%    283.2     0.3%    11.8%     0.4%     0.0%     3.9%     1.1%
Apr 10 10:14:56     48.2    23162213      284    82.9%    283.2     0.3%    11.8%     0.4%     0.0%     3.9%     1.1%
Apr 10 10:15:56     48.3    23992042      284    82.8%    283.2     0.3%    11.8%     0.4%     0.0%     3.9%     1.1%
ALL DONE!
