           Time    Speed        Read     Read   Mapped   Mapped   Mapped   Mapped Unmapped Unmapped Unmapped Unmapped
                    M/hr      number   length   unique   length   MMrate    multi   multi+       MM    short    other
Apr 10 07:48:08	Started 1st pass mapping
Apr 10 07:48:21     12.6       45373      295    85.5%    293.3     0.6%     9.0%     0.2%     0.0%     5.1%     0.2%
Apr 10 07:49:30     81.0     1845204      295    84.7%    292.5     0.8%     9.0%     0.2%     0.0%     5.8%     0.3%
Apr 10 07:50:37     87.9     3639065      295    84.8%    292.5     0.7%     9.0%     0.2%     0.0%     5.7%     0.3%
Apr 10 07:51:43     91.0     5432720      295    85.0%    292.7     0.7%     9.0%     0.2%     0.0%     5.5%     0.3%
Apr 10 07:52:43     93.4     7137041      295    84.9%    292.6     0.7%     9.0%     0.2%     0.0%     5.6%     0.3%
Apr 10 07:53:46     92.3     8662085      295    85.0%    292.6     0.7%     9.0%     0.2%     0.0%     5.6%     0.3%
Apr 10 07:54:46     94.1    10408676      295    85.1%    292.7     0.7%     9.0%     0.2%     0.0%     5.5%     0.3%
Apr 10 07:55:48     93.0    11879870      295    84.9%    292.6     0.7%     9.0%     0.2%     0.0%     5.7%     0.3%
Apr 10 07:56:49     92.9    13439259      295    84.7%    292.5     0.7%     9.0%     0.2%     0.0%     5.8%     0.3%
Apr 10 07:57:51     92.3    14954108      295    84.6%    292.4     0.8%     9.0%     0.2%     0.0%     5.9%     0.3%
Apr 10 07:58:54     92.0    16513625      295    84.5%    292.4     0.8%     9.0%     0.2%     0.0%     6.0%     0.3%
Apr 10 07:59:57     92.2    18162516      295    84.5%    292.3     0.8%     9.0%     0.2%     0.0%     6.1%     0.3%
Apr 10 08:00:59     91.9    19677743      295    84.4%    292.3     0.8%     9.0%     0.2%     0.0%     6.2%     0.3%
Apr 10 08:02:03     92.1    21371343      295    84.4%    292.2     0.8%     9.0%     0.2%     0.0%     6.2%     0.3%
Apr 10 08:03:04     92.0    22886741      295    84.4%    292.3     0.8%     9.0%     0.2%     0.0%     6.2%     0.3%
Apr 10 08:04:04     91.6    24312623      295    84.3%    292.2     0.8%     9.0%     0.2%     0.0%     6.2%     0.3%
Apr 10 08:05:04     91.8    25917032      295    84.2%    292.2     0.8%     9.0%     0.2%     0.0%     6.3%     0.3%
Apr 10 08:06:05     91.4    27343377      295    84.1%    292.1     0.8%     9.0%     0.2%     0.0%     6.4%     0.3%
Apr 10 08:07:05     91.4    28858708      295    84.1%    292.1     0.8%     9.0%     0.2%     0.0%     6.5%     0.3%
Apr 10 08:08:09     90.9    30329586      295    84.1%    292.1     0.8%     9.0%     0.2%     0.0%     6.5%     0.3%
Apr 10 08:09:09     90.8    31801125      295    84.1%    292.1     0.8%     9.0%     0.2%     0.0%     6.5%     0.3%
Apr 10 08:10:09     90.8    33315912      295    84.0%    292.0     0.8%     9.0%     0.2%     0.0%     6.5%     0.3%
Apr 10 08:11:10     90.3    34651835      295    83.8%    291.9     0.8%     9.0%     0.2%     0.0%     6.7%     0.3%
Apr 10 08:12:12     89.9    36076554      295    83.7%    291.9     0.9%     9.0%     0.2%     0.0%     6.8%     0.3%
Apr 10 08:13:15     89.7    37546900      295    83.7%    291.8     0.9%     9.0%     0.2%     0.0%     6.9%     0.3%
Apr 10 08:14:15     89.5    38972171      295    83.6%    291.8     0.9%     9.0%     0.2%     0.0%     7.0%     0.3%
Apr 10 08:15:16     89.3    40397261      295    83.5%    291.7     0.9%     9.0%     0.2%     0.0%     7.1%     0.3%
Apr 10 08:16:19     89.0    41823099      295    83.4%    291.7     0.9%     9.0%     0.2%     0.0%     7.2%     0.3%
Apr 10 08:17:20     89.0    43310416      295    83.4%    291.6     0.9%     9.0%     0.2%     0.0%     7.2%     0.3%
Apr 10 08:17:21	Finished 1st pass mapping
Apr 10 08:20:02     22.5      406778      295    73.2%    291.1     0.9%    19.4%     0.2%     0.0%     6.6%     0.6%
Apr 10 08:21:10     30.5     1127672      295    73.9%    291.3     0.9%    18.9%     0.2%     0.0%     6.4%     0.6%
Apr 10 08:22:13     33.9     1845204      295    74.7%    291.9     0.8%    18.7%     0.2%     0.0%     5.7%     0.6%
Apr 10 08:23:18     35.3     2562838      295    74.4%    291.6     0.8%    18.8%     0.2%     0.0%     6.0%     0.6%
Apr 10 08:24:24     36.1     3280403      295    74.6%    291.8     0.8%    18.8%     0.2%     0.0%     5.8%     0.6%
Apr 10 08:25:26     37.0     3997805      295    74.7%    291.9     0.8%    18.7%     0.2%     0.0%     5.7%     0.6%
Apr 10 08:26:33     37.2     4715374      295    74.8%    291.9     0.8%    18.7%     0.2%     0.0%     5.7%     0.6%
Apr 10 08:27:34     37.8     5432720      295    75.0%    292.1     0.8%    18.7%     0.2%     0.0%     5.5%     0.6%
Apr 10 08:28:42     37.8     6150133      295    74.9%    292.0     0.8%    18.7%     0.2%     0.0%     5.6%     0.6%
Apr 10 08:29:46     38.1     6867856      295    74.9%    292.0     0.8%    18.7%     0.2%     0.0%     5.6%     0.6%
Apr 10 08:30:49     38.4     7585407      295    75.0%    292.0     0.8%    18.7%     0.2%     0.0%     5.5%     0.6%
Apr 10 08:31:57     38.3     8303130      295    75.0%    292.0     0.8%    18.7%     0.2%     0.0%     5.6%     0.6%
Apr 10 08:32:59     38.6     9021029      295    75.0%    292.1     0.7%    18.7%     0.2%     0.0%     5.5%     0.6%
Apr 10 08:34:03     38.7     9738330      295    75.1%    292.1     0.7%    18.7%     0.2%     0.0%     5.5%     0.6%
Apr 10 08:35:04     38.9    10453235      295    75.1%    292.1     0.7%    18.7%     0.2%     0.0%     5.4%     0.6%
Apr 10 08:36:08     39.0    11166665      295    75.1%    292.1     0.7%    18.7%     0.2%     0.0%     5.4%     0.6%
Apr 10 08:37:08     38.9    11790743      295    74.9%    292.0     0.8%    18.6%     0.2%     0.0%     5.6%     0.6%
Apr 10 08:38:09     38.9    12459268      295    74.9%    291.9     0.8%    18.6%     0.2%     0.0%     5.6%     0.6%
Apr 10 08:39:11     38.9    13127412      295    74.9%    291.9     0.8%    18.6%     0.2%     0.0%     5.7%     0.6%
Apr 10 08:40:17     38.7    13751183      295    74.7%    291.8     0.8%    18.6%     0.2%     0.0%     5.8%     0.6%
Apr 10 08:41:19     38.8    14464094      295    74.7%    291.8     0.8%    18.6%     0.2%     0.0%     5.8%     0.6%
Apr 10 08:42:22     38.5    15043265      295    74.7%    291.7     0.8%    18.6%     0.2%     0.0%     5.9%     0.6%
Apr 10 08:43:28     38.6    15756310      295    74.6%    291.7     0.8%    18.6%     0.2%     0.0%     6.0%     0.6%
Apr 10 08:44:28     38.6    16424460      295    74.7%    291.8     0.8%    18.6%     0.2%     0.0%     5.9%     0.6%
Apr 10 08:45:32     38.6    17093125      295    74.6%    291.7     0.8%    18.6%     0.2%     0.0%     6.1%     0.6%
Apr 10 08:46:39     38.6    17806288      295    74.5%    291.7     0.8%    18.6%     0.2%     0.0%     6.1%     0.6%
Apr 10 08:47:45     38.6    18518946      295    74.5%    291.7     0.8%    18.6%     0.2%     0.0%     6.1%     0.6%
Apr 10 08:48:53     38.5    19231930      295    74.5%    291.6     0.8%    18.6%     0.2%     0.0%     6.2%     0.6%
Apr 10 08:49:55     38.6    19944941      295    74.5%    291.6     0.8%    18.6%     0.2%     0.0%     6.1%     0.6%
Apr 10 08:51:04     38.6    20657870      295    74.5%    291.6     0.8%    18.6%     0.2%     0.0%     6.2%     0.6%
Apr 10 08:52:07     38.7    21371343      295    74.5%    291.6     0.8%    18.6%     0.2%     0.0%     6.2%     0.6%
Apr 10 08:53:12     38.7    22084444      295    74.5%    291.6     0.8%    18.6%     0.2%     0.0%     6.1%     0.6%
Apr 10 08:54:21     38.6    22797595      295    74.5%    291.6     0.8%    18.6%     0.2%     0.0%     6.1%     0.6%
Apr 10 08:55:31     38.6    23510571      295    74.4%    291.6     0.8%    18.6%     0.2%     0.0%     6.2%     0.6%
Apr 10 08:56:34     38.6    24223506      295    74.4%    291.6     0.8%    18.6%     0.2%     0.0%     6.2%     0.6%
Apr 10 08:57:34     38.6    24847336      295    74.4%    291.6     0.8%    18.6%     0.2%     0.0%     6.2%     0.6%
Apr 10 08:58:36     38.4    25382022      295    74.3%    291.5     0.8%    18.6%     0.2%     0.0%     6.3%     0.6%
Apr 10 08:59:41     38.4    26050729      295    74.4%    291.5     0.8%    18.6%     0.2%     0.0%     6.3%     0.6%
Apr 10 09:00:49     38.4    26763883      295    74.3%    291.5     0.8%    18.6%     0.2%     0.0%     6.3%     0.6%
Apr 10 09:01:49     38.4    27432531      295    74.3%    291.5     0.8%    18.6%     0.2%     0.0%     6.3%     0.6%
Apr 10 09:02:53     38.4    28145774      295    74.3%    291.5     0.8%    18.6%     0.2%     0.0%     6.3%     0.6%
Apr 10 09:03:57     38.4    28814150      295    74.2%    291.4     0.9%    18.6%     0.2%     0.0%     6.4%     0.6%
Apr 10 09:04:58     38.5    29527385      295    74.2%    291.4     0.9%    18.6%     0.2%     0.0%     6.4%     0.6%
Apr 10 09:06:00     38.3    30017786      295    74.2%    291.4     0.9%    18.6%     0.2%     0.0%     6.4%     0.6%
Apr 10 09:07:03     38.3    30686193      295    74.2%    291.4     0.9%    18.6%     0.2%     0.0%     6.5%     0.6%
Apr 10 09:08:08     38.3    31399777      295    74.2%    291.4     0.9%    18.6%     0.2%     0.0%     6.4%     0.6%
Apr 10 09:09:10     38.3    32068642      295    74.2%    291.4     0.9%    18.6%     0.2%     0.0%     6.4%     0.6%
Apr 10 09:10:21     38.3    32781617      295    74.1%    291.4     0.9%    18.6%     0.2%     0.0%     6.5%     0.6%
Apr 10 09:11:28     38.3    33494023      295    74.1%    291.4     0.9%    18.6%     0.2%     0.0%     6.5%     0.6%
Apr 10 09:12:29     38.3    34162059      295    74.0%    291.3     0.9%    18.5%     0.2%     0.0%     6.6%     0.6%
Apr 10 09:13:29     38.2    34696350      295    74.0%    291.2     0.9%    18.5%     0.2%     0.0%     6.7%     0.6%
Apr 10 09:14:29     38.1    35275002      295    74.0%    291.2     0.9%    18.5%     0.2%     0.0%     6.7%     0.6%
Apr 10 09:15:42     38.0    35987497      295    73.9%    291.2     0.9%    18.5%     0.2%     0.0%     6.8%     0.6%
Apr 10 09:16:46     38.1    36700311      295    73.8%    291.2     0.9%    18.5%     0.2%     0.0%     6.8%     0.6%
Apr 10 09:17:56     38.1    37413151      295    73.8%    291.1     0.9%    18.5%     0.2%     0.0%     6.8%     0.6%
Apr 10 09:18:57     38.1    38081573      295    73.8%    291.1     0.9%    18.5%     0.2%     0.0%     6.9%     0.6%
Apr 10 09:19:59     38.0    38615835      295    73.8%    291.1     0.9%    18.5%     0.2%     0.0%     6.9%     0.6%
Apr 10 09:21:13     37.9    39328467      295    73.7%    291.1     0.9%    18.5%     0.2%     0.0%     7.0%     0.6%
Apr 10 09:22:22     37.9    40041106      295    73.7%    291.0     0.9%    18.5%     0.2%     0.0%     7.0%     0.6%
Apr 10 09:23:27     37.9    40753697      295    73.6%    291.0     0.9%    18.5%     0.2%     0.0%     7.0%     0.6%
Apr 10 09:24:28     37.9    41421831      295    73.6%    291.0     0.9%    18.5%     0.2%     0.0%     7.1%     0.6%
Apr 10 09:25:30     37.9    42090714      295    73.6%    291.0     0.9%    18.5%     0.2%     0.0%     7.1%     0.6%
Apr 10 09:26:31     37.9    42625718      295    73.6%    291.0     0.9%    18.5%     0.2%     0.0%     7.1%     0.6%
Apr 10 09:27:31     37.9    43310440      295    73.5%    290.9     0.9%    18.5%     0.2%     0.0%     7.2%     0.6%
ALL DONE!
