           Time    Speed        Read     Read   Mapped   Mapped   Mapped   Mapped Unmapped Unmapped Unmapped Unmapped
                    M/hr      number   length   unique   length   MMrate    multi   multi+       MM    short    other
Apr 10 02:28:00	Started 1st pass mapping
Apr 10 02:28:15     11.2       46847      285    87.5%    284.8     0.2%     8.3%     0.6%     0.0%     3.0%     0.6%
Apr 10 02:29:16     77.0     1625460      285    86.9%    284.2     0.3%     8.6%     0.5%     0.0%     3.3%     0.6%
Apr 10 02:30:16     84.7     3198204      285    86.9%    284.1     0.3%     8.6%     0.5%     0.0%     3.4%     0.6%
Apr 10 02:31:16     87.6     4770868      285    86.9%    284.1     0.3%     8.6%     0.5%     0.0%     3.4%     0.6%
Apr 10 02:32:16     87.3     6205184      285    86.9%    284.1     0.3%     8.6%     0.5%     0.0%     3.4%     0.6%
Apr 10 02:33:16     88.6     7778055      285    86.9%    284.2     0.3%     8.6%     0.5%     0.0%     3.3%     0.6%
Apr 10 02:34:19     88.4     9305440      284    86.9%    284.2     0.3%     8.6%     0.5%     0.0%     3.3%     0.6%
Apr 10 02:35:20     88.2    10781302      284    86.9%    284.2     0.3%     8.6%     0.5%     0.0%     3.3%     0.6%
Apr 10 02:36:20     89.2    12390297      284    86.9%    284.2     0.3%     8.6%     0.5%     0.0%     3.3%     0.6%
Apr 10 02:37:20     89.1    13860583      285    86.9%    284.2     0.3%     8.6%     0.5%     0.0%     3.3%     0.6%
Apr 10 02:38:20     89.3    15377202      285    86.9%    284.2     0.3%     8.6%     0.5%     0.0%     3.3%     0.6%
Apr 10 02:39:21     89.3    16893707      285    86.9%    284.1     0.3%     8.6%     0.5%     0.0%     3.3%     0.6%
Apr 10 02:40:23     89.4    18456449      285    86.9%    284.2     0.3%     8.6%     0.5%     0.0%     3.3%     0.6%
Apr 10 02:41:24     89.6    20019462      285    86.9%    284.2     0.3%     8.6%     0.5%     0.0%     3.3%     0.6%
Apr 10 02:42:24     89.7    21536389      285    86.9%    284.2     0.3%     8.6%     0.5%     0.0%     3.3%     0.6%
Apr 10 02:43:14	Finished 1st pass mapping
Apr 10 02:45:28     41.9      698619      285    83.2%    284.0     0.3%    11.9%     0.4%     0.0%     3.4%     1.1%
Apr 10 02:46:49     39.1     1532953      285    83.2%    284.0     0.3%    12.0%     0.4%     0.0%     3.4%     1.1%
Apr 10 02:47:50     43.0     2411644      285    83.2%    284.0     0.3%    11.9%     0.4%     0.0%     3.3%     1.1%
Apr 10 02:48:51     45.7     3336953      285    83.2%    284.0     0.3%    11.9%     0.4%     0.0%     3.4%     1.1%
Apr 10 02:50:06     43.9     4123379      285    83.2%    283.9     0.3%    12.0%     0.4%     0.0%     3.4%     1.1%
Apr 10 02:51:06     44.4     4909649      285    83.2%    283.9     0.3%    11.9%     0.4%     0.0%     3.4%     1.1%
Apr 10 02:52:06     45.9     5835152      285    83.2%    283.9     0.3%    11.9%     0.4%     0.0%     3.4%     1.1%
Apr 10 02:53:07     45.9     6621652      285    83.2%    284.0     0.3%    11.9%     0.4%     0.0%     3.4%     1.1%
Apr 10 02:54:20     45.3     7454350      285    83.2%    284.0     0.3%    11.9%     0.4%     0.0%     3.4%     1.1%
Apr 10 02:55:21     45.9     8333374      285    83.2%    284.0     0.3%    11.9%     0.4%     0.0%     3.4%     1.1%
Apr 10 02:56:21     46.3     9166483      285    83.2%    284.0     0.3%    11.9%     0.4%     0.0%     3.4%     1.1%
Apr 10 02:57:24     46.4     9999486      284    83.2%    284.0     0.3%    11.9%     0.4%     0.0%     3.4%     1.1%
Apr 10 02:58:37     45.7    10781328      284    83.2%    284.0     0.3%    11.9%     0.4%     0.0%     3.4%     1.1%
Apr 10 02:59:37     46.2    11654949      284    83.2%    284.0     0.3%    11.9%     0.4%     0.0%     3.4%     1.1%
Apr 10 03:00:38     46.3    12482191      284    83.2%    284.0     0.3%    11.9%     0.4%     0.0%     3.4%     1.1%
Apr 10 03:01:40     46.4    13309115      285    83.2%    284.0     0.3%    11.9%     0.4%     0.0%     3.4%     1.1%
Apr 10 03:02:47     46.2    14090360      285    83.2%    284.0     0.3%    12.0%     0.4%     0.0%     3.4%     1.1%
Apr 10 03:03:48     46.2    14871565      285    83.2%    284.0     0.3%    12.0%     0.4%     0.0%     3.4%     1.1%
Apr 10 03:04:52     46.3    15744658      285    83.2%    284.0     0.3%    11.9%     0.4%     0.0%     3.4%     1.1%
Apr 10 03:06:02     46.4    16663883      285    83.2%    284.0     0.3%    11.9%     0.4%     0.0%     3.4%     1.1%
Apr 10 03:07:03     46.3    17445426      285    83.2%    284.0     0.3%    12.0%     0.4%     0.0%     3.3%     1.1%
Apr 10 03:08:05     46.4    18272786      285    83.2%    284.0     0.3%    12.0%     0.4%     0.0%     3.3%     1.1%
Apr 10 03:09:06     46.5    19100079      285    83.2%    284.0     0.3%    12.0%     0.4%     0.0%     3.3%     1.1%
Apr 10 03:10:06     46.6    19927480      285    83.2%    284.0     0.3%    12.0%     0.4%     0.0%     3.3%     1.1%
Apr 10 03:11:14     46.4    20709051      285    83.2%    284.0     0.3%    12.0%     0.4%     0.0%     3.3%     1.1%
Apr 10 03:12:15     46.4    21490436      285    83.2%    284.0     0.3%    12.0%     0.4%     0.0%     3.3%     1.1%
Apr 10 03:13:19     46.5    22364091      285    83.2%    284.0     0.3%    12.0%     0.4%     0.0%     3.3%     1.1%
ALL DONE!
