                                 Started job on |	Apr 10 06:44:49
                             Started mapping on |	Apr 10 07:05:30
                                    Finished on |	Apr 10 07:37:14
       Mapping speed, Million of reads per hour |	46.31

                          Number of input reads |	24495254
                      Average input read length |	289
                                    UNIQUE READS:
                   Uniquely mapped reads number |	20184779
                        Uniquely mapped reads % |	82.40%
                          Average mapped length |	288.49
                       Number of splices: Total |	30578909
            Number of splices: Annotated (sjdb) |	30472301
                       Number of splices: GT/AG |	30182064
                       Number of splices: GC/AG |	232950
                       Number of splices: AT/AC |	29654
               Number of splices: Non-canonical |	134241
                      Mismatch rate per base, % |	0.33%
                         Deletion rate per base |	0.01%
                        Deletion average length |	2.06
                        Insertion rate per base |	0.00%
                       Insertion average length |	1.51
                             MULTI-MAPPING READS:
        Number of reads mapped to multiple loci |	2955019
             % of reads mapped to multiple loci |	12.06%
        Number of reads mapped to too many loci |	98918
             % of reads mapped to too many loci |	0.40%
                                  UNMAPPED READS:
  Number of reads unmapped: too many mismatches |	0
       % of reads unmapped: too many mismatches |	0.00%
            Number of reads unmapped: too short |	938914
                 % of reads unmapped: too short |	3.83%
                Number of reads unmapped: other |	317624
                     % of reads unmapped: other |	1.30%
                                  CHIMERIC READS:
                       Number of chimeric reads |	0
                            % of chimeric reads |	0.00%
