                                 Started job on |	Apr 10 04:40:58
                             Started mapping on |	Apr 10 05:24:20
                                    Finished on |	Apr 10 06:43:51
       Mapping speed, Million of reads per hour |	48.73

                          Number of input reads |	64581542
                      Average input read length |	292
                                    UNIQUE READS:
                   Uniquely mapped reads number |	52822538
                        Uniquely mapped reads % |	81.79%
                          Average mapped length |	289.25
                       Number of splices: Total |	75813772
            Number of splices: Annotated (sjdb) |	75725937
                       Number of splices: GT/AG |	75041554
                       Number of splices: GC/AG |	567016
                       Number of splices: AT/AC |	83754
               Number of splices: Non-canonical |	121448
                      Mismatch rate per base, % |	0.77%
                         Deletion rate per base |	0.01%
                        Deletion average length |	1.60
                        Insertion rate per base |	0.00%
                       Insertion average length |	1.40
                             MULTI-MAPPING READS:
        Number of reads mapped to multiple loci |	6890786
             % of reads mapped to multiple loci |	10.67%
        Number of reads mapped to too many loci |	181478
             % of reads mapped to too many loci |	0.28%
                                  UNMAPPED READS:
  Number of reads unmapped: too many mismatches |	0
       % of reads unmapped: too many mismatches |	0.00%
            Number of reads unmapped: too short |	3993956
                 % of reads unmapped: too short |	6.18%
                Number of reads unmapped: other |	692784
                     % of reads unmapped: other |	1.07%
                                  CHIMERIC READS:
                       Number of chimeric reads |	0
                            % of chimeric reads |	0.00%
