                                 Started job on |	Mar 28 19:34:30
                             Started mapping on |	Mar 28 20:01:20
                                    Finished on |	Mar 28 20:45:51
       Mapping speed, Million of reads per hour |	56.37

                          Number of input reads |	41821547
                      Average input read length |	287
                                    UNIQUE READS:
                   Uniquely mapped reads number |	35368478
                        Uniquely mapped reads % |	84.57%
                          Average mapped length |	286.21
                       Number of splices: Total |	51066498
            Number of splices: Annotated (sjdb) |	50996175
                       Number of splices: GT/AG |	50465196
                       Number of splices: GC/AG |	447449
                       Number of splices: AT/AC |	48727
               Number of splices: Non-canonical |	105126
                      Mismatch rate per base, % |	0.29%
                         Deletion rate per base |	0.01%
                        Deletion average length |	1.71
                        Insertion rate per base |	0.00%
                       Insertion average length |	1.44
                             MULTI-MAPPING READS:
        Number of reads mapped to multiple loci |	4394204
             % of reads mapped to multiple loci |	10.51%
        Number of reads mapped to too many loci |	118372
             % of reads mapped to too many loci |	0.28%
                                  UNMAPPED READS:
  Number of reads unmapped: too many mismatches |	0
       % of reads unmapped: too many mismatches |	0.00%
            Number of reads unmapped: too short |	1593880
                 % of reads unmapped: too short |	3.81%
                Number of reads unmapped: other |	346613
                     % of reads unmapped: other |	0.83%
                                  CHIMERIC READS:
                       Number of chimeric reads |	0
                            % of chimeric reads |	0.00%
