           Time    Speed        Read     Read   Mapped   Mapped   Mapped   Mapped Unmapped Unmapped Unmapped Unmapped
                    M/hr      number   length   unique   length   MMrate    multi   multi+       MM    short    other
Mar 28 19:34:41	Started 1st pass mapping
Mar 28 19:34:54     12.8       46246      287    87.6%    286.6     0.2%     7.8%     0.4%     0.0%     3.7%     0.5%
Mar 28 19:35:59     87.2     1890363      287    87.5%    286.4     0.3%     8.0%     0.4%     0.0%     3.6%     0.4%
Mar 28 19:37:03     94.5     3728179      287    87.5%    286.4     0.3%     8.0%     0.4%     0.0%     3.6%     0.4%
Mar 28 19:38:08     96.8     5565810      287    87.5%    286.4     0.3%     8.0%     0.4%     0.0%     3.6%     0.4%
Mar 28 19:39:13     98.0     7405319      287    87.4%    286.4     0.3%     8.0%     0.4%     0.0%     3.7%     0.5%
Mar 28 19:40:13     99.7     9199138      287    87.4%    286.3     0.3%     8.0%     0.4%     0.0%     3.7%     0.5%
Mar 28 19:41:15     98.7    10802938      287    87.4%    286.3     0.3%     8.0%     0.4%     0.0%     3.7%     0.5%
Mar 28 19:42:16     99.2    12537543      287    87.4%    286.3     0.3%     8.0%     0.4%     0.0%     3.7%     0.5%
Mar 28 19:43:16     99.8    14271848      287    87.4%    286.4     0.3%     8.0%     0.4%     0.0%     3.7%     0.5%
Mar 28 19:44:18     99.3    15915228      287    87.4%    286.4     0.3%     8.0%     0.4%     0.0%     3.7%     0.4%
Mar 28 19:45:20     99.4    17651106      287    87.4%    286.3     0.3%     8.0%     0.4%     0.0%     3.7%     0.5%
Mar 28 19:46:22     99.6    19387229      287    87.3%    286.3     0.3%     8.0%     0.4%     0.0%     3.7%     0.5%
Mar 28 19:47:22     99.7    21076914      287    87.3%    286.3     0.3%     8.0%     0.4%     0.0%     3.7%     0.5%
Mar 28 19:48:23     99.9    22811762      287    87.3%    286.3     0.3%     8.0%     0.4%     0.0%     3.7%     0.4%
Mar 28 19:49:23    100.0    24500802      287    87.3%    286.3     0.3%     8.0%     0.4%     0.0%     3.7%     0.4%
Mar 28 19:50:23     99.9    26144431      287    87.3%    286.3     0.3%     8.0%     0.4%     0.0%     3.7%     0.4%
Mar 28 19:51:23    100.2    27880782      287    87.3%    286.3     0.3%     8.0%     0.4%     0.0%     3.7%     0.5%
Mar 28 19:52:26     99.7    29480022      287    87.3%    286.3     0.3%     8.0%     0.4%     0.0%     3.8%     0.5%
Mar 28 19:53:28     99.9    31262219      287    87.3%    286.3     0.3%     8.0%     0.4%     0.0%     3.8%     0.5%
Mar 28 19:54:28     99.8    32905580      287    87.3%    286.3     0.3%     8.0%     0.4%     0.0%     3.8%     0.5%
Mar 28 19:55:28     99.7    34548463      287    87.3%    286.3     0.3%     8.0%     0.4%     0.0%     3.8%     0.5%
Mar 28 19:56:29     99.9    36283133      287    87.3%    286.3     0.3%     8.0%     0.4%     0.0%     3.8%     0.4%
Mar 28 19:57:30     99.7    37927252      287    87.3%    286.3     0.3%     8.0%     0.4%     0.0%     3.8%     0.4%
Mar 28 19:58:30     99.7    39571814      287    87.3%    286.3     0.3%     8.0%     0.4%     0.0%     3.8%     0.4%
Mar 28 19:59:30     99.7    41216423      287    87.3%    286.3     0.3%     8.0%     0.4%     0.0%     3.8%     0.4%
Mar 28 19:59:47	Finished 1st pass mapping
Mar 28 20:02:29     41.0      786226      287    84.8%    286.4     0.3%    10.4%     0.3%     0.0%     3.7%     0.8%
Mar 28 20:03:36     50.0     1890340      287    84.8%    286.4     0.3%    10.5%     0.3%     0.0%     3.6%     0.8%
Mar 28 20:04:43     53.1     2993387      287    84.8%    286.3     0.3%    10.5%     0.3%     0.0%     3.7%     0.8%
Mar 28 20:05:53     54.0     4095566      287    84.8%    286.4     0.3%    10.5%     0.3%     0.0%     3.6%     0.8%
Mar 28 20:06:55     55.4     5152035      287    84.8%    286.4     0.3%    10.5%     0.3%     0.0%     3.6%     0.8%
Mar 28 20:07:58     56.2     6209616      287    84.7%    286.3     0.3%    10.5%     0.3%     0.0%     3.7%     0.8%
Mar 28 20:09:00     56.2     7175300      287    84.7%    286.3     0.3%    10.5%     0.3%     0.0%     3.7%     0.8%
Mar 28 20:10:01     56.3     8141411      287    84.7%    286.3     0.3%    10.5%     0.3%     0.0%     3.7%     0.8%
Mar 28 20:11:01     56.4     9107130      287    84.7%    286.2     0.3%    10.5%     0.3%     0.0%     3.7%     0.8%
Mar 28 20:12:01     56.3    10026557      287    84.7%    286.2     0.3%    10.5%     0.3%     0.0%     3.7%     0.8%
Mar 28 20:13:01     56.9    11076912      287    84.7%    286.2     0.3%    10.5%     0.3%     0.0%     3.7%     0.8%
Mar 28 20:14:01     56.5    11944251      287    84.7%    286.3     0.3%    10.5%     0.3%     0.0%     3.7%     0.8%
Mar 28 20:15:09     56.4    12994048      287    84.7%    286.3     0.3%    10.5%     0.3%     0.0%     3.7%     0.8%
Mar 28 20:16:10     56.8    14043514      287    84.7%    286.3     0.3%    10.5%     0.3%     0.0%     3.7%     0.8%
Mar 28 20:17:12     56.9    15047848      287    84.7%    286.3     0.3%    10.5%     0.3%     0.0%     3.7%     0.8%
Mar 28 20:18:14     56.5    15915228      287    84.7%    286.3     0.3%    10.5%     0.3%     0.0%     3.7%     0.8%
Mar 28 20:19:22     56.6    17011717      287    84.6%    286.3     0.3%    10.5%     0.3%     0.0%     3.7%     0.8%
Mar 28 20:20:22     56.9    18062316      287    84.6%    286.3     0.3%    10.5%     0.3%     0.0%     3.8%     0.8%
Mar 28 20:21:22     56.7    18930577      287    84.6%    286.3     0.3%    10.5%     0.3%     0.0%     3.8%     0.8%
Mar 28 20:22:23     56.8    19935380      287    84.6%    286.2     0.3%    10.5%     0.3%     0.0%     3.8%     0.8%
Mar 28 20:23:25     57.0    20985589      287    84.6%    286.2     0.3%    10.5%     0.3%     0.0%     3.8%     0.8%
Mar 28 20:24:25     57.0    21944458      287    84.6%    286.2     0.3%    10.5%     0.3%     0.0%     3.8%     0.8%
Mar 28 20:25:28     56.8    22857380      287    84.6%    286.3     0.3%    10.5%     0.3%     0.0%     3.8%     0.8%
Mar 28 20:26:30     57.0    23907138      287    84.6%    286.3     0.3%    10.5%     0.3%     0.0%     3.8%     0.8%
Mar 28 20:27:30     57.0    24866030      287    84.6%    286.3     0.3%    10.5%     0.3%     0.0%     3.8%     0.8%
Mar 28 20:28:35     56.9    25824768      287    84.6%    286.3     0.3%    10.5%     0.3%     0.0%     3.8%     0.8%
Mar 28 20:29:38     57.0    26875426      287    84.6%    286.3     0.3%    10.5%     0.3%     0.0%     3.8%     0.8%
Mar 28 20:30:39     56.9    27789405      287    84.6%    286.2     0.3%    10.5%     0.3%     0.0%     3.8%     0.8%
Mar 28 20:31:39     56.9    28748959      287    84.6%    286.2     0.3%    10.5%     0.3%     0.0%     3.8%     0.8%
Mar 28 20:32:39     57.0    29754231      287    84.6%    286.2     0.3%    10.5%     0.3%     0.0%     3.8%     0.8%
Mar 28 20:33:40     57.0    30714036      287    84.6%    286.2     0.3%    10.5%     0.3%     0.0%     3.8%     0.8%
Mar 28 20:34:43     56.9    31673108      287    84.6%    286.2     0.3%    10.5%     0.3%     0.0%     3.8%     0.8%
Mar 28 20:35:43     57.1    32722991      287    84.6%    286.2     0.3%    10.5%     0.3%     0.0%     3.8%     0.8%
Mar 28 20:36:44     56.9    33590118      287    84.6%    286.2     0.3%    10.5%     0.3%     0.0%     3.8%     0.8%
Mar 28 20:37:47     56.9    34594102      287    84.6%    286.2     0.3%    10.5%     0.3%     0.0%     3.8%     0.8%
Mar 28 20:38:47     57.0    35552406      287    84.6%    286.2     0.3%    10.5%     0.3%     0.0%     3.8%     0.8%
Mar 28 20:39:51     56.9    36511519      287    84.6%    286.2     0.3%    10.5%     0.3%     0.0%     3.8%     0.8%
Mar 28 20:40:51     57.0    37516158      287    84.6%    286.2     0.3%    10.5%     0.3%     0.0%     3.8%     0.8%
Mar 28 20:41:52     57.0    38521293      287    84.6%    286.2     0.3%    10.5%     0.3%     0.0%     3.8%     0.8%
Mar 28 20:42:54     56.9    39434831      287    84.6%    286.2     0.3%    10.5%     0.3%     0.0%     3.8%     0.8%
Mar 28 20:43:56     56.9    40394082      287    84.6%    286.2     0.3%    10.5%     0.3%     0.0%     3.8%     0.8%
Mar 28 20:44:57     57.0    41444839      287    84.6%    286.2     0.3%    10.5%     0.3%     0.0%     3.8%     0.8%
ALL DONE!
