           Time    Speed        Read     Read   Mapped   Mapped   Mapped   Mapped Unmapped Unmapped Unmapped Unmapped
                    M/hr      number   length   unique   length   MMrate    multi   multi+       MM    short    other
Mar 28 18:38:40	Started 1st pass mapping
Mar 28 18:38:54     12.0       46697      284    86.0%    283.4     0.3%     9.6%     0.6%     0.0%     3.1%     0.7%
Mar 28 18:39:55     89.4     1863514      283    85.9%    283.2     0.3%     9.4%     0.6%     0.0%     3.3%     0.7%
Mar 28 18:40:59     87.9     3395454      283    85.9%    283.2     0.3%     9.4%     0.6%     0.0%     3.4%     0.7%
Mar 28 18:42:00     91.2     5066389      283    85.9%    283.2     0.3%     9.4%     0.6%     0.0%     3.4%     0.7%
Mar 28 18:43:00     92.7     6691606      283    85.8%    283.2     0.3%     9.4%     0.6%     0.0%     3.4%     0.7%
Mar 28 18:44:01     92.2     8223655      283    85.8%    283.2     0.3%     9.4%     0.6%     0.0%     3.4%     0.7%
Mar 28 18:45:03     93.0     9895119      283    85.9%    283.3     0.3%     9.4%     0.6%     0.0%     3.4%     0.7%
Mar 28 18:46:03     93.2    11465045      283    85.8%    283.3     0.3%     9.4%     0.6%     0.0%     3.4%     0.7%
Mar 28 18:47:04     93.1    13033896      283    85.8%    283.3     0.3%     9.4%     0.6%     0.0%     3.4%     0.7%
Mar 28 18:48:04     93.5    14647286      283    85.8%    283.3     0.3%     9.4%     0.6%     0.0%     3.4%     0.7%
Mar 28 18:49:07     93.4    16261665      283    85.8%    283.3     0.3%     9.4%     0.6%     0.0%     3.4%     0.7%
Mar 28 18:50:07     93.7    17875359      283    85.8%    283.3     0.3%     9.4%     0.6%     0.0%     3.4%     0.7%
Mar 28 18:51:11     93.4    19490075      283    85.8%    283.3     0.3%     9.4%     0.6%     0.0%     3.4%     0.7%
Mar 28 18:52:11     93.9    21150170      283    85.9%    283.3     0.3%     9.4%     0.6%     0.0%     3.4%     0.7%
Mar 28 18:53:13     93.9    22764887      283    85.9%    283.3     0.3%     9.4%     0.6%     0.0%     3.3%     0.7%
Mar 28 18:54:13     94.1    24379495      283    85.9%    283.3     0.3%     9.4%     0.6%     0.0%     3.3%     0.7%
Mar 28 18:54:55	Finished 1st pass mapping
Mar 28 18:57:29     41.5      794561      283    83.5%    283.3     0.3%    11.5%     0.4%     0.0%     3.4%     1.0%
Mar 28 18:58:40     49.1     1909932      283    83.6%    283.2     0.3%    11.5%     0.5%     0.0%     3.4%     1.0%
Mar 28 18:59:51     51.6     3023956      283    83.6%    283.2     0.3%    11.6%     0.5%     0.0%     3.4%     1.0%
Mar 28 19:01:01     53.0     4138099      283    83.5%    283.2     0.3%    11.6%     0.5%     0.0%     3.4%     1.0%
Mar 28 19:02:03     54.1     5159269      283    83.5%    283.2     0.3%    11.6%     0.5%     0.0%     3.4%     1.0%
Mar 28 19:03:04     53.8     6041510      283    83.5%    283.2     0.3%    11.6%     0.5%     0.0%     3.4%     1.0%
Mar 28 19:04:12     54.2     7109456      283    83.5%    283.2     0.3%    11.6%     0.5%     0.0%     3.4%     1.0%
Mar 28 19:05:15     54.4     8084403      283    83.5%    283.2     0.3%    11.6%     0.5%     0.0%     3.4%     1.1%
Mar 28 19:06:15     54.2     8966250      283    83.5%    283.3     0.3%    11.6%     0.5%     0.0%     3.4%     1.1%
Mar 28 19:07:15     54.6     9941582      283    83.5%    283.3     0.3%    11.6%     0.5%     0.0%     3.4%     1.1%
Mar 28 19:08:19     54.4    10865017      283    83.5%    283.3     0.3%    11.6%     0.5%     0.0%     3.4%     1.1%
Mar 28 19:09:27     54.6    11926393      283    83.5%    283.3     0.3%    11.6%     0.5%     0.0%     3.4%     1.1%
Mar 28 19:10:29     54.9    12941655      283    83.5%    283.3     0.3%    11.6%     0.5%     0.0%     3.4%     1.1%
Mar 28 19:11:30     54.5    13771550      283    83.5%    283.3     0.3%    11.6%     0.5%     0.0%     3.4%     1.1%
Mar 28 19:12:31     55.0    14831852      283    83.5%    283.3     0.3%    11.6%     0.5%     0.0%     3.4%     1.1%
Mar 28 19:13:31     55.0    15754187      283    83.5%    283.3     0.3%    11.6%     0.5%     0.0%     3.4%     1.1%
Mar 28 19:14:31     54.9    16630595      283    83.5%    283.3     0.3%    11.6%     0.5%     0.0%     3.4%     1.1%
Mar 28 19:15:31     55.0    17598780      283    83.5%    283.3     0.3%    11.6%     0.5%     0.0%     3.4%     1.1%
Mar 28 19:16:32     55.0    18521163      283    83.5%    283.3     0.3%    11.6%     0.5%     0.0%     3.4%     1.1%
Mar 28 19:17:34     54.9    19443959      283    83.5%    283.2     0.3%    11.6%     0.5%     0.0%     3.4%     1.1%
Mar 28 19:18:34     55.0    20366372      283    83.5%    283.3     0.3%    11.6%     0.5%     0.0%     3.4%     1.1%
Mar 28 19:19:38     54.8    21288557      283    83.5%    283.3     0.3%    11.6%     0.5%     0.0%     3.4%     1.1%
Mar 28 19:20:38     55.0    22257375      283    83.5%    283.3     0.3%    11.6%     0.5%     0.0%     3.4%     1.1%
Mar 28 19:21:38     54.9    23134040      283    83.5%    283.3     0.3%    11.6%     0.5%     0.0%     3.4%     1.1%
Mar 28 19:22:38     55.0    24102803      283    83.5%    283.3     0.3%    11.6%     0.5%     0.0%     3.4%     1.1%
Mar 28 19:23:41     55.0    25071881      283    83.5%    283.3     0.3%    11.6%     0.5%     0.0%     3.4%     1.1%
ALL DONE!
