                                 Started job on |	Apr 10 01:21:54
                             Started mapping on |	Apr 10 01:36:04
                                    Finished on |	Apr 10 01:58:02
       Mapping speed, Million of reads per hour |	76.14

                          Number of input reads |	27874313
                      Average input read length |	283
                                    UNIQUE READS:
                   Uniquely mapped reads number |	23782669
                        Uniquely mapped reads % |	85.32%
                          Average mapped length |	283.08
                       Number of splices: Total |	36354774
            Number of splices: Annotated (sjdb) |	36312265
                       Number of splices: GT/AG |	35963118
                       Number of splices: GC/AG |	290703
                       Number of splices: AT/AC |	36650
               Number of splices: Non-canonical |	64303
                      Mismatch rate per base, % |	0.31%
                         Deletion rate per base |	0.01%
                        Deletion average length |	1.80
                        Insertion rate per base |	0.00%
                       Insertion average length |	1.67
                             MULTI-MAPPING READS:
        Number of reads mapped to multiple loci |	2951678
             % of reads mapped to multiple loci |	10.59%
        Number of reads mapped to too many loci |	44889
             % of reads mapped to too many loci |	0.16%
                                  UNMAPPED READS:
  Number of reads unmapped: too many mismatches |	0
       % of reads unmapped: too many mismatches |	0.00%
            Number of reads unmapped: too short |	944571
                 % of reads unmapped: too short |	3.39%
                Number of reads unmapped: other |	150506
                     % of reads unmapped: other |	0.54%
                                  CHIMERIC READS:
                       Number of chimeric reads |	0
                            % of chimeric reads |	0.00%
