                                 Started job on |	Mar 28 17:45:19
                             Started mapping on |	Mar 28 18:00:32
                                    Finished on |	Mar 28 18:23:20
       Mapping speed, Million of reads per hour |	75.02

                          Number of input reads |	28505999
                      Average input read length |	282
                                    UNIQUE READS:
                   Uniquely mapped reads number |	24306030
                        Uniquely mapped reads % |	85.27%
                          Average mapped length |	281.61
                       Number of splices: Total |	38513399
            Number of splices: Annotated (sjdb) |	38467310
                       Number of splices: GT/AG |	38068617
                       Number of splices: GC/AG |	330983
                       Number of splices: AT/AC |	37693
               Number of splices: Non-canonical |	76106
                      Mismatch rate per base, % |	0.28%
                         Deletion rate per base |	0.01%
                        Deletion average length |	1.80
                        Insertion rate per base |	0.00%
                       Insertion average length |	1.75
                             MULTI-MAPPING READS:
        Number of reads mapped to multiple loci |	3094557
             % of reads mapped to multiple loci |	10.86%
        Number of reads mapped to too many loci |	34267
             % of reads mapped to too many loci |	0.12%
                                  UNMAPPED READS:
  Number of reads unmapped: too many mismatches |	0
       % of reads unmapped: too many mismatches |	0.00%
            Number of reads unmapped: too short |	909118
                 % of reads unmapped: too short |	3.19%
                Number of reads unmapped: other |	162027
                     % of reads unmapped: other |	0.57%
                                  CHIMERIC READS:
                       Number of chimeric reads |	0
                            % of chimeric reads |	0.00%
