                                 Started job on |	Mar 28 16:37:17
                             Started mapping on |	Mar 28 17:02:26
                                    Finished on |	Mar 28 17:44:48
       Mapping speed, Million of reads per hour |	54.69

                          Number of input reads |	38615482
                      Average input read length |	285
                                    UNIQUE READS:
                   Uniquely mapped reads number |	32569851
                        Uniquely mapped reads % |	84.34%
                          Average mapped length |	284.88
                       Number of splices: Total |	46700181
            Number of splices: Annotated (sjdb) |	46639597
                       Number of splices: GT/AG |	46202215
                       Number of splices: GC/AG |	365545
                       Number of splices: AT/AC |	48823
               Number of splices: Non-canonical |	83598
                      Mismatch rate per base, % |	0.30%
                         Deletion rate per base |	0.01%
                        Deletion average length |	1.59
                        Insertion rate per base |	0.00%
                       Insertion average length |	1.61
                             MULTI-MAPPING READS:
        Number of reads mapped to multiple loci |	3976029
             % of reads mapped to multiple loci |	10.30%
        Number of reads mapped to too many loci |	153161
             % of reads mapped to too many loci |	0.40%
                                  UNMAPPED READS:
  Number of reads unmapped: too many mismatches |	0
       % of reads unmapped: too many mismatches |	0.00%
            Number of reads unmapped: too short |	1468489
                 % of reads unmapped: too short |	3.80%
                Number of reads unmapped: other |	447952
                     % of reads unmapped: other |	1.16%
                                  CHIMERIC READS:
                       Number of chimeric reads |	0
                            % of chimeric reads |	0.00%
