                                 Started job on |	Apr 10 07:48:00
                             Started mapping on |	Apr 10 08:18:57
                                    Finished on |	Apr 10 09:28:13
       Mapping speed, Million of reads per hour |	37.55

                          Number of input reads |	43355002
                      Average input read length |	295
                                    UNIQUE READS:
                   Uniquely mapped reads number |	31881517
                        Uniquely mapped reads % |	73.54%
                          Average mapped length |	290.92
                       Number of splices: Total |	46768789
            Number of splices: Annotated (sjdb) |	46673421
                       Number of splices: GT/AG |	46261266
                       Number of splices: GC/AG |	334966
                       Number of splices: AT/AC |	36515
               Number of splices: Non-canonical |	136042
                      Mismatch rate per base, % |	0.94%
                         Deletion rate per base |	0.00%
                        Deletion average length |	1.86
                        Insertion rate per base |	0.00%
                       Insertion average length |	1.58
                             MULTI-MAPPING READS:
        Number of reads mapped to multiple loci |	8020502
             % of reads mapped to multiple loci |	18.50%
        Number of reads mapped to too many loci |	78883
             % of reads mapped to too many loci |	0.18%
                                  UNMAPPED READS:
  Number of reads unmapped: too many mismatches |	0
       % of reads unmapped: too many mismatches |	0.00%
            Number of reads unmapped: too short |	3102880
                 % of reads unmapped: too short |	7.16%
                Number of reads unmapped: other |	271220
                     % of reads unmapped: other |	0.63%
                                  CHIMERIC READS:
                       Number of chimeric reads |	0
                            % of chimeric reads |	0.00%
