           Time    Speed        Read     Read   Mapped   Mapped   Mapped   Mapped Unmapped Unmapped Unmapped Unmapped
                    M/hr      number   length   unique   length   MMrate    multi   multi+       MM    short    other
Mar 28 17:45:39	Started 1st pass mapping
Mar 28 17:45:50     15.4       46918      282    88.8%    282.0     0.3%     7.7%     0.1%     0.0%     3.2%     0.3%
Mar 28 17:46:52    113.0     2291850      282    88.6%    281.7     0.3%     7.7%     0.1%     0.0%     3.3%     0.3%
Mar 28 17:47:52    122.6     4530141      282    88.6%    281.7     0.3%     7.7%     0.2%     0.0%     3.2%     0.3%
Mar 28 17:48:54    124.1     6722093      282    88.6%    281.7     0.3%     7.7%     0.2%     0.0%     3.2%     0.3%
Mar 28 17:49:55    124.7     8866805      282    88.6%    281.7     0.3%     7.7%     0.2%     0.0%     3.2%     0.3%
Mar 28 17:50:58    125.2    11098048      282    88.6%    281.7     0.3%     7.7%     0.2%     0.0%     3.2%     0.3%
Mar 28 17:51:58    125.7    13229552      282    88.6%    281.7     0.3%     7.7%     0.2%     0.0%     3.2%     0.3%
Mar 28 17:52:59    124.9    15267944      282    88.6%    281.8     0.3%     7.7%     0.2%     0.0%     3.2%     0.3%
Mar 28 17:54:01    125.1    17445132      282    88.7%    281.8     0.3%     7.7%     0.2%     0.0%     3.2%     0.3%
Mar 28 17:55:03    125.5    19669084      282    88.7%    281.8     0.3%     7.7%     0.2%     0.0%     3.2%     0.3%
Mar 28 17:56:03    125.5    21753847      282    88.7%    281.8     0.3%     7.7%     0.2%     0.0%     3.2%     0.3%
Mar 28 17:57:03    125.7    23884580      282    88.7%    281.8     0.3%     7.7%     0.2%     0.0%     3.2%     0.3%
Mar 28 17:58:05    125.5    26015287      282    88.7%    281.8     0.3%     7.7%     0.2%     0.0%     3.2%     0.3%
Mar 28 17:59:05    125.9    28192584      282    88.7%    281.8     0.3%     7.7%     0.2%     0.0%     3.2%     0.3%
Mar 28 17:59:12	Finished 1st pass mapping
Mar 28 18:01:32     67.6     1126141      282    85.2%    281.5     0.3%    10.8%     0.1%     0.0%     3.3%     0.6%
Mar 28 18:02:33     68.2     2291889      282    85.2%    281.5     0.3%    10.9%     0.1%     0.0%     3.3%     0.6%
Mar 28 18:03:35     73.5     3737187      282    85.2%    281.6     0.3%    10.9%     0.1%     0.0%     3.3%     0.6%
Mar 28 18:04:35     73.3     4949615      282    85.2%    281.6     0.3%    10.9%     0.1%     0.0%     3.2%     0.6%
Mar 28 18:05:41     74.0     6348874      282    85.2%    281.6     0.3%    10.9%     0.1%     0.0%     3.2%     0.6%
Mar 28 18:06:41     75.1     7701491      282    85.2%    281.6     0.3%    10.9%     0.1%     0.0%     3.2%     0.6%
Mar 28 18:07:45     74.9     9006803      282    85.2%    281.6     0.3%    10.9%     0.1%     0.0%     3.2%     0.6%
Mar 28 18:08:46     75.8    10402996      282    85.2%    281.6     0.3%    10.9%     0.1%     0.0%     3.2%     0.6%
Mar 28 18:09:47     75.6    11654248      282    85.2%    281.6     0.3%    10.9%     0.1%     0.0%     3.2%     0.6%
Mar 28 18:10:51     75.9    13044190      282    85.2%    281.6     0.3%    10.9%     0.1%     0.0%     3.2%     0.6%
Mar 28 18:11:52     76.2    14387854      282    85.2%    281.6     0.3%    10.9%     0.1%     0.0%     3.2%     0.6%
Mar 28 18:12:52     75.9    15592220      282    85.2%    281.6     0.3%    10.9%     0.1%     0.0%     3.2%     0.6%
Mar 28 18:13:52     76.0    16889204      282    85.2%    281.6     0.3%    10.9%     0.1%     0.0%     3.2%     0.6%
Mar 28 18:14:53     75.8    18140361      282    85.2%    281.6     0.3%    10.9%     0.1%     0.0%     3.2%     0.6%
Mar 28 18:15:55     76.2    19530078      282    85.3%    281.6     0.3%    10.9%     0.1%     0.0%     3.2%     0.6%
Mar 28 18:16:58     75.7    20734870      282    85.3%    281.6     0.3%    10.9%     0.1%     0.0%     3.2%     0.6%
Mar 28 18:17:59     76.1    22124603      282    85.3%    281.6     0.3%    10.9%     0.1%     0.0%     3.2%     0.6%
Mar 28 18:19:00     75.8    23328711      282    85.3%    281.6     0.3%    10.9%     0.1%     0.0%     3.2%     0.6%
Mar 28 18:20:02     75.9    24671961      282    85.3%    281.6     0.3%    10.9%     0.1%     0.0%     3.2%     0.6%
Mar 28 18:21:03     75.8    25922616      282    85.3%    281.6     0.3%    10.9%     0.1%     0.0%     3.2%     0.6%
Mar 28 18:22:03     76.0    27265799      282    85.3%    281.6     0.3%    10.9%     0.1%     0.0%     3.2%     0.6%
Mar 28 18:23:20     75.0    28505999      282    85.3%    281.6     0.3%    10.9%     0.1%     0.0%     3.2%     0.6%
ALL DONE!
