           Time    Speed        Read     Read   Mapped   Mapped   Mapped   Mapped Unmapped Unmapped Unmapped Unmapped
                    M/hr      number   length   unique   length   MMrate    multi   multi+       MM    short    other
Mar 28 20:50:30	Started 1st pass mapping
Mar 28 20:50:43     12.6       45595      294    88.1%    292.4     0.5%     7.4%     0.2%     0.0%     3.9%     0.4%
Mar 28 20:51:46     87.9     1855162      293    87.3%    291.3     0.7%     7.5%     0.2%     0.0%     4.6%     0.4%
Mar 28 20:52:49     94.8     3658580      293    87.3%    291.3     0.7%     7.5%     0.2%     0.0%     4.6%     0.4%
Mar 28 20:53:52     97.3     5461466      293    87.5%    291.4     0.6%     7.5%     0.2%     0.0%     4.4%     0.4%
Mar 28 20:54:56     98.3     7264955      293    87.5%    291.4     0.6%     7.5%     0.2%     0.0%     4.4%     0.4%
Mar 28 20:55:59     99.2     9068434      293    87.5%    291.5     0.6%     7.5%     0.2%     0.0%     4.4%     0.4%
Mar 28 20:57:01    100.0    10866480      293    87.6%    291.5     0.6%     7.5%     0.2%     0.0%     4.3%     0.4%
Mar 28 20:58:08     99.5    12658833      293    87.4%    291.4     0.6%     7.5%     0.2%     0.0%     4.4%     0.4%
Mar 28 20:59:08     99.5    14316196      293    87.3%    291.3     0.7%     7.5%     0.2%     0.0%     4.6%     0.4%
Mar 28 21:00:10     98.9    15928592      293    87.2%    291.3     0.7%     7.5%     0.2%     0.0%     4.7%     0.4%
Mar 28 21:01:13     99.0    17675569      293    87.1%    291.2     0.7%     7.5%     0.2%     0.0%     4.8%     0.4%
Mar 28 21:02:14     99.3    19422507      293    87.1%    291.2     0.7%     7.5%     0.2%     0.0%     4.8%     0.4%
Mar 28 21:03:14     98.9    20990170      293    87.1%    291.2     0.7%     7.5%     0.2%     0.0%     4.8%     0.4%
Mar 28 21:04:17     99.0    22737708      293    87.0%    291.2     0.7%     7.5%     0.2%     0.0%     4.9%     0.4%
Mar 28 21:05:17     99.0    24395042      293    87.0%    291.2     0.7%     7.5%     0.2%     0.0%     4.9%     0.4%
Mar 28 21:06:19     98.5    25963083      293    87.0%    291.1     0.7%     7.5%     0.2%     0.0%     4.9%     0.4%
Mar 28 21:07:21     98.5    27665784      293    86.9%    291.1     0.7%     7.5%     0.2%     0.0%     5.0%     0.4%
Mar 28 21:08:22     98.0    29189545      293    86.9%    291.1     0.7%     7.5%     0.2%     0.0%     5.0%     0.4%
Mar 28 21:09:22     98.1    30847362      293    86.8%    291.0     0.7%     7.5%     0.2%     0.0%     5.1%     0.4%
Mar 28 21:10:25     97.7    32415799      293    86.8%    291.0     0.7%     7.5%     0.2%     0.0%     5.1%     0.4%
Mar 28 21:11:28     97.8    34163752      293    86.8%    291.0     0.7%     7.5%     0.2%     0.0%     5.1%     0.4%
Mar 28 21:12:28     97.5    35685965      293    86.7%    291.0     0.7%     7.5%     0.2%     0.0%     5.2%     0.4%
Mar 28 21:13:29     97.1    37207765      293    86.6%    290.9     0.7%     7.5%     0.2%     0.0%     5.3%     0.4%
Mar 28 21:14:29     96.8    38685494      293    86.5%    290.8     0.8%     7.5%     0.2%     0.0%     5.4%     0.4%
Mar 28 21:15:34     96.1    40164082      293    86.4%    290.8     0.8%     7.5%     0.2%     0.0%     5.5%     0.4%
Mar 28 21:16:34     96.0    41686097      293    86.3%    290.7     0.8%     7.5%     0.2%     0.0%     5.6%     0.4%
Mar 28 21:17:36     95.8    43253258      293    86.3%    290.7     0.8%     7.5%     0.2%     0.0%     5.6%     0.4%
Mar 28 21:18:36     95.7    44821615      293    86.2%    290.7     0.8%     7.5%     0.2%     0.0%     5.7%     0.4%
Mar 28 21:19:07	Finished 1st pass mapping
Mar 28 21:21:51     26.8      454300      293    78.4%    290.0     0.8%    15.6%     0.2%     0.0%     5.2%     0.6%
Mar 28 21:22:52     41.4     1404295      293    78.9%    290.3     0.8%    15.3%     0.2%     0.0%     4.9%     0.6%
Mar 28 21:23:54     42.5     2170702      293    79.2%    290.6     0.7%    15.3%     0.2%     0.0%     4.6%     0.6%
Mar 28 21:24:55     42.5     2892127      293    79.1%    290.5     0.7%    15.3%     0.2%     0.0%     4.8%     0.6%
Mar 28 21:26:07     41.5     3658580      293    79.3%    290.7     0.7%    15.3%     0.2%     0.0%     4.6%     0.6%
Mar 28 21:27:07     42.3     4424758      293    79.3%    290.7     0.7%    15.3%     0.2%     0.0%     4.5%     0.6%
Mar 28 21:28:09     42.9     5236111      293    79.4%    290.8     0.7%    15.3%     0.2%     0.0%     4.5%     0.6%
Mar 28 21:29:09     43.6     6047524      293    79.4%    290.8     0.7%    15.3%     0.2%     0.0%     4.4%     0.6%
Mar 28 21:30:10     43.5     6768887      293    79.4%    290.8     0.7%    15.3%     0.2%     0.0%     4.5%     0.6%
Mar 28 21:31:22     43.4     7625745      293    79.5%    290.9     0.7%    15.3%     0.2%     0.0%     4.4%     0.6%
Mar 28 21:32:27     43.3     8392002      293    79.5%    290.8     0.7%    15.3%     0.2%     0.0%     4.4%     0.6%
Mar 28 21:33:27     43.6     9158632      293    79.5%    290.9     0.7%    15.3%     0.2%     0.0%     4.4%     0.6%
Mar 28 21:34:28     44.1    10014870      293    79.6%    290.9     0.6%    15.3%     0.2%     0.0%     4.3%     0.6%
Mar 28 21:35:29     44.3    10821661      293    79.6%    290.9     0.6%    15.3%     0.2%     0.0%     4.3%     0.6%
Mar 28 21:36:35     44.1    11583455      293    79.6%    291.0     0.6%    15.3%     0.2%     0.0%     4.2%     0.6%
Mar 28 21:37:36     44.0    12300400      293    79.5%    290.8     0.7%    15.3%     0.2%     0.0%     4.4%     0.6%
Mar 28 21:38:36     44.0    13017343      293    79.4%    290.8     0.7%    15.3%     0.2%     0.0%     4.5%     0.6%
Mar 28 21:39:36     43.9    13733884      293    79.4%    290.8     0.7%    15.3%     0.2%     0.0%     4.5%     0.6%
Mar 28 21:40:38     43.8    14450540      293    79.3%    290.7     0.7%    15.3%     0.2%     0.0%     4.6%     0.6%
Mar 28 21:41:43     43.7    15212038      293    79.3%    290.7     0.7%    15.3%     0.2%     0.0%     4.6%     0.6%
Mar 28 21:42:49     43.5    15928594      293    79.2%    290.6     0.7%    15.3%     0.2%     0.0%     4.7%     0.6%
Mar 28 21:43:51     43.5    16690211      293    79.2%    290.6     0.7%    15.3%     0.2%     0.0%     4.7%     0.6%
Mar 28 21:44:51     43.8    17541172      293    79.1%    290.6     0.7%    15.3%     0.2%     0.0%     4.8%     0.6%
Mar 28 21:45:51     43.7    18213255      293    79.1%    290.6     0.7%    15.3%     0.2%     0.0%     4.8%     0.6%
Mar 28 21:47:03     43.7    19109013      293    79.1%    290.6     0.7%    15.3%     0.2%     0.0%     4.8%     0.6%
Mar 28 21:48:04     43.7    19825667      293    79.1%    290.5     0.7%    15.3%     0.2%     0.0%     4.9%     0.6%
Mar 28 21:49:08     43.6    20587271      293    79.0%    290.5     0.7%    15.3%     0.2%     0.0%     4.9%     0.6%
Mar 28 21:50:10     43.7    21348395      293    79.0%    290.5     0.7%    15.2%     0.2%     0.0%     4.9%     0.6%
Mar 28 21:51:10     43.6    22065384      293    79.0%    290.5     0.7%    15.2%     0.2%     0.0%     4.9%     0.6%
Mar 28 21:52:10     43.9    22916850      293    79.1%    290.6     0.7%    15.2%     0.2%     0.0%     4.8%     0.6%
Mar 28 21:53:11     43.8    23633580      293    79.1%    290.6     0.7%    15.2%     0.2%     0.0%     4.8%     0.6%
Mar 28 21:54:16     43.7    24350287      293    79.0%    290.5     0.7%    15.2%     0.2%     0.0%     4.9%     0.6%
Mar 28 21:55:18     43.6    25067075      293    79.0%    290.5     0.7%    15.2%     0.2%     0.0%     4.9%     0.6%
Mar 28 21:56:19     43.7    25828677      293    79.0%    290.5     0.7%    15.2%     0.2%     0.0%     4.9%     0.6%
Mar 28 21:57:22     43.6    26545370      293    78.9%    290.5     0.7%    15.2%     0.2%     0.0%     5.0%     0.6%
Mar 28 21:58:27     43.6    27352048      293    78.9%    290.5     0.7%    15.2%     0.2%     0.0%     5.0%     0.6%
Mar 28 21:59:31     43.6    28113849      293    78.9%    290.4     0.7%    15.3%     0.2%     0.0%     5.0%     0.6%
Mar 28 22:00:34     43.5    28830947      293    78.9%    290.4     0.7%    15.3%     0.2%     0.0%     5.0%     0.6%
Mar 28 22:01:38     43.5    29592927      293    78.9%    290.4     0.7%    15.3%     0.2%     0.0%     5.0%     0.6%
Mar 28 22:02:43     43.4    30309653      293    78.8%    290.4     0.7%    15.3%     0.2%     0.0%     5.1%     0.6%
Mar 28 22:03:44     43.5    31071411      293    78.8%    290.4     0.7%    15.2%     0.2%     0.0%     5.1%     0.6%
Mar 28 22:04:44     43.4    31788450      293    78.8%    290.4     0.8%    15.3%     0.2%     0.0%     5.1%     0.6%
Mar 28 22:05:47     43.4    32550310      293    78.8%    290.3     0.8%    15.3%     0.2%     0.0%     5.1%     0.6%
Mar 28 22:06:50     43.5    33312473      293    78.8%    290.3     0.8%    15.3%     0.2%     0.0%     5.1%     0.6%
Mar 28 22:07:51     43.5    34074117      293    78.8%    290.3     0.8%    15.3%     0.2%     0.0%     5.1%     0.6%
Mar 28 22:08:53     43.4    34790792      293    78.8%    290.3     0.8%    15.3%     0.2%     0.0%     5.1%     0.6%
Mar 28 22:09:56     43.3    35462140      293    78.7%    290.3     0.8%    15.2%     0.2%     0.0%     5.2%     0.6%
