                                 Started job on |	Mar 28 20:50:09
                             Started mapping on |	Mar 28 21:20:50
                                    Finished on |	Mar 28 22:25:30
       Mapping speed, Million of reads per hour |	42.34

                          Number of input reads |	45628058
                      Average input read length |	293
                                    UNIQUE READS:
                   Uniquely mapped reads number |	35708874
                        Uniquely mapped reads % |	78.26%
                          Average mapped length |	289.94
                       Number of splices: Total |	52302866
            Number of splices: Annotated (sjdb) |	52175171
                       Number of splices: GT/AG |	51674811
                       Number of splices: GC/AG |	427292
                       Number of splices: AT/AC |	52692
               Number of splices: Non-canonical |	148071
                      Mismatch rate per base, % |	0.82%
                         Deletion rate per base |	0.01%
                        Deletion average length |	1.95
                        Insertion rate per base |	0.00%
                       Insertion average length |	1.51
                             MULTI-MAPPING READS:
        Number of reads mapped to multiple loci |	6939317
             % of reads mapped to multiple loci |	15.21%
        Number of reads mapped to too many loci |	87084
             % of reads mapped to too many loci |	0.19%
                                  UNMAPPED READS:
  Number of reads unmapped: too many mismatches |	0
       % of reads unmapped: too many mismatches |	0.00%
            Number of reads unmapped: too short |	2601843
                 % of reads unmapped: too short |	5.70%
                Number of reads unmapped: other |	290940
                     % of reads unmapped: other |	0.64%
                                  CHIMERIC READS:
                       Number of chimeric reads |	0
                            % of chimeric reads |	0.00%
