                                 Started job on |	Apr 09 23:46:12
                             Started mapping on |	Apr 10 00:11:31
                                    Finished on |	Apr 10 00:54:24
       Mapping speed, Million of reads per hour |	56.93

                          Number of input reads |	40686294
                      Average input read length |	284
                                    UNIQUE READS:
                   Uniquely mapped reads number |	34621021
                        Uniquely mapped reads % |	85.09%
                          Average mapped length |	283.87
                       Number of splices: Total |	50182381
            Number of splices: Annotated (sjdb) |	50123009
                       Number of splices: GT/AG |	49632522
                       Number of splices: GC/AG |	394129
                       Number of splices: AT/AC |	50762
               Number of splices: Non-canonical |	104968
                      Mismatch rate per base, % |	0.30%
                         Deletion rate per base |	0.01%
                        Deletion average length |	1.70
                        Insertion rate per base |	0.00%
                       Insertion average length |	1.61
                             MULTI-MAPPING READS:
        Number of reads mapped to multiple loci |	4009190
             % of reads mapped to multiple loci |	9.85%
        Number of reads mapped to too many loci |	134556
             % of reads mapped to too many loci |	0.33%
                                  UNMAPPED READS:
  Number of reads unmapped: too many mismatches |	0
       % of reads unmapped: too many mismatches |	0.00%
            Number of reads unmapped: too short |	1543078
                 % of reads unmapped: too short |	3.79%
                Number of reads unmapped: other |	378449
                     % of reads unmapped: other |	0.93%
                                  CHIMERIC READS:
                       Number of chimeric reads |	0
                            % of chimeric reads |	0.00%
