           Time    Speed        Read     Read   Mapped   Mapped   Mapped   Mapped Unmapped Unmapped Unmapped Unmapped
                    M/hr      number   length   unique   length   MMrate    multi   multi+       MM    short    other
Apr 10 03:58:45	Started 1st pass mapping
Apr 10 03:58:57     14.2       47235      282    85.6%    282.8     0.2%    10.8%     0.5%     0.0%     2.7%     0.5%
Apr 10 03:59:57     96.0     1919661      282    85.1%    281.9     0.3%    10.9%     0.4%     0.0%     3.2%     0.4%
Apr 10 04:00:59    101.7     3785983      282    85.0%    281.8     0.3%    10.9%     0.4%     0.0%     3.2%     0.4%
Apr 10 04:02:01    103.8     5652537      282    85.0%    281.8     0.3%    10.9%     0.4%     0.0%     3.2%     0.4%
Apr 10 04:03:03    104.9     7519069      282    85.0%    281.9     0.3%    10.9%     0.4%     0.0%     3.2%     0.4%
Apr 10 04:04:09    104.3     9385780      282    85.0%    281.9     0.3%    10.9%     0.4%     0.0%     3.2%     0.4%
Apr 10 04:05:09    105.4    11244876      282    85.0%    282.0     0.3%    10.9%     0.5%     0.0%     3.2%     0.4%
Apr 10 04:06:09    105.8    13052957      282    85.0%    281.9     0.3%    10.9%     0.5%     0.0%     3.2%     0.4%
Apr 10 04:07:11    104.7    14721303      282    85.0%    281.9     0.3%    10.9%     0.5%     0.0%     3.2%     0.4%
Apr 10 04:08:11    105.1    16528899      282    85.0%    281.9     0.3%    10.9%     0.5%     0.0%     3.2%     0.4%
Apr 10 04:09:13    105.1    18336879      282    85.0%    281.9     0.3%    10.9%     0.5%     0.0%     3.2%     0.4%
Apr 10 04:10:15    105.3    20191241      282    85.1%    281.9     0.3%    10.9%     0.5%     0.0%     3.1%     0.4%
Apr 10 04:11:17    105.5    22045946      282    85.1%    281.9     0.3%    10.9%     0.5%     0.0%     3.1%     0.4%
Apr 10 04:12:11	Finished 1st pass mapping
Apr 10 04:14:29     47.9      798679      282    83.2%    281.9     0.3%    12.6%     0.4%     0.0%     3.2%     0.7%
Apr 10 04:15:31     58.0     1966334      282    83.2%    281.9     0.3%    12.6%     0.4%     0.0%     3.2%     0.7%
Apr 10 04:16:32     60.7     3086090      282    83.2%    281.9     0.3%    12.6%     0.4%     0.0%     3.2%     0.7%
Apr 10 04:17:33     61.4     4159268      282    83.1%    281.8     0.3%    12.6%     0.4%     0.0%     3.2%     0.7%
Apr 10 04:18:33     62.5     5279257      282    83.1%    281.8     0.3%    12.6%     0.4%     0.0%     3.2%     0.7%
Apr 10 04:19:35     62.9     6399217      282    83.1%    281.8     0.3%    12.7%     0.4%     0.0%     3.2%     0.7%
Apr 10 04:20:37     62.9     7472405      282    83.1%    281.9     0.3%    12.7%     0.4%     0.0%     3.2%     0.7%
Apr 10 04:21:40     63.0     8592155      282    83.1%    281.9     0.3%    12.7%     0.4%     0.0%     3.2%     0.7%
Apr 10 04:22:40     63.2     9665949      282    83.1%    282.0     0.3%    12.7%     0.4%     0.0%     3.2%     0.7%
Apr 10 04:23:42     62.8    10688412      282    83.1%    282.0     0.3%    12.7%     0.4%     0.0%     3.2%     0.7%
Apr 10 04:24:42     62.9    11755399      282    83.1%    282.0     0.3%    12.7%     0.4%     0.0%     3.2%     0.7%
Apr 10 04:25:43     62.7    12775127      282    83.1%    282.0     0.3%    12.7%     0.4%     0.0%     3.2%     0.7%
Apr 10 04:26:46     62.7    13886976      282    83.1%    282.0     0.3%    12.7%     0.4%     0.0%     3.2%     0.7%
Apr 10 04:27:47     62.9    14999443      282    83.1%    281.9     0.3%    12.7%     0.4%     0.0%     3.2%     0.7%
Apr 10 04:28:47     63.0    16065621      282    83.1%    281.9     0.3%    12.7%     0.4%     0.0%     3.2%     0.7%
Apr 10 04:29:49     63.1    17177946      282    83.1%    281.9     0.3%    12.7%     0.4%     0.0%     3.2%     0.7%
Apr 10 04:30:49     63.0    18197794      282    83.1%    281.9     0.3%    12.7%     0.4%     0.0%     3.2%     0.7%
Apr 10 04:31:50     62.8    19217534      282    83.1%    281.9     0.3%    12.7%     0.4%     0.0%     3.2%     0.7%
Apr 10 04:32:51     62.8    20283984      282    83.1%    282.0     0.3%    12.7%     0.4%     0.0%     3.1%     0.7%
Apr 10 04:33:55     62.8    21396793      282    83.1%    282.0     0.3%    12.7%     0.4%     0.0%     3.1%     0.7%
Apr 10 04:34:58     62.9    22509599      282    83.2%    282.0     0.3%    12.7%     0.4%     0.0%     3.1%     0.7%
Apr 10 04:36:18     62.4    23723759      282    83.2%    282.0     0.3%    12.7%     0.4%     0.0%     3.1%     0.7%
ALL DONE!
