                                 Started job on |	Mar 26 10:07:52
                             Started mapping on |	Mar 26 10:25:45
                                    Finished on |	Mar 26 10:57:19
       Mapping speed, Million of reads per hour |	46.57

                          Number of input reads |	24498812
                      Average input read length |	284
                                    UNIQUE READS:
                   Uniquely mapped reads number |	20294832
                        Uniquely mapped reads % |	82.84%
                          Average mapped length |	283.16
                       Number of splices: Total |	29586396
            Number of splices: Annotated (sjdb) |	29554013
                       Number of splices: GT/AG |	29281537
                       Number of splices: GC/AG |	223242
                       Number of splices: AT/AC |	24969
               Number of splices: Non-canonical |	56648
                      Mismatch rate per base, % |	0.29%
                         Deletion rate per base |	0.01%
                        Deletion average length |	1.67
                        Insertion rate per base |	0.00%
                       Insertion average length |	1.70
                             MULTI-MAPPING READS:
        Number of reads mapped to multiple loci |	2880536
             % of reads mapped to multiple loci |	11.76%
        Number of reads mapped to too many loci |	99961
             % of reads mapped to too many loci |	0.41%
                                  UNMAPPED READS:
  Number of reads unmapped: too many mismatches |	0
       % of reads unmapped: too many mismatches |	0.00%
            Number of reads unmapped: too short |	960852
                 % of reads unmapped: too short |	3.92%
                Number of reads unmapped: other |	262631
                     % of reads unmapped: other |	1.07%
                                  CHIMERIC READS:
                       Number of chimeric reads |	0
                            % of chimeric reads |	0.00%
