                                 Started job on |	Apr 09 19:19:37
                             Started mapping on |	Apr 09 19:20:03
                                    Finished on |	Apr 09 19:36:27
       Mapping speed, Million of reads per hour |	93.41

                          Number of input reads |	25533186
                      Average input read length |	283
                                    UNIQUE READS:
                   Uniquely mapped reads number |	21926259
                        Uniquely mapped reads % |	85.87%
                          Average mapped length |	283.30
                       Number of splices: Total |	29826788
            Number of splices: Annotated (sjdb) |	29330421
                       Number of splices: GT/AG |	29542436
                       Number of splices: GC/AG |	197567
                       Number of splices: AT/AC |	27041
               Number of splices: Non-canonical |	59744
                      Mismatch rate per base, % |	0.27%
                         Deletion rate per base |	0.01%
                        Deletion average length |	1.74
                        Insertion rate per base |	0.00%
                       Insertion average length |	1.65
                             MULTI-MAPPING READS:
        Number of reads mapped to multiple loci |	2405620
             % of reads mapped to multiple loci |	9.42%
        Number of reads mapped to too many loci |	162046
             % of reads mapped to too many loci |	0.63%
                                  UNMAPPED READS:
  Number of reads unmapped: too many mismatches |	0
       % of reads unmapped: too many mismatches |	0.00%
            Number of reads unmapped: too short |	853155
                 % of reads unmapped: too short |	3.34%
                Number of reads unmapped: other |	186106
                     % of reads unmapped: other |	0.73%
                                  CHIMERIC READS:
                       Number of chimeric reads |	0
                            % of chimeric reads |	0.00%
