Starting DSMZ-TCGA breast cancer subtypes analysis via R script...
[INFO] Starting pipeline...
[INFO] Collapsing 44 duplicate TCGA genes: ENSG00000002586, ENSG00000124333, ENSG00000124334, ENSG00000167393, ENSG00000169084
[INFO] Collapsing 44 duplicate DSMZ genes: ENSG00000228572, ENSG00000182378, ENSG00000178605, ENSG00000226179, ENSG00000167393
[DIM] TCGA (raw)          :   60,616 genes x 10,272 samples
[DIM] DSMZ (raw)          :   60,616 genes x    167 samples
[DIM] DSMZ (after organ subset):   60,616 genes x     29 samples
[DIM] TCGA (after project subset):   60,616 genes x  1,085 samples
[INFO] Shared genes: 60616
[DIM] TCGA (post-intersect):   60,616 genes x  1,085 samples
[DIM] DSMZ (post-intersect):   60,616 genes x     29 samples
[DIM] Merged (Xc_raw)     :   60,616 genes x  1,114 samples
[WARN] Large merged matrix (%d genes x %d samples); consider subsampling.
 60616 1114[INFO] VST per-dataset (TCGA only)...
[INFO] VST per-dataset (DSMZ only)...
[INFO] Using purity from SummarizedExperiment
[INFO] Applying purity adjustment to TCGA VST data...
[INFO] Applying purity adjustment on VST data...
[INFO] Removing 1940 purity-associated genes
[INFO] Batch adjustment (global)...
Found 12490 genes with uniform expression within a single batch (all zeros); these will not be adjusted for batch.
[INFO] PCA before and after batch correction...
[INFO] Subsetting to PAM50 genes...
[INFO] Attempting gene symbol mapping via org.Hs.eg.db...
[INFO] org.Hs.eg.db mapping successful: 36309 mappings
[INFO] Attempting gene symbol mapping via TCGA rowData...
[INFO] TCGA rowData mapping successful: 59427 mappings using column 'gene_name'
[INFO] Final gene symbol mapping summary: 59533 total mappings
[DIM] PAM50 Matrix        :       48 genes x  1,114 samples
[PAM50] Matched 48/50 genes
[PAM50] Missing symbols: ORC6L, WHSC1L1 
[INFO] Found 19/19 marker genes in VST matrix.
Optimal k (k-means): 2 with mean silhouette: 0.138 
               dataset_lab
clusters_kmeans DSMZ TCGA
             C1    7  316
             C2   22  769
[INFO] Performing hierarchical clustering (HVG)...
[INFO] Using Euclidean distance for hierarchical clustering (standard for gene expression)
[INFO] Performing hierarchical clustering (PAM50)...
[INFO] Using Euclidean distance for PAM50 hierarchical clustering (consistent with HVG analysis)
[INFO] Performing differential expression analysis...
[INFO] Performing iterative UMAP + HDBSCAN (HVG)...
[INFO] Performing iterative UMAP + HDBSCAN (PAM50)...
[INFO] Performing statistical analysis...
