Starting TCGA hvg analysis via R script...
Allowing multi-threading with up to 256 threads.
   Power SFT.R.sq  slope truncated.R.sq  mean.k. median.k.   max.k.
1      1   0.0545  0.665         0.9940 5.25e+01  5.13e+01 9.37e+01
2      2   0.5130 -1.370         0.9860 5.57e+00  5.01e+00 1.66e+01
3      3   0.8230 -2.080         0.9920 8.06e-01  6.21e-01 4.16e+00
4      4   0.9050 -2.120         0.9660 1.50e-01  8.85e-02 1.31e+00
5      5   0.9680 -1.730         0.9630 3.52e-02  1.45e-02 4.85e-01
6      6   0.9620 -1.600         0.9530 1.03e-02  2.59e-03 2.56e-01
7      7   0.9820 -1.450         0.9780 3.61e-03  4.95e-04 1.50e-01
8      8   0.2470 -1.720         0.0425 1.47e-03  9.96e-05 8.93e-02
9      9   0.2220 -1.480         0.0492 6.76e-04  2.15e-05 5.40e-02
10    10   0.2300 -1.400         0.0544 3.36e-04  4.60e-06 3.30e-02
11    12   0.2440 -1.950         0.0311 9.70e-05  2.31e-07 1.26e-02
12    14   0.2320 -1.560         0.0260 3.18e-05  1.25e-08 4.95e-03
13    16   0.2150 -1.570         0.0420 1.12e-05  6.96e-10 1.98e-03
14    18   0.2240 -1.610         0.0514 4.17e-06  3.90e-11 8.08e-04
15    20   0.2430 -1.890         0.2070 1.60e-06  2.41e-12 3.34e-04
16    22   0.2190 -1.650         0.1120 6.28e-07  1.50e-13 1.40e-04
17    24   0.3130 -1.970         0.1220 2.52e-07  9.44e-15 5.91e-05
18    26   0.3840 -2.210         0.2250 1.02e-07  6.66e-16 2.52e-05
19    28   0.3520 -2.160         0.3610 4.22e-08  0.00e+00 1.08e-05
20    30   0.3010 -1.980         0.1740 1.76e-08  0.00e+00 4.66e-06

=== UNSUPERVISED FEATURE SELECTION SUMMARY ===
Input matrix: 60616 genes × 818 samples
Top 3000 per method: 3000 each
Union candidates: 5096
Final top 500 (Spearman): 500
Final top 500 (MX): 500
Top 500 kTotal: 0
Overlap kTotal & MX: 0 (Jaccard = NaN)
Top 200 intersection: 36
All results saved in: /home/chu25/dsmz/old_scripts/brca_analysis/brca/unsupervised/results/feature_selection_unsupervised/feature_selection_unsupervised
