Starting DSMZ hvg analysis via R script...
Allowing multi-threading with up to 256 threads.
   Power SFT.R.sq slope truncated.R.sq  mean.k. median.k.   max.k.
1      1   0.3480 -1.61        0.18300 2.02e+00  1.92e+00 3.07e+00
2      2   0.1290 -4.43       -0.11900 2.18e-01  1.86e-01 4.60e-01
3      3   0.0723 -3.07       -0.18200 3.15e-02  2.30e-02 8.75e-02
4      4   0.2160 -4.84       -0.00682 5.95e-03  3.07e-03 2.10e-02
5      5   0.1490 -3.74        0.06000 1.43e-03  4.18e-04 7.44e-03
6      6   0.1280 -2.92        0.04960 4.07e-04  6.02e-05 2.73e-03
7      7   0.2270 -3.21        0.08510 1.29e-04  9.34e-06 1.01e-03
8      8   0.2680 -3.37        0.12000 4.31e-05  1.52e-06 3.78e-04
9      9   0.1770 -2.85        0.21600 1.49e-05  2.33e-07 1.41e-04
10    10   0.2110 -2.85        0.20500 5.25e-06  3.70e-08 5.27e-05
11    12   0.2630 -2.76        0.20000 6.74e-07  9.12e-10 7.35e-06
12    14   0.2910 -2.57        0.20200 8.88e-08  2.27e-11 1.02e-06
13    16   0.3340 -2.48        0.21700 1.18e-08  5.75e-13 1.43e-07
14    18   0.3500 -2.30        0.22400 1.60e-09  1.47e-14 1.99e-08
15    20   0.3630 -2.15        0.23200 2.16e-10  4.44e-16 2.78e-09
16    22   0.3740 -2.01        0.24000 2.95e-11  0.00e+00 3.87e-10
17    24   0.2940 -2.98        0.69300 4.04e-12  0.00e+00 5.40e-11
18    26   0.3040 -2.92        0.68800 5.55e-13  0.00e+00 7.52e-12
19    28   0.3130 -2.85        0.68500 7.64e-14  0.00e+00 1.05e-12
20    30   0.3220 -2.78        0.68100 1.06e-14  0.00e+00 1.46e-13

=== UNSUPERVISED FEATURE SELECTION SUMMARY ===
Input matrix: 60616 genes × 29 samples
Top 3000 per method: 3000 each
Union candidates: 7412
Final top 500 (Spearman): 500
Final top 500 (MX): 500
Top 500 kTotal: 0
Overlap kTotal & MX: 0 (Jaccard = NaN)
Top 200 intersection: 28
All results saved in: /home/chu25/dsmz/old_scripts/brca_analysis/brca/unsupervised/results/feature_selection_unsupervised/feature_selection_unsupervised
