== Wed Oct  1 16:16:59 CEST 2025 :: START ==
Host: frodo.hpc.dsmz.de
[INFO] LIST=/home/chu25/data/rbl/GSE196420/rb_GSE196420.txt  TOTAL=20  OUT=/home/chu25/data/rbl/GSE196420/fastq  SRA=/home/chu25/data/rbl/GSE196420/sra  TMP=/home/chu25/data/rbl/GSE196420/tmp
[SEQ] (1/20) SRR17960480
---- Wed Oct  1 16:17:01 CEST 2025 :: START SRR17960480 ----
[prefetch] SRR17960480 → /home/chu25/data/rbl/GSE196420/sra

2025-10-01T14:17:04 prefetch.3.0.10: Current preference is set to retrieve SRA Normalized Format files with full base quality scores.
2025-10-01T14:17:04 prefetch.3.0.10: 1) Downloading 'SRR17960480'...
2025-10-01T14:17:04 prefetch.3.0.10: SRA Normalized Format file is being retrieved, if this is different from your preference, it may be due to current file availability.
2025-10-01T14:17:04 prefetch.3.0.10:  Downloading via HTTPS...
2025-10-01T14:49:19 prefetch.3.0.10:  HTTPS download succeed
2025-10-01T14:49:19 prefetch.3.0.10:   verifying 'SRR17960480'...
2025-10-01T14:56:52 prefetch.3.0.10:  'SRR17960480' is valid
2025-10-01T14:56:52 prefetch.3.0.10: 1) 'SRR17960480' was downloaded successfully
2025-10-01T14:56:52 prefetch.3.0.10: 'SRR17960480' has 0 unresolved dependencies
[fasterq-dump] SRC=/home/chu25/data/rbl/GSE196420/sra/SRR17960480 threads=8 tmp=/home/chu25/data/rbl/GSE196420/tmp
[pigz] compressing SRR17960480_*.fastq
---- Wed Oct  1 18:27:55 CEST 2025 :: DONE  SRR17960480 ----
[SEQ] (2/20) SRR17960481
---- Wed Oct  1 18:27:55 CEST 2025 :: START SRR17960481 ----
[prefetch] SRR17960481 → /home/chu25/data/rbl/GSE196420/sra

2025-10-01T16:27:58 prefetch.3.0.10: Current preference is set to retrieve SRA Normalized Format files with full base quality scores.
2025-10-01T16:27:58 prefetch.3.0.10: 1) Downloading 'SRR17960481'...
2025-10-01T16:27:58 prefetch.3.0.10: SRA Normalized Format file is being retrieved, if this is different from your preference, it may be due to current file availability.
2025-10-01T16:27:58 prefetch.3.0.10:  Downloading via HTTPS...
2025-10-01T16:37:24 prefetch.3.0.10:  HTTPS download succeed
2025-10-01T16:39:53 prefetch.3.0.10:  'SRR17960481' is valid
2025-10-01T16:39:53 prefetch.3.0.10: 1) 'SRR17960481' was downloaded successfully
2025-10-01T16:39:53 prefetch.3.0.10: 'SRR17960481' has 0 unresolved dependencies
[fasterq-dump] SRC=/home/chu25/data/rbl/GSE196420/sra/SRR17960481 threads=8 tmp=/home/chu25/data/rbl/GSE196420/tmp
[pigz] compressing SRR17960481_*.fastq
---- Wed Oct  1 19:05:58 CEST 2025 :: DONE  SRR17960481 ----
[SEQ] (3/20) SRR17960482
---- Wed Oct  1 19:05:58 CEST 2025 :: START SRR17960482 ----
[prefetch] SRR17960482 → /home/chu25/data/rbl/GSE196420/sra

2025-10-01T17:06:01 prefetch.3.0.10: Current preference is set to retrieve SRA Normalized Format files with full base quality scores.
2025-10-01T17:06:02 prefetch.3.0.10: 1) Downloading 'SRR17960482'...
2025-10-01T17:06:02 prefetch.3.0.10: SRA Normalized Format file is being retrieved, if this is different from your preference, it may be due to current file availability.
2025-10-01T17:06:02 prefetch.3.0.10:  Downloading via HTTPS...
2025-10-01T17:30:48 prefetch.3.0.10:  HTTPS download succeed
2025-10-01T17:30:48 prefetch.3.0.10:   verifying 'SRR17960482'...
2025-10-01T17:36:12 prefetch.3.0.10:  'SRR17960482' is valid
2025-10-01T17:36:12 prefetch.3.0.10: 1) 'SRR17960482' was downloaded successfully
2025-10-01T17:36:12 prefetch.3.0.10: 'SRR17960482' has 0 unresolved dependencies
[fasterq-dump] SRC=/home/chu25/data/rbl/GSE196420/sra/SRR17960482 threads=8 tmp=/home/chu25/data/rbl/GSE196420/tmp
[pigz] compressing SRR17960482_*.fastq
---- Wed Oct  1 20:32:58 CEST 2025 :: DONE  SRR17960482 ----
[SEQ] (4/20) SRR17960483
---- Wed Oct  1 20:32:58 CEST 2025 :: START SRR17960483 ----
[prefetch] SRR17960483 → /home/chu25/data/rbl/GSE196420/sra

2025-10-01T18:33:01 prefetch.3.0.10: Current preference is set to retrieve SRA Normalized Format files with full base quality scores.
2025-10-01T18:33:02 prefetch.3.0.10: 1) Downloading 'SRR17960483'...
2025-10-01T18:33:02 prefetch.3.0.10: SRA Normalized Format file is being retrieved, if this is different from your preference, it may be due to current file availability.
2025-10-01T18:33:02 prefetch.3.0.10:  Downloading via HTTPS...
2025-10-01T18:52:52 prefetch.3.0.10:  HTTPS download succeed
2025-10-01T18:52:53 prefetch.3.0.10:   verifying 'SRR17960483'...
2025-10-01T18:59:57 prefetch.3.0.10:  'SRR17960483' is valid
2025-10-01T18:59:57 prefetch.3.0.10: 1) 'SRR17960483' was downloaded successfully
2025-10-01T18:59:57 prefetch.3.0.10: 'SRR17960483' has 0 unresolved dependencies
[fasterq-dump] SRC=/home/chu25/data/rbl/GSE196420/sra/SRR17960483 threads=8 tmp=/home/chu25/data/rbl/GSE196420/tmp
[pigz] compressing SRR17960483_*.fastq
---- Wed Oct  1 21:54:57 CEST 2025 :: DONE  SRR17960483 ----
[SEQ] (5/20) SRR17960497
---- Wed Oct  1 21:54:57 CEST 2025 :: START SRR17960497 ----
[prefetch] SRR17960497 → /home/chu25/data/rbl/GSE196420/sra

2025-10-01T19:55:00 prefetch.3.0.10: Current preference is set to retrieve SRA Normalized Format files with full base quality scores.
2025-10-01T19:55:01 prefetch.3.0.10: 1) Downloading 'SRR17960497'...
2025-10-01T19:55:01 prefetch.3.0.10: SRA Normalized Format file is being retrieved, if this is different from your preference, it may be due to current file availability.
2025-10-01T19:55:01 prefetch.3.0.10:  Downloading via HTTPS...
2025-10-01T19:59:25 prefetch.3.0.10:  HTTPS download succeed
2025-10-01T19:59:58 prefetch.3.0.10:  'SRR17960497' is valid
2025-10-01T19:59:58 prefetch.3.0.10: 1) 'SRR17960497' was downloaded successfully
2025-10-01T19:59:58 prefetch.3.0.10: 'SRR17960497' has 0 unresolved dependencies
[fasterq-dump] SRC=/home/chu25/data/rbl/GSE196420/sra/SRR17960497 threads=8 tmp=/home/chu25/data/rbl/GSE196420/tmp
[pigz] compressing SRR17960497_*.fastq
---- Wed Oct  1 22:05:46 CEST 2025 :: DONE  SRR17960497 ----
[SEQ] (6/20) SRR17960498
---- Wed Oct  1 22:05:46 CEST 2025 :: START SRR17960498 ----
[prefetch] SRR17960498 → /home/chu25/data/rbl/GSE196420/sra

2025-10-01T20:05:49 prefetch.3.0.10: Current preference is set to retrieve SRA Normalized Format files with full base quality scores.
2025-10-01T20:05:50 prefetch.3.0.10: 1) Downloading 'SRR17960498'...
2025-10-01T20:05:50 prefetch.3.0.10: SRA Normalized Format file is being retrieved, if this is different from your preference, it may be due to current file availability.
2025-10-01T20:05:50 prefetch.3.0.10:  Downloading via HTTPS...
2025-10-01T20:09:26 prefetch.3.0.10:  HTTPS download succeed
2025-10-01T20:10:10 prefetch.3.0.10:  'SRR17960498' is valid
2025-10-01T20:10:10 prefetch.3.0.10: 1) 'SRR17960498' was downloaded successfully
2025-10-01T20:10:10 prefetch.3.0.10: 'SRR17960498' has 0 unresolved dependencies
[fasterq-dump] SRC=/home/chu25/data/rbl/GSE196420/sra/SRR17960498 threads=8 tmp=/home/chu25/data/rbl/GSE196420/tmp
[pigz] compressing SRR17960498_*.fastq
---- Wed Oct  1 22:18:00 CEST 2025 :: DONE  SRR17960498 ----
[SEQ] (7/20) SRR17960499
---- Wed Oct  1 22:18:00 CEST 2025 :: START SRR17960499 ----
[prefetch] SRR17960499 → /home/chu25/data/rbl/GSE196420/sra

2025-10-01T20:18:03 prefetch.3.0.10: Current preference is set to retrieve SRA Normalized Format files with full base quality scores.
2025-10-01T20:18:04 prefetch.3.0.10: 1) Downloading 'SRR17960499'...
2025-10-01T20:18:04 prefetch.3.0.10: SRA Normalized Format file is being retrieved, if this is different from your preference, it may be due to current file availability.
2025-10-01T20:18:04 prefetch.3.0.10:  Downloading via HTTPS...
2025-10-01T20:21:03 prefetch.3.0.10:  HTTPS download succeed
2025-10-01T20:21:30 prefetch.3.0.10:  'SRR17960499' is valid
2025-10-01T20:21:30 prefetch.3.0.10: 1) 'SRR17960499' was downloaded successfully
2025-10-01T20:21:30 prefetch.3.0.10: 'SRR17960499' has 0 unresolved dependencies
[fasterq-dump] SRC=/home/chu25/data/rbl/GSE196420/sra/SRR17960499 threads=8 tmp=/home/chu25/data/rbl/GSE196420/tmp
[pigz] compressing SRR17960499_*.fastq
---- Wed Oct  1 22:29:05 CEST 2025 :: DONE  SRR17960499 ----
[SEQ] (8/20) SRR17960500
---- Wed Oct  1 22:29:05 CEST 2025 :: START SRR17960500 ----
[prefetch] SRR17960500 → /home/chu25/data/rbl/GSE196420/sra

2025-10-01T20:29:08 prefetch.3.0.10: Current preference is set to retrieve SRA Normalized Format files with full base quality scores.
2025-10-01T20:29:09 prefetch.3.0.10: 1) Downloading 'SRR17960500'...
2025-10-01T20:29:09 prefetch.3.0.10: SRA Normalized Format file is being retrieved, if this is different from your preference, it may be due to current file availability.
2025-10-01T20:29:09 prefetch.3.0.10:  Downloading via HTTPS...
2025-10-01T20:31:48 prefetch.3.0.10:  HTTPS download succeed
2025-10-01T20:32:24 prefetch.3.0.10:  'SRR17960500' is valid
2025-10-01T20:32:24 prefetch.3.0.10: 1) 'SRR17960500' was downloaded successfully
2025-10-01T20:32:24 prefetch.3.0.10: 'SRR17960500' has 0 unresolved dependencies
[fasterq-dump] SRC=/home/chu25/data/rbl/GSE196420/sra/SRR17960500 threads=8 tmp=/home/chu25/data/rbl/GSE196420/tmp
[pigz] compressing SRR17960500_*.fastq
---- Wed Oct  1 22:42:34 CEST 2025 :: DONE  SRR17960500 ----
[SEQ] (9/20) SRR17960501
---- Wed Oct  1 22:42:34 CEST 2025 :: START SRR17960501 ----
[prefetch] SRR17960501 → /home/chu25/data/rbl/GSE196420/sra

2025-10-01T20:42:39 prefetch.3.0.10: Current preference is set to retrieve SRA Normalized Format files with full base quality scores.
2025-10-01T20:42:39 prefetch.3.0.10: 1) Downloading 'SRR17960501'...
2025-10-01T20:42:39 prefetch.3.0.10: SRA Normalized Format file is being retrieved, if this is different from your preference, it may be due to current file availability.
2025-10-01T20:42:39 prefetch.3.0.10:  Downloading via HTTPS...
2025-10-01T20:49:05 prefetch.3.0.10:  HTTPS download succeed
2025-10-01T20:51:06 prefetch.3.0.10:  'SRR17960501' is valid
2025-10-01T20:51:06 prefetch.3.0.10: 1) 'SRR17960501' was downloaded successfully
2025-10-01T20:51:06 prefetch.3.0.10: 'SRR17960501' has 0 unresolved dependencies
[fasterq-dump] SRC=/home/chu25/data/rbl/GSE196420/sra/SRR17960501 threads=8 tmp=/home/chu25/data/rbl/GSE196420/tmp
[pigz] compressing SRR17960501_*.fastq
---- Wed Oct  1 23:02:07 CEST 2025 :: DONE  SRR17960501 ----
[SEQ] (10/20) SRR17960502
---- Wed Oct  1 23:02:08 CEST 2025 :: START SRR17960502 ----
[prefetch] SRR17960502 → /home/chu25/data/rbl/GSE196420/sra

2025-10-01T21:02:11 prefetch.3.0.10: Current preference is set to retrieve SRA Normalized Format files with full base quality scores.
2025-10-01T21:02:12 prefetch.3.0.10: 1) Downloading 'SRR17960502'...
2025-10-01T21:02:12 prefetch.3.0.10: SRA Normalized Format file is being retrieved, if this is different from your preference, it may be due to current file availability.
2025-10-01T21:02:12 prefetch.3.0.10:  Downloading via HTTPS...
2025-10-01T21:07:41 prefetch.3.0.10:  HTTPS download succeed
2025-10-01T21:08:51 prefetch.3.0.10:  'SRR17960502' is valid
2025-10-01T21:08:51 prefetch.3.0.10: 1) 'SRR17960502' was downloaded successfully
2025-10-01T21:08:51 prefetch.3.0.10: 'SRR17960502' has 0 unresolved dependencies
[fasterq-dump] SRC=/home/chu25/data/rbl/GSE196420/sra/SRR17960502 threads=8 tmp=/home/chu25/data/rbl/GSE196420/tmp
[pigz] compressing SRR17960502_*.fastq
---- Wed Oct  1 23:21:20 CEST 2025 :: DONE  SRR17960502 ----
[SEQ] (11/20) SRR17960503
---- Wed Oct  1 23:21:20 CEST 2025 :: START SRR17960503 ----
[prefetch] SRR17960503 → /home/chu25/data/rbl/GSE196420/sra

2025-10-01T21:21:24 prefetch.3.0.10: Current preference is set to retrieve SRA Normalized Format files with full base quality scores.
2025-10-01T21:21:24 prefetch.3.0.10: 1) Downloading 'SRR17960503'...
2025-10-01T21:21:24 prefetch.3.0.10: SRA Normalized Format file is being retrieved, if this is different from your preference, it may be due to current file availability.
2025-10-01T21:21:24 prefetch.3.0.10:  Downloading via HTTPS...
2025-10-01T21:24:30 prefetch.3.0.10:  HTTPS download succeed
2025-10-01T21:25:09 prefetch.3.0.10:  'SRR17960503' is valid
2025-10-01T21:25:09 prefetch.3.0.10: 1) 'SRR17960503' was downloaded successfully
2025-10-01T21:25:09 prefetch.3.0.10: 'SRR17960503' has 0 unresolved dependencies
[fasterq-dump] SRC=/home/chu25/data/rbl/GSE196420/sra/SRR17960503 threads=8 tmp=/home/chu25/data/rbl/GSE196420/tmp
[pigz] compressing SRR17960503_*.fastq
---- Wed Oct  1 23:32:34 CEST 2025 :: DONE  SRR17960503 ----
[SEQ] (12/20) SRR17960504
---- Wed Oct  1 23:32:34 CEST 2025 :: START SRR17960504 ----
[prefetch] SRR17960504 → /home/chu25/data/rbl/GSE196420/sra

2025-10-01T21:32:37 prefetch.3.0.10: Current preference is set to retrieve SRA Normalized Format files with full base quality scores.
2025-10-01T21:32:37 prefetch.3.0.10: 1) Downloading 'SRR17960504'...
2025-10-01T21:32:37 prefetch.3.0.10: SRA Normalized Format file is being retrieved, if this is different from your preference, it may be due to current file availability.
2025-10-01T21:32:37 prefetch.3.0.10:  Downloading via HTTPS...
2025-10-01T21:35:39 prefetch.3.0.10:  HTTPS download succeed
2025-10-01T21:36:26 prefetch.3.0.10:  'SRR17960504' is valid
2025-10-01T21:36:26 prefetch.3.0.10: 1) 'SRR17960504' was downloaded successfully
2025-10-01T21:36:26 prefetch.3.0.10: 'SRR17960504' has 0 unresolved dependencies
[fasterq-dump] SRC=/home/chu25/data/rbl/GSE196420/sra/SRR17960504 threads=8 tmp=/home/chu25/data/rbl/GSE196420/tmp
[pigz] compressing SRR17960504_*.fastq
---- Wed Oct  1 23:44:22 CEST 2025 :: DONE  SRR17960504 ----
[SEQ] (13/20) SRR17960505
---- Wed Oct  1 23:44:22 CEST 2025 :: START SRR17960505 ----
[prefetch] SRR17960505 → /home/chu25/data/rbl/GSE196420/sra

2025-10-01T21:44:25 prefetch.3.0.10: Current preference is set to retrieve SRA Normalized Format files with full base quality scores.
2025-10-01T21:44:26 prefetch.3.0.10: 1) Downloading 'SRR17960505'...
2025-10-01T21:44:26 prefetch.3.0.10: SRA Normalized Format file is being retrieved, if this is different from your preference, it may be due to current file availability.
2025-10-01T21:44:26 prefetch.3.0.10:  Downloading via HTTPS...
2025-10-01T21:46:40 prefetch.3.0.10:  HTTPS download succeed
2025-10-01T21:47:12 prefetch.3.0.10:  'SRR17960505' is valid
2025-10-01T21:47:12 prefetch.3.0.10: 1) 'SRR17960505' was downloaded successfully
2025-10-01T21:47:12 prefetch.3.0.10: 'SRR17960505' has 0 unresolved dependencies
[fasterq-dump] SRC=/home/chu25/data/rbl/GSE196420/sra/SRR17960505 threads=8 tmp=/home/chu25/data/rbl/GSE196420/tmp
[pigz] compressing SRR17960505_*.fastq
---- Wed Oct  1 23:52:57 CEST 2025 :: DONE  SRR17960505 ----
[SEQ] (14/20) SRR17960506
---- Wed Oct  1 23:52:57 CEST 2025 :: START SRR17960506 ----
[prefetch] SRR17960506 → /home/chu25/data/rbl/GSE196420/sra

2025-10-01T21:53:00 prefetch.3.0.10: Current preference is set to retrieve SRA Normalized Format files with full base quality scores.
2025-10-01T21:53:00 prefetch.3.0.10: 1) Downloading 'SRR17960506'...
2025-10-01T21:53:01 prefetch.3.0.10: SRA Normalized Format file is being retrieved, if this is different from your preference, it may be due to current file availability.
2025-10-01T21:53:01 prefetch.3.0.10:  Downloading via HTTPS...
2025-10-01T21:56:12 prefetch.3.0.10:  HTTPS download succeed
2025-10-01T21:56:57 prefetch.3.0.10:  'SRR17960506' is valid
2025-10-01T21:56:57 prefetch.3.0.10: 1) 'SRR17960506' was downloaded successfully
2025-10-01T21:56:57 prefetch.3.0.10: 'SRR17960506' has 0 unresolved dependencies
[fasterq-dump] SRC=/home/chu25/data/rbl/GSE196420/sra/SRR17960506 threads=8 tmp=/home/chu25/data/rbl/GSE196420/tmp
[pigz] compressing SRR17960506_*.fastq
---- Thu Oct  2 00:04:34 CEST 2025 :: DONE  SRR17960506 ----
[SEQ] (15/20) SRR17960507
---- Thu Oct  2 00:04:34 CEST 2025 :: START SRR17960507 ----
[prefetch] SRR17960507 → /home/chu25/data/rbl/GSE196420/sra

2025-10-01T22:04:38 prefetch.3.0.10: Current preference is set to retrieve SRA Normalized Format files with full base quality scores.
2025-10-01T22:04:38 prefetch.3.0.10: 1) Downloading 'SRR17960507'...
2025-10-01T22:04:38 prefetch.3.0.10: SRA Normalized Format file is being retrieved, if this is different from your preference, it may be due to current file availability.
2025-10-01T22:04:38 prefetch.3.0.10:  Downloading via HTTPS...
2025-10-01T22:07:28 prefetch.3.0.10:  HTTPS download succeed
2025-10-01T22:07:56 prefetch.3.0.10:  'SRR17960507' is valid
2025-10-01T22:07:56 prefetch.3.0.10: 1) 'SRR17960507' was downloaded successfully
2025-10-01T22:07:56 prefetch.3.0.10: 'SRR17960507' has 0 unresolved dependencies
[fasterq-dump] SRC=/home/chu25/data/rbl/GSE196420/sra/SRR17960507 threads=8 tmp=/home/chu25/data/rbl/GSE196420/tmp
[pigz] compressing SRR17960507_*.fastq
---- Thu Oct  2 00:15:40 CEST 2025 :: DONE  SRR17960507 ----
[SEQ] (16/20) SRR17960508
---- Thu Oct  2 00:15:40 CEST 2025 :: START SRR17960508 ----
[prefetch] SRR17960508 → /home/chu25/data/rbl/GSE196420/sra

2025-10-01T22:15:45 prefetch.3.0.10: Current preference is set to retrieve SRA Normalized Format files with full base quality scores.
2025-10-01T22:15:45 prefetch.3.0.10: 1) Downloading 'SRR17960508'...
2025-10-01T22:15:45 prefetch.3.0.10: SRA Normalized Format file is being retrieved, if this is different from your preference, it may be due to current file availability.
2025-10-01T22:15:45 prefetch.3.0.10:  Downloading via HTTPS...
2025-10-01T22:18:00 prefetch.3.0.10:  HTTPS download succeed
2025-10-01T22:18:36 prefetch.3.0.10:  'SRR17960508' is valid
2025-10-01T22:18:36 prefetch.3.0.10: 1) 'SRR17960508' was downloaded successfully
2025-10-01T22:18:36 prefetch.3.0.10: 'SRR17960508' has 0 unresolved dependencies
[fasterq-dump] SRC=/home/chu25/data/rbl/GSE196420/sra/SRR17960508 threads=8 tmp=/home/chu25/data/rbl/GSE196420/tmp
[pigz] compressing SRR17960508_*.fastq
---- Thu Oct  2 00:24:36 CEST 2025 :: DONE  SRR17960508 ----
[SEQ] (17/20) SRR17960509
---- Thu Oct  2 00:24:36 CEST 2025 :: START SRR17960509 ----
[prefetch] SRR17960509 → /home/chu25/data/rbl/GSE196420/sra

2025-10-01T22:24:39 prefetch.3.0.10: Current preference is set to retrieve SRA Normalized Format files with full base quality scores.
2025-10-01T22:24:39 prefetch.3.0.10: 1) Downloading 'SRR17960509'...
2025-10-01T22:24:39 prefetch.3.0.10: SRA Normalized Format file is being retrieved, if this is different from your preference, it may be due to current file availability.
2025-10-01T22:24:39 prefetch.3.0.10:  Downloading via HTTPS...
2025-10-01T22:29:23 prefetch.3.0.10:  HTTPS download succeed
2025-10-01T22:29:52 prefetch.3.0.10:  'SRR17960509' is valid
2025-10-01T22:29:52 prefetch.3.0.10: 1) 'SRR17960509' was downloaded successfully
2025-10-01T22:29:52 prefetch.3.0.10: 'SRR17960509' has 0 unresolved dependencies
[fasterq-dump] SRC=/home/chu25/data/rbl/GSE196420/sra/SRR17960509 threads=8 tmp=/home/chu25/data/rbl/GSE196420/tmp
[pigz] compressing SRR17960509_*.fastq
---- Thu Oct  2 00:38:03 CEST 2025 :: DONE  SRR17960509 ----
[SEQ] (18/20) SRR17960510
---- Thu Oct  2 00:38:03 CEST 2025 :: START SRR17960510 ----
[prefetch] SRR17960510 → /home/chu25/data/rbl/GSE196420/sra

2025-10-01T22:38:06 prefetch.3.0.10: Current preference is set to retrieve SRA Normalized Format files with full base quality scores.
2025-10-01T22:38:06 prefetch.3.0.10: 1) Downloading 'SRR17960510'...
2025-10-01T22:38:06 prefetch.3.0.10: SRA Normalized Format file is being retrieved, if this is different from your preference, it may be due to current file availability.
2025-10-01T22:38:06 prefetch.3.0.10:  Downloading via HTTPS...
2025-10-01T22:41:00 prefetch.3.0.10:  HTTPS download succeed
2025-10-01T22:41:42 prefetch.3.0.10:  'SRR17960510' is valid
2025-10-01T22:41:42 prefetch.3.0.10: 1) 'SRR17960510' was downloaded successfully
2025-10-01T22:41:42 prefetch.3.0.10: 'SRR17960510' has 0 unresolved dependencies
[fasterq-dump] SRC=/home/chu25/data/rbl/GSE196420/sra/SRR17960510 threads=8 tmp=/home/chu25/data/rbl/GSE196420/tmp
[pigz] compressing SRR17960510_*.fastq
---- Thu Oct  2 00:48:51 CEST 2025 :: DONE  SRR17960510 ----
[SEQ] (19/20) SRR17960511
---- Thu Oct  2 00:48:51 CEST 2025 :: START SRR17960511 ----
[prefetch] SRR17960511 → /home/chu25/data/rbl/GSE196420/sra

2025-10-01T22:48:53 prefetch.3.0.10: Current preference is set to retrieve SRA Normalized Format files with full base quality scores.
2025-10-01T22:48:54 prefetch.3.0.10: 1) Downloading 'SRR17960511'...
2025-10-01T22:48:54 prefetch.3.0.10: SRA Normalized Format file is being retrieved, if this is different from your preference, it may be due to current file availability.
2025-10-01T22:48:54 prefetch.3.0.10:  Downloading via HTTPS...
2025-10-01T22:51:53 prefetch.3.0.10:  HTTPS download succeed
2025-10-01T22:52:21 prefetch.3.0.10:  'SRR17960511' is valid
2025-10-01T22:52:21 prefetch.3.0.10: 1) 'SRR17960511' was downloaded successfully
2025-10-01T22:52:22 prefetch.3.0.10: 'SRR17960511' has 0 unresolved dependencies
[fasterq-dump] SRC=/home/chu25/data/rbl/GSE196420/sra/SRR17960511 threads=8 tmp=/home/chu25/data/rbl/GSE196420/tmp
[pigz] compressing SRR17960511_*.fastq
---- Thu Oct  2 01:00:17 CEST 2025 :: DONE  SRR17960511 ----
[SEQ] (20/20) SRR17960512
---- Thu Oct  2 01:00:17 CEST 2025 :: START SRR17960512 ----
[prefetch] SRR17960512 → /home/chu25/data/rbl/GSE196420/sra

2025-10-01T23:00:20 prefetch.3.0.10: Current preference is set to retrieve SRA Normalized Format files with full base quality scores.
2025-10-01T23:00:21 prefetch.3.0.10: 1) Downloading 'SRR17960512'...
2025-10-01T23:00:21 prefetch.3.0.10: SRA Normalized Format file is being retrieved, if this is different from your preference, it may be due to current file availability.
2025-10-01T23:00:21 prefetch.3.0.10:  Downloading via HTTPS...
2025-10-01T23:03:06 prefetch.3.0.10:  HTTPS download succeed
2025-10-01T23:03:47 prefetch.3.0.10:  'SRR17960512' is valid
2025-10-01T23:03:47 prefetch.3.0.10: 1) 'SRR17960512' was downloaded successfully
2025-10-01T23:03:48 prefetch.3.0.10: 'SRR17960512' has 0 unresolved dependencies
[fasterq-dump] SRC=/home/chu25/data/rbl/GSE196420/sra/SRR17960512 threads=8 tmp=/home/chu25/data/rbl/GSE196420/tmp
[pigz] compressing SRR17960512_*.fastq
---- Thu Oct  2 01:10:33 CEST 2025 :: DONE  SRR17960512 ----
== Thu Oct  2 01:10:33 CEST 2025 :: ALL DONE ==
