                                 Started job on |	Apr 10 03:58:27
                             Started mapping on |	Apr 10 03:58:45
                                    Finished on |	Apr 10 04:12:11
       Mapping speed, Million of reads per hour |	105.96

                          Number of input reads |	23723759
                      Average input read length |	282
                                    UNIQUE READS:
                   Uniquely mapped reads number |	20181178
                        Uniquely mapped reads % |	85.07%
                          Average mapped length |	281.95
                       Number of splices: Total |	27391187
            Number of splices: Annotated (sjdb) |	26965494
                       Number of splices: GT/AG |	27138822
                       Number of splices: GC/AG |	184798
                       Number of splices: AT/AC |	28893
               Number of splices: Non-canonical |	38674
                      Mismatch rate per base, % |	0.28%
                         Deletion rate per base |	0.01%
                        Deletion average length |	1.79
                        Insertion rate per base |	0.00%
                       Insertion average length |	1.48
                             MULTI-MAPPING READS:
        Number of reads mapped to multiple loci |	2589923
             % of reads mapped to multiple loci |	10.92%
        Number of reads mapped to too many loci |	107626
             % of reads mapped to too many loci |	0.45%
                                  UNMAPPED READS:
  Number of reads unmapped: too many mismatches |	0
       % of reads unmapped: too many mismatches |	0.00%
            Number of reads unmapped: too short |	740507
                 % of reads unmapped: too short |	3.12%
                Number of reads unmapped: other |	104525
                     % of reads unmapped: other |	0.44%
                                  CHIMERIC READS:
                       Number of chimeric reads |	0
                            % of chimeric reads |	0.00%
