== Tue Mar 24 06:40:40 UTC 2026 :: START ==
Host: hcc07
[INFO] ROOT=/work/ugbogu/pipeline/data/nbl
[INFO] DATASET=GSE189367
[INFO] BASE=/work/ugbogu/pipeline/data/nbl/GSE189367
[INFO] LIST=/work/ugbogu/pipeline/data/nbl/GSE189367/all_primary_tumour_pe.txt
[INFO] SRA_DIR=/work/ugbogu/pipeline/data/nbl/GSE189367/sra
[INFO] FASTQ_DIR=/work/ugbogu/pipeline/data/nbl/GSE189367/fastq
[INFO] LOG_DIR=/work/ugbogu/pipeline/data/nbl/GSE189367/logs
[INFO] TMPDIR=/work/ugbogu/pipeline/data/nbl/GSE189367/tmp/86424
[INFO] THREADS=8
[INFO] REMOVED_FILE=/work/ugbogu/pipeline/data/nbl/GSE189367/removed_nbl_srr_id_primary_tumour_pe.txt
[INFO] JOB_STDOUT=/work/ugbogu/pipeline/data/nbl/GSE189367/logs/GSE189367_86424.out
[INFO] JOB_STDERR=/work/ugbogu/pipeline/data/nbl/GSE189367/logs/GSE189367_86424.err
[INFO] TOTAL SRRs TO PROCESS: 64
[SEQ] (1/64) SRR17011027
[skip] SRR17011027: paired FASTQs already exist
[SEQ] (2/64) SRR17011028
[skip] SRR17011028: paired FASTQs already exist
[SEQ] (3/64) SRR17011029
[skip] SRR17011029: paired FASTQs already exist
[SEQ] (4/64) SRR17011030
[skip] SRR17011030: paired FASTQs already exist
[SEQ] (5/64) SRR17011031
[skip] SRR17011031: paired FASTQs already exist
[SEQ] (6/64) SRR17011022
[skip] SRR17011022: paired FASTQs already exist
[SEQ] (7/64) SRR17011023
[skip] SRR17011023: paired FASTQs already exist
[SEQ] (8/64) SRR17011024
[skip] SRR17011024: paired FASTQs already exist
[SEQ] (9/64) SRR17011025
[skip] SRR17011025: paired FASTQs already exist
[SEQ] (10/64) SRR17011026
[skip] SRR17011026: paired FASTQs already exist
[SEQ] (11/64) SRR17011017
[skip] SRR17011017: paired FASTQs already exist
[SEQ] (12/64) SRR17011018
[skip] SRR17011018: paired FASTQs already exist
[SEQ] (13/64) SRR17011019
[skip] SRR17011019: paired FASTQs already exist
[SEQ] (14/64) SRR17011020
[skip] SRR17011020: paired FASTQs already exist
[SEQ] (15/64) SRR17011021
[skip] SRR17011021: paired FASTQs already exist
[SEQ] (16/64) SRR17011012
[skip] SRR17011012: paired FASTQs already exist
[SEQ] (17/64) SRR17011013
[skip] SRR17011013: paired FASTQs already exist
[SEQ] (18/64) SRR17011014
[skip] SRR17011014: paired FASTQs already exist
[SEQ] (19/64) SRR17011015
[skip] SRR17011015: paired FASTQs already exist
[SEQ] (20/64) SRR17011016
[skip] SRR17011016: paired FASTQs already exist
[SEQ] (21/64) SRR17011007
[skip] SRR17011007: paired FASTQs already exist
[SEQ] (22/64) SRR17011008
[skip] SRR17011008: paired FASTQs already exist
[SEQ] (23/64) SRR17011009
[skip] SRR17011009: paired FASTQs already exist
[SEQ] (24/64) SRR17011010
[skip] SRR17011010: paired FASTQs already exist
[SEQ] (25/64) SRR17011011
[skip] SRR17011011: paired FASTQs already exist
[SEQ] (26/64) SRR17011002
[skip] SRR17011002: paired FASTQs already exist
[SEQ] (27/64) SRR17011003
[skip] SRR17011003: paired FASTQs already exist
[SEQ] (28/64) SRR17011004
[skip] SRR17011004: paired FASTQs already exist
[SEQ] (29/64) SRR17011005
[skip] SRR17011005: paired FASTQs already exist
[SEQ] (30/64) SRR17011006
[skip] SRR17011006: paired FASTQs already exist
[SEQ] (31/64) SRR17010997
[skip] SRR17010997: paired FASTQs already exist
[SEQ] (32/64) SRR17010998
[skip] SRR17010998: paired FASTQs already exist
[SEQ] (33/64) SRR17010999
[skip] SRR17010999: paired FASTQs already exist
[SEQ] (34/64) SRR17011000
[skip] SRR17011000: paired FASTQs already exist
[SEQ] (35/64) SRR17011001
[skip] SRR17011001: paired FASTQs already exist
[SEQ] (36/64) SRR17010992
[skip] SRR17010992: paired FASTQs already exist
[SEQ] (37/64) SRR17010993
[skip] SRR17010993: paired FASTQs already exist
[SEQ] (38/64) SRR17010994
[skip] SRR17010994: paired FASTQs already exist
[SEQ] (39/64) SRR17010995
[skip] SRR17010995: paired FASTQs already exist
[SEQ] (40/64) SRR17010996
[skip] SRR17010996: paired FASTQs already exist
[SEQ] (41/64) SRR17010987
[skip] SRR17010987: paired FASTQs already exist
[SEQ] (42/64) SRR17010988
[skip] SRR17010988: paired FASTQs already exist
[SEQ] (43/64) SRR17010989
[skip] SRR17010989: paired FASTQs already exist
[SEQ] (44/64) SRR17010990
---- Tue Mar 24 06:40:41 UTC 2026 :: START SRR17010990 ----
[prefetch] skip: SRR17010990 already present
[fasterq-dump] SRC=/work/ugbogu/pipeline/data/nbl/GSE189367/sra/SRR17010990
[fasterq-dump] threads=8
[fasterq-dump] tmp=/work/ugbogu/pipeline/data/nbl/GSE189367/tmp/86424
[fasterq-dump] outdir=/work/ugbogu/pipeline/data/nbl/GSE189367/fastq
[REMOVED] SRR17010990 -> fasterq_dump_failed
---- Tue Mar 24 06:41:27 UTC 2026 :: FAIL SRR17010990 ----
[SEQ] (45/64) SRR17010991
---- Tue Mar 24 06:41:27 UTC 2026 :: START SRR17010991 ----
[prefetch] downloading SRR17010991 -> /work/ugbogu/pipeline/data/nbl/GSE189367/sra
[fasterq-dump] SRC=/work/ugbogu/pipeline/data/nbl/GSE189367/sra/SRR17010991
[fasterq-dump] threads=8
[fasterq-dump] tmp=/work/ugbogu/pipeline/data/nbl/GSE189367/tmp/86424
[fasterq-dump] outdir=/work/ugbogu/pipeline/data/nbl/GSE189367/fastq
[REMOVED] SRR17010991 -> fasterq_dump_failed
---- Tue Mar 24 06:44:31 UTC 2026 :: FAIL SRR17010991 ----
[SEQ] (46/64) SRR17010982
---- Tue Mar 24 06:44:31 UTC 2026 :: START SRR17010982 ----
[prefetch] downloading SRR17010982 -> /work/ugbogu/pipeline/data/nbl/GSE189367/sra
[fasterq-dump] SRC=/work/ugbogu/pipeline/data/nbl/GSE189367/sra/SRR17010982
[fasterq-dump] threads=8
[fasterq-dump] tmp=/work/ugbogu/pipeline/data/nbl/GSE189367/tmp/86424
[fasterq-dump] outdir=/work/ugbogu/pipeline/data/nbl/GSE189367/fastq
[REMOVED] SRR17010982 -> fasterq_dump_failed
---- Tue Mar 24 06:47:10 UTC 2026 :: FAIL SRR17010982 ----
[SEQ] (47/64) SRR17010983
---- Tue Mar 24 06:47:10 UTC 2026 :: START SRR17010983 ----
[prefetch] downloading SRR17010983 -> /work/ugbogu/pipeline/data/nbl/GSE189367/sra
[fasterq-dump] SRC=/work/ugbogu/pipeline/data/nbl/GSE189367/sra/SRR17010983
[fasterq-dump] threads=8
[fasterq-dump] tmp=/work/ugbogu/pipeline/data/nbl/GSE189367/tmp/86424
[fasterq-dump] outdir=/work/ugbogu/pipeline/data/nbl/GSE189367/fastq
[REMOVED] SRR17010983 -> fasterq_dump_failed
---- Tue Mar 24 06:50:35 UTC 2026 :: FAIL SRR17010983 ----
[SEQ] (48/64) SRR17010984
---- Tue Mar 24 06:50:35 UTC 2026 :: START SRR17010984 ----
[prefetch] downloading SRR17010984 -> /work/ugbogu/pipeline/data/nbl/GSE189367/sra
[fasterq-dump] SRC=/work/ugbogu/pipeline/data/nbl/GSE189367/sra/SRR17010984
[fasterq-dump] threads=8
[fasterq-dump] tmp=/work/ugbogu/pipeline/data/nbl/GSE189367/tmp/86424
[fasterq-dump] outdir=/work/ugbogu/pipeline/data/nbl/GSE189367/fastq
[REMOVED] SRR17010984 -> fasterq_dump_failed
---- Tue Mar 24 06:53:28 UTC 2026 :: FAIL SRR17010984 ----
[SEQ] (49/64) SRR17010985
---- Tue Mar 24 06:53:28 UTC 2026 :: START SRR17010985 ----
[prefetch] downloading SRR17010985 -> /work/ugbogu/pipeline/data/nbl/GSE189367/sra
[fasterq-dump] SRC=/work/ugbogu/pipeline/data/nbl/GSE189367/sra/SRR17010985
[fasterq-dump] threads=8
[fasterq-dump] tmp=/work/ugbogu/pipeline/data/nbl/GSE189367/tmp/86424
[fasterq-dump] outdir=/work/ugbogu/pipeline/data/nbl/GSE189367/fastq
[REMOVED] SRR17010985 -> fasterq_dump_failed
---- Tue Mar 24 06:56:59 UTC 2026 :: FAIL SRR17010985 ----
[SEQ] (50/64) SRR17010986
---- Tue Mar 24 06:56:59 UTC 2026 :: START SRR17010986 ----
[prefetch] downloading SRR17010986 -> /work/ugbogu/pipeline/data/nbl/GSE189367/sra
[fasterq-dump] SRC=/work/ugbogu/pipeline/data/nbl/GSE189367/sra/SRR17010986
[fasterq-dump] threads=8
[fasterq-dump] tmp=/work/ugbogu/pipeline/data/nbl/GSE189367/tmp/86424
[fasterq-dump] outdir=/work/ugbogu/pipeline/data/nbl/GSE189367/fastq
[REMOVED] SRR17010986 -> fasterq_dump_failed
---- Tue Mar 24 06:58:57 UTC 2026 :: FAIL SRR17010986 ----
[SEQ] (51/64) SRR17010977
---- Tue Mar 24 06:58:57 UTC 2026 :: START SRR17010977 ----
[prefetch] downloading SRR17010977 -> /work/ugbogu/pipeline/data/nbl/GSE189367/sra
[fasterq-dump] SRC=/work/ugbogu/pipeline/data/nbl/GSE189367/sra/SRR17010977
[fasterq-dump] threads=8
[fasterq-dump] tmp=/work/ugbogu/pipeline/data/nbl/GSE189367/tmp/86424
[fasterq-dump] outdir=/work/ugbogu/pipeline/data/nbl/GSE189367/fastq
[REMOVED] SRR17010977 -> fasterq_dump_failed
---- Tue Mar 24 07:00:47 UTC 2026 :: FAIL SRR17010977 ----
[SEQ] (52/64) SRR17010978
---- Tue Mar 24 07:00:47 UTC 2026 :: START SRR17010978 ----
[prefetch] downloading SRR17010978 -> /wo[REMOVED] SRR17010978 -> prefetch_failed_unresolvable
---- Tue Mar 24 07:01:58 UTC 2026 :: FAIL SRR17010978 ----
[SEQ] (53/64) SRR17010979
---- Tue Mar 24 07:01:58 UTC 2026 :: START SRR17010979 ----
[prefetch] downloading SRR17010979 -> /work/ugbogu/pipeline/data/nbl/GSE189367/sra
[REMOVED] SRR17010979 -> prefetch_failed_unresolvable
---- Tue Mar 24 07:02:03 UTC 2026 :: FAIL SRR17010979 ----
[SEQ] (54/64) SRR17010980
---- Tue Mar 24 07:02:03 UTC 2026 :: START SRR17010980 ----
[prefetch] downloading SRR17010980 -> /work/ugbogu/pipeline/data/nbl/GSE189367/sra
[REMOVED] SRR17010980 -> prefetch_failed_unresolvable
---- Tue Mar 24 07:02:06 UTC 2026 :: FAIL SRR17010980 ----
[SEQ] (55/64) SRR17010981
---- Tue Mar 24 07:02:06 UTC 2026 :: START SRR17010981 ----
[prefetch] downloading SRR17010981 -> /work/ugbogu/pipeline/data/nbl/GSE189367/sra
[REMOVED] SRR17010981 -> prefetch_failed_unresolvable
---- Tue Mar 24 07:02:22 UTC 2026 :: FAIL SRR17010981 ----
[SEQ] (56/64) SRR17010972
---- Tue Mar 24 07:02:22 UTC 2026 :: START SRR17010972 ----
[prefetch] downloading SRR17010972 -> /work/ugbogu/pipeline/data/nbl/GSE189367/sra
[REMOVED] SRR17010972 -> prefetch_failed_unresolvable
---- Tue Mar 24 07:02:26 UTC 2026 :: FAIL SRR17010972 ----
[SEQ] (57/64) SRR17010973
---- Tue Mar 24 07:02:26 UTC 2026 :: START SRR17010973 ----
[prefetch] downloading SRR17010973 -> /work/ugbogu/pipeline/data/nbl/GSE189367/sra
[REMOVED] SRR17010973 -> prefetch_failed_unresolvable
---- Tue Mar 24 07:02:30 UTC 2026 :: FAIL SRR17010973 ----
[SEQ] (58/64) SRR17010974
---- Tue Mar 24 07:02:30 UTC 2026 :: START SRR17010974 ----
[prefetch] downloading SRR17010974 -> /work/ugbogu/pipeline/data/nbl/GSE189367/sra
[REMOVED] SRR17010974 -> prefetch_failed_unresolvable
---- Tue Mar 24 07:02:34 UTC 2026 :: FAIL SRR17010974 ----
[SEQ] (59/64) SRR17010975
---- Tue Mar 24 07:02:34 UTC 2026 :: START SRR17010975 ----
[prefetch] downloading SRR17010975 -> /work/ugbogu/pipeline/data/nbl/GSE189367/sra
[REMOVED] SRR17010975 -> prefetch_failed_unresolvable
---- Tue Mar 24 07:02:37 UTC 2026 :: FAIL SRR17010975 ----
[SEQ] (60/64) SRR17010976
---- Tue Mar 24 07:02:37 UTC 2026 :: START SRR17010976 ----
[prefetch] downloading SRR17010976 -> /work/ugbogu/pipeline/data/nbl/GSE189367/sra
[REMOVED] SRR17010976 -> prefetch_failed_unresolvable
---- Tue Mar 24 07:02:41 UTC 2026 :: FAIL SRR17010976 ----
[SEQ] (61/64) SRR17010968
---- Tue Mar 24 07:02:41 UTC 2026 :: START SRR17010968 ----
[prefetch] downloading SRR17010968 -> /work/ugbogu/pipeline/data/nbl/GSE189367/sra
[REMOVED] SRR17010968 -> prefetch_failed_unresolvable
---- Tue Mar 24 07:02:44 UTC 2026 :: FAIL SRR17010968 ----
[SEQ] (62/64) SRR17010969
---- Tue Mar 24 07:02:44 UTC 2026 :: START SRR17010969 ----
[prefetch] downloading SRR17010969 -> /work/ugbogu/pipeline/data/nbl/GSE189367/sra
[REMOVED] SRR17010969 -> prefetch_failed_unresolvable
---- Tue Mar 24 07:02:48 UTC 2026 :: FAIL SRR17010969 ----
[SEQ] (63/64) SRR17010970
---- Tue Mar 24 07:02:48 UTC 2026 :: START SRR17010970 ----
[prefetch] downloading SRR17010970 -> /work/ugbogu/pipeline/data/nbl/GSE189367/sra
[REMOVED] SRR17010970 -> prefetch_failed_unresolvable
---- Tue Mar 24 07:02:52 UTC 2026 :: FAIL SRR17010970 ----
[SEQ] (64/64) SRR17010971
---- Tue Mar 24 07:02:52 UTC 2026 :: START SRR17010971 ----
[prefetch] downloading SRR17010971 -> /work/ugbogu/pipeline/data/nbl/GSE189367/sra
[REMOVED] SRR17010971 -> prefetch_failed_unresolvable
---- Tue Mar 24 07:02:55 UTC 2026 :: FAIL SRR17010971 ----
== Tue Mar 24 07:02:55 UTC 2026 :: ALL DONE ==
[SUMMARY] total=64
[SUMMARY] success=0
[SUMMARY] skipped=43
[SUMMARY] failed=21
[SUMMARY] removed_file=/work/ugbogu/pipeline/data/nbl/GSE189367/removed_nbl_srr_id_primary_tumour_pe.txt
