== Thu Mar 26 02:20:24 UTC 2026 :: START ==
Host: hcc20
[INFO] THREADS=8
[INFO] PREFETCH=/work/ugbogu/.conda/envs/sra3/bin/prefetch
[INFO] FASTERQ_DUMP=/work/ugbogu/.conda/envs/sra3/bin/fasterq-dump
[INFO] PIGZ=/work/ugbogu/.conda/envs/sra3/bin/pigz

/work/ugbogu/.conda/envs/sra3/bin/prefetch : 3.2.1


/work/ugbogu/.conda/envs/sra3/bin/fasterq-dump : 3.2.1

pigz 2.8
== Retrying SRR17010969 ==
2026-03-26T02:20:24 prefetch.3.2.1: 1) Resolving 'SRR17010969'...
2026-03-26T02:20:27 prefetch.3.2.1: Current preference is set to retrieve SRA Normalized Format files with full base quality scores
2026-03-26T02:20:27 prefetch.3.2.1: 1) Downloading 'SRR17010969'...
2026-03-26T02:20:27 prefetch.3.2.1:  SRA Normalized Format file is being retrieved
2026-03-26T02:20:27 prefetch.3.2.1:  Downloading via HTTPS...
2026-03-26T02:21:58 prefetch.3.2.1:  HTTPS download succeed
2026-03-26T02:22:02 prefetch.3.2.1:  'SRR17010969' is valid: 2747624855 bytes were streamed from 2747620691
2026-03-26T02:22:02 prefetch.3.2.1: 1) 'SRR17010969' was downloaded successfully
2026-03-26T02:22:02 prefetch.3.2.1: 1) Resolving 'SRR17010969's dependencies...
2026-03-26T02:22:02 prefetch.3.2.1: 'SRR17010969' has 0 unresolved dependencies
-rw-r--r-- 1 ugbogu users 1.8G Mar 26 02:22 fastq/SRR17010969_1.fastq.gz
-rw-r--r-- 1 ugbogu users 1.9G Mar 26 02:22 fastq/SRR17010969_2.fastq.gz
== Retrying SRR17010970 ==
2026-03-26T02:26:36 prefetch.3.2.1: 1) Resolving 'SRR17010970'...
2026-03-26T02:26:38 prefetch.3.2.1: Current preference is set to retrieve SRA Normalized Format files with full base quality scores
2026-03-26T02:26:39 prefetch.3.2.1: 1) Downloading 'SRR17010970'...
2026-03-26T02:26:39 prefetch.3.2.1:  SRA Normalized Format file is being retrieved
2026-03-26T02:26:39 prefetch.3.2.1:  Downloading via HTTPS...
2026-03-26T02:28:59 prefetch.3.2.1:  HTTPS download succeed
2026-03-26T02:29:05 prefetch.3.2.1:  'SRR17010970' is valid: 4042100032 bytes were streamed from 4042086207
2026-03-26T02:29:05 prefetch.3.2.1: 1) 'SRR17010970' was downloaded successfully
2026-03-26T02:29:05 prefetch.3.2.1: 1) Resolving 'SRR17010970's dependencies...
2026-03-26T02:29:05 prefetch.3.2.1: 'SRR17010970' has 0 unresolved dependencies
-rw-r--r-- 1 ugbogu users 2.7G Mar 26 02:29 fastq/SRR17010970_1.fastq.gz
-rw-r--r-- 1 ugbogu users 2.8G Mar 26 02:29 fastq/SRR17010970_2.fastq.gz
== Retrying SRR17010973 ==
2026-03-26T02:35:41 prefetch.3.2.1: 1) Resolving 'SRR17010973'...
2026-03-26T02:35:44 prefetch.3.2.1: Current preference is set to retrieve SRA Normalized Format files with full base quality scores
2026-03-26T02:35:44 prefetch.3.2.1: 1) Downloading 'SRR17010973'...
2026-03-26T02:35:44 prefetch.3.2.1:  SRA Normalized Format file is being retrieved
2026-03-26T02:35:44 prefetch.3.2.1:  Downloading via HTTPS...
2026-03-26T02:39:21 prefetch.3.2.1:  HTTPS download succeed
2026-03-26T02:39:31 prefetch.3.2.1:  'SRR17010973' is valid: 6430880506 bytes were streamed from 6430875015
2026-03-26T02:39:31 prefetch.3.2.1: 1) 'SRR17010973' was downloaded successfully
2026-03-26T02:39:31 prefetch.3.2.1: 1) Resolving 'SRR17010973's dependencies...
2026-03-26T02:39:31 prefetch.3.2.1: 'SRR17010973' has 0 unresolved dependencies
-rw-r--r-- 1 ugbogu users 4.2G Mar 26 02:40 fastq/SRR17010973_1.fastq.gz
-rw-r--r-- 1 ugbogu users 4.4G Mar 26 02:40 fastq/SRR17010973_2.fastq.gz
== Retrying SRR17010975 ==
2026-03-26T02:50:01 prefetch.3.2.1: 1) Resolving 'SRR17010975'...
2026-03-26T02:50:03 prefetch.3.2.1: Current preference is set to retrieve SRA Normalized Format files with full base quality scores
2026-03-26T02:50:04 prefetch.3.2.1: 1) Downloading 'SRR17010975'...
2026-03-26T02:50:04 prefetch.3.2.1:  SRA Normalized Format file is being retrieved
2026-03-26T02:50:04 prefetch.3.2.1:  Downloading via HTTPS...
2026-03-26T02:52:01 prefetch.3.2.1:  HTTPS download succeed
2026-03-26T02:52:07 prefetch.3.2.1:  'SRR17010975' is valid: 3536676151 bytes were streamed from 3536666551
2026-03-26T02:52:07 prefetch.3.2.1: 1) 'SRR17010975' was downloaded successfully
2026-03-26T02:52:07 prefetch.3.2.1: 1) Resolving 'SRR17010975's dependencies...
2026-03-26T02:52:07 prefetch.3.2.1: 'SRR17010975' has 0 unresolved dependencies
-rw-r--r-- 1 ugbogu users 2.3G Mar 26 02:52 fastq/SRR17010975_1.fastq.gz
-rw-r--r-- 1 ugbogu users 2.5G Mar 26 02:52 fastq/SRR17010975_2.fastq.gz
== Retrying SRR17010976 ==
2026-03-26T02:57:53 prefetch.3.2.1: 1) Resolving 'SRR17010976'...
2026-03-26T02:57:55 prefetch.3.2.1: Current preference is set to retrieve SRA Normalized Format files with full base quality scores
2026-03-26T02:57:56 prefetch.3.2.1: 1) Downloading 'SRR17010976'...
2026-03-26T02:57:56 prefetch.3.2.1:  SRA Normalized Format file is being retrieved
2026-03-26T02:57:56 prefetch.3.2.1:  Downloading via HTTPS...
2026-03-26T03:00:22 prefetch.3.2.1:  HTTPS download succeed
2026-03-26T03:00:28 prefetch.3.2.1:  'SRR17010976' is valid: 4267061672 bytes were streamed from 4267048327
2026-03-26T03:00:28 prefetch.3.2.1: 1) 'SRR17010976' was downloaded successfully
2026-03-26T03:00:28 prefetch.3.2.1: 1) Resolving 'SRR17010976's dependencies...
2026-03-26T03:00:28 prefetch.3.2.1: 'SRR17010976' has 0 unresolved dependencies
-rw-r--r-- 1 ugbogu users 2.9G Mar 26 03:01 fastq/SRR17010976_1.fastq.gz
-rw-r--r-- 1 ugbogu users 3.0G Mar 26 03:01 fastq/SRR17010976_2.fastq.gz
== Retrying SRR17010978 ==
2026-03-26T03:07:32 prefetch.3.2.1: 1) Resolving 'SRR17010978'...
2026-03-26T03:07:35 prefetch.3.2.1: Current preference is set to retrieve SRA Normalized Format files with full base quality scores
2026-03-26T03:07:35 prefetch.3.2.1: 1) Downloading 'SRR17010978'...
2026-03-26T03:07:35 prefetch.3.2.1:  SRA Normalized Format file is being retrieved
2026-03-26T03:07:35 prefetch.3.2.1:  Downloading via HTTPS...
2026-03-26T03:09:39 prefetch.3.2.1:  HTTPS download succeed
2026-03-26T03:09:43 prefetch.3.2.1:  'SRR17010978' is valid: 2645932538 bytes were streamed from 2645918463
2026-03-26T03:09:43 prefetch.3.2.1: 1) 'SRR17010978' was downloaded successfully
2026-03-26T03:09:43 prefetch.3.2.1: 1) Resolving 'SRR17010978's dependencies...
2026-03-26T03:09:43 prefetch.3.2.1: 'SRR17010978' has 0 unresolved dependencies
-rw-r--r-- 1 ugbogu users 1.8G Mar 26 03:10 fastq/SRR17010978_1.fastq.gz
-rw-r--r-- 1 ugbogu users 1.9G Mar 26 03:10 fastq/SRR17010978_2.fastq.gz
== Retrying SRR17010982 ==
2026-03-26T03:14:05 prefetch.3.2.1: 1) Resolving 'SRR17010982'...
2026-03-26T03:14:08 prefetch.3.2.1: Current preference is set to retrieve SRA Normalized Format files with full base quality scores
2026-03-26T03:14:08 prefetch.3.2.1: 1) Downloading 'SRR17010982'...
2026-03-26T03:14:08 prefetch.3.2.1:  SRA Normalized Format file is being retrieved
2026-03-26T03:14:08 prefetch.3.2.1:  Downloading via HTTPS...
2026-03-26T03:16:05 prefetch.3.2.1:  HTTPS download succeed
2026-03-26T03:16:10 prefetch.3.2.1:  'SRR17010982' is valid: 2903021523 bytes were streamed from 2903020855
2026-03-26T03:16:10 prefetch.3.2.1: 1) 'SRR17010982' was downloaded successfully
2026-03-26T03:16:10 prefetch.3.2.1: 1) Resolving 'SRR17010982's dependencies...
2026-03-26T03:16:10 prefetch.3.2.1: 'SRR17010982' has 0 unresolved dependencies
-rw-r--r-- 1 ugbogu users 2.0G Mar 26 03:16 fastq/SRR17010982_1.fastq.gz
-rw-r--r-- 1 ugbogu users 2.0G Mar 26 03:16 fastq/SRR17010982_2.fastq.gz
== Retrying SRR17010991 ==
2026-03-26T03:20:59 prefetch.3.2.1: 1) Resolving 'SRR17010991'...
2026-03-26T03:21:02 prefetch.3.2.1: Current preference is set to retrieve SRA Normalized Format files with full base quality scores
2026-03-26T03:21:02 prefetch.3.2.1: 1) Downloading 'SRR17010991'...
2026-03-26T03:21:02 prefetch.3.2.1:  SRA Normalized Format file is being retrieved
2026-03-26T03:21:02 prefetch.3.2.1:  Downloading via HTTPS...
2026-03-26T03:23:14 prefetch.3.2.1:  HTTPS download succeed
2026-03-26T03:23:20 prefetch.3.2.1:  'SRR17010991' is valid: 3874374716 bytes were streamed from 3874373943
2026-03-26T03:23:20 prefetch.3.2.1: 1) 'SRR17010991' was downloaded successfully
2026-03-26T03:23:20 prefetch.3.2.1: 1) Resolving 'SRR17010991's dependencies...
2026-03-26T03:23:20 prefetch.3.2.1: 'SRR17010991' has 0 unresolved dependencies
-rw-r--r-- 1 ugbogu users 2.5G Mar 26 03:23 fastq/SRR17010991_1.fastq.gz
-rw-r--r-- 1 ugbogu users 2.6G Mar 26 03:23 fastq/SRR17010991_2.fastq.gz
== Thu Mar 26 03:29:37 UTC 2026 :: DONE ==
