spots read      : 23,830,171
reads read      : 47,660,342
reads written   : 47,660,342
spots read      : 33,447,478
reads read      : 66,894,956
reads written   : 66,894,956
spots read      : 51,082,748
reads read      : 102,165,496
reads written   : 102,165,496
spots read      : 30,741,811
reads read      : 61,483,622
reads written   : 61,483,622
spots read      : 36,888,833
reads read      : 73,777,666
reads written   : 73,777,666
spots read      : 22,828,726
reads read      : 45,657,452
reads written   : 45,657,452
spots read      : 24,498,812
reads read      : 48,997,624
reads written   : 48,997,624
spots read      : 30,652,628
reads read      : 61,305,256
reads written   : 61,305,256
