spots read      : 40,680,732
reads read      : 81,361,464
reads written   : 81,361,464
spots read      : 30,084,172
reads read      : 60,168,344
reads written   : 60,168,344
spots read      : 25,161,543
reads read      : 50,323,086
reads written   : 50,323,086
spots read      : 59,641,200
reads read      : 119,282,400
reads written   : 119,282,400
spots read      : 23,723,759
reads read      : 47,447,518
reads written   : 47,447,518
spots read      : 24,495,254
reads read      : 48,990,508
reads written   : 48,990,508
spots read      : 38,615,482
reads read      : 77,230,964
reads written   : 77,230,964
spots read      : 34,678,892
reads read      : 69,357,784
reads written   : 69,357,784
spots read      : 41,858,729
reads read      : 83,717,458
reads written   : 83,717,458
spots read      : 26,686,063
reads read      : 53,372,126
reads written   : 53,372,126
spots read      : 56,318,077
reads read      : 112,636,154
reads written   : 112,636,154
