                                 Started job on |	Apr 10 02:27:52
                             Started mapping on |	Apr 10 02:28:00
                                    Finished on |	Apr 10 02:43:14
       Mapping speed, Million of reads per hour |	89.92

                          Number of input reads |	22828726
                      Average input read length |	285
                                    UNIQUE READS:
                   Uniquely mapped reads number |	19849020
                        Uniquely mapped reads % |	86.95%
                          Average mapped length |	284.19
                       Number of splices: Total |	27649701
            Number of splices: Annotated (sjdb) |	27279893
                       Number of splices: GT/AG |	27426372
                       Number of splices: GC/AG |	166208
                       Number of splices: AT/AC |	19157
               Number of splices: Non-canonical |	37964
                      Mismatch rate per base, % |	0.30%
                         Deletion rate per base |	0.01%
                        Deletion average length |	1.69
                        Insertion rate per base |	0.00%
                       Insertion average length |	1.55
                             MULTI-MAPPING READS:
        Number of reads mapped to multiple loci |	1969433
             % of reads mapped to multiple loci |	8.63%
        Number of reads mapped to too many loci |	124415
             % of reads mapped to too many loci |	0.54%
                                  UNMAPPED READS:
  Number of reads unmapped: too many mismatches |	0
       % of reads unmapped: too many mismatches |	0.00%
            Number of reads unmapped: too short |	752511
                 % of reads unmapped: too short |	3.30%
                Number of reads unmapped: other |	133347
                     % of reads unmapped: other |	0.58%
                                  CHIMERIC READS:
                       Number of chimeric reads |	0
                            % of chimeric reads |	0.00%
