=== [frodo] Starting MPN monocyte bulk RNA-seq download at Thu Dec  4 22:40:12 CET 2025 ===
[INFO] Using conda env: sra3
[INFO] Output directory: /home/chu25/data/mpn/GSE228758/fastq
[INFO] which prefetch: /home/chu25/miniconda3/envs/sra3/bin/prefetch
[INFO] which fasterq-dump: /home/chu25/miniconda3/envs/sra3/bin/fasterq-dump

prefetch : 3.0.10


fasterq-dump : 3.0.10

[INFO] Using pigz for compression
============================================================
[INFO] Downloading and converting SRR24043724 ...
============================================================

2025-12-04T21:41:00 prefetch.3.0.10: Current preference is set to retrieve SRA Normalized Format files with full base quality scores.
2025-12-04T21:41:01 prefetch.3.0.10: 1) Downloading 'SRR24043724'...
2025-12-04T21:41:01 prefetch.3.0.10: SRA Normalized Format file is being retrieved, if this is different from your preference, it may be due to current file availability.
2025-12-04T21:41:01 prefetch.3.0.10:  Downloading via HTTPS...
2025-12-04T21:45:01 prefetch.3.0.10:  HTTPS download succeed
2025-12-04T21:45:15 prefetch.3.0.10:  'SRR24043724' is valid
2025-12-04T21:45:15 prefetch.3.0.10: 1) 'SRR24043724' was downloaded successfully
2025-12-04T21:45:16 prefetch.3.0.10: 'SRR24043724' has 0 unresolved dependencies
[INFO] prefetch complete for SRR24043724
[INFO] FASTQ conversion complete for SRR24043724
[INFO] Compressing SRR24043724_1.fastq and SRR24043724_2.fastq ...
============================================================
[INFO] Downloading and converting SRR24043725 ...
============================================================

2025-12-04T21:50:42 prefetch.3.0.10: Current preference is set to retrieve SRA Normalized Format files with full base quality scores.
2025-12-04T21:50:43 prefetch.3.0.10: 1) Downloading 'SRR24043725'...
2025-12-04T21:50:43 prefetch.3.0.10: SRA Normalized Format file is being retrieved, if this is different from your preference, it may be due to current file availability.
2025-12-04T21:50:43 prefetch.3.0.10:  Downloading via HTTPS...
2025-12-04T21:56:51 prefetch.3.0.10:  HTTPS download succeed
2025-12-04T21:57:08 prefetch.3.0.10:  'SRR24043725' is valid
2025-12-04T21:57:08 prefetch.3.0.10: 1) 'SRR24043725' was downloaded successfully
2025-12-04T21:57:08 prefetch.3.0.10: 'SRR24043725' has 0 unresolved dependencies
[INFO] prefetch complete for SRR24043725
[INFO] FASTQ conversion complete for SRR24043725
[INFO] Compressing SRR24043725_1.fastq and SRR24043725_2.fastq ...
============================================================
[INFO] Downloading and converting SRR24043726 ...
============================================================

2025-12-04T22:03:29 prefetch.3.0.10: Current preference is set to retrieve SRA Normalized Format files with full base quality scores.
2025-12-04T22:03:30 prefetch.3.0.10: 1) Downloading 'SRR24043726'...
2025-12-04T22:03:30 prefetch.3.0.10: SRA Normalized Format file is being retrieved, if this is different from your preference, it may be due to current file availability.
2025-12-04T22:03:30 prefetch.3.0.10:  Downloading via HTTPS...
2025-12-04T22:07:12 prefetch.3.0.10:  HTTPS download succeed
2025-12-04T22:07:28 prefetch.3.0.10:  'SRR24043726' is valid
2025-12-04T22:07:28 prefetch.3.0.10: 1) 'SRR24043726' was downloaded successfully
2025-12-04T22:07:28 prefetch.3.0.10: 'SRR24043726' has 0 unresolved dependencies
[INFO] prefetch complete for SRR24043726
[INFO] FASTQ conversion complete for SRR24043726
[INFO] Compressing SRR24043726_1.fastq and SRR24043726_2.fastq ...
============================================================
[INFO] Downloading and converting SRR24043727 ...
============================================================

2025-12-04T22:13:17 prefetch.3.0.10: Current preference is set to retrieve SRA Normalized Format files with full base quality scores.
2025-12-04T22:13:17 prefetch.3.0.10: 1) Downloading 'SRR24043727'...
2025-12-04T22:13:17 prefetch.3.0.10: SRA Normalized Format file is being retrieved, if this is different from your preference, it may be due to current file availability.
2025-12-04T22:13:17 prefetch.3.0.10:  Downloading via HTTPS...
2025-12-04T22:16:56 prefetch.3.0.10:  HTTPS download succeed
2025-12-04T22:17:09 prefetch.3.0.10:  'SRR24043727' is valid
2025-12-04T22:17:09 prefetch.3.0.10: 1) 'SRR24043727' was downloaded successfully
2025-12-04T22:17:09 prefetch.3.0.10: 'SRR24043727' has 0 unresolved dependencies
[INFO] prefetch complete for SRR24043727
[INFO] FASTQ conversion complete for SRR24043727
[INFO] Compressing SRR24043727_1.fastq and SRR24043727_2.fastq ...
============================================================
[INFO] Downloading and converting SRR24043728 ...
============================================================

2025-12-04T22:22:07 prefetch.3.0.10: Current preference is set to retrieve SRA Normalized Format files with full base quality scores.
2025-12-04T22:22:07 prefetch.3.0.10: 1) Downloading 'SRR24043728'...
2025-12-04T22:22:08 prefetch.3.0.10: SRA Normalized Format file is being retrieved, if this is different from your preference, it may be due to current file availability.
2025-12-04T22:22:08 prefetch.3.0.10:  Downloading via HTTPS...
2025-12-04T22:26:49 prefetch.3.0.10:  HTTPS download succeed
2025-12-04T22:27:05 prefetch.3.0.10:  'SRR24043728' is valid
2025-12-04T22:27:05 prefetch.3.0.10: 1) 'SRR24043728' was downloaded successfully
2025-12-04T22:27:05 prefetch.3.0.10: 'SRR24043728' has 0 unresolved dependencies
[INFO] prefetch complete for SRR24043728
[INFO] FASTQ conversion complete for SRR24043728
[INFO] Compressing SRR24043728_1.fastq and SRR24043728_2.fastq ...
============================================================
[INFO] Downloading and converting SRR24043729 ...
============================================================

2025-12-04T22:33:19 prefetch.3.0.10: Current preference is set to retrieve SRA Normalized Format files with full base quality scores.
2025-12-04T22:33:20 prefetch.3.0.10: 1) Downloading 'SRR24043729'...
2025-12-04T22:33:20 prefetch.3.0.10: SRA Normalized Format file is being retrieved, if this is different from your preference, it may be due to current file availability.
2025-12-04T22:33:20 prefetch.3.0.10:  Downloading via HTTPS...
2025-12-04T22:36:22 prefetch.3.0.10:  HTTPS download succeed
2025-12-04T22:36:36 prefetch.3.0.10:  'SRR24043729' is valid
2025-12-04T22:36:36 prefetch.3.0.10: 1) 'SRR24043729' was downloaded successfully
2025-12-04T22:36:36 prefetch.3.0.10: 'SRR24043729' has 0 unresolved dependencies
[INFO] prefetch complete for SRR24043729
[INFO] FASTQ conversion complete for SRR24043729
[INFO] Compressing SRR24043729_1.fastq and SRR24043729_2.fastq ...
=== Finished MPN monocyte bulk RNA-seq downloads at Thu Dec  4 23:42:23 CET 2025 ===
