                                 Started job on |	Apr 09 21:47:50
                             Started mapping on |	Apr 09 21:48:13
                                    Finished on |	Apr 09 21:54:32
       Mapping speed, Million of reads per hour |	353.90

                          Number of input reads |	37258033
                      Average input read length |	202
                                    UNIQUE READS:
                   Uniquely mapped reads number |	29831168
                        Uniquely mapped reads % |	80.07%
                          Average mapped length |	200.05
                       Number of splices: Total |	4037101
            Number of splices: Annotated (sjdb) |	3844372
                       Number of splices: GT/AG |	3971988
                       Number of splices: GC/AG |	32200
                       Number of splices: AT/AC |	4128
               Number of splices: Non-canonical |	28785
                      Mismatch rate per base, % |	0.32%
                         Deletion rate per base |	0.03%
                        Deletion average length |	1.24
                        Insertion rate per base |	0.01%
                       Insertion average length |	1.66
                             MULTI-MAPPING READS:
        Number of reads mapped to multiple loci |	4251932
             % of reads mapped to multiple loci |	11.41%
        Number of reads mapped to too many loci |	129014
             % of reads mapped to too many loci |	0.35%
                                  UNMAPPED READS:
  Number of reads unmapped: too many mismatches |	0
       % of reads unmapped: too many mismatches |	0.00%
            Number of reads unmapped: too short |	2967253
                 % of reads unmapped: too short |	7.96%
                Number of reads unmapped: other |	78666
                     % of reads unmapped: other |	0.21%
                                  CHIMERIC READS:
                       Number of chimeric reads |	0
                            % of chimeric reads |	0.00%
