Assuming unrestricted shared filesystem usage.
None
host: gtw-node07
Building DAG of jobs...
Creating conda environment /home/chu25/dsmz/envs/multiqc.yaml...
Downloading and installing remote packages.
Cleaning up conda package tarballs.
Environment for /home/chu25/dsmz/envs/multiqc.yaml created (location: .snakemake/conda/68ac2d688d0a142e1a0cac1578a4eeea_)
Using shell: /usr/bin/bash
Provided cores: 1 (use --cores to define parallelism)
Rules claiming more threads will be scaled down.
Job stats:
job                       count
----------------------  -------
all                           1
multiqc_fastqc_summary        1
total                         2

Select jobs to execute...
Execute 1 jobs...
[Tue Aug  5 03:43:08 2025]
localrule multiqc_fastqc_summary:
    input: /home/chu25/dsmz/results/fastqc
    output: /home/chu25/dsmz/results/multiqc/multiqc_report.html
    jobid: 1
    reason: Missing output files: /home/chu25/dsmz/results/multiqc/multiqc_report.html; Software environment definition has changed since last execution
    resources: tmpdir=/tmp, mem_mb=4000, mem_mib=3815
Activating conda environment: .snakemake/conda/68ac2d688d0a142e1a0cac1578a4eeea_
RuleException:
CalledProcessError in file "/home/chu25/dsmz/scripts/multiqc/Snakefile", line 18:
Command 'source /home/chu25/miniconda3/bin/activate '/mnt/beegfs/mnt/work/bioinfo/home/chu25/dsmz/scripts/multiqc/.snakemake/conda/68ac2d688d0a142e1a0cac1578a4eeea_'; set -euo pipefail;  
        echo "[INFO] Running MultiQC summary..."
        multiqc /home/chu25/dsmz/results/fastqc --outdir $(dirname /home/chu25/dsmz/results/multiqc/multiqc_report.html)' returned non-zero exit status 1.
[Tue Aug  5 03:43:16 2025]
Error in rule multiqc_fastqc_summary:
    message: None
    jobid: 1
    input: /home/chu25/dsmz/results/fastqc
    output: /home/chu25/dsmz/results/multiqc/multiqc_report.html
    conda-env: /mnt/beegfs/mnt/work/bioinfo/home/chu25/dsmz/scripts/multiqc/.snakemake/conda/68ac2d688d0a142e1a0cac1578a4eeea_
    shell:
        
        echo "[INFO] Running MultiQC summary..."
        multiqc /home/chu25/dsmz/results/fastqc --outdir $(dirname /home/chu25/dsmz/results/multiqc/multiqc_report.html)
        
        (command exited with non-zero exit code)
Shutting down, this might take some time.
Exiting because a job execution failed. Look below for error messages
[Tue Aug  5 03:43:16 2025]
Error in rule multiqc_fastqc_summary:
    message: None
    jobid: 1
    input: /home/chu25/dsmz/results/fastqc
    output: /home/chu25/dsmz/results/multiqc/multiqc_report.html
    conda-env: /mnt/beegfs/mnt/work/bioinfo/home/chu25/dsmz/scripts/multiqc/.snakemake/conda/68ac2d688d0a142e1a0cac1578a4eeea_
    shell:
        
        echo "[INFO] Running MultiQC summary..."
        multiqc /home/chu25/dsmz/results/fastqc --outdir $(dirname /home/chu25/dsmz/results/multiqc/multiqc_report.html)
        
        (command exited with non-zero exit code)
Complete log(s): /mnt/beegfs/mnt/work/bioinfo/home/chu25/dsmz/scripts/multiqc/.snakemake/log/2025-08-05T033038.596898.snakemake.log
WorkflowError:
At least one job did not complete successfully.
