spots read      : 52,711,371
reads read      : 105,422,742
reads written   : 105,422,742
spots read      : 42,480,769
reads read      : 84,961,538
reads written   : 84,961,538
spots read      : 41,807,537
reads read      : 83,615,074
reads written   : 83,615,074
spots read      : 42,046,485
reads read      : 84,092,970
reads written   : 84,092,970
spots read      : 42,500,774
reads read      : 85,001,548
reads written   : 85,001,548
spots read      : 45,403,202
reads read      : 90,806,404
reads written   : 90,806,404
spots read      : 41,276,662
reads read      : 82,553,324
reads written   : 82,553,324
spots read      : 52,450,084
reads read      : 104,900,168
reads written   : 104,900,168
