Building DAG of jobs...
Unlocked working directory.
Assuming unrestricted shared filesystem usage.
host: frodo.hpc.dsmz.de
Building DAG of jobs...
Using shell: /usr/bin/bash
Provided cores: 8
Rules claiming more threads will be scaled down.
Job stats:
job                                 count
--------------------------------  -------
aggregate_project_counts                3
all                                     1
convert_project_parquet_to_rds          3
hema_summary_plots                      1
map_project_dimnames_to_rds             3
multiqc                                 1
picard_alignment_summary_metrics        1
picard_insert_size_metrics              1
picard_quality_yield_metrics            1
picard_validate_samfile                 1
project_tumour_purity                   3
total                                  19

Select jobs to execute...
Execute 2 jobs...

[Tue Dec  9 21:25:26 2025]
localrule aggregate_project_counts:
    output: /home/chu25/data/mpn/GSE228758/results/aggregated/final_count_matrix.parquet, /home/chu25/data/mpn/GSE228758/results/aggregated/final_count_matrix_hgnc.parquet, /home/chu25/data/mpn/GSE228758/results/aggregated/sample_metadata.csv, /home/chu25/data/mpn/GSE228758/results/aggregated/gene_annotation.csv, /home/chu25/data/mpn/GSE228758/results/aggregated/ensembl_to_hgnc.tsv, /home/chu25/data/mpn/GSE228758/results/aggregated/gene_list_ensembl.txt, /home/chu25/data/mpn/GSE228758/results/aggregated/gene_list_hgnc.txt
    log: /home/chu25/data/mpn/GSE228758/results/aggregated/logs/aggregate_counts.log
    jobid: 173
    reason: Missing output files: /home/chu25/data/mpn/GSE228758/results/aggregated/ensembl_to_hgnc.tsv, /home/chu25/data/mpn/GSE228758/results/aggregated/final_count_matrix_hgnc.parquet, /home/chu25/data/mpn/GSE228758/results/aggregated/gene_list_hgnc.txt, /home/chu25/data/mpn/GSE228758/results/aggregated/gene_list_ensembl.txt, /home/chu25/data/mpn/GSE228758/results/aggregated/sample_metadata.csv, /home/chu25/data/mpn/GSE228758/results/aggregated/gene_annotation.csv, /home/chu25/data/mpn/GSE228758/results/aggregated/final_count_matrix.parquet
    wildcards: project=mpn/GSE228758
    threads: 4
    resources: tmpdir=/tmp
Shell command: 
        set -euo pipefail
        mkdir -p "$(dirname "/home/chu25/data/mpn/GSE228758/results/aggregated/final_count_matrix.parquet")" "$(dirname "/home/chu25/data/mpn/GSE228758/results/aggregated/logs/aggregate_counts.log")"

        echo "[INFO] Aggregating STAR counts from /home/chu25/data/mpn/GSE228758/results/star/valid_count" > "/home/chu25/data/mpn/GSE228758/results/aggregated/logs/aggregate_counts.log"

        python3 scripts/hema_cohort_aggregator.py \
            --counts-dirs /home/chu25/data/mpn/GSE228758/results/star/valid_count \
            --gtf /home/chu25/data/GTF/gencode.v36.annotation.gtf \
            --out-prefix /home/chu25/data/mpn/GSE228758/results/aggregated/final \
            >> "/home/chu25/data/mpn/GSE228758/results/aggregated/logs/aggregate_counts.log" 2>&1
        
Activating conda environment: .snakemake/conda/0035f975891d59c7eba5b3265ec237b6_

[Tue Dec  9 21:25:27 2025]
localrule aggregate_project_counts:
    output: /home/chu25/data/pri_bl/GSE199413/results/aggregated/final_count_matrix.parquet, /home/chu25/data/pri_bl/GSE199413/results/aggregated/final_count_matrix_hgnc.parquet, /home/chu25/data/pri_bl/GSE199413/results/aggregated/sample_metadata.csv, /home/chu25/data/pri_bl/GSE199413/results/aggregated/gene_annotation.csv, /home/chu25/data/pri_bl/GSE199413/results/aggregated/ensembl_to_hgnc.tsv, /home/chu25/data/pri_bl/GSE199413/results/aggregated/gene_list_ensembl.txt, /home/chu25/data/pri_bl/GSE199413/results/aggregated/gene_list_hgnc.txt
    log: /home/chu25/data/pri_bl/GSE199413/results/aggregated/logs/aggregate_counts.log
    jobid: 174
    reason: Missing output files: /home/chu25/data/pri_bl/GSE199413/results/aggregated/final_count_matrix.parquet, /home/chu25/data/pri_bl/GSE199413/results/aggregated/sample_metadata.csv, /home/chu25/data/pri_bl/GSE199413/results/aggregated/ensembl_to_hgnc.tsv, /home/chu25/data/pri_bl/GSE199413/results/aggregated/final_count_matrix_hgnc.parquet, /home/chu25/data/pri_bl/GSE199413/results/aggregated/gene_annotation.csv, /home/chu25/data/pri_bl/GSE199413/results/aggregated/gene_list_hgnc.txt, /home/chu25/data/pri_bl/GSE199413/results/aggregated/gene_list_ensembl.txt
    wildcards: project=pri_bl/GSE199413
    threads: 4
    resources: tmpdir=/tmp
Shell command: 
        set -euo pipefail
        mkdir -p "$(dirname "/home/chu25/data/pri_bl/GSE199413/results/aggregated/final_count_matrix.parquet")" "$(dirname "/home/chu25/data/pri_bl/GSE199413/results/aggregated/logs/aggregate_counts.log")"

        echo "[INFO] Aggregating STAR counts from /home/chu25/data/pri_bl/GSE199413/results/star/valid_count" > "/home/chu25/data/pri_bl/GSE199413/results/aggregated/logs/aggregate_counts.log"

        python3 scripts/hema_cohort_aggregator.py \
            --counts-dirs /home/chu25/data/pri_bl/GSE199413/results/star/valid_count \
            --gtf /home/chu25/data/GTF/gencode.v36.annotation.gtf \
            --out-prefix /home/chu25/data/pri_bl/GSE199413/results/aggregated/final \
            >> "/home/chu25/data/pri_bl/GSE199413/results/aggregated/logs/aggregate_counts.log" 2>&1
        
Activating conda environment: .snakemake/conda/0035f975891d59c7eba5b3265ec237b6_
Select jobs to execute...
Waiting at most 300 seconds for missing files:
/home/chu25/data/pri_bl/GSE199413/results/aggregated/final_count_matrix.parquet (missing locally)
/home/chu25/data/pri_bl/GSE199413/results/aggregated/final_count_matrix_hgnc.parquet (missing locally)
/home/chu25/data/pri_bl/GSE199413/results/aggregated/sample_metadata.csv (missing locally)
/home/chu25/data/pri_bl/GSE199413/results/aggregated/gene_annotation.csv (missing locally)
/home/chu25/data/pri_bl/GSE199413/results/aggregated/ensembl_to_hgnc.tsv (missing locally)
/home/chu25/data/pri_bl/GSE199413/results/aggregated/gene_list_ensembl.txt (missing locally)
/home/chu25/data/pri_bl/GSE199413/results/aggregated/gene_list_hgnc.txt (missing locally)
MissingOutputException in rule aggregate_project_counts in file "/home/chu25/TCGA/hema_pipeline/hema_pipeline/Snakefile", line 403:
Job 174  completed successfully, but some output files are missing. Missing files after 300 seconds. This might be due to filesystem latency. If that is the case, consider to increase the wait time with --latency-wait:
/home/chu25/data/pri_bl/GSE199413/results/aggregated/final_count_matrix.parquet (missing locally, parent dir contents: logs, final_hema_sample_metadata.csv, final_hema_gene_annotation.csv, final_hema_count_matrix.parquet, final_hema_ensembl_to_hgnc.tsv, final_hema_count_matrix_hgnc.parquet, final_hema_gene_list_ensembl.txt, final_hema_gene_list_hgnc.txt)
/home/chu25/data/pri_bl/GSE199413/results/aggregated/final_count_matrix_hgnc.parquet (missing locally, parent dir contents: logs, final_hema_sample_metadata.csv, final_hema_gene_annotation.csv, final_hema_count_matrix.parquet, final_hema_ensembl_to_hgnc.tsv, final_hema_count_matrix_hgnc.parquet, final_hema_gene_list_ensembl.txt, final_hema_gene_list_hgnc.txt)
/home/chu25/data/pri_bl/GSE199413/results/aggregated/sample_metadata.csv (missing locally, parent dir contents: logs, final_hema_sample_metadata.csv, final_hema_gene_annotation.csv, final_hema_count_matrix.parquet, final_hema_ensembl_to_hgnc.tsv, final_hema_count_matrix_hgnc.parquet, final_hema_gene_list_ensembl.txt, final_hema_gene_list_hgnc.txt)
/home/chu25/data/pri_bl/GSE199413/results/aggregated/gene_annotation.csv (missing locally, parent dir contents: logs, final_hema_sample_metadata.csv, final_hema_gene_annotation.csv, final_hema_count_matrix.parquet, final_hema_ensembl_to_hgnc.tsv, final_hema_count_matrix_hgnc.parquet, final_hema_gene_list_ensembl.txt, final_hema_gene_list_hgnc.txt)
/home/chu25/data/pri_bl/GSE199413/results/aggregated/ensembl_to_hgnc.tsv (missing locally, parent dir contents: logs, final_hema_sample_metadata.csv, final_hema_gene_annotation.csv, final_hema_count_matrix.parquet, final_hema_ensembl_to_hgnc.tsv, final_hema_count_matrix_hgnc.parquet, final_hema_gene_list_ensembl.txt, final_hema_gene_list_hgnc.txt)
/home/chu25/data/pri_bl/GSE199413/results/aggregated/gene_list_ensembl.txt (missing locally, parent dir contents: logs, final_hema_sample_metadata.csv, final_hema_gene_annotation.csv, final_hema_count_matrix.parquet, final_hema_ensembl_to_hgnc.tsv, final_hema_count_matrix_hgnc.parquet, final_hema_gene_list_ensembl.txt, final_hema_gene_list_hgnc.txt)
/home/chu25/data/pri_bl/GSE199413/results/aggregated/gene_list_hgnc.txt (missing locally, parent dir contents: logs, final_hema_sample_metadata.csv, final_hema_gene_annotation.csv, final_hema_count_matrix.parquet, final_hema_ensembl_to_hgnc.tsv, final_hema_count_matrix_hgnc.parquet, final_hema_gene_list_ensembl.txt, final_hema_gene_list_hgnc.txt)
Execute 4 jobs...

[Tue Dec  9 21:32:55 2025]
localrule picard_validate_samfile:
    input: /home/chu25/data/cll/GSE237907/results/star/SRR25381852.Aligned.sortedByCoord.out.bam
    output: /home/chu25/data/cll/GSE237907/results/picard/SRR25381852_validate_samfile.txt
    log: /home/chu25/data/cll/GSE237907/logs/picard/SRR25381852_validate_samfile.log
    jobid: 53
    reason: Updated input files: /home/chu25/data/cll/GSE237907/results/star/SRR25381852.Aligned.sortedByCoord.out.bam
    wildcards: project=cll/GSE237907, sample=SRR25381852
    resources: tmpdir=/tmp
Shell command: 
        mkdir -p "$(dirname "/home/chu25/data/cll/GSE237907/results/picard/SRR25381852_validate_samfile.txt")" "$(dirname "/home/chu25/data/cll/GSE237907/logs/picard/SRR25381852_validate_samfile.log")"
        # Run Picard but DO NOT fail the rule if it exits non-zero
        picard -Xmx4g ValidateSamFile \
            I="/home/chu25/data/cll/GSE237907/results/star/SRR25381852.Aligned.sortedByCoord.out.bam" \
            O="/home/chu25/data/cll/GSE237907/results/picard/SRR25381852_validate_samfile.txt" \
            MODE=SUMMARY \
            > "/home/chu25/data/cll/GSE237907/logs/picard/SRR25381852_validate_samfile.log" 2>&1 || echo "[WARN] Picard ValidateSamFile failed for cll/GSE237907/SRR25381852, continuing." >> "/home/chu25/data/cll/GSE237907/logs/picard/SRR25381852_validate_samfile.log"
        
Activating conda environment: .snakemake/conda/c71e0bfcabf8ae0a08e666046028b923_

[Tue Dec  9 21:32:55 2025]
localrule picard_alignment_summary_metrics:
    input: /home/chu25/data/cll/GSE237907/results/star/SRR25381852.Aligned.sortedByCoord.out.bam
    output: /home/chu25/data/cll/GSE237907/results/picard/SRR25381852_alignment_summary_metrics.txt
    log: /home/chu25/data/cll/GSE237907/logs/picard/SRR25381852_alignment_summary_metrics.log
    jobid: 54
    reason: Updated input files: /home/chu25/data/cll/GSE237907/results/star/SRR25381852.Aligned.sortedByCoord.out.bam
    wildcards: project=cll/GSE237907, sample=SRR25381852
    resources: tmpdir=/tmp
Shell command: 
        mkdir -p "$(dirname "/home/chu25/data/cll/GSE237907/results/picard/SRR25381852_alignment_summary_metrics.txt")" "$(dirname "/home/chu25/data/cll/GSE237907/logs/picard/SRR25381852_alignment_summary_metrics.log")"
        picard -Xmx4g CollectAlignmentSummaryMetrics \
            R="/home/chu25/data/genome/gdc_reference/GRCh38.d1.vd1.fa" \
            I="/home/chu25/data/cll/GSE237907/results/star/SRR25381852.Aligned.sortedByCoord.out.bam" \
            O="/home/chu25/data/cll/GSE237907/results/picard/SRR25381852_alignment_summary_metrics.txt" \
            > "/home/chu25/data/cll/GSE237907/logs/picard/SRR25381852_alignment_summary_metrics.log" 2>&1
        
Activating conda environment: .snakemake/conda/c71e0bfcabf8ae0a08e666046028b923_

[Tue Dec  9 21:32:55 2025]
localrule picard_quality_yield_metrics:
    input: /home/chu25/data/cll/GSE237907/results/star/SRR25381852.Aligned.sortedByCoord.out.bam
    output: /home/chu25/data/cll/GSE237907/results/picard/SRR25381852_quality_yield_metrics.txt
    log: /home/chu25/data/cll/GSE237907/logs/picard/SRR25381852_quality_yield_metrics.log
    jobid: 55
    reason: Updated input files: /home/chu25/data/cll/GSE237907/results/star/SRR25381852.Aligned.sortedByCoord.out.bam
    wildcards: project=cll/GSE237907, sample=SRR25381852
    resources: tmpdir=/tmp
Shell command: 
        mkdir -p "$(dirname "/home/chu25/data/cll/GSE237907/results/picard/SRR25381852_quality_yield_metrics.txt")" "$(dirname "/home/chu25/data/cll/GSE237907/logs/picard/SRR25381852_quality_yield_metrics.log")"
        picard -Xmx4g CollectQualityYieldMetrics \
            I="/home/chu25/data/cll/GSE237907/results/star/SRR25381852.Aligned.sortedByCoord.out.bam" \
            O="/home/chu25/data/cll/GSE237907/results/picard/SRR25381852_quality_yield_metrics.txt" \
            > "/home/chu25/data/cll/GSE237907/logs/picard/SRR25381852_quality_yield_metrics.log" 2>&1
        
Activating conda environment: .snakemake/conda/c71e0bfcabf8ae0a08e666046028b923_

[Tue Dec  9 21:32:55 2025]
localrule picard_insert_size_metrics:
    input: /home/chu25/data/cll/GSE237907/results/star/SRR25381852.Aligned.sortedByCoord.out.bam
    output: /home/chu25/data/cll/GSE237907/results/picard/SRR25381852_insert_size_metrics.txt, /home/chu25/data/cll/GSE237907/results/picard/SRR25381852_insert_size_histogram.pdf
    log: /home/chu25/data/cll/GSE237907/logs/picard/SRR25381852_insert_size_metrics.log
    jobid: 56
    reason: Updated input files: /home/chu25/data/cll/GSE237907/results/star/SRR25381852.Aligned.sortedByCoord.out.bam
    wildcards: project=cll/GSE237907, sample=SRR25381852
    resources: tmpdir=/tmp
Shell command: 
        mkdir -p "$(dirname "/home/chu25/data/cll/GSE237907/results/picard/SRR25381852_insert_size_metrics.txt")" "$(dirname "/home/chu25/data/cll/GSE237907/results/picard/SRR25381852_insert_size_histogram.pdf")" "$(dirname "/home/chu25/data/cll/GSE237907/logs/picard/SRR25381852_insert_size_metrics.log")"
        picard -Xmx4g CollectInsertSizeMetrics \
            I="/home/chu25/data/cll/GSE237907/results/star/SRR25381852.Aligned.sortedByCoord.out.bam" \
            O="/home/chu25/data/cll/GSE237907/results/picard/SRR25381852_insert_size_metrics.txt" \
            H="/home/chu25/data/cll/GSE237907/results/picard/SRR25381852_insert_size_histogram.pdf" \
            M=0.5 \
            > "/home/chu25/data/cll/GSE237907/logs/picard/SRR25381852_insert_size_metrics.log" 2>&1
        
Activating conda environment: .snakemake/conda/c71e0bfcabf8ae0a08e666046028b923_
Waiting at most 300 seconds for missing files:
/home/chu25/data/mpn/GSE228758/results/aggregated/final_count_matrix.parquet (missing locally)
/home/chu25/data/mpn/GSE228758/results/aggregated/final_count_matrix_hgnc.parquet (missing locally)
/home/chu25/data/mpn/GSE228758/results/aggregated/sample_metadata.csv (missing locally)
/home/chu25/data/mpn/GSE228758/results/aggregated/gene_annotation.csv (missing locally)
/home/chu25/data/mpn/GSE228758/results/aggregated/ensembl_to_hgnc.tsv (missing locally)
/home/chu25/data/mpn/GSE228758/results/aggregated/gene_list_ensembl.txt (missing locally)
/home/chu25/data/mpn/GSE228758/results/aggregated/gene_list_hgnc.txt (missing locally)
MissingOutputException in rule aggregate_project_counts in file "/home/chu25/TCGA/hema_pipeline/hema_pipeline/Snakefile", line 403:
Job 173  completed successfully, but some output files are missing. Missing files after 300 seconds. This might be due to filesystem latency. If that is the case, consider to increase the wait time with --latency-wait:
/home/chu25/data/mpn/GSE228758/results/aggregated/final_count_matrix.parquet (missing locally, parent dir contents: logs, final_hema_sample_metadata.csv, final_hema_gene_annotation.csv, final_hema_count_matrix.parquet, final_hema_ensembl_to_hgnc.tsv, final_hema_count_matrix_hgnc.parquet, final_hema_gene_list_ensembl.txt, final_hema_gene_list_hgnc.txt)
/home/chu25/data/mpn/GSE228758/results/aggregated/final_count_matrix_hgnc.parquet (missing locally, parent dir contents: logs, final_hema_sample_metadata.csv, final_hema_gene_annotation.csv, final_hema_count_matrix.parquet, final_hema_ensembl_to_hgnc.tsv, final_hema_count_matrix_hgnc.parquet, final_hema_gene_list_ensembl.txt, final_hema_gene_list_hgnc.txt)
/home/chu25/data/mpn/GSE228758/results/aggregated/sample_metadata.csv (missing locally, parent dir contents: logs, final_hema_sample_metadata.csv, final_hema_gene_annotation.csv, final_hema_count_matrix.parquet, final_hema_ensembl_to_hgnc.tsv, final_hema_count_matrix_hgnc.parquet, final_hema_gene_list_ensembl.txt, final_hema_gene_list_hgnc.txt)
/home/chu25/data/mpn/GSE228758/results/aggregated/gene_annotation.csv (missing locally, parent dir contents: logs, final_hema_sample_metadata.csv, final_hema_gene_annotation.csv, final_hema_count_matrix.parquet, final_hema_ensembl_to_hgnc.tsv, final_hema_count_matrix_hgnc.parquet, final_hema_gene_list_ensembl.txt, final_hema_gene_list_hgnc.txt)
/home/chu25/data/mpn/GSE228758/results/aggregated/ensembl_to_hgnc.tsv (missing locally, parent dir contents: logs, final_hema_sample_metadata.csv, final_hema_gene_annotation.csv, final_hema_count_matrix.parquet, final_hema_ensembl_to_hgnc.tsv, final_hema_count_matrix_hgnc.parquet, final_hema_gene_list_ensembl.txt, final_hema_gene_list_hgnc.txt)
/home/chu25/data/mpn/GSE228758/results/aggregated/gene_list_ensembl.txt (missing locally, parent dir contents: logs, final_hema_sample_metadata.csv, final_hema_gene_annotation.csv, final_hema_count_matrix.parquet, final_hema_ensembl_to_hgnc.tsv, final_hema_count_matrix_hgnc.parquet, final_hema_gene_list_ensembl.txt, final_hema_gene_list_hgnc.txt)
/home/chu25/data/mpn/GSE228758/results/aggregated/gene_list_hgnc.txt (missing locally, parent dir contents: logs, final_hema_sample_metadata.csv, final_hema_gene_annotation.csv, final_hema_count_matrix.parquet, final_hema_ensembl_to_hgnc.tsv, final_hema_count_matrix_hgnc.parquet, final_hema_gene_list_ensembl.txt, final_hema_gene_list_hgnc.txt)
Select jobs to execute...
Execute 1 jobs...

[Tue Dec  9 21:37:57 2025]
localrule aggregate_project_counts:
    output: /home/chu25/data/cll/GSE237907/results/aggregated/final_count_matrix.parquet, /home/chu25/data/cll/GSE237907/results/aggregated/final_count_matrix_hgnc.parquet, /home/chu25/data/cll/GSE237907/results/aggregated/sample_metadata.csv, /home/chu25/data/cll/GSE237907/results/aggregated/gene_annotation.csv, /home/chu25/data/cll/GSE237907/results/aggregated/ensembl_to_hgnc.tsv, /home/chu25/data/cll/GSE237907/results/aggregated/gene_list_ensembl.txt, /home/chu25/data/cll/GSE237907/results/aggregated/gene_list_hgnc.txt
    log: /home/chu25/data/cll/GSE237907/results/aggregated/logs/aggregate_counts.log
    jobid: 172
    reason: Missing output files: /home/chu25/data/cll/GSE237907/results/aggregated/gene_list_ensembl.txt, /home/chu25/data/cll/GSE237907/results/aggregated/gene_list_hgnc.txt, /home/chu25/data/cll/GSE237907/results/aggregated/sample_metadata.csv, /home/chu25/data/cll/GSE237907/results/aggregated/final_count_matrix.parquet, /home/chu25/data/cll/GSE237907/results/aggregated/gene_annotation.csv, /home/chu25/data/cll/GSE237907/results/aggregated/ensembl_to_hgnc.tsv, /home/chu25/data/cll/GSE237907/results/aggregated/final_count_matrix_hgnc.parquet
    wildcards: project=cll/GSE237907
    threads: 4
    resources: tmpdir=/tmp
Shell command: 
        set -euo pipefail
        mkdir -p "$(dirname "/home/chu25/data/cll/GSE237907/results/aggregated/final_count_matrix.parquet")" "$(dirname "/home/chu25/data/cll/GSE237907/results/aggregated/logs/aggregate_counts.log")"

        echo "[INFO] Aggregating STAR counts from /home/chu25/data/cll/GSE237907/results/star/valid_count" > "/home/chu25/data/cll/GSE237907/results/aggregated/logs/aggregate_counts.log"

        python3 scripts/hema_cohort_aggregator.py \
            --counts-dirs /home/chu25/data/cll/GSE237907/results/star/valid_count \
            --gtf /home/chu25/data/GTF/gencode.v36.annotation.gtf \
            --out-prefix /home/chu25/data/cll/GSE237907/results/aggregated/final \
            >> "/home/chu25/data/cll/GSE237907/results/aggregated/logs/aggregate_counts.log" 2>&1
        
Activating conda environment: .snakemake/conda/0035f975891d59c7eba5b3265ec237b6_
[Tue Dec  9 21:37:58 2025]
Finished jobid: 55 (Rule: picard_quality_yield_metrics)
1 of 19 steps (5%) done
[Tue Dec  9 21:37:58 2025]
Finished jobid: 56 (Rule: picard_insert_size_metrics)
2 of 19 steps (11%) done
[Tue Dec  9 21:39:39 2025]
Finished jobid: 53 (Rule: picard_validate_samfile)
3 of 19 steps (16%) done
Waiting at most 300 seconds for missing files:
/home/chu25/data/cll/GSE237907/results/aggregated/final_count_matrix.parquet (missing locally)
/home/chu25/data/cll/GSE237907/results/aggregated/final_count_matrix_hgnc.parquet (missing locally)
/home/chu25/data/cll/GSE237907/results/aggregated/sample_metadata.csv (missing locally)
/home/chu25/data/cll/GSE237907/results/aggregated/gene_annotation.csv (missing locally)
/home/chu25/data/cll/GSE237907/results/aggregated/ensembl_to_hgnc.tsv (missing locally)
/home/chu25/data/cll/GSE237907/results/aggregated/gene_list_ensembl.txt (missing locally)
/home/chu25/data/cll/GSE237907/results/aggregated/gene_list_hgnc.txt (missing locally)
MissingOutputException in rule aggregate_project_counts in file "/home/chu25/TCGA/hema_pipeline/hema_pipeline/Snakefile", line 403:
Job 172  completed successfully, but some output files are missing. Missing files after 300 seconds. This might be due to filesystem latency. If that is the case, consider to increase the wait time with --latency-wait:
/home/chu25/data/cll/GSE237907/results/aggregated/final_count_matrix.parquet (missing locally, parent dir contents: logs, final_hema_sample_metadata.csv, final_hema_gene_annotation.csv, final_hema_count_matrix.parquet, final_hema_ensembl_to_hgnc.tsv, final_hema_count_matrix_hgnc.parquet, final_hema_gene_list_ensembl.txt, final_hema_gene_list_hgnc.txt)
/home/chu25/data/cll/GSE237907/results/aggregated/final_count_matrix_hgnc.parquet (missing locally, parent dir contents: logs, final_hema_sample_metadata.csv, final_hema_gene_annotation.csv, final_hema_count_matrix.parquet, final_hema_ensembl_to_hgnc.tsv, final_hema_count_matrix_hgnc.parquet, final_hema_gene_list_ensembl.txt, final_hema_gene_list_hgnc.txt)
/home/chu25/data/cll/GSE237907/results/aggregated/sample_metadata.csv (missing locally, parent dir contents: logs, final_hema_sample_metadata.csv, final_hema_gene_annotation.csv, final_hema_count_matrix.parquet, final_hema_ensembl_to_hgnc.tsv, final_hema_count_matrix_hgnc.parquet, final_hema_gene_list_ensembl.txt, final_hema_gene_list_hgnc.txt)
/home/chu25/data/cll/GSE237907/results/aggregated/gene_annotation.csv (missing locally, parent dir contents: logs, final_hema_sample_metadata.csv, final_hema_gene_annotation.csv, final_hema_count_matrix.parquet, final_hema_ensembl_to_hgnc.tsv, final_hema_count_matrix_hgnc.parquet, final_hema_gene_list_ensembl.txt, final_hema_gene_list_hgnc.txt)
/home/chu25/data/cll/GSE237907/results/aggregated/ensembl_to_hgnc.tsv (missing locally, parent dir contents: logs, final_hema_sample_metadata.csv, final_hema_gene_annotation.csv, final_hema_count_matrix.parquet, final_hema_ensembl_to_hgnc.tsv, final_hema_count_matrix_hgnc.parquet, final_hema_gene_list_ensembl.txt, final_hema_gene_list_hgnc.txt)
/home/chu25/data/cll/GSE237907/results/aggregated/gene_list_ensembl.txt (missing locally, parent dir contents: logs, final_hema_sample_metadata.csv, final_hema_gene_annotation.csv, final_hema_count_matrix.parquet, final_hema_ensembl_to_hgnc.tsv, final_hema_count_matrix_hgnc.parquet, final_hema_gene_list_ensembl.txt, final_hema_gene_list_hgnc.txt)
/home/chu25/data/cll/GSE237907/results/aggregated/gene_list_hgnc.txt (missing locally, parent dir contents: logs, final_hema_sample_metadata.csv, final_hema_gene_annotation.csv, final_hema_count_matrix.parquet, final_hema_ensembl_to_hgnc.tsv, final_hema_count_matrix_hgnc.parquet, final_hema_gene_list_ensembl.txt, final_hema_gene_list_hgnc.txt)
[Tue Dec  9 21:44:52 2025]
Finished jobid: 54 (Rule: picard_alignment_summary_metrics)
4 of 19 steps (21%) done
Select jobs to execute...
Execute 1 jobs...

[Tue Dec  9 21:44:53 2025]
localrule multiqc:
    input: /home/chu25/data/cll/GSE237907/results/fastqc/SRR25381845_1_fastqc.zip, /home/chu25/data/cll/GSE237907/results/fastqc/SRR25381845_2_fastqc.zip, /home/chu25/data/cll/GSE237907/results/fastqc/SRR25381846_1_fastqc.zip, /home/chu25/data/cll/GSE237907/results/fastqc/SRR25381846_2_fastqc.zip, /home/chu25/data/cll/GSE237907/results/fastqc/SRR25381847_1_fastqc.zip, /home/chu25/data/cll/GSE237907/results/fastqc/SRR25381847_2_fastqc.zip, /home/chu25/data/cll/GSE237907/results/fastqc/SRR25381848_1_fastqc.zip, /home/chu25/data/cll/GSE237907/results/fastqc/SRR25381848_2_fastqc.zip, /home/chu25/data/cll/GSE237907/results/fastqc/SRR25381849_1_fastqc.zip, /home/chu25/data/cll/GSE237907/results/fastqc/SRR25381849_2_fastqc.zip, /home/chu25/data/cll/GSE237907/results/fastqc/SRR25381850_1_fastqc.zip, /home/chu25/data/cll/GSE237907/results/fastqc/SRR25381850_2_fastqc.zip, /home/chu25/data/cll/GSE237907/results/fastqc/SRR25381851_1_fastqc.zip, /home/chu25/data/cll/GSE237907/results/fastqc/SRR25381851_2_fastqc.zip, /home/chu25/data/cll/GSE237907/results/fastqc/SRR25381852_1_fastqc.zip, /home/chu25/data/cll/GSE237907/results/fastqc/SRR25381852_2_fastqc.zip, /home/chu25/data/cll/GSE237907/results/fastqc/SRR25381853_1_fastqc.zip, /home/chu25/data/cll/GSE237907/results/fastqc/SRR25381853_2_fastqc.zip, /home/chu25/data/cll/GSE237907/results/fastqc/SRR25381854_1_fastqc.zip, /home/chu25/data/cll/GSE237907/results/fastqc/SRR25381854_2_fastqc.zip, /home/chu25/data/cll/GSE237907/results/star/SRR25381845.Log.final.out, /home/chu25/data/cll/GSE237907/results/star/SRR25381846.Log.final.out, /home/chu25/data/cll/GSE237907/results/star/SRR25381847.Log.final.out, /home/chu25/data/cll/GSE237907/results/star/SRR25381848.Log.final.out, /home/chu25/data/cll/GSE237907/results/star/SRR25381849.Log.final.out, /home/chu25/data/cll/GSE237907/results/star/SRR25381850.Log.final.out, /home/chu25/data/cll/GSE237907/results/star/SRR25381851.Log.final.out, /home/chu25/data/cll/GSE237907/results/star/SRR25381852.Log.final.out, /home/chu25/data/cll/GSE237907/results/star/SRR25381853.Log.final.out, /home/chu25/data/cll/GSE237907/results/star/SRR25381854.Log.final.out, /home/chu25/data/cll/GSE237907/results/picard/SRR25381850_quality_yield_metrics.txt, /home/chu25/data/cll/GSE237907/results/picard/SRR25381850_alignment_summary_metrics.txt, /home/chu25/data/cll/GSE237907/results/picard/SRR25381847_quality_yield_metrics.txt, /home/chu25/data/cll/GSE237907/results/picard/SRR25381854_quality_yield_metrics.txt, /home/chu25/data/cll/GSE237907/results/picard/SRR25381854_alignment_summary_metrics.txt, /home/chu25/data/cll/GSE237907/results/picard/SRR25381847_insert_size_metrics.txt, /home/chu25/data/cll/GSE237907/results/picard/SRR25381845_insert_size_metrics.txt, /home/chu25/data/cll/GSE237907/results/picard/SRR25381852_insert_size_metrics.txt, /home/chu25/data/cll/GSE237907/results/picard/SRR25381847_alignment_summary_metrics.txt, /home/chu25/data/cll/GSE237907/results/picard/SRR25381846_alignment_summary_metrics.txt, /home/chu25/data/cll/GSE237907/results/picard/SRR25381853_alignment_summary_metrics.txt, /home/chu25/data/cll/GSE237907/results/picard/SRR25381851_insert_size_metrics.txt, /home/chu25/data/cll/GSE237907/results/picard/SRR25381853_quality_yield_metrics.txt, /home/chu25/data/cll/GSE237907/results/picard/SRR25381849_insert_size_metrics.txt, /home/chu25/data/cll/GSE237907/results/picard/SRR25381846_quality_yield_metrics.txt, /home/chu25/data/cll/GSE237907/results/picard/SRR25381848_quality_yield_metrics.txt, /home/chu25/data/cll/GSE237907/results/picard/SRR25381846_insert_size_metrics.txt, /home/chu25/data/cll/GSE237907/results/picard/SRR25381852_quality_yield_metrics.txt, /home/chu25/data/cll/GSE237907/results/picard/SRR25381853_insert_size_metrics.txt, /home/chu25/data/cll/GSE237907/results/picard/SRR25381852_alignment_summary_metrics.txt, /home/chu25/data/cll/GSE237907/results/picard/SRR25381848_insert_size_metrics.txt, /home/chu25/data/cll/GSE237907/results/picard/SRR25381848_alignment_summary_metrics.txt, /home/chu25/data/cll/GSE237907/results/picard/SRR25381854_insert_size_metrics.txt, /home/chu25/data/cll/GSE237907/results/picard/SRR25381851_quality_yield_metrics.txt, /home/chu25/data/cll/GSE237907/results/picard/SRR25381845_alignment_summary_metrics.txt, /home/chu25/data/cll/GSE237907/results/picard/SRR25381849_alignment_summary_metrics.txt, /home/chu25/data/cll/GSE237907/results/picard/SRR25381850_insert_size_metrics.txt, /home/chu25/data/cll/GSE237907/results/picard/SRR25381845_quality_yield_metrics.txt, /home/chu25/data/cll/GSE237907/results/picard/SRR25381851_alignment_summary_metrics.txt, /home/chu25/data/cll/GSE237907/results/picard/SRR25381849_quality_yield_metrics.txt, /home/chu25/data/cll/GSE237907/results/picard/SRR25381846_validate_samfile.txt, /home/chu25/data/cll/GSE237907/results/picard/SRR25381851_validate_samfile.txt, /home/chu25/data/cll/GSE237907/results/picard/SRR25381853_validate_samfile.txt, /home/chu25/data/cll/GSE237907/results/picard/SRR25381852_validate_samfile.txt, /home/chu25/data/cll/GSE237907/results/picard/SRR25381850_validate_samfile.txt, /home/chu25/data/cll/GSE237907/results/picard/SRR25381854_validate_samfile.txt, /home/chu25/data/cll/GSE237907/results/picard/SRR25381848_validate_samfile.txt, /home/chu25/data/cll/GSE237907/results/picard/SRR25381849_validate_samfile.txt, /home/chu25/data/cll/GSE237907/results/picard/SRR25381845_validate_samfile.txt, /home/chu25/data/cll/GSE237907/results/picard/SRR25381847_validate_samfile.txt
    output: /home/chu25/data/cll/GSE237907/results/multiqc/multiqc_report.html
    log: /home/chu25/data/cll/GSE237907/logs/multiqc.log
    jobid: 169
    reason: Input files updated by another job: /home/chu25/data/cll/GSE237907/results/picard/SRR25381852_validate_samfile.txt, /home/chu25/data/cll/GSE237907/results/picard/SRR25381852_insert_size_metrics.txt, /home/chu25/data/cll/GSE237907/results/picard/SRR25381852_alignment_summary_metrics.txt, /home/chu25/data/cll/GSE237907/results/picard/SRR25381852_quality_yield_metrics.txt
    wildcards: project=cll/GSE237907
    threads: 2
    resources: tmpdir=/tmp
Shell command: 
        set -euo pipefail
        mkdir -p /home/chu25/data/cll/GSE237907/results/multiqc
        # Allow MultiQC to fail; still touch the HTML so Snakemake continues
        if ! multiqc /home/chu25/data/cll/GSE237907/results -o /home/chu25/data/cll/GSE237907/results/multiqc -n multiqc_report.html > /home/chu25/data/cll/GSE237907/logs/multiqc.log 2>&1; then
            echo "[WARN] MultiQC failed for cll/GSE237907, continuing without full report." >> /home/chu25/data/cll/GSE237907/logs/multiqc.log
            touch /home/chu25/data/cll/GSE237907/results/multiqc/multiqc_report.html
        fi
        
Activating conda environment: .snakemake/conda/b14a34f71ac45b587a8d9d42a8cd3235_
[Tue Dec  9 21:45:16 2025]
Finished jobid: 169 (Rule: multiqc)
5 of 19 steps (26%) done
Exiting because a job execution failed. Look below for error messages
[Tue Dec  9 21:45:16 2025]
Error in rule aggregate_project_counts:
    message: None
    jobid: 173
    output: /home/chu25/data/mpn/GSE228758/results/aggregated/final_count_matrix.parquet, /home/chu25/data/mpn/GSE228758/results/aggregated/final_count_matrix_hgnc.parquet, /home/chu25/data/mpn/GSE228758/results/aggregated/sample_metadata.csv, /home/chu25/data/mpn/GSE228758/results/aggregated/gene_annotation.csv, /home/chu25/data/mpn/GSE228758/results/aggregated/ensembl_to_hgnc.tsv, /home/chu25/data/mpn/GSE228758/results/aggregated/gene_list_ensembl.txt, /home/chu25/data/mpn/GSE228758/results/aggregated/gene_list_hgnc.txt
    log: /home/chu25/data/mpn/GSE228758/results/aggregated/logs/aggregate_counts.log (check log file(s) for error details)
    conda-env: /home/chu25/TCGA/hema_pipeline/hema_pipeline/.snakemake/conda/0035f975891d59c7eba5b3265ec237b6_
    shell:
        
        set -euo pipefail
        mkdir -p "$(dirname "/home/chu25/data/mpn/GSE228758/results/aggregated/final_count_matrix.parquet")" "$(dirname "/home/chu25/data/mpn/GSE228758/results/aggregated/logs/aggregate_counts.log")"

        echo "[INFO] Aggregating STAR counts from /home/chu25/data/mpn/GSE228758/results/star/valid_count" > "/home/chu25/data/mpn/GSE228758/results/aggregated/logs/aggregate_counts.log"

        python3 scripts/hema_cohort_aggregator.py \
            --counts-dirs /home/chu25/data/mpn/GSE228758/results/star/valid_count \
            --gtf /home/chu25/data/GTF/gencode.v36.annotation.gtf \
            --out-prefix /home/chu25/data/mpn/GSE228758/results/aggregated/final \
            >> "/home/chu25/data/mpn/GSE228758/results/aggregated/logs/aggregate_counts.log" 2>&1
        
        (command exited with non-zero exit code)
[Tue Dec  9 21:45:16 2025]
Error in rule aggregate_project_counts:
    message: None
    jobid: 174
    output: /home/chu25/data/pri_bl/GSE199413/results/aggregated/final_count_matrix.parquet, /home/chu25/data/pri_bl/GSE199413/results/aggregated/final_count_matrix_hgnc.parquet, /home/chu25/data/pri_bl/GSE199413/results/aggregated/sample_metadata.csv, /home/chu25/data/pri_bl/GSE199413/results/aggregated/gene_annotation.csv, /home/chu25/data/pri_bl/GSE199413/results/aggregated/ensembl_to_hgnc.tsv, /home/chu25/data/pri_bl/GSE199413/results/aggregated/gene_list_ensembl.txt, /home/chu25/data/pri_bl/GSE199413/results/aggregated/gene_list_hgnc.txt
    log: /home/chu25/data/pri_bl/GSE199413/results/aggregated/logs/aggregate_counts.log (check log file(s) for error details)
    conda-env: /home/chu25/TCGA/hema_pipeline/hema_pipeline/.snakemake/conda/0035f975891d59c7eba5b3265ec237b6_
    shell:
        
        set -euo pipefail
        mkdir -p "$(dirname "/home/chu25/data/pri_bl/GSE199413/results/aggregated/final_count_matrix.parquet")" "$(dirname "/home/chu25/data/pri_bl/GSE199413/results/aggregated/logs/aggregate_counts.log")"

        echo "[INFO] Aggregating STAR counts from /home/chu25/data/pri_bl/GSE199413/results/star/valid_count" > "/home/chu25/data/pri_bl/GSE199413/results/aggregated/logs/aggregate_counts.log"

        python3 scripts/hema_cohort_aggregator.py \
            --counts-dirs /home/chu25/data/pri_bl/GSE199413/results/star/valid_count \
            --gtf /home/chu25/data/GTF/gencode.v36.annotation.gtf \
            --out-prefix /home/chu25/data/pri_bl/GSE199413/results/aggregated/final \
            >> "/home/chu25/data/pri_bl/GSE199413/results/aggregated/logs/aggregate_counts.log" 2>&1
        
        (command exited with non-zero exit code)
[Tue Dec  9 21:45:16 2025]
Error in rule aggregate_project_counts:
    message: None
    jobid: 172
    output: /home/chu25/data/cll/GSE237907/results/aggregated/final_count_matrix.parquet, /home/chu25/data/cll/GSE237907/results/aggregated/final_count_matrix_hgnc.parquet, /home/chu25/data/cll/GSE237907/results/aggregated/sample_metadata.csv, /home/chu25/data/cll/GSE237907/results/aggregated/gene_annotation.csv, /home/chu25/data/cll/GSE237907/results/aggregated/ensembl_to_hgnc.tsv, /home/chu25/data/cll/GSE237907/results/aggregated/gene_list_ensembl.txt, /home/chu25/data/cll/GSE237907/results/aggregated/gene_list_hgnc.txt
    log: /home/chu25/data/cll/GSE237907/results/aggregated/logs/aggregate_counts.log (check log file(s) for error details)
    conda-env: /home/chu25/TCGA/hema_pipeline/hema_pipeline/.snakemake/conda/0035f975891d59c7eba5b3265ec237b6_
    shell:
        
        set -euo pipefail
        mkdir -p "$(dirname "/home/chu25/data/cll/GSE237907/results/aggregated/final_count_matrix.parquet")" "$(dirname "/home/chu25/data/cll/GSE237907/results/aggregated/logs/aggregate_counts.log")"

        echo "[INFO] Aggregating STAR counts from /home/chu25/data/cll/GSE237907/results/star/valid_count" > "/home/chu25/data/cll/GSE237907/results/aggregated/logs/aggregate_counts.log"

        python3 scripts/hema_cohort_aggregator.py \
            --counts-dirs /home/chu25/data/cll/GSE237907/results/star/valid_count \
            --gtf /home/chu25/data/GTF/gencode.v36.annotation.gtf \
            --out-prefix /home/chu25/data/cll/GSE237907/results/aggregated/final \
            >> "/home/chu25/data/cll/GSE237907/results/aggregated/logs/aggregate_counts.log" 2>&1
        
        (command exited with non-zero exit code)
Complete log(s): /home/chu25/TCGA/hema_pipeline/hema_pipeline/.snakemake/log/2025-12-09T212437.563515.snakemake.log
WorkflowError:
At least one job did not complete successfully.
