Running from directory: /home/chu25/TCGA/hema_pipeline/hema_pipeline
SLURM_CPUS_PER_TASK = 8
Unlocking Snakemake working directory (if locked)...
[SUCCESS] cll/GSE237907: Found 10 real paired-end samples
[SUCCESS] pri_bl/GSE199413: Found 8 real paired-end samples
[SUCCESS] mpn/GSE228758: Found 6 real paired-end samples

[FINAL] TOTAL PAIRED-END SAMPLES: 24
[SUMMARY] cll/GSE237907: 10 paired-end samples
[SUMMARY] pri_bl/GSE199413: 8 paired-end samples
[SUMMARY] mpn/GSE228758: 6 paired-end samples
  → cll/GSE237907/SRR25381845
  → cll/GSE237907/SRR25381846
  → cll/GSE237907/SRR25381847
  → cll/GSE237907/SRR25381848
  → cll/GSE237907/SRR25381849
  → cll/GSE237907/SRR25381850
  → cll/GSE237907/SRR25381851
  → cll/GSE237907/SRR25381852
  → cll/GSE237907/SRR25381853
  → cll/GSE237907/SRR25381854
  ... and 14 more
Starting Snakemake pipeline...
[SUCCESS] cll/GSE237907: Found 10 real paired-end samples
[SUCCESS] pri_bl/GSE199413: Found 8 real paired-end samples
[SUCCESS] mpn/GSE228758: Found 6 real paired-end samples

[FINAL] TOTAL PAIRED-END SAMPLES: 24
[SUMMARY] cll/GSE237907: 10 paired-end samples
[SUMMARY] pri_bl/GSE199413: 8 paired-end samples
[SUMMARY] mpn/GSE228758: 6 paired-end samples
  → cll/GSE237907/SRR25381845
  → cll/GSE237907/SRR25381846
  → cll/GSE237907/SRR25381847
  → cll/GSE237907/SRR25381848
  → cll/GSE237907/SRR25381849
  → cll/GSE237907/SRR25381850
  → cll/GSE237907/SRR25381851
  → cll/GSE237907/SRR25381852
  → cll/GSE237907/SRR25381853
  → cll/GSE237907/SRR25381854
  ... and 14 more
