                                 Started job on |	Apr 10 03:18:18
                             Started mapping on |	Apr 10 03:18:26
                                    Finished on |	Apr 10 03:22:26
       Mapping speed, Million of reads per hour |	425.86

                          Number of input reads |	28390434
                      Average input read length |	202
                                    UNIQUE READS:
                   Uniquely mapped reads number |	24755708
                        Uniquely mapped reads % |	87.20%
                          Average mapped length |	200.50
                       Number of splices: Total |	3860035
            Number of splices: Annotated (sjdb) |	3713358
                       Number of splices: GT/AG |	3803021
                       Number of splices: GC/AG |	29942
                       Number of splices: AT/AC |	3982
               Number of splices: Non-canonical |	23090
                      Mismatch rate per base, % |	0.26%
                         Deletion rate per base |	0.02%
                        Deletion average length |	1.37
                        Insertion rate per base |	0.01%
                       Insertion average length |	1.54
                             MULTI-MAPPING READS:
        Number of reads mapped to multiple loci |	2001852
             % of reads mapped to multiple loci |	7.05%
        Number of reads mapped to too many loci |	69851
             % of reads mapped to too many loci |	0.25%
                                  UNMAPPED READS:
  Number of reads unmapped: too many mismatches |	0
       % of reads unmapped: too many mismatches |	0.00%
            Number of reads unmapped: too short |	1516012
                 % of reads unmapped: too short |	5.34%
                Number of reads unmapped: other |	47011
                     % of reads unmapped: other |	0.17%
                                  CHIMERIC READS:
                       Number of chimeric reads |	0
                            % of chimeric reads |	0.00%
