                                 Started job on |	Apr 10 07:48:00
                             Started mapping on |	Apr 10 07:48:08
                                    Finished on |	Apr 10 08:17:21
       Mapping speed, Million of reads per hour |	89.03

                          Number of input reads |	43355002
                      Average input read length |	295
                                    UNIQUE READS:
                   Uniquely mapped reads number |	36136118
                        Uniquely mapped reads % |	83.35%
                          Average mapped length |	291.64
                       Number of splices: Total |	46561906
            Number of splices: Annotated (sjdb) |	45764772
                       Number of splices: GT/AG |	46135617
                       Number of splices: GC/AG |	294477
                       Number of splices: AT/AC |	35754
               Number of splices: Non-canonical |	96058
                      Mismatch rate per base, % |	0.89%
                         Deletion rate per base |	0.00%
                        Deletion average length |	1.81
                        Insertion rate per base |	0.00%
                       Insertion average length |	1.57
                             MULTI-MAPPING READS:
        Number of reads mapped to multiple loci |	3899861
             % of reads mapped to multiple loci |	9.00%
        Number of reads mapped to too many loci |	87181
             % of reads mapped to too many loci |	0.20%
                                  UNMAPPED READS:
  Number of reads unmapped: too many mismatches |	0
       % of reads unmapped: too many mismatches |	0.00%
            Number of reads unmapped: too short |	3119297
                 % of reads unmapped: too short |	7.19%
                Number of reads unmapped: other |	112545
                     % of reads unmapped: other |	0.26%
                                  CHIMERIC READS:
                       Number of chimeric reads |	0
                            % of chimeric reads |	0.00%
