                                 Started job on |	Mar 28 14:40:03
                             Started mapping on |	Mar 28 14:40:15
                                    Finished on |	Mar 28 14:46:17
       Mapping speed, Million of reads per hour |	416.94

                          Number of input reads |	41925247
                      Average input read length |	202
                                    UNIQUE READS:
                   Uniquely mapped reads number |	35891673
                        Uniquely mapped reads % |	85.61%
                          Average mapped length |	200.48
                       Number of splices: Total |	6804278
            Number of splices: Annotated (sjdb) |	6598853
                       Number of splices: GT/AG |	6717340
                       Number of splices: GC/AG |	53207
                       Number of splices: AT/AC |	6660
               Number of splices: Non-canonical |	27071
                      Mismatch rate per base, % |	0.25%
                         Deletion rate per base |	0.02%
                        Deletion average length |	1.32
                        Insertion rate per base |	0.01%
                       Insertion average length |	1.53
                             MULTI-MAPPING READS:
        Number of reads mapped to multiple loci |	2391889
             % of reads mapped to multiple loci |	5.71%
        Number of reads mapped to too many loci |	79973
             % of reads mapped to too many loci |	0.19%
                                  UNMAPPED READS:
  Number of reads unmapped: too many mismatches |	0
       % of reads unmapped: too many mismatches |	0.00%
            Number of reads unmapped: too short |	3504939
                 % of reads unmapped: too short |	8.36%
                Number of reads unmapped: other |	56773
                     % of reads unmapped: other |	0.14%
                                  CHIMERIC READS:
                       Number of chimeric reads |	0
                            % of chimeric reads |	0.00%
