                                 Started job on |	Apr 10 03:28:52
                             Started mapping on |	Apr 10 03:29:01
                                    Finished on |	Apr 10 03:33:52
       Mapping speed, Million of reads per hour |	448.82

                          Number of input reads |	36279233
                      Average input read length |	202
                                    UNIQUE READS:
                   Uniquely mapped reads number |	30366431
                        Uniquely mapped reads % |	83.70%
                          Average mapped length |	200.60
                       Number of splices: Total |	7498428
            Number of splices: Annotated (sjdb) |	7271510
                       Number of splices: GT/AG |	7375531
                       Number of splices: GC/AG |	54625
                       Number of splices: AT/AC |	8620
               Number of splices: Non-canonical |	59652
                      Mismatch rate per base, % |	0.32%
                         Deletion rate per base |	0.03%
                        Deletion average length |	1.21
                        Insertion rate per base |	0.01%
                       Insertion average length |	1.52
                             MULTI-MAPPING READS:
        Number of reads mapped to multiple loci |	4089583
             % of reads mapped to multiple loci |	11.27%
        Number of reads mapped to too many loci |	79984
             % of reads mapped to too many loci |	0.22%
                                  UNMAPPED READS:
  Number of reads unmapped: too many mismatches |	0
       % of reads unmapped: too many mismatches |	0.00%
            Number of reads unmapped: too short |	1706236
                 % of reads unmapped: too short |	4.70%
                Number of reads unmapped: other |	36999
                     % of reads unmapped: other |	0.10%
                                  CHIMERIC READS:
                       Number of chimeric reads |	0
                            % of chimeric reads |	0.00%
