== Sun Mar 22 13:22:07 UTC 2026 :: START ==
Host: hcc05
[INFO] ROOT=/work/ugbogu/pipeline/data/nbl
[INFO] DATASET=GSE100148
[INFO] BASE=/work/ugbogu/pipeline/data/nbl/GSE100148
[INFO] LIST=/work/ugbogu/pipeline/data/nbl/GSE100148/all_primary_tumour_pe.txt
[INFO] SRA_DIR=/work/ugbogu/pipeline/data/nbl/GSE100148/sra
[INFO] FASTQ_DIR=/work/ugbogu/pipeline/data/nbl/GSE100148/fastq
[INFO] LOG_DIR=/work/ugbogu/pipeline/data/nbl/GSE100148/logs
[INFO] TMPDIR=/work/ugbogu/pipeline/data/nbl/GSE100148/tmp/86403
[INFO] THREADS=8
[INFO] TOTAL SRRs TO PROCESS: 15
[SEQ] (1/15) SRR7828575
---- Sun Mar 22 13:22:08 UTC 2026 :: START SRR7828575 ----
[prefetch] downloading SRR7828575 -> /work/ugbogu/pipeline/data/nbl/GSE100148/sra
2026-03-22T13:22:08 prefetch.3.2.1: 1) Resolving 'SRR7828575'...
2026-03-22T13:22:14 prefetch.3.2.1: Current preference is set to retrieve SRA Normalized Format files with full base quality scores
2026-03-22T13:22:15 prefetch.3.2.1: 1) Downloading 'SRR7828575'...
2026-03-22T13:22:15 prefetch.3.2.1:  SRA Normalized Format file is being retrieved
2026-03-22T13:22:15 prefetch.3.2.1:  Downloading via HTTPS...
2026-03-22T13:23:20 prefetch.3.2.1:  HTTPS download succeed
2026-03-22T13:23:23 prefetch.3.2.1:  'SRR7828575' is valid: 1994205170 bytes were streamed from 1994197559
2026-03-22T13:23:23 prefetch.3.2.1: 1) 'SRR7828575' was downloaded successfully
[fasterq-dump] SRC=/work/ugbogu/pipeline/data/nbl/GSE100148/sra/SRR7828575
[fasterq-dump] threads=8
[fasterq-dump] tmp=/work/ugbogu/pipeline/data/nbl/GSE100148/tmp/86403
[fasterq-dump] outdir=/work/ugbogu/pipeline/data/nbl/GSE100148/fastq
[pigz] compressing SRR7828575_1.fastq and SRR7828575_2.fastq
---- Sun Mar 22 13:26:06 UTC 2026 :: DONE SRR7828575 ----
[SEQ] (2/15) SRR7828576
---- Sun Mar 22 13:26:06 UTC 2026 :: START SRR7828576 ----
[prefetch] downloading SRR7828576 -> /work/ugbogu/pipeline/data/nbl/GSE100148/sra
2026-03-22T13:26:06 prefetch.3.2.1: 1) Resolving 'SRR7828576'...
2026-03-22T13:26:09 prefetch.3.2.1: Current preference is set to retrieve SRA Normalized Format files with full base quality scores
2026-03-22T13:26:09 prefetch.3.2.1: 1) Downloading 'SRR7828576'...
2026-03-22T13:26:09 prefetch.3.2.1:  SRA Normalized Format file is being retrieved
2026-03-22T13:26:09 prefetch.3.2.1:  Downloading via HTTPS...
2026-03-22T13:27:11 prefetch.3.2.1:  HTTPS download succeed
2026-03-22T13:27:14 prefetch.3.2.1:  'SRR7828576' is valid: 1924076953 bytes were streamed from 1924067895
2026-03-22T13:27:14 prefetch.3.2.1: 1) 'SRR7828576' was downloaded successfully
[fasterq-dump] SRC=/work/ugbogu/pipeline/data/nbl/GSE100148/sra/SRR7828576
[fasterq-dump] threads=8
[fasterq-dump] tmp=/work/ugbogu/pipeline/data/nbl/GSE100148/tmp/86403
[fasterq-dump] outdir=/work/ugbogu/pipeline/data/nbl/GSE100148/fastq
[pigz] compressing SRR7828576_1.fastq and SRR7828576_2.fastq
---- Sun Mar 22 13:29:55 UTC 2026 :: DONE SRR7828576 ----
[SEQ] (3/15) SRR7828570
---- Sun Mar 22 13:29:55 UTC 2026 :: START SRR7828570 ----
[prefetch] downloading SRR7828570 -> /work/ugbogu/pipeline/data/nbl/GSE100148/sra
2026-03-22T13:29:55 prefetch.3.2.1: 1) Resolving 'SRR7828570'...
2026-03-22T13:29:59 prefetch.3.2.1: Current preference is set to retrieve SRA Normalized Format files with full base quality scores
2026-03-22T13:30:00 prefetch.3.2.1: 1) Downloading 'SRR7828570'...
2026-03-22T13:30:00 prefetch.3.2.1:  SRA Normalized Format file is being retrieved
2026-03-22T13:30:00 prefetch.3.2.1:  Downloading via HTTPS...
2026-03-22T13:30:58 prefetch.3.2.1:  HTTPS download succeed
2026-03-22T13:31:00 prefetch.3.2.1:  'SRR7828570' is valid: 1780123940 bytes were streamed from 1780116545
2026-03-22T13:31:00 prefetch.3.2.1: 1) 'SRR7828570' was downloaded successfully
[fasterq-dump] SRC=/work/ugbogu/pipeline/data/nbl/GSE100148/sra/SRR7828570
[fasterq-dump] threads=8
[fasterq-dump] tmp=/work/ugbogu/pipeline/data/nbl/GSE100148/tmp/86403
[fasterq-dump] outdir=/work/ugbogu/pipeline/data/nbl/GSE100148/fastq
[pigz] compressing SRR7828570_1.fastq and SRR7828570_2.fastq
---- Sun Mar 22 13:33:34 UTC 2026 :: DONE SRR7828570 ----
[SEQ] (4/15) SRR7828571
---- Sun Mar 22 13:33:34 UTC 2026 :: START SRR7828571 ----
[prefetch] downloading SRR7828571 -> /work/ugbogu/pipeline/data/nbl/GSE100148/sra
2026-03-22T13:33:34 prefetch.3.2.1: 1) Resolving 'SRR7828571'...
2026-03-22T13:33:36 prefetch.3.2.1: Current preference is set to retrieve SRA Normalized Format files with full base quality scores
2026-03-22T13:33:37 prefetch.3.2.1: 1) Downloading 'SRR7828571'...
2026-03-22T13:33:37 prefetch.3.2.1:  SRA Normalized Format file is being retrieved
2026-03-22T13:33:37 prefetch.3.2.1:  Downloading via HTTPS...
2026-03-22T13:34:28 prefetch.3.2.1:  HTTPS download succeed
2026-03-22T13:34:30 prefetch.3.2.1:  'SRR7828571' is valid: 1547506233 bytes were streamed from 1547493923
2026-03-22T13:34:30 prefetch.3.2.1: 1) 'SRR7828571' was downloaded successfully
[fasterq-dump] SRC=/work/ugbogu/pipeline/data/nbl/GSE100148/sra/SRR7828571
[fasterq-dump] threads=8
[fasterq-dump] tmp=/work/ugbogu/pipeline/data/nbl/GSE100148/tmp/86403
[fasterq-dump] outdir=/work/ugbogu/pipeline/data/nbl/GSE100148/fastq
[pigz] compressing SRR7828571_1.fastq and SRR7828571_2.fastq
---- Sun Mar 22 13:36:48 UTC 2026 :: DONE SRR7828571 ----
[SEQ] (5/15) SRR7828572
---- Sun Mar 22 13:36:48 UTC 2026 :: START SRR7828572 ----
[prefetch] downloading SRR7828572 -> /work/ugbogu/pipeline/data/nbl/GSE100148/sra
2026-03-22T13:36:48 prefetch.3.2.1: 1) Resolving 'SRR7828572'...
2026-03-22T13:36:50 prefetch.3.2.1: Current preference is set to retrieve SRA Normalized Format files with full base quality scores
2026-03-22T13:36:51 prefetch.3.2.1: 1) Downloading 'SRR7828572'...
2026-03-22T13:36:51 prefetch.3.2.1:  SRA Normalized Format file is being retrieved
2026-03-22T13:36:51 prefetch.3.2.1:  Downloading via HTTPS...
2026-03-22T13:37:44 prefetch.3.2.1:  HTTPS download succeed
2026-03-22T13:37:46 prefetch.3.2.1:  'SRR7828572' is valid: 1579767071 bytes were streamed from 1579760171
2026-03-22T13:37:46 prefetch.3.2.1: 1) 'SRR7828572' was downloaded successfully
[fasterq-dump] SRC=/work/ugbogu/pipeline/data/nbl/GSE100148/sra/SRR7828572
[fasterq-dump] threads=8
[fasterq-dump] tmp=/work/ugbogu/pipeline/data/nbl/GSE100148/tmp/86403
[fasterq-dump] outdir=/work/ugbogu/pipeline/data/nbl/GSE100148/fastq
[pigz] compressing SRR7828572_1.fastq and SRR7828572_2.fastq
---- Sun Mar 22 13:40:02 UTC 2026 :: DONE SRR7828572 ----
[SEQ] (6/15) SRR7828573
---- Sun Mar 22 13:40:02 UTC 2026 :: START SRR7828573 ----
[prefetch] downloading SRR7828573 -> /work/ugbogu/pipeline/data/nbl/GSE100148/sra
2026-03-22T13:40:02 prefetch.3.2.1: 1) Resolving 'SRR7828573'...
2026-03-22T13:40:04 prefetch.3.2.1: Current preference is set to retrieve SRA Normalized Format files with full base quality scores
2026-03-22T13:40:05 prefetch.3.2.1: 1) Downloading 'SRR7828573'...
2026-03-22T13:40:05 prefetch.3.2.1:  SRA Normalized Format file is being retrieved
2026-03-22T13:40:05 prefetch.3.2.1:  Downloading via HTTPS...
2026-03-22T13:41:15 prefetch.3.2.1:  HTTPS download succeed
2026-03-22T13:41:18 prefetch.3.2.1:  'SRR7828573' is valid: 2097909102 bytes were streamed from 2097904321
2026-03-22T13:41:18 prefetch.3.2.1: 1) 'SRR7828573' was downloaded successfully
[fasterq-dump] SRC=/work/ugbogu/pipeline/data/nbl/GSE100148/sra/SRR7828573
[fasterq-dump] threads=8
[fasterq-dump] tmp=/work/ugbogu/pipeline/data/nbl/GSE100148/tmp/86403
[fasterq-dump] outdir=/work/ugbogu/pipeline/data/nbl/GSE100148/fastq
[pigz] compressing SRR7828573_1.fastq and SRR7828573_2.fastq
---- Sun Mar 22 13:44:22 UTC 2026 :: DONE SRR7828573 ----
[SEQ] (7/15) SRR7828574
---- Sun Mar 22 13:44:22 UTC 2026 :: START SRR7828574 ----
[prefetch] downloading SRR7828574 -> /work/ugbogu/pipeline/data/nbl/GSE100148/sra
2026-03-22T13:44:22 prefetch.3.2.1: 1) Resolving 'SRR7828574'...
2026-03-22T13:44:25 prefetch.3.2.1: Current preference is set to retrieve SRA Normalized Format files with full base quality scores
2026-03-22T13:44:25 prefetch.3.2.1: 1) Downloading 'SRR7828574'...
2026-03-22T13:44:25 prefetch.3.2.1:  SRA Normalized Format file is being retrieved
2026-03-22T13:44:25 prefetch.3.2.1:  Downloading via HTTPS...
2026-03-22T13:45:56 prefetch.3.2.1:  HTTPS download succeed
2026-03-22T13:45:59 prefetch.3.2.1:  'SRR7828574' is valid: 1724763788 bytes were streamed from 1724749367
2026-03-22T13:45:59 prefetch.3.2.1: 1) 'SRR7828574' was downloaded successfully
[fasterq-dump] SRC=/work/ugbogu/pipeline/data/nbl/GSE100148/sra/SRR7828574
[fasterq-dump] threads=8
[fasterq-dump] tmp=/work/ugbogu/pipeline/data/nbl/GSE100148/tmp/86403
[fasterq-dump] outdir=/work/ugbogu/pipeline/data/nbl/GSE100148/fastq
[pigz] compressing SRR7828574_1.fastq and SRR7828574_2.fastq
---- Sun Mar 22 13:48:32 UTC 2026 :: DONE SRR7828574 ----
[SEQ] (8/15) SRR7828565
---- Sun Mar 22 13:48:32 UTC 2026 :: START SRR7828565 ----
[prefetch] downloading SRR7828565 -> /work/ugbogu/pipeline/data/nbl/GSE100148/sra
2026-03-22T13:48:32 prefetch.3.2.1: 1) Resolving 'SRR7828565'...
2026-03-22T13:48:35 prefetch.3.2.1: Current preference is set to retrieve SRA Normalized Format files with full base quality scores
2026-03-22T13:48:35 prefetch.3.2.1: 1) Downloading 'SRR7828565'...
2026-03-22T13:48:35 prefetch.3.2.1:  SRA Normalized Format file is being retrieved
2026-03-22T13:48:35 prefetch.3.2.1:  Downloading via HTTPS...
2026-03-22T13:49:31 prefetch.3.2.1:  HTTPS download succeed
2026-03-22T13:49:33 prefetch.3.2.1:  'SRR7828565' is valid: 1543308217 bytes were streamed from 1543305783
2026-03-22T13:49:33 prefetch.3.2.1: 1) 'SRR7828565' was downloaded successfully
[fasterq-dump] SRC=/work/ugbogu/pipeline/data/nbl/GSE100148/sra/SRR7828565
[fasterq-dump] threads=8
[fasterq-dump] tmp=/work/ugbogu/pipeline/data/nbl/GSE100148/tmp/86403
[fasterq-dump] outdir=/work/ugbogu/pipeline/data/nbl/GSE100148/fastq
[pigz] compressing SRR7828565_1.fastq and SRR7828565_2.fastq
---- Sun Mar 22 13:51:54 UTC 2026 :: DONE SRR7828565 ----
[SEQ] (9/15) SRR7828566
---- Sun Mar 22 13:51:54 UTC 2026 :: START SRR7828566 ----
[prefetch] downloading SRR7828566 -> /work/ugbogu/pipeline/data/nbl/GSE100148/sra
2026-03-22T13:51:54 prefetch.3.2.1: 1) Resolving 'SRR7828566'...
2026-03-22T13:51:56 prefetch.3.2.1: Current preference is set to retrieve SRA Normalized Format files with full base quality scores
2026-03-22T13:51:56 prefetch.3.2.1: 1) Downloading 'SRR7828566'...
2026-03-22T13:51:56 prefetch.3.2.1:  SRA Normalized Format file is being retrieved
2026-03-22T13:51:56 prefetch.3.2.1:  Downloading via HTTPS...
2026-03-22T13:53:23 prefetch.3.2.1:  HTTPS download succeed
2026-03-22T13:53:26 prefetch.3.2.1:  'SRR7828566' is valid: 2101446945 bytes were streamed from 2101446199
2026-03-22T13:53:26 prefetch.3.2.1: 1) 'SRR7828566' was downloaded successfully
[fasterq-dump] SRC=/work/ugbogu/pipeline/data/nbl/GSE100148/sra/SRR7828566
[fasterq-dump] threads=8
[fasterq-dump] tmp=/work/ugbogu/pipeline/data/nbl/GSE100148/tmp/86403
[fasterq-dump] outdir=/work/ugbogu/pipeline/data/nbl/GSE100148/fastq
[pigz] compressing SRR7828566_1.fastq and SRR7828566_2.fastq
---- Sun Mar 22 13:56:21 UTC 2026 :: DONE SRR7828566 ----
[SEQ] (10/15) SRR7828567
---- Sun Mar 22 13:56:21 UTC 2026 :: START SRR7828567 ----
[prefetch] downloading SRR7828567 -> /work/ugbogu/pipeline/data/nbl/GSE100148/sra
2026-03-22T13:56:21 prefetch.3.2.1: 1) Resolving 'SRR7828567'...
2026-03-22T13:56:27 prefetch.3.2.1: Current preference is set to retrieve SRA Normalized Format files with full base quality scores
2026-03-22T13:56:28 prefetch.3.2.1: 1) Downloading 'SRR7828567'...
2026-03-22T13:56:28 prefetch.3.2.1:  SRA Normalized Format file is being retrieved
2026-03-22T13:56:28 prefetch.3.2.1:  Downloading via HTTPS...
2026-03-22T13:57:25 prefetch.3.2.1:  HTTPS download succeed
2026-03-22T13:57:28 prefetch.3.2.1:  'SRR7828567' is valid: 1738273573 bytes were streamed from 1738264119
2026-03-22T13:57:28 prefetch.3.2.1: 1) 'SRR7828567' was downloaded successfully
[fasterq-dump] SRC=/work/ugbogu/pipeline/data/nbl/GSE100148/sra/SRR7828567
[fasterq-dump] threads=8
[fasterq-dump] tmp=/work/ugbogu/pipeline/data/nbl/GSE100148/tmp/86403
[fasterq-dump] outdir=/work/ugbogu/pipeline/data/nbl/GSE100148/fastq
[pigz] compressing SRR7828567_1.fastq and SRR7828567_2.fastq
---- Sun Mar 22 13:59:58 UTC 2026 :: DONE SRR7828567 ----
[SEQ] (11/15) SRR7828568
---- Sun Mar 22 13:59:58 UTC 2026 :: START SRR7828568 ----
[prefetch] downloading SRR7828568 -> /work/ugbogu/pipeline/data/nbl/GSE100148/sra
2026-03-22T13:59:58 prefetch.3.2.1: 1) Resolving 'SRR7828568'...
2026-03-22T14:00:01 prefetch.3.2.1: Current preference is set to retrieve SRA Normalized Format files with full base quality scores
2026-03-22T14:00:01 prefetch.3.2.1: 1) Downloading 'SRR7828568'...
2026-03-22T14:00:01 prefetch.3.2.1:  SRA Normalized Format file is being retrieved
2026-03-22T14:00:01 prefetch.3.2.1:  Downloading via HTTPS...
2026-03-22T14:00:57 prefetch.3.2.1:  HTTPS download succeed
2026-03-22T14:01:00 prefetch.3.2.1:  'SRR7828568' is valid: 1727518250 bytes were streamed from 1727510633
2026-03-22T14:01:00 prefetch.3.2.1: 1) 'SRR7828568' was downloaded successfully
[fasterq-dump] SRC=/work/ugbogu/pipeline/data/nbl/GSE100148/sra/SRR7828568
[fasterq-dump] threads=8
[fasterq-dump] tmp=/work/ugbogu/pipeline/data/nbl/GSE100148/tmp/86403
[fasterq-dump] outdir=/work/ugbogu/pipeline/data/nbl/GSE100148/fastq
[pigz] compressing SRR7828568_1.fastq and SRR7828568_2.fastq
---- Sun Mar 22 14:03:35 UTC 2026 :: DONE SRR7828568 ----
[SEQ] (12/15) SRR7828569
---- Sun Mar 22 14:03:35 UTC 2026 :: START SRR7828569 ----
[prefetch] downloading SRR7828569 -> /work/ugbogu/pipeline/data/nbl/GSE100148/sra
2026-03-22T14:03:35 prefetch.3.2.1: 1) Resolving 'SRR7828569'...
2026-03-22T14:03:39 prefetch.3.2.1: Current preference is set to retrieve SRA Normalized Format files with full base quality scores
2026-03-22T14:03:39 prefetch.3.2.1: 1) Downloading 'SRR7828569'...
2026-03-22T14:03:39 prefetch.3.2.1:  SRA Normalized Format file is being retrieved
2026-03-22T14:03:39 prefetch.3.2.1:  Downloading via HTTPS...
2026-03-22T14:04:39 prefetch.3.2.1:  HTTPS download succeed
2026-03-22T14:04:42 prefetch.3.2.1:  'SRR7828569' is valid: 1819592818 bytes were streamed from 1819591191
2026-03-22T14:04:42 prefetch.3.2.1: 1) 'SRR7828569' was downloaded successfully
[fasterq-dump] SRC=/work/ugbogu/pipeline/data/nbl/GSE100148/sra/SRR7828569
[fasterq-dump] threads=8
[fasterq-dump] tmp=/work/ugbogu/pipeline/data/nbl/GSE100148/tmp/86403
[fasterq-dump] outdir=/work/ugbogu/pipeline/data/nbl/GSE100148/fastq
[pigz] compressing SRR7828569_1.fastq and SRR7828569_2.fastq
---- Sun Mar 22 14:07:11 UTC 2026 :: DONE SRR7828569 ----
[SEQ] (13/15) SRR7828562
---- Sun Mar 22 14:07:11 UTC 2026 :: START SRR7828562 ----
[prefetch] downloading SRR7828562 -> /work/ugbogu/pipeline/data/nbl/GSE100148/sra
2026-03-22T14:07:11 prefetch.3.2.1: 1) Resolving 'SRR7828562'...
2026-03-22T14:07:13 prefetch.3.2.1: Current preference is set to retrieve SRA Normalized Format files with full base quality scores
2026-03-22T14:07:14 prefetch.3.2.1: 1) Downloading 'SRR7828562'...
2026-03-22T14:07:14 prefetch.3.2.1:  SRA Normalized Format file is being retrieved
2026-03-22T14:07:14 prefetch.3.2.1:  Downloading via HTTPS...
2026-03-22T14:08:20 prefetch.3.2.1:  HTTPS download succeed
2026-03-22T14:08:23 prefetch.3.2.1:  'SRR7828562' is valid: 2047665335 bytes were streamed from 2047658137
2026-03-22T14:08:23 prefetch.3.2.1: 1) 'SRR7828562' was downloaded successfully
[fasterq-dump] SRC=/work/ugbogu/pipeline/data/nbl/GSE100148/sra/SRR7828562
[fasterq-dump] threads=8
[fasterq-dump] tmp=/work/ugbogu/pipeline/data/nbl/GSE100148/tmp/86403
[fasterq-dump] outdir=/work/ugbogu/pipeline/data/nbl/GSE100148/fastq
[pigz] compressing SRR7828562_1.fastq and SRR7828562_2.fastq
---- Sun Mar 22 14:11:19 UTC 2026 :: DONE SRR7828562 ----
[SEQ] (14/15) SRR7828563
---- Sun Mar 22 14:11:19 UTC 2026 :: START SRR7828563 ----
[prefetch] downloading SRR7828563 -> /work/ugbogu/pipeline/data/nbl/GSE100148/sra
2026-03-22T14:11:19 prefetch.3.2.1: 1) Resolving 'SRR7828563'...
2026-03-22T14:11:21 prefetch.3.2.1: Current preference is set to retrieve SRA Normalized Format files with full base quality scores
2026-03-22T14:11:22 prefetch.3.2.1: 1) Downloading 'SRR7828563'...
2026-03-22T14:11:22 prefetch.3.2.1:  SRA Normalized Format file is being retrieved
2026-03-22T14:11:22 prefetch.3.2.1:  Downloading via HTTPS...
2026-03-22T14:12:50 prefetch.3.2.1:  HTTPS download succeed
2026-03-22T14:12:53 prefetch.3.2.1:  'SRR7828563' is valid: 1641726175 bytes were streamed from 1641723369
2026-03-22T14:12:53 prefetch.3.2.1: 1) 'SRR7828563' was downloaded successfully
[fasterq-dump] SRC=/work/ugbogu/pipeline/data/nbl/GSE100148/sra/SRR7828563
[fasterq-dump] threads=8
[fasterq-dump] tmp=/work/ugbogu/pipeline/data/nbl/GSE100148/tmp/86403
[fasterq-dump] outdir=/work/ugbogu/pipeline/data/nbl/GSE100148/fastq
[pigz] compressing SRR7828563_1.fastq and SRR7828563_2.fastq
---- Sun Mar 22 14:15:17 UTC 2026 :: DONE SRR7828563 ----
[SEQ] (15/15) SRR7828564
---- Sun Mar 22 14:15:17 UTC 2026 :: START SRR7828564 ----
[prefetch] downloading SRR7828564 -> /work/ugbogu/pipeline/data/nbl/GSE100148/sra
2026-03-22T14:15:17 prefetch.3.2.1: 1) Resolving 'SRR7828564'...
2026-03-22T14:15:19 prefetch.3.2.1: Current preference is set to retrieve SRA Normalized Format files with full base quality scores
2026-03-22T14:15:20 prefetch.3.2.1: 1) Downloading 'SRR7828564'...
2026-03-22T14:15:20 prefetch.3.2.1:  SRA Normalized Format file is being retrieved
2026-03-22T14:15:20 prefetch.3.2.1:  Downloading via HTTPS...
2026-03-22T14:16:24 prefetch.3.2.1:  HTTPS download succeed
2026-03-22T14:16:27 prefetch.3.2.1:  'SRR7828564' is valid: 1966156703 bytes were streamed from 1966148641
2026-03-22T14:16:27 prefetch.3.2.1: 1) 'SRR7828564' was downloaded successfully
[fasterq-dump] SRC=/work/ugbogu/pipeline/data/nbl/GSE100148/sra/SRR7828564
[fasterq-dump] threads=8
[fasterq-dump] tmp=/work/ugbogu/pipeline/data/nbl/GSE100148/tmp/86403
[fasterq-dump] outdir=/work/ugbogu/pipeline/data/nbl/GSE100148/fastq
[pigz] compressing SRR7828564_1.fastq and SRR7828564_2.fastq
---- Sun Mar 22 14:19:16 UTC 2026 :: DONE SRR7828564 ----
== Sun Mar 22 14:19:16 UTC 2026 :: ALL DONE ==
