spots read      : 30,153,986
reads read      : 60,307,972
reads written   : 60,307,972
spots read      : 24,727,528
reads read      : 49,455,056
reads written   : 49,455,056
spots read      : 31,973,838
reads read      : 63,947,676
reads written   : 63,947,676
spots read      : 22,779,278
reads read      : 45,558,556
reads written   : 45,558,556
spots read      : 37,258,033
reads read      : 74,516,066
reads written   : 74,516,066
spots read      : 31,503,420
reads read      : 63,006,840
reads written   : 63,006,840
spots read      : 28,390,434
reads read      : 56,780,868
reads written   : 56,780,868
spots read      : 36,279,233
reads read      : 72,558,466
reads written   : 72,558,466
spots read      : 35,969,104
reads read      : 71,938,208
reads written   : 71,938,208
spots read      : 33,501,788
reads read      : 67,003,576
reads written   : 67,003,576
spots read      : 44,220,282
reads read      : 88,440,564
reads written   : 88,440,564
spots read      : 35,443,672
reads read      : 70,887,344
reads written   : 70,887,344
spots read      : 41,925,247
reads read      : 83,850,494
reads written   : 83,850,494
spots read      : 29,497,023
reads read      : 58,994,046
reads written   : 58,994,046
spots read      : 31,453,683
reads read      : 62,907,366
reads written   : 62,907,366
spots read      : 34,194,290
reads read      : 68,388,580
reads written   : 68,388,580
spots read      : 32,270,848
reads read      : 64,541,696
reads written   : 64,541,696
spots read      : 29,337,581
reads read      : 58,675,162
reads written   : 58,675,162
spots read      : 39,186,131
reads read      : 78,372,262
reads written   : 78,372,262
spots read      : 38,458,991
reads read      : 76,917,982
reads written   : 76,917,982
spots read      : 28,783,393
reads read      : 57,566,786
reads written   : 57,566,786
spots read      : 31,746,452
reads read      : 63,492,904
reads written   : 63,492,904
spots read      : 46,304,984
reads read      : 92,609,968
reads written   : 92,609,968
spots read      : 38,416,511
reads read      : 76,833,022
reads written   : 76,833,022
spots read      : 33,732,726
reads read      : 67,465,452
reads written   : 67,465,452
spots read      : 31,141,130
reads read      : 62,282,260
reads written   : 62,282,260
spots read      : 32,831,629
reads read      : 65,663,258
reads written   : 65,663,258
spots read      : 33,762,222
reads read      : 67,524,444
reads written   : 67,524,444
spots read      : 28,029,145
reads read      : 56,058,290
reads written   : 56,058,290
spots read      : 31,297,361
reads read      : 62,594,722
reads written   : 62,594,722
spots read      : 24,902,265
reads read      : 49,804,530
reads written   : 49,804,530
spots read      : 27,610,558
reads read      : 55,221,116
reads written   : 55,221,116
spots read      : 30,217,568
reads read      : 60,435,136
reads written   : 60,435,136
spots read      : 32,494,133
reads read      : 64,988,266
reads written   : 64,988,266
spots read      : 33,496,705
reads read      : 66,993,410
reads written   : 66,993,410
spots read      : 28,326,948
reads read      : 56,653,896
reads written   : 56,653,896
spots read      : 28,642,530
reads read      : 57,285,060
reads written   : 57,285,060
spots read      : 30,098,404
reads read      : 60,196,808
reads written   : 60,196,808
spots read      : 30,476,609
reads read      : 60,953,218
reads written   : 60,953,218
spots read      : 29,078,007
reads read      : 58,156,014
reads written   : 58,156,014
spots read      : 22,350,869
reads read      : 44,701,738
reads written   : 44,701,738
spots read      : 23,244,244
reads read      : 46,488,488
reads written   : 46,488,488
spots read      : 26,945,470
reads read      : 53,890,940
reads written   : 53,890,940
spots read      : 25,868,721
reads read      : 51,737,442
reads written   : 51,737,442
spots read      : 26,235,753
reads read      : 52,471,506
reads written   : 52,471,506
spots read      : 30,589,912
reads read      : 61,179,824
reads written   : 61,179,824
spots read      : 32,070,286
reads read      : 64,140,572
reads written   : 64,140,572
