== Sun Mar 22 13:22:07 UTC 2026 :: START ==
Host: hcc13
[INFO] ROOT=/work/ugbogu/pipeline/data/nbl
[INFO] DATASET=SRP409177
[INFO] BASE=/work/ugbogu/pipeline/data/nbl/SRP409177
[INFO] LIST=/work/ugbogu/pipeline/data/nbl/SRP409177/all_primary_tumour_pe.txt
[INFO] SRA_DIR=/work/ugbogu/pipeline/data/nbl/SRP409177/sra
[INFO] FASTQ_DIR=/work/ugbogu/pipeline/data/nbl/SRP409177/fastq
[INFO] LOG_DIR=/work/ugbogu/pipeline/data/nbl/SRP409177/logs
[INFO] TMPDIR=/work/ugbogu/pipeline/data/nbl/SRP409177/tmp/86405
[INFO] THREADS=8
[INFO] TOTAL SRRs TO PROCESS: 47
[SEQ] (1/47) SRR22373272
---- Sun Mar 22 13:22:08 UTC 2026 :: START SRR22373272 ----
[prefetch] downloading SRR22373272 -> /work/ugbogu/pipeline/data/nbl/SRP409177/sra
2026-03-22T13:22:08 prefetch.3.2.1: 1) Resolving 'SRR22373272'...
2026-03-22T13:22:14 prefetch.3.2.1: Current preference is set to retrieve SRA Normalized Format files with full base quality scores
2026-03-22T13:22:15 prefetch.3.2.1: 1) Downloading 'SRR22373272'...
2026-03-22T13:22:15 prefetch.3.2.1:  SRA Normalized Format file is being retrieved
2026-03-22T13:22:15 prefetch.3.2.1:  Downloading via HTTPS...
2026-03-22T13:23:17 prefetch.3.2.1:  HTTPS download succeed
2026-03-22T13:23:20 prefetch.3.2.1:  'SRR22373272' is valid: 1908122289 bytes were streamed from 1908106773
2026-03-22T13:23:20 prefetch.3.2.1: 1) 'SRR22373272' was downloaded successfully
2026-03-22T13:23:20 prefetch.3.2.1: 1) Resolving 'SRR22373272's dependencies...
2026-03-22T13:23:20 prefetch.3.2.1: 'SRR22373272' has 0 unresolved dependencies
[fasterq-dump] SRC=/work/ugbogu/pipeline/data/nbl/SRP409177/sra/SRR22373272
[fasterq-dump] threads=8
[fasterq-dump] tmp=/work/ugbogu/pipeline/data/nbl/SRP409177/tmp/86405
[fasterq-dump] outdir=/work/ugbogu/pipeline/data/nbl/SRP409177/fastq
[pigz] compressing SRR22373272_1.fastq and SRR22373272_2.fastq
---- Sun Mar 22 13:26:51 UTC 2026 :: DONE SRR22373272 ----
[SEQ] (2/47) SRR22373270
---- Sun Mar 22 13:26:51 UTC 2026 :: START SRR22373270 ----
[prefetch] downloading SRR22373270 -> /work/ugbogu/pipeline/data/nbl/SRP409177/sra
2026-03-22T13:26:51 prefetch.3.2.1: 1) Resolving 'SRR22373270'...
2026-03-22T13:26:53 prefetch.3.2.1: Current preference is set to retrieve SRA Normalized Format files with full base quality scores
2026-03-22T13:26:53 prefetch.3.2.1: 1) Downloading 'SRR22373270'...
2026-03-22T13:26:53 prefetch.3.2.1:  SRA Normalized Format file is being retrieved
2026-03-22T13:26:53 prefetch.3.2.1:  Downloading via HTTPS...
2026-03-22T13:27:44 prefetch.3.2.1:  HTTPS download succeed
2026-03-22T13:27:46 prefetch.3.2.1:  'SRR22373270' is valid: 1556006743 bytes were streamed from 1556001301
2026-03-22T13:27:46 prefetch.3.2.1: 1) 'SRR22373270' was downloaded successfully
2026-03-22T13:27:46 prefetch.3.2.1: 1) Resolving 'SRR22373270's dependencies...
2026-03-22T13:27:46 prefetch.3.2.1: 'SRR22373270' has 0 unresolved dependencies
[fasterq-dump] SRC=/work/ugbogu/pipeline/data/nbl/SRP409177/sra/SRR22373270
[fasterq-dump] threads=8
[fasterq-dump] tmp=/work/ugbogu/pipeline/data/nbl/SRP409177/tmp/86405
[fasterq-dump] outdir=/work/ugbogu/pipeline/data/nbl/SRP409177/fastq
[pigz] compressing SRR22373270_1.fastq and SRR22373270_2.fastq
---- Sun Mar 22 13:30:45 UTC 2026 :: DONE SRR22373270 ----
[SEQ] (3/47) SRR22373269
---- Sun Mar 22 13:30:45 UTC 2026 :: START SRR22373269 ----
[prefetch] downloading SRR22373269 -> /work/ugbogu/pipeline/data/nbl/SRP409177/sra
2026-03-22T13:30:45 prefetch.3.2.1: 1) Resolving 'SRR22373269'...
2026-03-22T13:30:47 prefetch.3.2.1: Current preference is set to retrieve SRA Normalized Format files with full base quality scores
2026-03-22T13:30:48 prefetch.3.2.1: 1) Downloading 'SRR22373269'...
2026-03-22T13:30:48 prefetch.3.2.1:  SRA Normalized Format file is being retrieved
2026-03-22T13:30:48 prefetch.3.2.1:  Downloading via HTTPS...
2026-03-22T13:31:54 prefetch.3.2.1:  HTTPS download succeed
2026-03-22T13:31:57 prefetch.3.2.1:  'SRR22373269' is valid: 2016453501 bytes were streamed from 2016450069
2026-03-22T13:31:57 prefetch.3.2.1: 1) 'SRR22373269' was downloaded successfully
2026-03-22T13:31:57 prefetch.3.2.1: 1) Resolving 'SRR22373269's dependencies...
2026-03-22T13:31:57 prefetch.3.2.1: 'SRR22373269' has 0 unresolved dependencies
[fasterq-dump] SRC=/work/ugbogu/pipeline/data/nbl/SRP409177/sra/SRR22373269
[fasterq-dump] threads=8
[fasterq-dump] tmp=/work/ugbogu/pipeline/data/nbl/SRP409177/tmp/86405
[fasterq-dump] outdir=/work/ugbogu/pipeline/data/nbl/SRP409177/fastq
[pigz] compressing SRR22373269_1.fastq and SRR22373269_2.fastq
---- Sun Mar 22 13:35:34 UTC 2026 :: DONE SRR22373269 ----
[SEQ] (4/47) SRR22373268
---- Sun Mar 22 13:35:34 UTC 2026 :: START SRR22373268 ----
[prefetch] downloading SRR22373268 -> /work/ugbogu/pipeline/data/nbl/SRP409177/sra
2026-03-22T13:35:34 prefetch.3.2.1: 1) Resolving 'SRR22373268'...
2026-03-22T13:35:37 prefetch.3.2.1: Current preference is set to retrieve SRA Normalized Format files with full base quality scores
2026-03-22T13:35:37 prefetch.3.2.1: 1) Downloading 'SRR22373268'...
2026-03-22T13:35:37 prefetch.3.2.1:  SRA Normalized Format file is being retrieved
2026-03-22T13:35:37 prefetch.3.2.1:  Downloading via HTTPS...
2026-03-22T13:36:25 prefetch.3.2.1:  HTTPS download succeed
2026-03-22T13:36:27 prefetch.3.2.1:  'SRR22373268' is valid: 1456048792 bytes were streamed from 1456035349
2026-03-22T13:36:27 prefetch.3.2.1: 1) 'SRR22373268' was downloaded successfully
2026-03-22T13:36:27 prefetch.3.2.1: 1) Resolving 'SRR22373268's dependencies...
2026-03-22T13:36:27 prefetch.3.2.1: 'SRR22373268' has 0 unresolved dependencies
[fasterq-dump] SRC=/work/ugbogu/pipeline/data/nbl/SRP409177/sra/SRR22373268
[fasterq-dump] threads=8
[fasterq-dump] tmp=/work/ugbogu/pipeline/data/nbl/SRP409177/tmp/86405
[fasterq-dump] outdir=/work/ugbogu/pipeline/data/nbl/SRP409177/fastq
[pigz] compressing SRR22373268_1.fastq and SRR22373268_2.fastq
---- Sun Mar 22 13:39:01 UTC 2026 :: DONE SRR22373268 ----
[SEQ] (5/47) SRR22373271
---- Sun Mar 22 13:39:01 UTC 2026 :: START SRR22373271 ----
[prefetch] downloading SRR22373271 -> /work/ugbogu/pipeline/data/nbl/SRP409177/sra
2026-03-22T13:39:01 prefetch.3.2.1: 1) Resolving 'SRR22373271'...
2026-03-22T13:39:03 prefetch.3.2.1: Current preference is set to retrieve SRA Normalized Format files with full base quality scores
2026-03-22T13:39:04 prefetch.3.2.1: 1) Downloading 'SRR22373271'...
2026-03-22T13:39:04 prefetch.3.2.1:  SRA Normalized Format file is being retrieved
2026-03-22T13:39:04 prefetch.3.2.1:  Downloading via HTTPS...
2026-03-22T13:40:29 prefetch.3.2.1:  HTTPS download succeed
2026-03-22T13:40:33 prefetch.3.2.1:  'SRR22373271' is valid: 2337149503 bytes were streamed from 2337139221
2026-03-22T13:40:33 prefetch.3.2.1: 1) 'SRR22373271' was downloaded successfully
2026-03-22T13:40:33 prefetch.3.2.1: 1) Resolving 'SRR22373271's dependencies...
2026-03-22T13:40:33 prefetch.3.2.1: 'SRR22373271' has 0 unresolved dependencies
[fasterq-dump] SRC=/work/ugbogu/pipeline/data/nbl/SRP409177/sra/SRR22373271
[fasterq-dump] threads=8
[fasterq-dump] tmp=/work/ugbogu/pipeline/data/nbl/SRP409177/tmp/86405
[fasterq-dump] outdir=/work/ugbogu/pipeline/data/nbl/SRP409177/fastq
[pigz] compressing SRR22373271_1.fastq and SRR22373271_2.fastq
---- Sun Mar 22 13:44:41 UTC 2026 :: DONE SRR22373271 ----
[SEQ] (6/47) SRR22373277
---- Sun Mar 22 13:44:41 UTC 2026 :: START SRR22373277 ----
[prefetch] downloading SRR22373277 -> /work/ugbogu/pipeline/data/nbl/SRP409177/sra
2026-03-22T13:44:41 prefetch.3.2.1: 1) Resolving 'SRR22373277'...
2026-03-22T13:44:43 prefetch.3.2.1: Current preference is set to retrieve SRA Normalized Format files with full base quality scores
2026-03-22T13:44:44 prefetch.3.2.1: 1) Downloading 'SRR22373277'...
2026-03-22T13:44:44 prefetch.3.2.1:  SRA Normalized Format file is being retrieved
2026-03-22T13:44:44 prefetch.3.2.1:  Downloading via HTTPS...
2026-03-22T13:46:17 prefetch.3.2.1:  HTTPS download succeed
2026-03-22T13:46:20 prefetch.3.2.1:  'SRR22373277' is valid: 2011951293 bytes were streamed from 2011946517
2026-03-22T13:46:20 prefetch.3.2.1: 1) 'SRR22373277' was downloaded successfully
2026-03-22T13:46:20 prefetch.3.2.1: 1) Resolving 'SRR22373277's dependencies...
2026-03-22T13:46:20 prefetch.3.2.1: 'SRR22373277' has 0 unresolved dependencies
[fasterq-dump] SRC=/work/ugbogu/pipeline/data/nbl/SRP409177/sra/SRR22373277
[fasterq-dump] threads=8
[fasterq-dump] tmp=/work/ugbogu/pipeline/data/nbl/SRP409177/tmp/86405
[fasterq-dump] outdir=/work/ugbogu/pipeline/data/nbl/SRP409177/fastq
[pigz] compressing SRR22373277_1.fastq and SRR22373277_2.fastq
---- Sun Mar 22 13:50:14 UTC 2026 :: DONE SRR22373277 ----
[SEQ] (7/47) SRR22373276
---- Sun Mar 22 13:50:15 UTC 2026 :: START SRR22373276 ----
[prefetch] downloading SRR22373276 -> /work/ugbogu/pipeline/data/nbl/SRP409177/sra
2026-03-22T13:50:15 prefetch.3.2.1: 1) Resolving 'SRR22373276'...
2026-03-22T13:50:17 prefetch.3.2.1: Current preference is set to retrieve SRA Normalized Format files with full base quality scores
2026-03-22T13:50:18 prefetch.3.2.1: 1) Downloading 'SRR22373276'...
2026-03-22T13:50:18 prefetch.3.2.1:  SRA Normalized Format file is being retrieved
2026-03-22T13:50:18 prefetch.3.2.1:  Downloading via HTTPS...
2026-03-22T13:51:26 prefetch.3.2.1:  HTTPS download succeed
2026-03-22T13:51:29 prefetch.3.2.1:  'SRR22373276' is valid: 1796486337 bytes were streamed from 1796477449
2026-03-22T13:51:29 prefetch.3.2.1: 1) 'SRR22373276' was downloaded successfully
2026-03-22T13:51:29 prefetch.3.2.1: 1) Resolving 'SRR22373276's dependencies...
2026-03-22T13:51:29 prefetch.3.2.1: 'SRR22373276' has 0 unresolved dependencies
[fasterq-dump] SRC=/work/ugbogu/pipeline/data/nbl/SRP409177/sra/SRR22373276
[fasterq-dump] threads=8
[fasterq-dump] tmp=/work/ugbogu/pipeline/data/nbl/SRP409177/tmp/86405
[fasterq-dump] outdir=/work/ugbogu/pipeline/data/nbl/SRP409177/fastq
[pigz] compressing SRR22373276_1.fastq and SRR22373276_2.fastq
---- Sun Mar 22 13:55:00 UTC 2026 :: DONE SRR22373276 ----
[SEQ] (8/47) SRR22373275
---- Sun Mar 22 13:55:00 UTC 2026 :: START SRR22373275 ----
[prefetch] downloading SRR22373275 -> /work/ugbogu/pipeline/data/nbl/SRP409177/sra
2026-03-22T13:55:00 prefetch.3.2.1: 1) Resolving 'SRR22373275'...
2026-03-22T13:55:02 prefetch.3.2.1: Current preference is set to retrieve SRA Normalized Format files with full base quality scores
2026-03-22T13:55:03 prefetch.3.2.1: 1) Downloading 'SRR22373275'...
2026-03-22T13:55:03 prefetch.3.2.1:  SRA Normalized Format file is being retrieved
2026-03-22T13:55:03 prefetch.3.2.1:  Downloading via HTTPS...
2026-03-22T13:56:20 prefetch.3.2.1:  HTTPS download succeed
2026-03-22T13:56:24 prefetch.3.2.1:  'SRR22373275' is valid: 2274922871 bytes were streamed from 2274913813
2026-03-22T13:56:24 prefetch.3.2.1: 1) 'SRR22373275' was downloaded successfully
2026-03-22T13:56:24 prefetch.3.2.1: 1) Resolving 'SRR22373275's dependencies...
2026-03-22T13:56:24 prefetch.3.2.1: 'SRR22373275' has 0 unresolved dependencies
[fasterq-dump] SRC=/work/ugbogu/pipeline/data/nbl/SRP409177/sra/SRR22373275
[fasterq-dump] threads=8
[fasterq-dump] tmp=/work/ugbogu/pipeline/data/nbl/SRP409177/tmp/86405
[fasterq-dump] outdir=/work/ugbogu/pipeline/data/nbl/SRP409177/fastq
[pigz] compressing SRR22373275_1.fastq and SRR22373275_2.fastq
---- Sun Mar 22 14:00:19 UTC 2026 :: DONE SRR22373275 ----
[SEQ] (9/47) SRR22373274
---- Sun Mar 22 14:00:19 UTC 2026 :: START SRR22373274 ----
[prefetch] downloading SRR22373274 -> /work/ugbogu/pipeline/data/nbl/SRP409177/sra
2026-03-22T14:00:19 prefetch.3.2.1: 1) Resolving 'SRR22373274'...
2026-03-22T14:00:22 prefetch.3.2.1: Current preference is set to retrieve SRA Normalized Format files with full base quality scores
2026-03-22T14:00:22 prefetch.3.2.1: 1) Downloading 'SRR22373274'...
2026-03-22T14:00:22 prefetch.3.2.1:  SRA Normalized Format file is being retrieved
2026-03-22T14:00:22 prefetch.3.2.1:  Downloading via HTTPS...
2026-03-22T14:01:35 prefetch.3.2.1:  HTTPS download succeed
2026-03-22T14:01:39 prefetch.3.2.1:  'SRR22373274' is valid: 2258019141 bytes were streamed from 2258011599
2026-03-22T14:01:39 prefetch.3.2.1: 1) 'SRR22373274' was downloaded successfully
2026-03-22T14:01:39 prefetch.3.2.1: 1) Resolving 'SRR22373274's dependencies...
2026-03-22T14:01:39 prefetch.3.2.1: 'SRR22373274' has 0 unresolved dependencies
[fasterq-dump] SRC=/work/ugbogu/pipeline/data/nbl/SRP409177/sra/SRR22373274
[fasterq-dump] threads=8
[fasterq-dump] tmp=/work/ugbogu/pipeline/data/nbl/SRP409177/tmp/86405
[fasterq-dump] outdir=/work/ugbogu/pipeline/data/nbl/SRP409177/fastq
[pigz] compressing SRR22373274_1.fastq and SRR22373274_2.fastq
---- Sun Mar 22 14:05:52 UTC 2026 :: DONE SRR22373274 ----
[SEQ] (10/47) SRR22373273
---- Sun Mar 22 14:05:52 UTC 2026 :: START SRR22373273 ----
[prefetch] downloading SRR22373273 -> /work/ugbogu/pipeline/data/nbl/SRP409177/sra
2026-03-22T14:05:52 prefetch.3.2.1: 1) Resolving 'SRR22373273'...
2026-03-22T14:05:55 prefetch.3.2.1: Current preference is set to retrieve SRA Normalized Format files with full base quality scores
2026-03-22T14:05:55 prefetch.3.2.1: 1) Downloading 'SRR22373273'...
2026-03-22T14:05:55 prefetch.3.2.1:  SRA Normalized Format file is being retrieved
2026-03-22T14:05:55 prefetch.3.2.1:  Downloading via HTTPS...
2026-03-22T14:07:05 prefetch.3.2.1:  HTTPS download succeed
2026-03-22T14:07:08 prefetch.3.2.1:  'SRR22373273' is valid: 2094640386 bytes were streamed from 2094639799
2026-03-22T14:07:08 prefetch.3.2.1: 1) 'SRR22373273' was downloaded successfully
2026-03-22T14:07:08 prefetch.3.2.1: 1) Resolving 'SRR22373273's dependencies...
2026-03-22T14:07:08 prefetch.3.2.1: 'SRR22373273' has 0 unresolved dependencies
[fasterq-dump] SRC=/work/ugbogu/pipeline/data/nbl/SRP409177/sra/SRR22373273
[fasterq-dump] threads=8
[fasterq-dump] tmp=/work/ugbogu/pipeline/data/nbl/SRP409177/tmp/86405
[fasterq-dump] outdir=/work/ugbogu/pipeline/data/nbl/SRP409177/fastq
[pigz] compressing SRR22373273_1.fastq and SRR22373273_2.fastq
---- Sun Mar 22 14:10:46 UTC 2026 :: DONE SRR22373273 ----
[SEQ] (11/47) SRR22373282
---- Sun Mar 22 14:10:46 UTC 2026 :: START SRR22373282 ----
[prefetch] downloading SRR22373282 -> /work/ugbogu/pipeline/data/nbl/SRP409177/sra
2026-03-22T14:10:46 prefetch.3.2.1: 1) Resolving 'SRR22373282'...
2026-03-22T14:10:49 prefetch.3.2.1: Current preference is set to retrieve SRA Normalized Format files with full base quality scores
2026-03-22T14:10:49 prefetch.3.2.1: 1) Downloading 'SRR22373282'...
2026-03-22T14:10:49 prefetch.3.2.1:  SRA Normalized Format file is being retrieved
2026-03-22T14:10:49 prefetch.3.2.1:  Downloading via HTTPS...
2026-03-22T14:12:31 prefetch.3.2.1:  HTTPS download succeed
2026-03-22T14:12:36 prefetch.3.2.1:  'SRR22373282' is valid: 2817912546 bytes were streamed from 2817911583
2026-03-22T14:12:36 prefetch.3.2.1: 1) 'SRR22373282' was downloaded successfully
2026-03-22T14:12:36 prefetch.3.2.1: 1) Resolving 'SRR22373282's dependencies...
2026-03-22T14:12:36 prefetch.3.2.1: 'SRR22373282' has 0 unresolved dependencies
[fasterq-dump] SRC=/work/ugbogu/pipeline/data/nbl/SRP409177/sra/SRR22373282
[fasterq-dump] threads=8
[fasterq-dump] tmp=/work/ugbogu/pipeline/data/nbl/SRP409177/tmp/86405
[fasterq-dump] outdir=/work/ugbogu/pipeline/data/nbl/SRP409177/fastq
[pigz] compressing SRR22373282_1.fastq and SRR22373282_2.fastq
---- Sun Mar 22 14:18:02 UTC 2026 :: DONE SRR22373282 ----
[SEQ] (12/47) SRR22373281
---- Sun Mar 22 14:18:02 UTC 2026 :: START SRR22373281 ----
[prefetch] downloading SRR22373281 -> /work/ugbogu/pipeline/data/nbl/SRP409177/sra
2026-03-22T14:18:02 prefetch.3.2.1: 1) Resolving 'SRR22373281'...
2026-03-22T14:18:05 prefetch.3.2.1: Current preference is set to retrieve SRA Normalized Format files with full base quality scores
2026-03-22T14:18:05 prefetch.3.2.1: 1) Downloading 'SRR22373281'...
2026-03-22T14:18:05 prefetch.3.2.1:  SRA Normalized Format file is being retrieved
2026-03-22T14:18:05 prefetch.3.2.1:  Downloading via HTTPS...
2026-03-22T14:19:19 prefetch.3.2.1:  HTTPS download succeed
2026-03-22T14:19:22 prefetch.3.2.1:  'SRR22373281' is valid: 2258147370 bytes were streamed from 2258146087
2026-03-22T14:19:22 prefetch.3.2.1: 1) 'SRR22373281' was downloaded successfully
2026-03-22T14:19:22 prefetch.3.2.1: 1) Resolving 'SRR22373281's dependencies...
2026-03-22T14:19:22 prefetch.3.2.1: 'SRR22373281' has 0 unresolved dependencies
[fasterq-dump] SRC=/work/ugbogu/pipeline/data/nbl/SRP409177/sra/SRR22373281
[fasterq-dump] threads=8
[fasterq-dump] tmp=/work/ugbogu/pipeline/data/nbl/SRP409177/tmp/86405
[fasterq-dump] outdir=/work/ugbogu/pipeline/data/nbl/SRP409177/fastq
[pigz] compressing SRR22373281_1.fastq and SRR22373281_2.fastq
---- Sun Mar 22 14:23:38 UTC 2026 :: DONE SRR22373281 ----
[SEQ] (13/47) SRR22373280
---- Sun Mar 22 14:23:38 UTC 2026 :: START SRR22373280 ----
[prefetch] downloading SRR22373280 -> /work/ugbogu/pipeline/data/nbl/SRP409177/sra
2026-03-22T14:23:38 prefetch.3.2.1: 1) Resolving 'SRR22373280'...
2026-03-22T14:23:40 prefetch.3.2.1: Current preference is set to retrieve SRA Normalized Format files with full base quality scores
2026-03-22T14:23:41 prefetch.3.2.1: 1) Downloading 'SRR22373280'...
2026-03-22T14:23:41 prefetch.3.2.1:  SRA Normalized Format file is being retrieved
2026-03-22T14:23:41 prefetch.3.2.1:  Downloading via HTTPS...
2026-03-22T14:25:09 prefetch.3.2.1:  HTTPS download succeed
2026-03-22T14:25:13 prefetch.3.2.1:  'SRR22373280' is valid: 2657868897 bytes were streamed from 2657857011
2026-03-22T14:25:13 prefetch.3.2.1: 1) 'SRR22373280' was downloaded successfully
2026-03-22T14:25:13 prefetch.3.2.1: 1) Resolving 'SRR22373280's dependencies...
2026-03-22T14:25:13 prefetch.3.2.1: 'SRR22373280' has 0 unresolved dependencies
[fasterq-dump] SRC=/work/ugbogu/pipeline/data/nbl/SRP409177/sra/SRR22373280
[fasterq-dump] threads=8
[fasterq-dump] tmp=/work/ugbogu/pipeline/data/nbl/SRP409177/tmp/86405
[fasterq-dump] outdir=/work/ugbogu/pipeline/data/nbl/SRP409177/fastq
[pigz] compressing SRR22373280_1.fastq and SRR22373280_2.fastq
---- Sun Mar 22 14:30:19 UTC 2026 :: DONE SRR22373280 ----
[SEQ] (14/47) SRR22373279
---- Sun Mar 22 14:30:19 UTC 2026 :: START SRR22373279 ----
[prefetch] downloading SRR22373279 -> /work/ugbogu/pipeline/data/nbl/SRP409177/sra
2026-03-22T14:30:19 prefetch.3.2.1: 1) Resolving 'SRR22373279'...
2026-03-22T14:30:23 prefetch.3.2.1: Current preference is set to retrieve SRA Normalized Format files with full base quality scores
2026-03-22T14:30:24 prefetch.3.2.1: 1) Downloading 'SRR22373279'...
2026-03-22T14:30:24 prefetch.3.2.1:  SRA Normalized Format file is being retrieved
2026-03-22T14:30:24 prefetch.3.2.1:  Downloading via HTTPS...
2026-03-22T14:31:25 prefetch.3.2.1:  HTTPS download succeed
2026-03-22T14:31:28 prefetch.3.2.1:  'SRR22373279' is valid: 1854767826 bytes were streamed from 1854758827
2026-03-22T14:31:28 prefetch.3.2.1: 1) 'SRR22373279' was downloaded successfully
2026-03-22T14:31:28 prefetch.3.2.1: 1) Resolving 'SRR22373279's dependencies...
2026-03-22T14:31:28 prefetch.3.2.1: 'SRR22373279' has 0 unresolved dependencies
[fasterq-dump] SRC=/work/ugbogu/pipeline/data/nbl/SRP409177/sra/SRR22373279
[fasterq-dump] threads=8
[fasterq-dump] tmp=/work/ugbogu/pipeline/data/nbl/SRP409177/tmp/86405
[fasterq-dump] outdir=/work/ugbogu/pipeline/data/nbl/SRP409177/fastq
[pigz] compressing SRR22373279_1.fastq and SRR22373279_2.fastq
---- Sun Mar 22 14:35:07 UTC 2026 :: DONE SRR22373279 ----
[SEQ] (15/47) SRR22373278
---- Sun Mar 22 14:35:07 UTC 2026 :: START SRR22373278 ----
[prefetch] downloading SRR22373278 -> /work/ugbogu/pipeline/data/nbl/SRP409177/sra
2026-03-22T14:35:07 prefetch.3.2.1: 1) Resolving 'SRR22373278'...
2026-03-22T14:35:09 prefetch.3.2.1: Current preference is set to retrieve SRA Normalized Format files with full base quality scores
2026-03-22T14:35:10 prefetch.3.2.1: 1) Downloading 'SRR22373278'...
2026-03-22T14:35:10 prefetch.3.2.1:  SRA Normalized Format file is being retrieved
2026-03-22T14:35:10 prefetch.3.2.1:  Downloading via HTTPS...
2026-03-22T14:36:32 prefetch.3.2.1:  HTTPS download succeed
2026-03-22T14:36:35 prefetch.3.2.1:  'SRR22373278' is valid: 2009598333 bytes were streamed from 2009589269
2026-03-22T14:36:35 prefetch.3.2.1: 1) 'SRR22373278' was downloaded successfully
2026-03-22T14:36:35 prefetch.3.2.1: 1) Resolving 'SRR22373278's dependencies...
2026-03-22T14:36:35 prefetch.3.2.1: 'SRR22373278' has 0 unresolved dependencies
[fasterq-dump] SRC=/work/ugbogu/pipeline/data/nbl/SRP409177/sra/SRR22373278
[fasterq-dump] threads=8
[fasterq-dump] tmp=/work/ugbogu/pipeline/data/nbl/SRP409177/tmp/86405
[fasterq-dump] outdir=/work/ugbogu/pipeline/data/nbl/SRP409177/fastq
[pigz] compressing SRR22373278_1.fastq and SRR22373278_2.fastq
---- Sun Mar 22 14:40:40 UTC 2026 :: DONE SRR22373278 ----
[SEQ] (16/47) SRR22373287
---- Sun Mar 22 14:40:40 UTC 2026 :: START SRR22373287 ----
[prefetch] downloading SRR22373287 -> /work/ugbogu/pipeline/data/nbl/SRP409177/sra
2026-03-22T14:40:40 prefetch.3.2.1: 1) Resolving 'SRR22373287'...
2026-03-22T14:40:42 prefetch.3.2.1: Current preference is set to retrieve SRA Normalized Format files with full base quality scores
2026-03-22T14:40:43 prefetch.3.2.1: 1) Downloading 'SRR22373287'...
2026-03-22T14:40:43 prefetch.3.2.1:  SRA Normalized Format file is being retrieved
2026-03-22T14:40:43 prefetch.3.2.1:  Downloading via HTTPS...
2026-03-22T14:41:58 prefetch.3.2.1:  HTTPS download succeed
2026-03-22T14:42:02 prefetch.3.2.1:  'SRR22373287' is valid: 2170961644 bytes were streamed from 2170956383
2026-03-22T14:42:02 prefetch.3.2.1: 1) 'SRR22373287' was downloaded successfully
2026-03-22T14:42:02 prefetch.3.2.1: 1) Resolving 'SRR22373287's dependencies...
2026-03-22T14:42:02 prefetch.3.2.1: 'SRR22373287' has 0 unresolved dependencies
[fasterq-dump] SRC=/work/ugbogu/pipeline/data/nbl/SRP409177/sra/SRR22373287
[fasterq-dump] threads=8
[fasterq-dump] tmp=/work/ugbogu/pipeline/data/nbl/SRP409177/tmp/86405
[fasterq-dump] outdir=/work/ugbogu/pipeline/data/nbl/SRP409177/fastq
[pigz] compressing SRR22373287_1.fastq and SRR22373287_2.fastq
---- Sun Mar 22 14:46:15 UTC 2026 :: DONE SRR22373287 ----
[SEQ] (17/47) SRR22373286
---- Sun Mar 22 14:46:15 UTC 2026 :: START SRR22373286 ----
[prefetch] downloading SRR22373286 -> /work/ugbogu/pipeline/data/nbl/SRP409177/sra
2026-03-22T14:46:15 prefetch.3.2.1: 1) Resolving 'SRR22373286'...
2026-03-22T14:46:17 prefetch.3.2.1: Current preference is set to retrieve SRA Normalized Format files with full base quality scores
2026-03-22T14:46:18 prefetch.3.2.1: 1) Downloading 'SRR22373286'...
2026-03-22T14:46:18 prefetch.3.2.1:  SRA Normalized Format file is being retrieved
2026-03-22T14:46:18 prefetch.3.2.1:  Downloading via HTTPS...
2026-03-22T14:47:37 prefetch.3.2.1:  HTTPS download succeed
2026-03-22T14:47:41 prefetch.3.2.1:  'SRR22373286' is valid: 2043641820 bytes were streamed from 2043627029
2026-03-22T14:47:41 prefetch.3.2.1: 1) 'SRR22373286' was downloaded successfully
2026-03-22T14:47:41 prefetch.3.2.1: 1) Resolving 'SRR22373286's dependencies...
2026-03-22T14:47:41 prefetch.3.2.1: 'SRR22373286' has 0 unresolved dependencies
[fasterq-dump] SRC=/work/ugbogu/pipeline/data/nbl/SRP409177/sra/SRR22373286
[fasterq-dump] threads=8
[fasterq-dump] tmp=/work/ugbogu/pipeline/data/nbl/SRP409177/tmp/86405
[fasterq-dump] outdir=/work/ugbogu/pipeline/data/nbl/SRP409177/fastq
[pigz] compressing SRR22373286_1.fastq and SRR22373286_2.fastq
---- Sun Mar 22 14:51:39 UTC 2026 :: DONE SRR22373286 ----
[SEQ] (18/47) SRR22373285
---- Sun Mar 22 14:51:39 UTC 2026 :: START SRR22373285 ----
[prefetch] downloading SRR22373285 -> /work/ugbogu/pipeline/data/nbl/SRP409177/sra
2026-03-22T14:51:39 prefetch.3.2.1: 1) Resolving 'SRR22373285'...
2026-03-22T14:51:42 prefetch.3.2.1: Current preference is set to retrieve SRA Normalized Format files with full base quality scores
2026-03-22T14:51:43 prefetch.3.2.1: 1) Downloading 'SRR22373285'...
2026-03-22T14:51:43 prefetch.3.2.1:  SRA Normalized Format file is being retrieved
2026-03-22T14:51:43 prefetch.3.2.1:  Downloading via HTTPS...
2026-03-22T14:52:57 prefetch.3.2.1:  HTTPS download succeed
2026-03-22T14:53:00 prefetch.3.2.1:  'SRR22373285' is valid: 1870991232 bytes were streamed from 1870990227
2026-03-22T14:53:00 prefetch.3.2.1: 1) 'SRR22373285' was downloaded successfully
2026-03-22T14:53:00 prefetch.3.2.1: 1) Resolving 'SRR22373285's dependencies...
2026-03-22T14:53:00 prefetch.3.2.1: 'SRR22373285' has 0 unresolved dependencies
[fasterq-dump] SRC=/work/ugbogu/pipeline/data/nbl/SRP409177/sra/SRR22373285
[fasterq-dump] threads=8
[fasterq-dump] tmp=/work/ugbogu/pipeline/data/nbl/SRP409177/tmp/86405
[fasterq-dump] outdir=/work/ugbogu/pipeline/data/nbl/SRP409177/fastq
[pigz] compressing SRR22373285_1.fastq and SRR22373285_2.fastq
---- Sun Mar 22 14:56:36 UTC 2026 :: DONE SRR22373285 ----
[SEQ] (19/47) SRR22373284
---- Sun Mar 22 14:56:36 UTC 2026 :: START SRR22373284 ----
[prefetch] downloading SRR22373284 -> /work/ugbogu/pipeline/data/nbl/SRP409177/sra
2026-03-22T14:56:36 prefetch.3.2.1: 1) Resolving 'SRR22373284'...
2026-03-22T14:56:38 prefetch.3.2.1: Current preference is set to retrieve SRA Normalized Format files with full base quality scores
2026-03-22T14:56:39 prefetch.3.2.1: 1) Downloading 'SRR22373284'...
2026-03-22T14:56:39 prefetch.3.2.1:  SRA Normalized Format file is being retrieved
2026-03-22T14:56:39 prefetch.3.2.1:  Downloading via HTTPS...
2026-03-22T14:57:59 prefetch.3.2.1:  HTTPS download succeed
2026-03-22T14:58:03 prefetch.3.2.1:  'SRR22373284' is valid: 2500064801 bytes were streamed from 2500054647
2026-03-22T14:58:03 prefetch.3.2.1: 1) 'SRR22373284' was downloaded successfully
2026-03-22T14:58:03 prefetch.3.2.1: 1) Resolving 'SRR22373284's dependencies...
2026-03-22T14:58:03 prefetch.3.2.1: 'SRR22373284' has 0 unresolved dependencies
[fasterq-dump] SRC=/work/ugbogu/pipeline/data/nbl/SRP409177/sra/SRR22373284
[fasterq-dump] threads=8
[fasterq-dump] tmp=/work/ugbogu/pipeline/data/nbl/SRP409177/tmp/86405
[fasterq-dump] outdir=/work/ugbogu/pipeline/data/nbl/SRP409177/fastq
[pigz] compressing SRR22373284_1.fastq and SRR22373284_2.fastq
---- Sun Mar 22 15:02:54 UTC 2026 :: DONE SRR22373284 ----
[SEQ] (20/47) SRR22373283
---- Sun Mar 22 15:02:54 UTC 2026 :: START SRR22373283 ----
[prefetch] downloading SRR22373283 -> /work/ugbogu/pipeline/data/nbl/SRP409177/sra
2026-03-22T15:02:54 prefetch.3.2.1: 1) Resolving 'SRR22373283'...
2026-03-22T15:02:57 prefetch.3.2.1: Current preference is set to retrieve SRA Normalized Format files with full base quality scores
2026-03-22T15:02:57 prefetch.3.2.1: 1) Downloading 'SRR22373283'...
2026-03-22T15:02:57 prefetch.3.2.1:  SRA Normalized Format file is being retrieved
2026-03-22T15:02:57 prefetch.3.2.1:  Downloading via HTTPS...
2026-03-22T15:07:05 prefetch.3.2.1:  HTTPS download succeed
2026-03-22T15:07:09 prefetch.3.2.1:  'SRR22373283' is valid: 2410979227 bytes were streamed from 2410972635
2026-03-22T15:07:09 prefetch.3.2.1: 1) 'SRR22373283' was downloaded successfully
2026-03-22T15:07:09 prefetch.3.2.1: 1) Resolving 'SRR22373283's dependencies...
2026-03-22T15:07:09 prefetch.3.2.1: 'SRR22373283' has 0 unresolved dependencies
[fasterq-dump] SRC=/work/ugbogu/pipeline/data/nbl/SRP409177/sra/SRR22373283
[fasterq-dump] threads=8
[fasterq-dump] tmp=/work/ugbogu/pipeline/data/nbl/SRP409177/tmp/86405
[fasterq-dump] outdir=/work/ugbogu/pipeline/data/nbl/SRP409177/fastq
[pigz] compressing SRR22373283_1.fastq and SRR22373283_2.fastq
---- Sun Mar 22 15:11:40 UTC 2026 :: DONE SRR22373283 ----
[SEQ] (21/47) SRR22373291
---- Sun Mar 22 15:11:40 UTC 2026 :: START SRR22373291 ----
[prefetch] downloading SRR22373291 -> /work/ugbogu/pipeline/data/nbl/SRP409177/sra
2026-03-22T15:11:40 prefetch.3.2.1: 1) Resolving 'SRR22373291'...
2026-03-22T15:11:45 prefetch.3.2.1: Current preference is set to retrieve SRA Normalized Format files with full base quality scores
2026-03-22T15:11:46 prefetch.3.2.1: 1) Downloading 'SRR22373291'...
2026-03-22T15:11:46 prefetch.3.2.1:  SRA Normalized Format file is being retrieved
2026-03-22T15:11:46 prefetch.3.2.1:  Downloading via HTTPS...
2026-03-22T15:12:46 prefetch.3.2.1:  HTTPS download succeed
2026-03-22T15:12:49 prefetch.3.2.1:  'SRR22373291' is valid: 1835546397 bytes were streamed from 1835532879
2026-03-22T15:12:49 prefetch.3.2.1: 1) 'SRR22373291' was downloaded successfully
2026-03-22T15:12:49 prefetch.3.2.1: 1) Resolving 'SRR22373291's dependencies...
2026-03-22T15:12:49 prefetch.3.2.1: 'SRR22373291' has 0 unresolved dependencies
[fasterq-dump] SRC=/work/ugbogu/pipeline/data/nbl/SRP409177/sra/SRR22373291
[fasterq-dump] threads=8
[fasterq-dump] tmp=/work/ugbogu/pipeline/data/nbl/SRP409177/tmp/86405
[fasterq-dump] outdir=/work/ugbogu/pipeline/data/nbl/SRP409177/fastq
[pigz] compressing SRR22373291_1.fastq and SRR22373291_2.fastq
---- Sun Mar 22 15:16:11 UTC 2026 :: DONE SRR22373291 ----
[SEQ] (22/47) SRR22373294
---- Sun Mar 22 15:16:11 UTC 2026 :: START SRR22373294 ----
[prefetch] downloading SRR22373294 -> /work/ugbogu/pipeline/data/nbl/SRP409177/sra
2026-03-22T15:16:11 prefetch.3.2.1: 1) Resolving 'SRR22373294'...
2026-03-22T15:16:13 prefetch.3.2.1: Current preference is set to retrieve SRA Normalized Format files with full base quality scores
2026-03-22T15:16:14 prefetch.3.2.1: 1) Downloading 'SRR22373294'...
2026-03-22T15:16:14 prefetch.3.2.1:  SRA Normalized Format file is being retrieved
2026-03-22T15:16:14 prefetch.3.2.1:  Downloading via HTTPS...
2026-03-22T15:17:50 prefetch.3.2.1:  HTTPS download succeed
2026-03-22T15:17:53 prefetch.3.2.1:  'SRR22373294' is valid: 1999155464 bytes were streamed from 1999144807
2026-03-22T15:17:53 prefetch.3.2.1: 1) 'SRR22373294' was downloaded successfully
2026-03-22T15:17:53 prefetch.3.2.1: 1) Resolving 'SRR22373294's dependencies...
2026-03-22T15:17:53 prefetch.3.2.1: 'SRR22373294' has 0 unresolved dependencies
[fasterq-dump] SRC=/work/ugbogu/pipeline/data/nbl/SRP409177/sra/SRR22373294
[fasterq-dump] threads=8
[fasterq-dump] tmp=/work/ugbogu/pipeline/data/nbl/SRP409177/tmp/86405
[fasterq-dump] outdir=/work/ugbogu/pipeline/data/nbl/SRP409177/fastq
[pigz] compressing SRR22373294_1.fastq and SRR22373294_2.fastq
---- Sun Mar 22 15:21:51 UTC 2026 :: DONE SRR22373294 ----
[SEQ] (23/47) SRR22373290
---- Sun Mar 22 15:21:51 UTC 2026 :: START SRR22373290 ----
[prefetch] downloading SRR22373290 -> /work/ugbogu/pipeline/data/nbl/SRP409177/sra
2026-03-22T15:21:51 prefetch.3.2.1: 1) Resolving 'SRR22373290'...
2026-03-22T15:21:53 prefetch.3.2.1: Current preference is set to retrieve SRA Normalized Format files with full base quality scores
2026-03-22T15:21:54 prefetch.3.2.1: 1) Downloading 'SRR22373290'...
2026-03-22T15:21:54 prefetch.3.2.1:  SRA Normalized Format file is being retrieved
2026-03-22T15:21:54 prefetch.3.2.1:  Downloading via HTTPS...
2026-03-22T15:25:11 prefetch.3.2.1:  HTTPS download succeed
2026-03-22T15:25:16 prefetch.3.2.1:  'SRR22373290' is valid: 2950842869 bytes were streamed from 2950838895
2026-03-22T15:25:16 prefetch.3.2.1: 1) 'SRR22373290' was downloaded successfully
2026-03-22T15:25:16 prefetch.3.2.1: 1) Resolving 'SRR22373290's dependencies...
2026-03-22T15:25:16 prefetch.3.2.1: 'SRR22373290' has 0 unresolved dependencies
[fasterq-dump] SRC=/work/ugbogu/pipeline/data/nbl/SRP409177/sra/SRR22373290
[fasterq-dump] threads=8
[fasterq-dump] tmp=/work/ugbogu/pipeline/data/nbl/SRP409177/tmp/86405
[fasterq-dump] outdir=/work/ugbogu/pipeline/data/nbl/SRP409177/fastq
[pigz] compressing SRR22373290_1.fastq and SRR22373290_2.fastq
---- Sun Mar 22 15:30:52 UTC 2026 :: DONE SRR22373290 ----
[SEQ] (24/47) SRR22373289
---- Sun Mar 22 15:30:52 UTC 2026 :: START SRR22373289 ----
[prefetch] downloading SRR22373289 -> /work/ugbogu/pipeline/data/nbl/SRP409177/sra
2026-03-22T15:30:52 prefetch.3.2.1: 1) Resolving 'SRR22373289'...
2026-03-22T15:30:55 prefetch.3.2.1: Current preference is set to retrieve SRA Normalized Format files with full base quality scores
2026-03-22T15:30:56 prefetch.3.2.1: 1) Downloading 'SRR22373289'...
2026-03-22T15:30:56 prefetch.3.2.1:  SRA Normalized Format file is being retrieved
2026-03-22T15:30:56 prefetch.3.2.1:  Downloading via HTTPS...
2026-03-22T15:32:32 prefetch.3.2.1:  HTTPS download succeed
2026-03-22T15:32:36 prefetch.3.2.1:  'SRR22373289' is valid: 2408680332 bytes were streamed from 2408672789
2026-03-22T15:32:36 prefetch.3.2.1: 1) 'SRR22373289' was downloaded successfully
2026-03-22T15:32:36 prefetch.3.2.1: 1) Resolving 'SRR22373289's dependencies...
2026-03-22T15:32:36 prefetch.3.2.1: 'SRR22373289' has 0 unresolved dependencies
[fasterq-dump] SRC=/work/ugbogu/pipeline/data/nbl/SRP409177/sra/SRR22373289
[fasterq-dump] threads=8
[fasterq-dump] tmp=/work/ugbogu/pipeline/data/nbl/SRP409177/tmp/86405
[fasterq-dump] outdir=/work/ugbogu/pipeline/data/nbl/SRP409177/fastq
[pigz] compressing SRR22373289_1.fastq and SRR22373289_2.fastq
---- Sun Mar 22 15:37:07 UTC 2026 :: DONE SRR22373289 ----
[SEQ] (25/47) SRR22373288
---- Sun Mar 22 15:37:07 UTC 2026 :: START SRR22373288 ----
[prefetch] downloading SRR22373288 -> /work/ugbogu/pipeline/data/nbl/SRP409177/sra
2026-03-22T15:37:07 prefetch.3.2.1: 1) Resolving 'SRR22373288'...
2026-03-22T15:37:09 prefetch.3.2.1: Current preference is set to retrieve SRA Normalized Format files with full base quality scores
2026-03-22T15:37:10 prefetch.3.2.1: 1) Downloading 'SRR22373288'...
2026-03-22T15:37:10 prefetch.3.2.1:  SRA Normalized Format file is being retrieved
2026-03-22T15:37:10 prefetch.3.2.1:  Downloading via HTTPS...
2026-03-22T15:38:35 prefetch.3.2.1:  HTTPS download succeed
2026-03-22T15:38:39 prefetch.3.2.1:  'SRR22373288' is valid: 2132933699 bytes were streamed from 2132918631
2026-03-22T15:38:39 prefetch.3.2.1: 1) 'SRR22373288' was downloaded successfully
2026-03-22T15:38:39 prefetch.3.2.1: 1) Resolving 'SRR22373288's dependencies...
2026-03-22T15:38:39 prefetch.3.2.1: 'SRR22373288' has 0 unresolved dependencies
[fasterq-dump] SRC=/work/ugbogu/pipeline/data/nbl/SRP409177/sra/SRR22373288
[fasterq-dump] threads=8
[fasterq-dump] tmp=/work/ugbogu/pipeline/data/nbl/SRP409177/tmp/86405
[fasterq-dump] outdir=/work/ugbogu/pipeline/data/nbl/SRP409177/fastq
[pigz] compressing SRR22373288_1.fastq and SRR22373288_2.fastq
---- Sun Mar 22 15:42:31 UTC 2026 :: DONE SRR22373288 ----
[SEQ] (26/47) SRR22373297
---- Sun Mar 22 15:42:31 UTC 2026 :: START SRR22373297 ----
[prefetch] downloading SRR22373297 -> /work/ugbogu/pipeline/data/nbl/SRP409177/sra
2026-03-22T15:42:31 prefetch.3.2.1: 1) Resolving 'SRR22373297'...
2026-03-22T15:42:34 prefetch.3.2.1: Current preference is set to retrieve SRA Normalized Format files with full base quality scores
2026-03-22T15:42:34 prefetch.3.2.1: 1) Downloading 'SRR22373297'...
2026-03-22T15:42:34 prefetch.3.2.1:  SRA Normalized Format file is being retrieved
2026-03-22T15:42:34 prefetch.3.2.1:  Downloading via HTTPS...
2026-03-22T15:43:41 prefetch.3.2.1:  HTTPS download succeed
2026-03-22T15:43:44 prefetch.3.2.1:  'SRR22373297' is valid: 1980500918 bytes were streamed from 1980500219
2026-03-22T15:43:44 prefetch.3.2.1: 1) 'SRR22373297' was downloaded successfully
2026-03-22T15:43:44 prefetch.3.2.1: 1) Resolving 'SRR22373297's dependencies...
2026-03-22T15:43:44 prefetch.3.2.1: 'SRR22373297' has 0 unresolved dependencies
[fasterq-dump] SRC=/work/ugbogu/pipeline/data/nbl/SRP409177/sra/SRR22373297
[fasterq-dump] threads=8
[fasterq-dump] tmp=/work/ugbogu/pipeline/data/nbl/SRP409177/tmp/86405
[fasterq-dump] outdir=/work/ugbogu/pipeline/data/nbl/SRP409177/fastq
[pigz] compressing SRR22373297_1.fastq and SRR22373297_2.fastq
---- Sun Mar 22 15:47:30 UTC 2026 :: DONE SRR22373297 ----
[SEQ] (27/47) SRR22373296
---- Sun Mar 22 15:47:30 UTC 2026 :: START SRR22373296 ----
[prefetch] downloading SRR22373296 -> /work/ugbogu/pipeline/data/nbl/SRP409177/sra
2026-03-22T15:47:30 prefetch.3.2.1: 1) Resolving 'SRR22373296'...
2026-03-22T15:47:33 prefetch.3.2.1: Current preference is set to retrieve SRA Normalized Format files with full base quality scores
2026-03-22T15:47:33 prefetch.3.2.1: 1) Downloading 'SRR22373296'...
2026-03-22T15:47:33 prefetch.3.2.1:  SRA Normalized Format file is being retrieved
2026-03-22T15:47:33 prefetch.3.2.1:  Downloading via HTTPS...
2026-03-22T15:48:51 prefetch.3.2.1:  HTTPS download succeed
2026-03-22T15:48:55 prefetch.3.2.1:  'SRR22373296' is valid: 2069966493 bytes were streamed from 2069950977
2026-03-22T15:48:55 prefetch.3.2.1: 1) 'SRR22373296' was downloaded successfully
2026-03-22T15:48:55 prefetch.3.2.1: 1) Resolving 'SRR22373296's dependencies...
2026-03-22T15:48:55 prefetch.3.2.1: 'SRR22373296' has 0 unresolved dependencies
[fasterq-dump] SRC=/work/ugbogu/pipeline/data/nbl/SRP409177/sra/SRR22373296
[fasterq-dump] threads=8
[fasterq-dump] tmp=/work/ugbogu/pipeline/data/nbl/SRP409177/tmp/86405
[fasterq-dump] outdir=/work/ugbogu/pipeline/data/nbl/SRP409177/fastq
[pigz] compressing SRR22373296_1.fastq and SRR22373296_2.fastq
---- Sun Mar 22 15:52:46 UTC 2026 :: DONE SRR22373296 ----
[SEQ] (28/47) SRR22373295
---- Sun Mar 22 15:52:46 UTC 2026 :: START SRR22373295 ----
[prefetch] downloading SRR22373295 -> /work/ugbogu/pipeline/data/nbl/SRP409177/sra
2026-03-22T15:52:46 prefetch.3.2.1: 1) Resolving 'SRR22373295'...
2026-03-22T15:52:49 prefetch.3.2.1: Current preference is set to retrieve SRA Normalized Format files with full base quality scores
2026-03-22T15:52:49 prefetch.3.2.1: 1) Downloading 'SRR22373295'...
2026-03-22T15:52:49 prefetch.3.2.1:  SRA Normalized Format file is being retrieved
2026-03-22T15:52:49 prefetch.3.2.1:  Downloading via HTTPS...
2026-03-22T15:54:00 prefetch.3.2.1:  HTTPS download succeed
2026-03-22T15:54:04 prefetch.3.2.1:  'SRR22373295' is valid: 2136498465 bytes were streamed from 2136495803
2026-03-22T15:54:04 prefetch.3.2.1: 1) 'SRR22373295' was downloaded successfully
2026-03-22T15:54:04 prefetch.3.2.1: 1) Resolving 'SRR22373295's dependencies...
2026-03-22T15:54:04 prefetch.3.2.1: 'SRR22373295' has 0 unresolved dependencies
[fasterq-dump] SRC=/work/ugbogu/pipeline/data/nbl/SRP409177/sra/SRR22373295
[fasterq-dump] threads=8
[fasterq-dump] tmp=/work/ugbogu/pipeline/data/nbl/SRP409177/tmp/86405
[fasterq-dump] outdir=/work/ugbogu/pipeline/data/nbl/SRP409177/fastq
[pigz] compressing SRR22373295_1.fastq and SRR22373295_2.fastq
---- Sun Mar 22 15:58:03 UTC 2026 :: DONE SRR22373295 ----
[SEQ] (29/47) SRR22373293
---- Sun Mar 22 15:58:03 UTC 2026 :: START SRR22373293 ----
[prefetch] downloading SRR22373293 -> /work/ugbogu/pipeline/data/nbl/SRP409177/sra
2026-03-22T15:58:03 prefetch.3.2.1: 1) Resolving 'SRR22373293'...
2026-03-22T15:58:06 prefetch.3.2.1: Current preference is set to retrieve SRA Normalized Format files with full base quality scores
2026-03-22T15:58:07 prefetch.3.2.1: 1) Downloading 'SRR22373293'...
2026-03-22T15:58:07 prefetch.3.2.1:  SRA Normalized Format file is being retrieved
2026-03-22T15:58:07 prefetch.3.2.1:  Downloading via HTTPS...
2026-03-22T15:59:09 prefetch.3.2.1:  HTTPS download succeed
2026-03-22T15:59:12 prefetch.3.2.1:  'SRR22373293' is valid: 1789965349 bytes were streamed from 1789954419
2026-03-22T15:59:12 prefetch.3.2.1: 1) 'SRR22373293' was downloaded successfully
2026-03-22T15:59:12 prefetch.3.2.1: 1) Resolving 'SRR22373293's dependencies...
2026-03-22T15:59:12 prefetch.3.2.1: 'SRR22373293' has 0 unresolved dependencies
[fasterq-dump] SRC=/work/ugbogu/pipeline/data/nbl/SRP409177/sra/SRR22373293
[fasterq-dump] threads=8
[fasterq-dump] tmp=/work/ugbogu/pipeline/data/nbl/SRP409177/tmp/86405
[fasterq-dump] outdir=/work/ugbogu/pipeline/data/nbl/SRP409177/fastq
[pigz] compressing SRR22373293_1.fastq and SRR22373293_2.fastq
---- Sun Mar 22 16:02:30 UTC 2026 :: DONE SRR22373293 ----
[SEQ] (30/47) SRR22373292
---- Sun Mar 22 16:02:30 UTC 2026 :: START SRR22373292 ----
[prefetch] downloading SRR22373292 -> /work/ugbogu/pipeline/data/nbl/SRP409177/sra
2026-03-22T16:02:30 prefetch.3.2.1: 1) Resolving 'SRR22373292'...
2026-03-22T16:02:33 prefetch.3.2.1: Current preference is set to retrieve SRA Normalized Format files with full base quality scores
2026-03-22T16:02:33 prefetch.3.2.1: 1) Downloading 'SRR22373292'...
2026-03-22T16:02:33 prefetch.3.2.1:  SRA Normalized Format file is being retrieved
2026-03-22T16:02:33 prefetch.3.2.1:  Downloading via HTTPS...
2026-03-22T16:03:57 prefetch.3.2.1:  HTTPS download succeed
2026-03-22T16:04:00 prefetch.3.2.1:  'SRR22373292' is valid: 2003837197 bytes were streamed from 2003833679
2026-03-22T16:04:00 prefetch.3.2.1: 1) 'SRR22373292' was downloaded successfully
2026-03-22T16:04:00 prefetch.3.2.1: 1) Resolving 'SRR22373292's dependencies...
2026-03-22T16:04:00 prefetch.3.2.1: 'SRR22373292' has 0 unresolved dependencies
[fasterq-dump] SRC=/work/ugbogu/pipeline/data/nbl/SRP409177/sra/SRR22373292
[fasterq-dump] threads=8
[fasterq-dump] tmp=/work/ugbogu/pipeline/data/nbl/SRP409177/tmp/86405
[fasterq-dump] outdir=/work/ugbogu/pipeline/data/nbl/SRP409177/fastq
[pigz] compressing SRR22373292_1.fastq and SRR22373292_2.fastq
---- Sun Mar 22 16:07:27 UTC 2026 :: DONE SRR22373292 ----
[SEQ] (31/47) SRR22373301
---- Sun Mar 22 16:07:27 UTC 2026 :: START SRR22373301 ----
[prefetch] downloading SRR22373301 -> /work/ugbogu/pipeline/data/nbl/SRP409177/sra
2026-03-22T16:07:27 prefetch.3.2.1: 1) Resolving 'SRR22373301'...
2026-03-22T16:07:34 prefetch.3.2.1: Current preference is set to retrieve SRA Normalized Format files with full base quality scores
2026-03-22T16:07:35 prefetch.3.2.1: 1) Downloading 'SRR22373301'...
2026-03-22T16:07:35 prefetch.3.2.1:  SRA Normalized Format file is being retrieved
2026-03-22T16:07:35 prefetch.3.2.1:  Downloading via HTTPS...
2026-03-22T16:09:52 prefetch.3.2.1:  HTTPS download succeed
2026-03-22T16:09:55 prefetch.3.2.1:  'SRR22373301' is valid: 1560311686 bytes were streamed from 1560297455
2026-03-22T16:09:55 prefetch.3.2.1: 1) 'SRR22373301' was downloaded successfully
2026-03-22T16:09:55 prefetch.3.2.1: 1) Resolving 'SRR22373301's dependencies...
2026-03-22T16:09:55 prefetch.3.2.1: 'SRR22373301' has 0 unresolved dependencies
[fasterq-dump] SRC=/work/ugbogu/pipeline/data/nbl/SRP409177/sra/SRR22373301
[fasterq-dump] threads=8
[fasterq-dump] tmp=/work/ugbogu/pipeline/data/nbl/SRP409177/tmp/86405
[fasterq-dump] outdir=/work/ugbogu/pipeline/data/nbl/SRP409177/fastq
[pigz] compressing SRR22373301_1.fastq and SRR22373301_2.fastq
---- Sun Mar 22 16:13:01 UTC 2026 :: DONE SRR22373301 ----
[SEQ] (32/47) SRR22373300
---- Sun Mar 22 16:13:01 UTC 2026 :: START SRR22373300 ----
[prefetch] downloading SRR22373300 -> /work/ugbogu/pipeline/data/nbl/SRP409177/sra
2026-03-22T16:13:01 prefetch.3.2.1: 1) Resolving 'SRR22373300'...
2026-03-22T16:13:05 prefetch.3.2.1: Current preference is set to retrieve SRA Normalized Format files with full base quality scores
2026-03-22T16:13:05 prefetch.3.2.1: 1) Downloading 'SRR22373300'...
2026-03-22T16:13:05 prefetch.3.2.1:  SRA Normalized Format file is being retrieved
2026-03-22T16:13:05 prefetch.3.2.1:  Downloading via HTTPS...
2026-03-22T16:14:06 prefetch.3.2.1:  HTTPS download succeed
2026-03-22T16:14:08 prefetch.3.2.1:  'SRR22373300' is valid: 1732599087 bytes were streamed from 1732583945
2026-03-22T16:14:08 prefetch.3.2.1: 1) 'SRR22373300' was downloaded successfully
2026-03-22T16:14:08 prefetch.3.2.1: 1) Resolving 'SRR22373300's dependencies...
2026-03-22T16:14:08 prefetch.3.2.1: 'SRR22373300' has 0 unresolved dependencies
[fasterq-dump] SRC=/work/ugbogu/pipeline/data/nbl/SRP409177/sra/SRR22373300
[fasterq-dump] threads=8
[fasterq-dump] tmp=/work/ugbogu/pipeline/data/nbl/SRP409177/tmp/86405
[fasterq-dump] outdir=/work/ugbogu/pipeline/data/nbl/SRP409177/fastq
[pigz] compressing SRR22373300_1.fastq and SRR22373300_2.fastq
---- Sun Mar 22 16:17:20 UTC 2026 :: DONE SRR22373300 ----
[SEQ] (33/47) SRR22373299
---- Sun Mar 22 16:17:20 UTC 2026 :: START SRR22373299 ----
[prefetch] downloading SRR22373299 -> /work/ugbogu/pipeline/data/nbl/SRP409177/sra
2026-03-22T16:17:20 prefetch.3.2.1: 1) Resolving 'SRR22373299'...
2026-03-22T16:17:23 prefetch.3.2.1: Current preference is set to retrieve SRA Normalized Format files with full base quality scores
2026-03-22T16:17:23 prefetch.3.2.1: 1) Downloading 'SRR22373299'...
2026-03-22T16:17:23 prefetch.3.2.1:  SRA Normalized Format file is being retrieved
2026-03-22T16:17:23 prefetch.3.2.1:  Downloading via HTTPS...
2026-03-22T16:18:35 prefetch.3.2.1:  HTTPS download succeed
2026-03-22T16:18:38 prefetch.3.2.1:  'SRR22373299' is valid: 1917044854 bytes were streamed from 1917041191
2026-03-22T16:18:38 prefetch.3.2.1: 1) 'SRR22373299' was downloaded successfully
2026-03-22T16:18:38 prefetch.3.2.1: 1) Resolving 'SRR22373299's dependencies...
2026-03-22T16:18:38 prefetch.3.2.1: 'SRR22373299' has 0 unresolved dependencies
[fasterq-dump] SRC=/work/ugbogu/pipeline/data/nbl/SRP409177/sra/SRR22373299
[fasterq-dump] threads=8
[fasterq-dump] tmp=/work/ugbogu/pipeline/data/nbl/SRP409177/tmp/86405
[fasterq-dump] outdir=/work/ugbogu/pipeline/data/nbl/SRP409177/fastq
[pigz] compressing SRR22373299_1.fastq and SRR22373299_2.fastq
---- Sun Mar 22 16:22:10 UTC 2026 :: DONE SRR22373299 ----
[SEQ] (34/47) SRR22373302
---- Sun Mar 22 16:22:10 UTC 2026 :: START SRR22373302 ----
[prefetch] downloading SRR22373302 -> /work/ugbogu/pipeline/data/nbl/SRP409177/sra
2026-03-22T16:22:10 prefetch.3.2.1: 1) Resolving 'SRR22373302'...
2026-03-22T16:22:13 prefetch.3.2.1: Current preference is set to retrieve SRA Normalized Format files with full base quality scores
2026-03-22T16:22:13 prefetch.3.2.1: 1) Downloading 'SRR22373302'...
2026-03-22T16:22:13 prefetch.3.2.1:  SRA Normalized Format file is being retrieved
2026-03-22T16:22:13 prefetch.3.2.1:  Downloading via HTTPS...
2026-03-22T16:23:45 prefetch.3.2.1:  HTTPS download succeed
2026-03-22T16:23:48 prefetch.3.2.1:  'SRR22373302' is valid: 2061071283 bytes were streamed from 2061057679
2026-03-22T16:23:48 prefetch.3.2.1: 1) 'SRR22373302' was downloaded successfully
2026-03-22T16:23:48 prefetch.3.2.1: 1) Resolving 'SRR22373302's dependencies...
2026-03-22T16:23:49 prefetch.3.2.1: 'SRR22373302' has 0 unresolved dependencies
[fasterq-dump] SRC=/work/ugbogu/pipeline/data/nbl/SRP409177/sra/SRR22373302
[fasterq-dump] threads=8
[fasterq-dump] tmp=/work/ugbogu/pipeline/data/nbl/SRP409177/tmp/86405
[fasterq-dump] outdir=/work/ugbogu/pipeline/data/nbl/SRP409177/fastq
[pigz] compressing SRR22373302_1.fastq and SRR22373302_2.fastq
---- Sun Mar 22 16:27:40 UTC 2026 :: DONE SRR22373302 ----
[SEQ] (35/47) SRR22373298
---- Sun Mar 22 16:27:40 UTC 2026 :: START SRR22373298 ----
[prefetch] downloading SRR22373298 -> /work/ugbogu/pipeline/data/nbl/SRP409177/sra
2026-03-22T16:27:40 prefetch.3.2.1: 1) Resolving 'SRR22373298'...
2026-03-22T16:27:42 prefetch.3.2.1: Current preference is set to retrieve SRA Normalized Format files with full base quality scores
2026-03-22T16:27:43 prefetch.3.2.1: 1) Downloading 'SRR22373298'...
2026-03-22T16:27:43 prefetch.3.2.1:  SRA Normalized Format file is being retrieved
2026-03-22T16:27:43 prefetch.3.2.1:  Downloading via HTTPS...
2026-03-22T16:33:24 prefetch.3.2.1:  HTTPS download succeed
2026-03-22T16:33:27 prefetch.3.2.1:  'SRR22373298' is valid: 2131209657 bytes were streamed from 2131201039
2026-03-22T16:33:27 prefetch.3.2.1: 1) 'SRR22373298' was downloaded successfully
2026-03-22T16:33:27 prefetch.3.2.1: 1) Resolving 'SRR22373298's dependencies...
2026-03-22T16:33:27 prefetch.3.2.1: 'SRR22373298' has 0 unresolved dependencies
[fasterq-dump] SRC=/work/ugbogu/pipeline/data/nbl/SRP409177/sra/SRR22373298
[fasterq-dump] threads=8
[fasterq-dump] tmp=/work/ugbogu/pipeline/data/nbl/SRP409177/tmp/86405
[fasterq-dump] outdir=/work/ugbogu/pipeline/data/nbl/SRP409177/fastq
[pigz] compressing SRR22373298_1.fastq and SRR22373298_2.fastq
---- Sun Mar 22 16:37:13 UTC 2026 :: DONE SRR22373298 ----
[SEQ] (36/47) SRR22373310
---- Sun Mar 22 16:37:13 UTC 2026 :: START SRR22373310 ----
[prefetch] downloading SRR22373310 -> /work/ugbogu/pipeline/data/nbl/SRP409177/sra
2026-03-22T16:37:13 prefetch.3.2.1: 1) Resolving 'SRR22373310'...
2026-03-22T16:37:21 prefetch.3.2.1: Current preference is set to retrieve SRA Normalized Format files with full base quality scores
2026-03-22T16:37:25 prefetch.3.2.1: 1) Downloading 'SRR22373310'...
2026-03-22T16:37:25 prefetch.3.2.1:  SRA Normalized Format file is being retrieved
2026-03-22T16:37:25 prefetch.3.2.1:  Downloading via HTTPS...
2026-03-22T16:43:36 prefetch.3.2.1:  HTTPS download succeed
2026-03-22T16:43:39 prefetch.3.2.1:  'SRR22373310' is valid: 1798098737 bytes were streamed from 1798084067
2026-03-22T16:43:39 prefetch.3.2.1: 1) 'SRR22373310' was downloaded successfully
2026-03-22T16:43:39 prefetch.3.2.1: 1) Resolving 'SRR22373310's dependencies...
2026-03-22T16:43:39 prefetch.3.2.1: 'SRR22373310' has 0 unresolved dependencies
[fasterq-dump] SRC=/work/ugbogu/pipeline/data/nbl/SRP409177/sra/SRR22373310
[fasterq-dump] threads=8
[fasterq-dump] tmp=/work/ugbogu/pipeline/data/nbl/SRP409177/tmp/86405
[fasterq-dump] outdir=/work/ugbogu/pipeline/data/nbl/SRP409177/fastq
[pigz] compressing SRR22373310_1.fastq and SRR22373310_2.fastq
---- Sun Mar 22 16:46:59 UTC 2026 :: DONE SRR22373310 ----
[SEQ] (37/47) SRR22373306
---- Sun Mar 22 16:46:59 UTC 2026 :: START SRR22373306 ----
[prefetch] downloading SRR22373306 -> /work/ugbogu/pipeline/data/nbl/SRP409177/sra
2026-03-22T16:46:59 prefetch.3.2.1: 1) Resolving 'SRR22373306'...
2026-03-22T16:47:04 prefetch.3.2.1: Current preference is set to retrieve SRA Normalized Format files with full base quality scores
2026-03-22T16:47:05 prefetch.3.2.1: 1) Downloading 'SRR22373306'...
2026-03-22T16:47:05 prefetch.3.2.1:  SRA Normalized Format file is being retrieved
2026-03-22T16:47:05 prefetch.3.2.1:  Downloading via HTTPS...
2026-03-22T16:48:08 prefetch.3.2.1:  HTTPS download succeed
2026-03-22T16:48:11 prefetch.3.2.1:  'SRR22373306' is valid: 1809635412 bytes were streamed from 1809621571
2026-03-22T16:48:11 prefetch.3.2.1: 1) 'SRR22373306' was downloaded successfully
2026-03-22T16:48:11 prefetch.3.2.1: 1) Resolving 'SRR22373306's dependencies...
2026-03-22T16:48:11 prefetch.3.2.1: 'SRR22373306' has 0 unresolved dependencies
[fasterq-dump] SRC=/work/ugbogu/pipeline/data/nbl/SRP409177/sra/SRR22373306
[fasterq-dump] threads=8
[fasterq-dump] tmp=/work/ugbogu/pipeline/data/nbl/SRP409177/tmp/86405
[fasterq-dump] outdir=/work/ugbogu/pipeline/data/nbl/SRP409177/fastq
[pigz] compressing SRR22373306_1.fastq and SRR22373306_2.fastq
---- Sun Mar 22 16:51:26 UTC 2026 :: DONE SRR22373306 ----
[SEQ] (38/47) SRR22373305
---- Sun Mar 22 16:51:26 UTC 2026 :: START SRR22373305 ----
[prefetch] downloading SRR22373305 -> /work/ugbogu/pipeline/data/nbl/SRP409177/sra
2026-03-22T16:51:26 prefetch.3.2.1: 1) Resolving 'SRR22373305'...
2026-03-22T16:51:29 prefetch.3.2.1: Current preference is set to retrieve SRA Normalized Format files with full base quality scores
2026-03-22T16:51:29 prefetch.3.2.1: 1) Downloading 'SRR22373305'...
2026-03-22T16:51:29 prefetch.3.2.1:  SRA Normalized Format file is being retrieved
2026-03-22T16:51:29 prefetch.3.2.1:  Downloading via HTTPS...
2026-03-22T16:53:26 prefetch.3.2.1:  HTTPS download succeed
2026-03-22T16:53:29 prefetch.3.2.1:  'SRR22373305' is valid: 1884721557 bytes were streamed from 1884708353
2026-03-22T16:53:29 prefetch.3.2.1: 1) 'SRR22373305' was downloaded successfully
2026-03-22T16:53:29 prefetch.3.2.1: 1) Resolving 'SRR22373305's dependencies...
2026-03-22T16:53:29 prefetch.3.2.1: 'SRR22373305' has 0 unresolved dependencies
[fasterq-dump] SRC=/work/ugbogu/pipeline/data/nbl/SRP409177/sra/SRR22373305
[fasterq-dump] threads=8
[fasterq-dump] tmp=/work/ugbogu/pipeline/data/nbl/SRP409177/tmp/86405
[fasterq-dump] outdir=/work/ugbogu/pipeline/data/nbl/SRP409177/fastq
[pigz] compressing SRR22373305_1.fastq and SRR22373305_2.fastq
---- Sun Mar 22 16:56:54 UTC 2026 :: DONE SRR22373305 ----
[SEQ] (39/47) SRR22373304
---- Sun Mar 22 16:56:54 UTC 2026 :: START SRR22373304 ----
[prefetch] downloading SRR22373304 -> /work/ugbogu/pipeline/data/nbl/SRP409177/sra
2026-03-22T16:56:54 prefetch.3.2.1: 1) Resolving 'SRR22373304'...
2026-03-22T16:56:57 prefetch.3.2.1: Current preference is set to retrieve SRA Normalized Format files with full base quality scores
2026-03-22T16:56:58 prefetch.3.2.1: 1) Downloading 'SRR22373304'...
2026-03-22T16:56:58 prefetch.3.2.1:  SRA Normalized Format file is being retrieved
2026-03-22T16:56:58 prefetch.3.2.1:  Downloading via HTTPS...
2026-03-22T16:58:11 prefetch.3.2.1:  HTTPS download succeed
2026-03-22T16:58:14 prefetch.3.2.1:  'SRR22373304' is valid: 1952150055 bytes were streamed from 1952149013
2026-03-22T16:58:14 prefetch.3.2.1: 1) 'SRR22373304' was downloaded successfully
2026-03-22T16:58:14 prefetch.3.2.1: 1) Resolving 'SRR22373304's dependencies...
2026-03-22T16:58:14 prefetch.3.2.1: 'SRR22373304' has 0 unresolved dependencies
[fasterq-dump] SRC=/work/ugbogu/pipeline/data/nbl/SRP409177/sra/SRR22373304
[fasterq-dump] threads=8
[fasterq-dump] tmp=/work/ugbogu/pipeline/data/nbl/SRP409177/tmp/86405
[fasterq-dump] outdir=/work/ugbogu/pipeline/data/nbl/SRP409177/fastq
[pigz] compressing SRR22373304_1.fastq and SRR22373304_2.fastq
---- Sun Mar 22 17:01:48 UTC 2026 :: DONE SRR22373304 ----
[SEQ] (40/47) SRR22373303
---- Sun Mar 22 17:01:48 UTC 2026 :: START SRR22373303 ----
[prefetch] downloading SRR22373303 -> /work/ugbogu/pipeline/data/nbl/SRP409177/sra
2026-03-22T17:01:48 prefetch.3.2.1: 1) Resolving 'SRR22373303'...
2026-03-22T17:01:51 prefetch.3.2.1: Current preference is set to retrieve SRA Normalized Format files with full base quality scores
2026-03-22T17:01:51 prefetch.3.2.1: 1) Downloading 'SRR22373303'...
2026-03-22T17:01:51 prefetch.3.2.1:  SRA Normalized Format file is being retrieved
2026-03-22T17:01:51 prefetch.3.2.1:  Downloading via HTTPS...
2026-03-22T17:03:00 prefetch.3.2.1:  HTTPS download succeed
2026-03-22T17:03:03 prefetch.3.2.1:  'SRR22373303' is valid: 1856626075 bytes were streamed from 1856610711
2026-03-22T17:03:03 prefetch.3.2.1: 1) 'SRR22373303' was downloaded successfully
2026-03-22T17:03:03 prefetch.3.2.1: 1) Resolving 'SRR22373303's dependencies...
2026-03-22T17:03:03 prefetch.3.2.1: 'SRR22373303' has 0 unresolved dependencies
[fasterq-dump] SRC=/work/ugbogu/pipeline/data/nbl/SRP409177/sra/SRR22373303
[fasterq-dump] threads=8
[fasterq-dump] tmp=/work/ugbogu/pipeline/data/nbl/SRP409177/tmp/86405
[fasterq-dump] outdir=/work/ugbogu/pipeline/data/nbl/SRP409177/fastq
[pigz] compressing SRR22373303_1.fastq and SRR22373303_2.fastq
---- Sun Mar 22 17:06:27 UTC 2026 :: DONE SRR22373303 ----
[SEQ] (41/47) SRR22373312
---- Sun Mar 22 17:06:27 UTC 2026 :: START SRR22373312 ----
[prefetch] downloading SRR22373312 -> /work/ugbogu/pipeline/data/nbl/SRP409177/sra
2026-03-22T17:06:27 prefetch.3.2.1: 1) Resolving 'SRR22373312'...
2026-03-22T17:06:30 prefetch.3.2.1: Current preference is set to retrieve SRA Normalized Format files with full base quality scores
2026-03-22T17:06:30 prefetch.3.2.1: 1) Downloading 'SRR22373312'...
2026-03-22T17:06:30 prefetch.3.2.1:  SRA Normalized Format file is being retrieved
2026-03-22T17:06:30 prefetch.3.2.1:  Downloading via HTTPS...
2026-03-22T17:07:17 prefetch.3.2.1:  HTTPS download succeed
2026-03-22T17:07:19 prefetch.3.2.1:  'SRR22373312' is valid: 1410788774 bytes were streamed from 1410784211
2026-03-22T17:07:19 prefetch.3.2.1: 1) 'SRR22373312' was downloaded successfully
2026-03-22T17:07:19 prefetch.3.2.1: 1) Resolving 'SRR22373312's dependencies...
2026-03-22T17:07:19 prefetch.3.2.1: 'SRR22373312' has 0 unresolved dependencies
[fasterq-dump] SRC=/work/ugbogu/pipeline/data/nbl/SRP409177/sra/SRR22373312
[fasterq-dump] threads=8
[fasterq-dump] tmp=/work/ugbogu/pipeline/data/nbl/SRP409177/tmp/86405
[fasterq-dump] outdir=/work/ugbogu/pipeline/data/nbl/SRP409177/fastq
[pigz] compressing SRR22373312_1.fastq and SRR22373312_2.fastq
---- Sun Mar 22 17:09:54 UTC 2026 :: DONE SRR22373312 ----
[SEQ] (42/47) SRR22373311
---- Sun Mar 22 17:09:54 UTC 2026 :: START SRR22373311 ----
[prefetch] downloading SRR22373311 -> /work/ugbogu/pipeline/data/nbl/SRP409177/sra
2026-03-22T17:09:54 prefetch.3.2.1: 1) Resolving 'SRR22373311'...
2026-03-22T17:09:57 prefetch.3.2.1: Current preference is set to retrieve SRA Normalized Format files with full base quality scores
2026-03-22T17:09:57 prefetch.3.2.1: 1) Downloading 'SRR22373311'...
2026-03-22T17:09:57 prefetch.3.2.1:  SRA Normalized Format file is being retrieved
2026-03-22T17:09:57 prefetch.3.2.1:  Downloading via HTTPS...
2026-03-22T17:10:46 prefetch.3.2.1:  HTTPS download succeed
2026-03-22T17:10:48 prefetch.3.2.1:  'SRR22373311' is valid: 1478246747 bytes were streamed from 1478237339
2026-03-22T17:10:48 prefetch.3.2.1: 1) 'SRR22373311' was downloaded successfully
2026-03-22T17:10:48 prefetch.3.2.1: 1) Resolving 'SRR22373311's dependencies...
2026-03-22T17:10:48 prefetch.3.2.1: 'SRR22373311' has 0 unresolved dependencies
[fasterq-dump] SRC=/work/ugbogu/pipeline/data/nbl/SRP409177/sra/SRR22373311
[fasterq-dump] threads=8
[fasterq-dump] tmp=/work/ugbogu/pipeline/data/nbl/SRP409177/tmp/86405
[fasterq-dump] outdir=/work/ugbogu/pipeline/data/nbl/SRP409177/fastq
[pigz] compressing SRR22373311_1.fastq and SRR22373311_2.fastq
---- Sun Mar 22 17:13:41 UTC 2026 :: DONE SRR22373311 ----
[SEQ] (43/47) SRR22373309
---- Sun Mar 22 17:13:41 UTC 2026 :: START SRR22373309 ----
[prefetch] downloading SRR22373309 -> /work/ugbogu/pipeline/data/nbl/SRP409177/sra
2026-03-22T17:13:41 prefetch.3.2.1: 1) Resolving 'SRR22373309'...
2026-03-22T17:13:43 prefetch.3.2.1: Current preference is set to retrieve SRA Normalized Format files with full base quality scores
2026-03-22T17:13:44 prefetch.3.2.1: 1) Downloading 'SRR22373309'...
2026-03-22T17:13:44 prefetch.3.2.1:  SRA Normalized Format file is being retrieved
2026-03-22T17:13:44 prefetch.3.2.1:  Downloading via HTTPS...
2026-03-22T17:14:39 prefetch.3.2.1:  HTTPS download succeed
2026-03-22T17:14:41 prefetch.3.2.1:  'SRR22373309' is valid: 1705681990 bytes were streamed from 1705673443
2026-03-22T17:14:41 prefetch.3.2.1: 1) 'SRR22373309' was downloaded successfully
2026-03-22T17:14:41 prefetch.3.2.1: 1) Resolving 'SRR22373309's dependencies...
2026-03-22T17:14:41 prefetch.3.2.1: 'SRR22373309' has 0 unresolved dependencies
[fasterq-dump] SRC=/work/ugbogu/pipeline/data/nbl/SRP409177/sra/SRR22373309
[fasterq-dump] threads=8
[fasterq-dump] tmp=/work/ugbogu/pipeline/data/nbl/SRP409177/tmp/86405
[fasterq-dump] outdir=/work/ugbogu/pipeline/data/nbl/SRP409177/fastq
[pigz] compressing SRR22373309_1.fastq and SRR22373309_2.fastq
---- Sun Mar 22 17:17:55 UTC 2026 :: DONE SRR22373309 ----
[SEQ] (44/47) SRR22373308
---- Sun Mar 22 17:17:55 UTC 2026 :: START SRR22373308 ----
[prefetch] downloading SRR22373308 -> /work/ugbogu/pipeline/data/nbl/SRP409177/sra
2026-03-22T17:17:55 prefetch.3.2.1: 1) Resolving 'SRR22373308'...
2026-03-22T17:17:58 prefetch.3.2.1: Current preference is set to retrieve SRA Normalized Format files with full base quality scores
2026-03-22T17:17:58 prefetch.3.2.1: 1) Downloading 'SRR22373308'...
2026-03-22T17:17:58 prefetch.3.2.1:  SRA Normalized Format file is being retrieved
2026-03-22T17:17:58 prefetch.3.2.1:  Downloading via HTTPS...
2026-03-22T17:18:52 prefetch.3.2.1:  HTTPS download succeed
2026-03-22T17:18:54 prefetch.3.2.1:  'SRR22373308' is valid: 1658142492 bytes were streamed from 1658129379
2026-03-22T17:18:54 prefetch.3.2.1: 1) 'SRR22373308' was downloaded successfully
2026-03-22T17:18:54 prefetch.3.2.1: 1) Resolving 'SRR22373308's dependencies...
2026-03-22T17:18:54 prefetch.3.2.1: 'SRR22373308' has 0 unresolved dependencies
[fasterq-dump] SRC=/work/ugbogu/pipeline/data/nbl/SRP409177/sra/SRR22373308
[fasterq-dump] threads=8
[fasterq-dump] tmp=/work/ugbogu/pipeline/data/nbl/SRP409177/tmp/86405
[fasterq-dump] outdir=/work/ugbogu/pipeline/data/nbl/SRP409177/fastq
[pigz] compressing SRR22373308_1.fastq and SRR22373308_2.fastq
---- Sun Mar 22 17:21:58 UTC 2026 :: DONE SRR22373308 ----
[SEQ] (45/47) SRR22373307
---- Sun Mar 22 17:21:58 UTC 2026 :: START SRR22373307 ----
[prefetch] downloading SRR22373307 -> /work/ugbogu/pipeline/data/nbl/SRP409177/sra
2026-03-22T17:21:58 prefetch.3.2.1: 1) Resolving 'SRR22373307'...
2026-03-22T17:22:00 prefetch.3.2.1: Current preference is set to retrieve SRA Normalized Format files with full base quality scores
2026-03-22T17:22:01 prefetch.3.2.1: 1) Downloading 'SRR22373307'...
2026-03-22T17:22:01 prefetch.3.2.1:  SRA Normalized Format file is being retrieved
2026-03-22T17:22:01 prefetch.3.2.1:  Downloading via HTTPS...
2026-03-22T17:22:59 prefetch.3.2.1:  HTTPS download succeed
2026-03-22T17:23:02 prefetch.3.2.1:  'SRR22373307' is valid: 1674496463 bytes were streamed from 1674493363
2026-03-22T17:23:02 prefetch.3.2.1: 1) 'SRR22373307' was downloaded successfully
2026-03-22T17:23:02 prefetch.3.2.1: 1) Resolving 'SRR22373307's dependencies...
2026-03-22T17:23:02 prefetch.3.2.1: 'SRR22373307' has 0 unresolved dependencies
[fasterq-dump] SRC=/work/ugbogu/pipeline/data/nbl/SRP409177/sra/SRR22373307
[fasterq-dump] threads=8
[fasterq-dump] tmp=/work/ugbogu/pipeline/data/nbl/SRP409177/tmp/86405
[fasterq-dump] outdir=/work/ugbogu/pipeline/data/nbl/SRP409177/fastq
[pigz] compressing SRR22373307_1.fastq and SRR22373307_2.fastq
---- Sun Mar 22 17:26:13 UTC 2026 :: DONE SRR22373307 ----
[SEQ] (46/47) SRR22373314
---- Sun Mar 22 17:26:13 UTC 2026 :: START SRR22373314 ----
[prefetch] downloading SRR22373314 -> /work/ugbogu/pipeline/data/nbl/SRP409177/sra
2026-03-22T17:26:13 prefetch.3.2.1: 1) Resolving 'SRR22373314'...
2026-03-22T17:26:17 prefetch.3.2.1: Current preference is set to retrieve SRA Normalized Format files with full base quality scores
2026-03-22T17:26:17 prefetch.3.2.1: 1) Downloading 'SRR22373314'...
2026-03-22T17:26:17 prefetch.3.2.1:  SRA Normalized Format file is being retrieved
2026-03-22T17:26:17 prefetch.3.2.1:  Downloading via HTTPS...
2026-03-22T17:27:21 prefetch.3.2.1:  HTTPS download succeed
2026-03-22T17:27:24 prefetch.3.2.1:  'SRR22373314' is valid: 1943294839 bytes were streamed from 1943289607
2026-03-22T17:27:24 prefetch.3.2.1: 1) 'SRR22373314' was downloaded successfully
2026-03-22T17:27:24 prefetch.3.2.1: 1) Resolving 'SRR22373314's dependencies...
2026-03-22T17:27:24 prefetch.3.2.1: 'SRR22373314' has 0 unresolved dependencies
[fasterq-dump] SRC=/work/ugbogu/pipeline/data/nbl/SRP409177/sra/SRR22373314
[fasterq-dump] threads=8
[fasterq-dump] tmp=/work/ugbogu/pipeline/data/nbl/SRP409177/tmp/86405
[fasterq-dump] outdir=/work/ugbogu/pipeline/data/nbl/SRP409177/fastq
[pigz] compressing SRR22373314_1.fastq and SRR22373314_2.fastq
---- Sun Mar 22 17:30:52 UTC 2026 :: DONE SRR22373314 ----
[SEQ] (47/47) SRR22373313
---- Sun Mar 22 17:30:52 UTC 2026 :: START SRR22373313 ----
[prefetch] downloading SRR22373313 -> /work/ugbogu/pipeline/data/nbl/SRP409177/sra
2026-03-22T17:30:52 prefetch.3.2.1: 1) Resolving 'SRR22373313'...
2026-03-22T17:30:54 prefetch.3.2.1: Current preference is set to retrieve SRA Normalized Format files with full base quality scores
2026-03-22T17:30:54 prefetch.3.2.1: 1) Downloading 'SRR22373313'...
2026-03-22T17:30:54 prefetch.3.2.1:  SRA Normalized Format file is being retrieved
2026-03-22T17:30:54 prefetch.3.2.1:  Downloading via HTTPS...
2026-03-22T17:32:02 prefetch.3.2.1:  HTTPS download succeed
2026-03-22T17:32:05 prefetch.3.2.1:  'SRR22373313' is valid: 2049444606 bytes were streamed from 2049443043
2026-03-22T17:32:05 prefetch.3.2.1: 1) 'SRR22373313' was downloaded successfully
2026-03-22T17:32:05 prefetch.3.2.1: 1) Resolving 'SRR22373313's dependencies...
2026-03-22T17:32:05 prefetch.3.2.1: 'SRR22373313' has 0 unresolved dependencies
[fasterq-dump] SRC=/work/ugbogu/pipeline/data/nbl/SRP409177/sra/SRR22373313
[fasterq-dump] threads=8
[fasterq-dump] tmp=/work/ugbogu/pipeline/data/nbl/SRP409177/tmp/86405
[fasterq-dump] outdir=/work/ugbogu/pipeline/data/nbl/SRP409177/fastq
[pigz] compressing SRR22373313_1.fastq and SRR22373313_2.fastq
---- Sun Mar 22 17:35:46 UTC 2026 :: DONE SRR22373313 ----
== Sun Mar 22 17:35:46 UTC 2026 :: ALL DONE ==
