spots read      : 37,586,621
reads read      : 75,173,242
reads written   : 75,173,242
spots read      : 37,514,010
reads read      : 75,028,020
reads written   : 75,028,020
spots read      : 35,856,632
reads read      : 71,713,264
reads written   : 71,713,264
spots read      : 32,347,607
reads read      : 64,695,214
reads written   : 64,695,214
spots read      : 31,890,916
reads read      : 63,781,832
reads written   : 63,781,832
spots read      : 43,247,592
reads read      : 86,495,184
reads written   : 86,495,184
spots read      : 35,915,255
reads read      : 71,830,510
reads written   : 71,830,510
spots read      : 32,047,046
reads read      : 64,094,092
reads written   : 64,094,092
spots read      : 40,355,699
reads read      : 80,711,398
reads written   : 80,711,398
spots read      : 34,954,611
reads read      : 69,909,222
reads written   : 69,909,222
spots read      : 36,440,832
reads read      : 72,881,664
reads written   : 72,881,664
spots read      : 34,307,581
reads read      : 68,615,162
reads written   : 68,615,162
spots read      : 41,097,487
reads read      : 82,194,974
reads written   : 82,194,974
spots read      : 34,010,474
reads read      : 68,020,948
reads written   : 68,020,948
spots read      : 39,646,036
reads read      : 79,292,072
reads written   : 79,292,072
