== Sun Mar 22 13:14:28 UTC 2026 :: START ==
Host: hcc05
[INFO] ROOT=/work/ugbogu/pipeline/data/nbl
[INFO] LOG_DIR=/work/ugbogu/pipeline/data/nbl/logs
[INFO] SCRIPT=/work/ugbogu/pipeline/preprocessing_and_quality_control/scripts/download_nbl_tumour_sample_srr_ids.py
[INFO] Tool checks
/usr/bin/python3
Python 3.9.21
/home/ugbogu/edirect/esearch
/home/ugbogu/edirect/efetch
[INFO] Running SRR extraction for all NBL datasets
[INFO] === Processing GSE100148 ===
[INFO] Using cached RunInfo: /work/ugbogu/pipeline/data/nbl/GSE100148/metadata/SraRunInfo.csv
[INFO] Using cached SOFT file: /work/ugbogu/pipeline/data/nbl/GSE100148/GSE100148_family.soft.gz
[INFO] Extracted 65 GSM titles from GSE100148_family.soft.gz
[INFO] Selected 15 primary GSMs matching pattern '.*patient.*RNA-seq$'
[INFO] GSE100148
[INFO] Primary GSMs matched     : 15
[INFO] Tumour RNA-seq runs      : 15
[INFO] Paired-end tumour RNA-seq: 15
[INFO] Wrote: /work/ugbogu/pipeline/data/nbl/GSE100148/all_primary_tumour_srr.txt
[INFO] Wrote: /work/ugbogu/pipeline/data/nbl/GSE100148/all_primary_tumour_pe.txt
[INFO] === Processing GSE189367 ===
[INFO] Using cached RunInfo: /work/ugbogu/pipeline/data/nbl/GSE189367/metadata/SraRunInfo.csv
[INFO] GSE189367
[INFO] Tumour RNA-seq runs      : 64
[INFO] Paired-end tumour RNA-seq: 64
[INFO] Wrote: /work/ugbogu/pipeline/data/nbl/GSE189367/all_primary_tumour_srr.txt
[INFO] Wrote: /work/ugbogu/pipeline/data/nbl/GSE189367/all_primary_tumour_pe.txt
[INFO] === Processing SRP409177 ===
[INFO] Using cached RunInfo: /work/ugbogu/pipeline/data/nbl/SRP409177/metadata/SraRunInfo.csv
[INFO] SRP409177
[INFO] Tumour RNA-seq runs      : 47
[INFO] Paired-end tumour RNA-seq: 47
[INFO] Wrote: /work/ugbogu/pipeline/data/nbl/SRP409177/all_primary_tumour_srr.txt
[INFO] Wrote: /work/ugbogu/pipeline/data/nbl/SRP409177/all_primary_tumour_pe.txt
== Sun Mar 22 13:14:29 UTC 2026 :: DONE ==
