                                 Started job on |	Mar 28 22:26:14
                             Started mapping on |	Mar 28 22:26:35
                                    Finished on |	Mar 28 22:45:30
       Mapping speed, Million of reads per hour |	97.51

                          Number of input reads |	30741811
                      Average input read length |	283
                                    UNIQUE READS:
                   Uniquely mapped reads number |	26541843
                        Uniquely mapped reads % |	86.34%
                          Average mapped length |	282.71
                       Number of splices: Total |	34377770
            Number of splices: Annotated (sjdb) |	33863936
                       Number of splices: GT/AG |	34061826
                       Number of splices: GC/AG |	232097
                       Number of splices: AT/AC |	30228
               Number of splices: Non-canonical |	53619
                      Mismatch rate per base, % |	0.26%
                         Deletion rate per base |	0.01%
                        Deletion average length |	1.71
                        Insertion rate per base |	0.00%
                       Insertion average length |	1.53
                             MULTI-MAPPING READS:
        Number of reads mapped to multiple loci |	2828619
             % of reads mapped to multiple loci |	9.20%
        Number of reads mapped to too many loci |	173312
             % of reads mapped to too many loci |	0.56%
                                  UNMAPPED READS:
  Number of reads unmapped: too many mismatches |	0
       % of reads unmapped: too many mismatches |	0.00%
            Number of reads unmapped: too short |	1040940
                 % of reads unmapped: too short |	3.39%
                Number of reads unmapped: other |	157097
                     % of reads unmapped: other |	0.51%
                                  CHIMERIC READS:
                       Number of chimeric reads |	0
                            % of chimeric reads |	0.00%
