                                 Started job on |	Apr 10 01:58:24
                             Started mapping on |	Apr 10 01:58:31
                                    Finished on |	Apr 10 02:03:34
       Mapping speed, Million of reads per hour |	345.48

                          Number of input reads |	29078007
                      Average input read length |	202
                                    UNIQUE READS:
                   Uniquely mapped reads number |	23156413
                        Uniquely mapped reads % |	79.64%
                          Average mapped length |	200.07
                       Number of splices: Total |	6149251
            Number of splices: Annotated (sjdb) |	5987531
                       Number of splices: GT/AG |	6081635
                       Number of splices: GC/AG |	40795
                       Number of splices: AT/AC |	4432
               Number of splices: Non-canonical |	22389
                      Mismatch rate per base, % |	0.27%
                         Deletion rate per base |	0.02%
                        Deletion average length |	1.30
                        Insertion rate per base |	0.01%
                       Insertion average length |	1.54
                             MULTI-MAPPING READS:
        Number of reads mapped to multiple loci |	3139525
             % of reads mapped to multiple loci |	10.80%
        Number of reads mapped to too many loci |	70023
             % of reads mapped to too many loci |	0.24%
                                  UNMAPPED READS:
  Number of reads unmapped: too many mismatches |	0
       % of reads unmapped: too many mismatches |	0.00%
            Number of reads unmapped: too short |	2664726
                 % of reads unmapped: too short |	9.16%
                Number of reads unmapped: other |	47320
                     % of reads unmapped: other |	0.16%
                                  CHIMERIC READS:
                       Number of chimeric reads |	0
                            % of chimeric reads |	0.00%
