                                 Started job on |	Mar 28 19:27:16
                             Started mapping on |	Mar 28 19:27:31
                                    Finished on |	Mar 28 19:29:59
       Mapping speed, Million of reads per hour |	964.36

                          Number of input reads |	39646036
                      Average input read length |	100
                                    UNIQUE READS:
                   Uniquely mapped reads number |	35091004
                        Uniquely mapped reads % |	88.51%
                          Average mapped length |	99.19
                       Number of splices: Total |	7314570
            Number of splices: Annotated (sjdb) |	7184542
                       Number of splices: GT/AG |	7217566
                       Number of splices: GC/AG |	52485
                       Number of splices: AT/AC |	9828
               Number of splices: Non-canonical |	34691
                      Mismatch rate per base, % |	0.28%
                         Deletion rate per base |	0.01%
                        Deletion average length |	1.26
                        Insertion rate per base |	0.00%
                       Insertion average length |	1.20
                             MULTI-MAPPING READS:
        Number of reads mapped to multiple loci |	2077647
             % of reads mapped to multiple loci |	5.24%
        Number of reads mapped to too many loci |	49197
             % of reads mapped to too many loci |	0.12%
                                  UNMAPPED READS:
  Number of reads unmapped: too many mismatches |	0
       % of reads unmapped: too many mismatches |	0.00%
            Number of reads unmapped: too short |	2375246
                 % of reads unmapped: too short |	5.99%
                Number of reads unmapped: other |	52942
                     % of reads unmapped: other |	0.13%
                                  CHIMERIC READS:
                       Number of chimeric reads |	0
                            % of chimeric reads |	0.00%
