== Mon Oct  6 22:59:14 CEST 2025 :: START ==
Host: frodo.hpc.dsmz.de
[INFO] LIST=/home/chu25/data/nbl/GSE100148/SRP109627.txt  TOTAL=5  OUT=/home/chu25/data/nbl/GSE100148/fastq  SRA=/home/chu25/data/nbl/GSE100148/sra  TMP=/home/chu25/data/nbl/GSE100148/tmp
[SEQ] (1/5) SRR5710452
---- Mon Oct  6 22:59:42 CEST 2025 :: START SRR5710452 ----
[prefetch] SRR5710452 → /home/chu25/data/nbl/GSE100148/sra

2025-10-06T20:59:47 prefetch.3.0.10: Current preference is set to retrieve SRA Normalized Format files with full base quality scores.
2025-10-06T20:59:47 prefetch.3.0.10: 1) Downloading 'SRR5710452'...
2025-10-06T20:59:47 prefetch.3.0.10: SRA Normalized Format file is being retrieved, if this is different from your preference, it may be due to current file availability.
2025-10-06T20:59:47 prefetch.3.0.10:  Downloading via HTTPS...
2025-10-06T21:05:38 prefetch.3.0.10:  HTTPS download succeed
2025-10-06T21:06:01 prefetch.3.0.10:  'SRR5710452' is valid
2025-10-06T21:06:01 prefetch.3.0.10: 1) 'SRR5710452' was downloaded successfully
[fasterq-dump] SRC=/home/chu25/data/nbl/GSE100148/sra/SRR5710452 threads=8 tmp=/home/chu25/data/nbl/GSE100148/tmp
[pigz] compressing SRR5710452_*.fastq
---- Mon Oct  6 23:10:12 CEST 2025 :: DONE  SRR5710452 ----
[SEQ] (2/5) SRR5710457
---- Mon Oct  6 23:10:12 CEST 2025 :: START SRR5710457 ----
[prefetch] SRR5710457 → /home/chu25/data/nbl/GSE100148/sra

2025-10-06T21:10:14 prefetch.3.0.10: Current preference is set to retrieve SRA Normalized Format files with full base quality scores.
2025-10-06T21:10:15 prefetch.3.0.10: 1) Downloading 'SRR5710457'...
2025-10-06T21:10:15 prefetch.3.0.10: SRA Normalized Format file is being retrieved, if this is different from your preference, it may be due to current file availability.
2025-10-06T21:10:15 prefetch.3.0.10:  Downloading via HTTPS...
2025-10-06T21:13:31 prefetch.3.0.10:  HTTPS download succeed
2025-10-06T21:13:45 prefetch.3.0.10:  'SRR5710457' is valid
2025-10-06T21:13:45 prefetch.3.0.10: 1) 'SRR5710457' was downloaded successfully
[fasterq-dump] SRC=/home/chu25/data/nbl/GSE100148/sra/SRR5710457 threads=8 tmp=/home/chu25/data/nbl/GSE100148/tmp
[pigz] compressing SRR5710457_*.fastq
---- Mon Oct  6 23:16:26 CEST 2025 :: DONE  SRR5710457 ----
[SEQ] (3/5) SRR5710462
---- Mon Oct  6 23:16:26 CEST 2025 :: START SRR5710462 ----
[prefetch] SRR5710462 → /home/chu25/data/nbl/GSE100148/sra

2025-10-06T21:16:28 prefetch.3.0.10: Current preference is set to retrieve SRA Normalized Format files with full base quality scores.
2025-10-06T21:16:28 prefetch.3.0.10: 1) Downloading 'SRR5710462'...
2025-10-06T21:16:28 prefetch.3.0.10: SRA Normalized Format file is being retrieved, if this is different from your preference, it may be due to current file availability.
2025-10-06T21:16:28 prefetch.3.0.10:  Downloading via HTTPS...
2025-10-06T21:20:08 prefetch.3.0.10:  HTTPS download succeed
2025-10-06T21:20:24 prefetch.3.0.10:  'SRR5710462' is valid
2025-10-06T21:20:24 prefetch.3.0.10: 1) 'SRR5710462' was downloaded successfully
[fasterq-dump] SRC=/home/chu25/data/nbl/GSE100148/sra/SRR5710462 threads=8 tmp=/home/chu25/data/nbl/GSE100148/tmp
[pigz] compressing SRR5710462_*.fastq
---- Mon Oct  6 23:23:21 CEST 2025 :: DONE  SRR5710462 ----
[SEQ] (4/5) SRR5710467
---- Mon Oct  6 23:23:21 CEST 2025 :: START SRR5710467 ----
[prefetch] SRR5710467 → /home/chu25/data/nbl/GSE100148/sra

2025-10-06T21:23:23 prefetch.3.0.10: Current preference is set to retrieve SRA Normalized Format files with full base quality scores.
2025-10-06T21:23:23 prefetch.3.0.10: 1) Downloading 'SRR5710467'...
2025-10-06T21:23:23 prefetch.3.0.10: SRA Normalized Format file is being retrieved, if this is different from your preference, it may be due to current file availability.
2025-10-06T21:23:23 prefetch.3.0.10:  Downloading via HTTPS...
2025-10-06T21:28:26 prefetch.3.0.10:  HTTPS download succeed
2025-10-06T21:28:48 prefetch.3.0.10:  'SRR5710467' is valid
2025-10-06T21:28:48 prefetch.3.0.10: 1) 'SRR5710467' was downloaded successfully
[fasterq-dump] SRC=/home/chu25/data/nbl/GSE100148/sra/SRR5710467 threads=8 tmp=/home/chu25/data/nbl/GSE100148/tmp
[pigz] compressing SRR5710467_*.fastq
---- Mon Oct  6 23:32:49 CEST 2025 :: DONE  SRR5710467 ----
[SEQ] (5/5) SRR5710479
---- Mon Oct  6 23:32:49 CEST 2025 :: START SRR5710479 ----
[prefetch] SRR5710479 → /home/chu25/data/nbl/GSE100148/sra

2025-10-06T21:32:51 prefetch.3.0.10: Current preference is set to retrieve SRA Normalized Format files with full base quality scores.
2025-10-06T21:32:52 prefetch.3.0.10: 1) Downloading 'SRR5710479'...
2025-10-06T21:32:52 prefetch.3.0.10: SRA Normalized Format file is being retrieved, if this is different from your preference, it may be due to current file availability.
2025-10-06T21:32:52 prefetch.3.0.10:  Downloading via HTTPS...
2025-10-06T21:43:18 prefetch.3.0.10:  HTTPS download succeed
2025-10-06T21:44:04 prefetch.3.0.10:  'SRR5710479' is valid
2025-10-06T21:44:04 prefetch.3.0.10: 1) 'SRR5710479' was downloaded successfully
2025-10-06T21:44:04 prefetch.3.0.10: 'SRR5710479' has 0 unresolved dependencies
[fasterq-dump] SRC=/home/chu25/data/nbl/GSE100148/sra/SRR5710479 threads=8 tmp=/home/chu25/data/nbl/GSE100148/tmp
[pigz] compressing SRR5710479_*.fastq
---- Mon Oct  6 23:57:25 CEST 2025 :: DONE  SRR5710479 ----
== Mon Oct  6 23:57:25 CEST 2025 :: ALL DONE ==
