                                 Started job on |	Apr 10 01:21:54
                             Started mapping on |	Apr 10 01:22:01
                                    Finished on |	Apr 10 01:34:49
       Mapping speed, Million of reads per hour |	130.66

                          Number of input reads |	27874313
                      Average input read length |	283
                                    UNIQUE READS:
                   Uniquely mapped reads number |	24660742
                        Uniquely mapped reads % |	88.47%
                          Average mapped length |	283.22
                       Number of splices: Total |	36197991
            Number of splices: Annotated (sjdb) |	35748990
                       Number of splices: GT/AG |	35841391
                       Number of splices: GC/AG |	270303
                       Number of splices: AT/AC |	36403
               Number of splices: Non-canonical |	49894
                      Mismatch rate per base, % |	0.30%
                         Deletion rate per base |	0.01%
                        Deletion average length |	1.79
                        Insertion rate per base |	0.00%
                       Insertion average length |	1.80
                             MULTI-MAPPING READS:
        Number of reads mapped to multiple loci |	2139345
             % of reads mapped to multiple loci |	7.67%
        Number of reads mapped to too many loci |	52206
             % of reads mapped to too many loci |	0.19%
                                  UNMAPPED READS:
  Number of reads unmapped: too many mismatches |	0
       % of reads unmapped: too many mismatches |	0.00%
            Number of reads unmapped: too short |	949216
                 % of reads unmapped: too short |	3.41%
                Number of reads unmapped: other |	72804
                     % of reads unmapped: other |	0.26%
                                  CHIMERIC READS:
                       Number of chimeric reads |	0
                            % of chimeric reads |	0.00%
