== Thu Mar 19 23:35:59 UTC 2026 :: START ==
Host: hcc31
[INFO] ROOT=/work/ugbogu/pipeline/data/rbl
[INFO] DATASET=GSE268136_primary_tumours
[INFO] BASE=/work/ugbogu/pipeline/data/rbl/GSE268136_primary_tumours
[INFO] LIST=/work/ugbogu/pipeline/data/rbl/GSE268136_primary_tumours/all_primary_tumour_pe.txt
[INFO] SRA_DIR=/work/ugbogu/pipeline/data/rbl/GSE268136_primary_tumours/sra
[INFO] FASTQ_DIR=/work/ugbogu/pipeline/data/rbl/GSE268136_primary_tumours/fastq
[INFO] LOG_DIR=/work/ugbogu/pipeline/data/rbl/GSE268136_primary_tumours/logs
[INFO] TMPDIR=/work/ugbogu/pipeline/data/rbl/GSE268136_primary_tumours/tmp/85694
[INFO] THREADS=8
[INFO] TOTAL SRRs TO PROCESS: 50
[SEQ] (1/50) SRR29131293
---- Thu Mar 19 23:35:59 UTC 2026 :: START SRR29131293 ----
[prefetch] downloading SRR29131293 -> /work/ugbogu/pipeline/data/rbl/GSE268136_primary_tumours/sra
2026-03-19T23:35:59 prefetch.3.2.1: 1) Resolving 'SRR29131293'...
2026-03-19T23:36:02 prefetch.3.2.1: Current preference is set to retrieve SRA Normalized Format files with full base quality scores
2026-03-19T23:36:02 prefetch.3.2.1: 1) Downloading 'SRR29131293'...
2026-03-19T23:36:02 prefetch.3.2.1:  SRA Normalized Format file is being retrieved
2026-03-19T23:36:02 prefetch.3.2.1:  Downloading via HTTPS...
2026-03-19T23:47:04 prefetch.3.2.1:  HTTPS download succeed
2026-03-19T23:47:16 prefetch.3.2.1:  'SRR29131293' is valid: 8238940908 bytes were streamed from 8238929891
2026-03-19T23:47:16 prefetch.3.2.1: 1) 'SRR29131293' was downloaded successfully
2026-03-19T23:47:16 prefetch.3.2.1: 1) Resolving 'SRR29131293's dependencies...
2026-03-19T23:47:16 prefetch.3.2.1: 'SRR29131293' has 0 unresolved dependencies
[fasterq-dump] SRC=/work/ugbogu/pipeline/data/rbl/GSE268136_primary_tumours/sra/SRR29131293
[fasterq-dump] threads=8
[fasterq-dump] tmp=/work/ugbogu/pipeline/data/rbl/GSE268136_primary_tumours/tmp/85694
[fasterq-dump] outdir=/work/ugbogu/pipeline/data/rbl/GSE268136_primary_tumours/fastq
[pigz] compressing SRR29131293_1.fastq and SRR29131293_2.fastq
---- Fri Mar 20 00:03:04 UTC 2026 :: DONE SRR29131293 ----
[SEQ] (2/50) SRR29131292
---- Fri Mar 20 00:03:04 UTC 2026 :: START SRR29131292 ----
[prefetch] downloading SRR29131292 -> /work/ugbogu/pipeline/data/rbl/GSE268136_primary_tumours/sra
2026-03-20T00:03:04 prefetch.3.2.1: 1) Resolving 'SRR29131292'...
2026-03-20T00:03:07 prefetch.3.2.1: Current preference is set to retrieve SRA Normalized Format files with full base quality scores
2026-03-20T00:03:07 prefetch.3.2.1: 1) Downloading 'SRR29131292'...
2026-03-20T00:03:07 prefetch.3.2.1:  SRA Normalized Format file is being retrieved
2026-03-20T00:03:07 prefetch.3.2.1:  Downloading via HTTPS...
2026-03-20T00:42:13 prefetch.3.2.1:  HTTPS download succeed
2026-03-20T00:42:27 prefetch.3.2.1:  'SRR29131292' is valid: 9223721782 bytes were streamed from 9223705434
2026-03-20T00:42:27 prefetch.3.2.1: 1) 'SRR29131292' was downloaded successfully
2026-03-20T00:42:27 prefetch.3.2.1: 1) Resolving 'SRR29131292's dependencies...
2026-03-20T00:42:27 prefetch.3.2.1: 'SRR29131292' has 0 unresolved dependencies
[fasterq-dump] SRC=/work/ugbogu/pipeline/data/rbl/GSE268136_primary_tumours/sra/SRR29131292
[fasterq-dump] threads=8
[fasterq-dump] tmp=/work/ugbogu/pipeline/data/rbl/GSE268136_primary_tumours/tmp/85694
[fasterq-dump] outdir=/work/ugbogu/pipeline/data/rbl/GSE268136_primary_tumours/fastq
[pigz] compressing SRR29131292_1.fastq and SRR29131292_2.fastq
---- Fri Mar 20 01:00:00 UTC 2026 :: DONE SRR29131292 ----
[SEQ] (3/50) SRR29131291
---- Fri Mar 20 01:00:00 UTC 2026 :: START SRR29131291 ----
[prefetch] downloading SRR29131291 -> /work/ugbogu/pipeline/data/rbl/GSE268136_primary_tumours/sra
2026-03-20T01:00:01 prefetch.3.2.1: 1) Resolving 'SRR29131291'...
2026-03-20T01:00:03 prefetch.3.2.1: Current preference is set to retrieve SRA Normalized Format files with full base quality scores
2026-03-20T01:00:03 prefetch.3.2.1: 1) Downloading 'SRR29131291'...
2026-03-20T01:00:03 prefetch.3.2.1:  SRA Normalized Format file is being retrieved
2026-03-20T01:00:03 prefetch.3.2.1:  Downloading via HTTPS...
2026-03-20T01:08:49 prefetch.3.2.1:  HTTPS download succeed
2026-03-20T01:09:07 prefetch.3.2.1:  'SRR29131291' is valid: 11139839601 bytes were streamed from 11139828273
2026-03-20T01:09:07 prefetch.3.2.1: 1) 'SRR29131291' was downloaded successfully
2026-03-20T01:09:07 prefetch.3.2.1: 1) Resolving 'SRR29131291's dependencies...
2026-03-20T01:09:07 prefetch.3.2.1: 'SRR29131291' has 0 unresolved dependencies
[fasterq-dump] SRC=/work/ugbogu/pipeline/data/rbl/GSE268136_primary_tumours/sra/SRR29131291
[fasterq-dump] threads=8
[fasterq-dump] tmp=/work/ugbogu/pipeline/data/rbl/GSE268136_primary_tumours/tmp/85694
[fasterq-dump] outdir=/work/ugbogu/pipeline/data/rbl/GSE268136_primary_tumours/fastq
[pigz] compressing SRR29131291_1.fastq and SRR29131291_2.fastq
---- Fri Mar 20 01:31:06 UTC 2026 :: DONE SRR29131291 ----
[SEQ] (4/50) SRR29131290
---- Fri Mar 20 01:31:06 UTC 2026 :: START SRR29131290 ----
[prefetch] downloading SRR29131290 -> /work/ugbogu/pipeline/data/rbl/GSE268136_primary_tumours/sra
2026-03-20T01:31:06 prefetch.3.2.1: 1) Resolving 'SRR29131290'...
2026-03-20T01:31:11 prefetch.3.2.1: Current preference is set to retrieve SRA Normalized Format files with full base quality scores
2026-03-20T01:31:11 prefetch.3.2.1: 1) Downloading 'SRR29131290'...
2026-03-20T01:31:11 prefetch.3.2.1:  SRA Normalized Format file is being retrieved
2026-03-20T01:31:11 prefetch.3.2.1:  Downloading via HTTPS...
2026-03-20T01:44:37 prefetch.3.2.1:  HTTPS download succeed
2026-03-20T01:44:54 prefetch.3.2.1:  'SRR29131290' is valid: 10585821154 bytes were streamed from 10585816725
2026-03-20T01:44:54 prefetch.3.2.1: 1) 'SRR29131290' was downloaded successfully
2026-03-20T01:44:54 prefetch.3.2.1: 1) Resolving 'SRR29131290's dependencies...
2026-03-20T01:44:54 prefetch.3.2.1: 'SRR29131290' has 0 unresolved dependencies
[fasterq-dump] SRC=/work/ugbogu/pipeline/data/rbl/GSE268136_primary_tumours/sra/SRR29131290
[fasterq-dump] threads=8
[fasterq-dump] tmp=/work/ugbogu/pipeline/data/rbl/GSE268136_primary_tumours/tmp/85694
[fasterq-dump] outdir=/work/ugbogu/pipeline/data/rbl/GSE268136_primary_tumours/fastq
[pigz] compressing SRR29131290_1.fastq and SRR29131290_2.fastq
---- Fri Mar 20 02:05:22 UTC 2026 :: DONE SRR29131290 ----
[SEQ] (5/50) SRR29131289
---- Fri Mar 20 02:05:22 UTC 2026 :: START SRR29131289 ----
[prefetch] downloading SRR29131289 -> /work/ugbogu/pipeline/data/rbl/GSE268136_primary_tumours/sra
2026-03-20T02:05:22 prefetch.3.2.1: 1) Resolving 'SRR29131289'...
2026-03-20T02:05:25 prefetch.3.2.1: Current preference is set to retrieve SRA Normalized Format files with full base quality scores
2026-03-20T02:05:25 prefetch.3.2.1: 1) Downloading 'SRR29131289'...
2026-03-20T02:05:25 prefetch.3.2.1:  SRA Normalized Format file is being retrieved
2026-03-20T02:05:25 prefetch.3.2.1:  Downloading via HTTPS...
2026-03-20T02:10:45 prefetch.3.2.1:  HTTPS download succeed
2026-03-20T02:10:59 prefetch.3.2.1:  'SRR29131289' is valid: 9575045713 bytes were streamed from 9575042978
2026-03-20T02:10:59 prefetch.3.2.1: 1) 'SRR29131289' was downloaded successfully
2026-03-20T02:10:59 prefetch.3.2.1: 1) Resolving 'SRR29131289's dependencies...
2026-03-20T02:10:59 prefetch.3.2.1: 'SRR29131289' has 0 unresolved dependencies
[fasterq-dump] SRC=/work/ugbogu/pipeline/data/rbl/GSE268136_primary_tumours/sra/SRR29131289
[fasterq-dump] threads=8
[fasterq-dump] tmp=/work/ugbogu/pipeline/data/rbl/GSE268136_primary_tumours/tmp/85694
[fasterq-dump] outdir=/work/ugbogu/pipeline/data/rbl/GSE268136_primary_tumours/fastq
[pigz] compressing SRR29131289_1.fastq and SRR29131289_2.fastq
---- Fri Mar 20 02:28:48 UTC 2026 :: DONE SRR29131289 ----
[SEQ] (6/50) SRR29131288
---- Fri Mar 20 02:28:48 UTC 2026 :: START SRR29131288 ----
[prefetch] downloading SRR29131288 -> /work/ugbogu/pipeline/data/rbl/GSE268136_primary_tumours/sra
2026-03-20T02:28:48 prefetch.3.2.1: 1) Resolving 'SRR29131288'...
2026-03-20T02:28:54 prefetch.3.2.1: Current preference is set to retrieve SRA Normalized Format files with full base quality scores
2026-03-20T02:28:58 prefetch.3.2.1: 1) Downloading 'SRR29131288'...
2026-03-20T02:28:58 prefetch.3.2.1:  SRA Normalized Format file is being retrieved
2026-03-20T02:28:58 prefetch.3.2.1:  Downloading via HTTPS...
2026-03-20T02:33:40 prefetch.3.2.1:  HTTPS download succeed
2026-03-20T02:33:51 prefetch.3.2.1:  'SRR29131288' is valid: 7247570823 bytes were streamed from 7247561603
2026-03-20T02:33:51 prefetch.3.2.1: 1) 'SRR29131288' was downloaded successfully
2026-03-20T02:33:51 prefetch.3.2.1: 1) Resolving 'SRR29131288's dependencies...
2026-03-20T02:33:51 prefetch.3.2.1: 'SRR29131288' has 0 unresolved dependencies
[fasterq-dump] SRC=/work/ugbogu/pipeline/data/rbl/GSE268136_primary_tumours/sra/SRR29131288
[fasterq-dump] threads=8
[fasterq-dump] tmp=/work/ugbogu/pipeline/data/rbl/GSE268136_primary_tumours/tmp/85694
[fasterq-dump] outdir=/work/ugbogu/pipeline/data/rbl/GSE268136_primary_tumours/fastq
[pigz] compressing SRR29131288_1.fastq and SRR29131288_2.fastq
---- Fri Mar 20 02:48:32 UTC 2026 :: DONE SRR29131288 ----
[SEQ] (7/50) SRR29131287
---- Fri Mar 20 02:48:32 UTC 2026 :: START SRR29131287 ----
[prefetch] downloading SRR29131287 -> /work/ugbogu/pipeline/data/rbl/GSE268136_primary_tumours/sra
2026-03-20T02:48:32 prefetch.3.2.1: 1) Resolving 'SRR29131287'...
2026-03-20T02:48:37 prefetch.3.2.1: Current preference is set to retrieve SRA Normalized Format files with full base quality scores
2026-03-20T02:48:38 prefetch.3.2.1: 1) Downloading 'SRR29131287'...
2026-03-20T02:48:38 prefetch.3.2.1:  SRA Normalized Format file is being retrieved
2026-03-20T02:48:38 prefetch.3.2.1:  Downloading via HTTPS...
2026-03-20T02:53:59 prefetch.3.2.1:  HTTPS download succeed
2026-03-20T02:54:14 prefetch.3.2.1:  'SRR29131287' is valid: 9820978476 bytes were streamed from 9820975222
2026-03-20T02:54:14 prefetch.3.2.1: 1) 'SRR29131287' was downloaded successfully
2026-03-20T02:54:14 prefetch.3.2.1: 1) Resolving 'SRR29131287's dependencies...
2026-03-20T02:54:14 prefetch.3.2.1: 'SRR29131287' has 0 unresolved dependencies
[fasterq-dump] SRC=/work/ugbogu/pipeline/data/rbl/GSE268136_primary_tumours/sra/SRR29131287
[fasterq-dump] threads=8
[fasterq-dump] tmp=/work/ugbogu/pipeline/data/rbl/GSE268136_primary_tumours/tmp/85694
[fasterq-dump] outdir=/work/ugbogu/pipeline/data/rbl/GSE268136_primary_tumours/fastq
[pigz] compressing SRR29131287_1.fastq and SRR29131287_2.fastq
---- Fri Mar 20 03:13:09 UTC 2026 :: DONE SRR29131287 ----
[SEQ] (8/50) SRR29131286
---- Fri Mar 20 03:13:09 UTC 2026 :: START SRR29131286 ----
[prefetch] downloading SRR29131286 -> /work/ugbogu/pipeline/data/rbl/GSE268136_primary_tumours/sra
2026-03-20T03:13:09 prefetch.3.2.1: 1) Resolving 'SRR29131286'...
2026-03-20T03:13:12 prefetch.3.2.1: Current preference is set to retrieve SRA Normalized Format files with full base quality scores
2026-03-20T03:13:12 prefetch.3.2.1: 1) Downloading 'SRR29131286'...
2026-03-20T03:13:12 prefetch.3.2.1:  SRA Normalized Format file is being retrieved
2026-03-20T03:13:12 prefetch.3.2.1:  Downloading via HTTPS...
2026-03-20T03:19:27 prefetch.3.2.1:  HTTPS download succeed
2026-03-20T03:19:42 prefetch.3.2.1:  'SRR29131286' is valid: 9819854326 bytes were streamed from 9819839498
2026-03-20T03:19:42 prefetch.3.2.1: 1) 'SRR29131286' was downloaded successfully
2026-03-20T03:19:42 prefetch.3.2.1: 1) Resolving 'SRR29131286's dependencies...
2026-03-20T03:19:42 prefetch.3.2.1: 'SRR29131286' has 0 unresolved dependencies
[fasterq-dump] SRC=/work/ugbogu/pipeline/data/rbl/GSE268136_primary_tumours/sra/SRR29131286
[fasterq-dump] threads=8
[fasterq-dump] tmp=/work/ugbogu/pipeline/data/rbl/GSE268136_primary_tumours/tmp/85694
[fasterq-dump] outdir=/work/ugbogu/pipeline/data/rbl/GSE268136_primary_tumours/fastq
[pigz] compressing SRR29131286_1.fastq and SRR29131286_2.fastq
---- Fri Mar 20 03:39:16 UTC 2026 :: DONE SRR29131286 ----
[SEQ] (9/50) SRR29131285
---- Fri Mar 20 03:39:16 UTC 2026 :: START SRR29131285 ----
[prefetch] downloading SRR29131285 -> /work/ugbogu/pipeline/data/rbl/GSE268136_primary_tumours/sra
2026-03-20T03:39:16 prefetch.3.2.1: 1) Resolving 'SRR29131285'...
2026-03-20T03:39:20 prefetch.3.2.1: Current preference is set to retrieve SRA Normalized Format files with full base quality scores
2026-03-20T03:39:21 prefetch.3.2.1: 1) Downloading 'SRR29131285'...
2026-03-20T03:39:21 prefetch.3.2.1:  SRA Normalized Format file is being retrieved
2026-03-20T03:39:21 prefetch.3.2.1:  Downloading via HTTPS...
2026-03-20T03:47:14 prefetch.3.2.1:  HTTPS download succeed
2026-03-20T03:47:28 prefetch.3.2.1:  'SRR29131285' is valid: 9331584164 bytes were streamed from 9331575102
2026-03-20T03:47:28 prefetch.3.2.1: 1) 'SRR29131285' was downloaded successfully
2026-03-20T03:47:28 prefetch.3.2.1: 1) Resolving 'SRR29131285's dependencies...
2026-03-20T03:47:29 prefetch.3.2.1: 'SRR29131285' has 0 unresolved dependencies
[fasterq-dump] SRC=/work/ugbogu/pipeline/data/rbl/GSE268136_primary_tumours/sra/SRR29131285
[fasterq-dump] threads=8
[fasterq-dump] tmp=/work/ugbogu/pipeline/data/rbl/GSE268136_primary_tumours/tmp/85694
[fasterq-dump] outdir=/work/ugbogu/pipeline/data/rbl/GSE268136_primary_tumours/fastq
[pigz] compressing SRR29131285_1.fastq and SRR29131285_2.fastq
---- Fri Mar 20 04:04:28 UTC 2026 :: DONE SRR29131285 ----
[SEQ] (10/50) SRR29131284
---- Fri Mar 20 04:04:28 UTC 2026 :: START SRR29131284 ----
[prefetch] downloading SRR29131284 -> /work/ugbogu/pipeline/data/rbl/GSE268136_primary_tumours/sra
2026-03-20T04:04:28 prefetch.3.2.1: 1) Resolving 'SRR29131284'...
2026-03-20T04:04:33 prefetch.3.2.1: Current preference is set to retrieve SRA Normalized Format files with full base quality scores
2026-03-20T04:04:33 prefetch.3.2.1: 1) Downloading 'SRR29131284'...
2026-03-20T04:04:33 prefetch.3.2.1:  SRA Normalized Format file is being retrieved
2026-03-20T04:04:33 prefetch.3.2.1:  Downloading via HTTPS...
2026-03-20T04:12:07 prefetch.3.2.1:  HTTPS download succeed
2026-03-20T04:12:22 prefetch.3.2.1:  'SRR29131284' is valid: 9677257001 bytes were streamed from 9677245986
2026-03-20T04:12:22 prefetch.3.2.1: 1) 'SRR29131284' was downloaded successfully
2026-03-20T04:12:22 prefetch.3.2.1: 1) Resolving 'SRR29131284's dependencies...
2026-03-20T04:12:22 prefetch.3.2.1: 'SRR29131284' has 0 unresolved dependencies
[fasterq-dump] SRC=/work/ugbogu/pipeline/data/rbl/GSE268136_primary_tumours/sra/SRR29131284
[fasterq-dump] threads=8
[fasterq-dump] tmp=/work/ugbogu/pipeline/data/rbl/GSE268136_primary_tumours/tmp/85694
[fasterq-dump] outdir=/work/ugbogu/pipeline/data/rbl/GSE268136_primary_tumours/fastq
[pigz] compressing SRR29131284_1.fastq and SRR29131284_2.fastq
---- Fri Mar 20 04:31:00 UTC 2026 :: DONE SRR29131284 ----
[SEQ] (11/50) SRR29131283
---- Fri Mar 20 04:31:00 UTC 2026 :: START SRR29131283 ----
[prefetch] downloading SRR29131283 -> /work/ugbogu/pipeline/data/rbl/GSE268136_primary_tumours/sra
2026-03-20T04:31:00 prefetch.3.2.1: 1) Resolving 'SRR29131283'...
2026-03-20T04:31:04 prefetch.3.2.1: Current preference is set to retrieve SRA Normalized Format files with full base quality scores
2026-03-20T04:31:04 prefetch.3.2.1: 1) Downloading 'SRR29131283'...
2026-03-20T04:31:04 prefetch.3.2.1:  SRA Normalized Format file is being retrieved
2026-03-20T04:31:04 prefetch.3.2.1:  Downloading via HTTPS...
2026-03-20T04:45:56 prefetch.3.2.1:  HTTPS download succeed
2026-03-20T04:46:09 prefetch.3.2.1:  'SRR29131283' is valid: 8904589907 bytes were streamed from 8904576382
2026-03-20T04:46:09 prefetch.3.2.1: 1) 'SRR29131283' was downloaded successfully
2026-03-20T04:46:09 prefetch.3.2.1: 1) Resolving 'SRR29131283's dependencies...
2026-03-20T04:46:09 prefetch.3.2.1: 'SRR29131283' has 0 unresolved dependencies
[fasterq-dump] SRC=/work/ugbogu/pipeline/data/rbl/GSE268136_primary_tumours/sra/SRR29131283
[fasterq-dump] threads=8
[fasterq-dump] tmp=/work/ugbogu/pipeline/data/rbl/GSE268136_primary_tumours/tmp/85694
[fasterq-dump] outdir=/work/ugbogu/pipeline/data/rbl/GSE268136_primary_tumours/fastq
[pigz] compressing SRR29131283_1.fastq and SRR29131283_2.fastq
---- Fri Mar 20 05:03:37 UTC 2026 :: DONE SRR29131283 ----
[SEQ] (12/50) SRR29131282
---- Fri Mar 20 05:03:37 UTC 2026 :: START SRR29131282 ----
[prefetch] downloading SRR29131282 -> /work/ugbogu/pipeline/data/rbl/GSE268136_primary_tumours/sra
2026-03-20T05:03:37 prefetch.3.2.1: 1) Resolving 'SRR29131282'...
2026-03-20T05:03:41 prefetch.3.2.1: Current preference is set to retrieve SRA Normalized Format files with full base quality scores
2026-03-20T05:03:41 prefetch.3.2.1: 1) Downloading 'SRR29131282'...
2026-03-20T05:03:41 prefetch.3.2.1:  SRA Normalized Format file is being retrieved
2026-03-20T05:03:41 prefetch.3.2.1:  Downloading via HTTPS...
2026-03-20T05:12:34 prefetch.3.2.1:  HTTPS download succeed
2026-03-20T05:12:48 prefetch.3.2.1:  'SRR29131282' is valid: 8757881676 bytes were streamed from 8757869750
2026-03-20T05:12:48 prefetch.3.2.1: 1) 'SRR29131282' was downloaded successfully
2026-03-20T05:12:48 prefetch.3.2.1: 1) Resolving 'SRR29131282's dependencies...
2026-03-20T05:12:48 prefetch.3.2.1: 'SRR29131282' has 0 unresolved dependencies
[fasterq-dump] SRC=/work/ugbogu/pipeline/data/rbl/GSE268136_primary_tumours/sra/SRR29131282
[fasterq-dump] threads=8
[fasterq-dump] tmp=/work/ugbogu/pipeline/data/rbl/GSE268136_primary_tumours/tmp/85694
[fasterq-dump] outdir=/work/ugbogu/pipeline/data/rbl/GSE268136_primary_tumours/fastq
[pigz] compressing SRR29131282_1.fastq and SRR29131282_2.fastq
---- Fri Mar 20 05:29:46 UTC 2026 :: DONE SRR29131282 ----
[SEQ] (13/50) SRR29131281
---- Fri Mar 20 05:29:46 UTC 2026 :: START SRR29131281 ----
[prefetch] downloading SRR29131281 -> /work/ugbogu/pipeline/data/rbl/GSE268136_primary_tumours/sra
2026-03-20T05:29:46 prefetch.3.2.1: 1) Resolving 'SRR29131281'...
2026-03-20T05:29:51 prefetch.3.2.1: Current preference is set to retrieve SRA Normalized Format files with full base quality scores
2026-03-20T05:29:54 prefetch.3.2.1: 1) Downloading 'SRR29131281'...
2026-03-20T05:29:54 prefetch.3.2.1:  SRA Normalized Format file is being retrieved
2026-03-20T05:29:54 prefetch.3.2.1:  Downloading via HTTPS...
2026-03-20T05:34:48 prefetch.3.2.1:  HTTPS download succeed
2026-03-20T05:35:01 prefetch.3.2.1:  'SRR29131281' is valid: 8574635120 bytes were streamed from 8574621802
2026-03-20T05:35:01 prefetch.3.2.1: 1) 'SRR29131281' was downloaded successfully
2026-03-20T05:35:01 prefetch.3.2.1: 1) Resolving 'SRR29131281's dependencies...
2026-03-20T05:35:01 prefetch.3.2.1: 'SRR29131281' has 0 unresolved dependencies
[fasterq-dump] SRC=/work/ugbogu/pipeline/data/rbl/GSE268136_primary_tumours/sra/SRR29131281
[fasterq-dump] threads=8
[fasterq-dump] tmp=/work/ugbogu/pipeline/data/rbl/GSE268136_primary_tumours/tmp/85694
[fasterq-dump] outdir=/work/ugbogu/pipeline/data/rbl/GSE268136_primary_tumours/fastq
[pigz] compressing SRR29131281_1.fastq and SRR29131281_2.fastq
---- Fri Mar 20 05:51:26 UTC 2026 :: DONE SRR29131281 ----
[SEQ] (14/50) SRR29131280
---- Fri Mar 20 05:51:26 UTC 2026 :: START SRR29131280 ----
[prefetch] downloading SRR29131280 -> /work/ugbogu/pipeline/data/rbl/GSE268136_primary_tumours/sra
2026-03-20T05:51:26 prefetch.3.2.1: 1) Resolving 'SRR29131280'...
2026-03-20T05:51:30 prefetch.3.2.1: Current preference is set to retrieve SRA Normalized Format files with full base quality scores
2026-03-20T05:51:30 prefetch.3.2.1: 1) Downloading 'SRR29131280'...
2026-03-20T05:51:30 prefetch.3.2.1:  SRA Normalized Format file is being retrieved
2026-03-20T05:51:30 prefetch.3.2.1:  Downloading via HTTPS...
2026-03-20T05:56:08 prefetch.3.2.1:  HTTPS download succeed
2026-03-20T05:56:21 prefetch.3.2.1:  'SRR29131280' is valid: 8470911981 bytes were streamed from 8470906750
2026-03-20T05:56:21 prefetch.3.2.1: 1) 'SRR29131280' was downloaded successfully
2026-03-20T05:56:21 prefetch.3.2.1: 1) Resolving 'SRR29131280's dependencies...
2026-03-20T05:56:21 prefetch.3.2.1: 'SRR29131280' has 0 unresolved dependencies
[fasterq-dump] SRC=/work/ugbogu/pipeline/data/rbl/GSE268136_primary_tumours/sra/SRR29131280
[fasterq-dump] threads=8
[fasterq-dump] tmp=/work/ugbogu/pipeline/data/rbl/GSE268136_primary_tumours/tmp/85694
[fasterq-dump] outdir=/work/ugbogu/pipeline/data/rbl/GSE268136_primary_tumours/fastq
[pigz] compressing SRR29131280_1.fastq and SRR29131280_2.fastq
---- Fri Mar 20 06:12:37 UTC 2026 :: DONE SRR29131280 ----
[SEQ] (15/50) SRR29131279
---- Fri Mar 20 06:12:37 UTC 2026 :: START SRR29131279 ----
[prefetch] downloading SRR29131279 -> /work/ugbogu/pipeline/data/rbl/GSE268136_primary_tumours/sra
2026-03-20T06:12:37 prefetch.3.2.1: 1) Resolving 'SRR29131279'...
2026-03-20T06:12:41 prefetch.3.2.1: Current preference is set to retrieve SRA Normalized Format files with full base quality scores
2026-03-20T06:12:41 prefetch.3.2.1: 1) Downloading 'SRR29131279'...
2026-03-20T06:12:41 prefetch.3.2.1:  SRA Normalized Format file is being retrieved
2026-03-20T06:12:41 prefetch.3.2.1:  Downloading via HTTPS...
2026-03-20T06:16:23 prefetch.3.2.1:  HTTPS download succeed
2026-03-20T06:16:33 prefetch.3.2.1:  'SRR29131279' is valid: 6770834574 bytes were streamed from 6770823423
2026-03-20T06:16:33 prefetch.3.2.1: 1) 'SRR29131279' was downloaded successfully
2026-03-20T06:16:33 prefetch.3.2.1: 1) Resolving 'SRR29131279's dependencies...
2026-03-20T06:16:33 prefetch.3.2.1: 'SRR29131279' has 0 unresolved dependencies
[fasterq-dump] SRC=/work/ugbogu/pipeline/data/rbl/GSE268136_primary_tumours/sra/SRR29131279
[fasterq-dump] threads=8
[fasterq-dump] tmp=/work/ugbogu/pipeline/data/rbl/GSE268136_primary_tumours/tmp/85694
[fasterq-dump] outdir=/work/ugbogu/pipeline/data/rbl/GSE268136_primary_tumours/fastq
[pigz] compressing SRR29131279_1.fastq and SRR29131279_2.fastq
---- Fri Mar 20 06:29:08 UTC 2026 :: DONE SRR29131279 ----
[SEQ] (16/50) SRR29131278
---- Fri Mar 20 06:29:08 UTC 2026 :: START SRR29131278 ----
[prefetch] downloading SRR29131278 -> /work/ugbogu/pipeline/data/rbl/GSE268136_primary_tumours/sra
2026-03-20T06:29:08 prefetch.3.2.1: 1) Resolving 'SRR29131278'...
2026-03-20T06:29:10 prefetch.3.2.1: Current preference is set to retrieve SRA Normalized Format files with full base quality scores
2026-03-20T06:29:11 prefetch.3.2.1: 1) Downloading 'SRR29131278'...
2026-03-20T06:29:11 prefetch.3.2.1:  SRA Normalized Format file is being retrieved
2026-03-20T06:29:11 prefetch.3.2.1:  Downloading via HTTPS...
2026-03-20T06:33:30 prefetch.3.2.1:  HTTPS download succeed
2026-03-20T06:33:40 prefetch.3.2.1:  'SRR29131278' is valid: 6500972405 bytes were streamed from 6500960559
2026-03-20T06:33:40 prefetch.3.2.1: 1) 'SRR29131278' was downloaded successfully
2026-03-20T06:33:40 prefetch.3.2.1: 1) Resolving 'SRR29131278's dependencies...
2026-03-20T06:33:40 prefetch.3.2.1: 'SRR29131278' has 0 unresolved dependencies
[fasterq-dump] SRC=/work/ugbogu/pipeline/data/rbl/GSE268136_primary_tumours/sra/SRR29131278
[fasterq-dump] threads=8
[fasterq-dump] tmp=/work/ugbogu/pipeline/data/rbl/GSE268136_primary_tumours/tmp/85694
[fasterq-dump] outdir=/work/ugbogu/pipeline/data/rbl/GSE268136_primary_tumours/fastq
[pigz] compressing SRR29131278_1.fastq and SRR29131278_2.fastq
---- Fri Mar 20 06:45:56 UTC 2026 :: DONE SRR29131278 ----
[SEQ] (17/50) SRR29131277
---- Fri Mar 20 06:45:56 UTC 2026 :: START SRR29131277 ----
[prefetch] downloading SRR29131277 -> /work/ugbogu/pipeline/data/rbl/GSE268136_primary_tumours/sra
2026-03-20T06:45:56 prefetch.3.2.1: 1) Resolving 'SRR29131277'...
2026-03-20T06:45:59 prefetch.3.2.1: Current preference is set to retrieve SRA Normalized Format files with full base quality scores
2026-03-20T06:46:00 prefetch.3.2.1: 1) Downloading 'SRR29131277'...
2026-03-20T06:46:00 prefetch.3.2.1:  SRA Normalized Format file is being retrieved
2026-03-20T06:46:00 prefetch.3.2.1:  Downloading via HTTPS...
2026-03-20T06:50:30 prefetch.3.2.1:  HTTPS download succeed
2026-03-20T06:50:41 prefetch.3.2.1:  'SRR29131277' is valid: 7450920969 bytes were streamed from 7450909663
2026-03-20T06:50:41 prefetch.3.2.1: 1) 'SRR29131277' was downloaded successfully
2026-03-20T06:50:41 prefetch.3.2.1: 1) Resolving 'SRR29131277's dependencies...
2026-03-20T06:50:41 prefetch.3.2.1: 'SRR29131277' has 0 unresolved dependencies
[fasterq-dump] SRC=/work/ugbogu/pipeline/data/rbl/GSE268136_primary_tumours/sra/SRR29131277
[fasterq-dump] threads=8
[fasterq-dump] tmp=/work/ugbogu/pipeline/data/rbl/GSE268136_primary_tumours/tmp/85694
[fasterq-dump] outdir=/work/ugbogu/pipeline/data/rbl/GSE268136_primary_tumours/fastq
[pigz] compressing SRR29131277_1.fastq and SRR29131277_2.fastq
---- Fri Mar 20 07:04:55 UTC 2026 :: DONE SRR29131277 ----
[SEQ] (18/50) SRR29131276
---- Fri Mar 20 07:04:55 UTC 2026 :: START SRR29131276 ----
[prefetch] downloading SRR29131276 -> /work/ugbogu/pipeline/data/rbl/GSE268136_primary_tumours/sra
2026-03-20T07:04:55 prefetch.3.2.1: 1) Resolving 'SRR29131276'...
2026-03-20T07:04:59 prefetch.3.2.1: Current preference is set to retrieve SRA Normalized Format files with full base quality scores
2026-03-20T07:05:03 prefetch.3.2.1: 1) Downloading 'SRR29131276'...
2026-03-20T07:05:03 prefetch.3.2.1:  SRA Normalized Format file is being retrieved
2026-03-20T07:05:03 prefetch.3.2.1:  Downloading via HTTPS...
2026-03-20T07:10:59 prefetch.3.2.1:  HTTPS download succeed
2026-03-20T07:11:07 prefetch.3.2.1:  'SRR29131276' is valid: 5671118268 bytes were streamed from 5671115463
2026-03-20T07:11:07 prefetch.3.2.1: 1) 'SRR29131276' was downloaded successfully
2026-03-20T07:11:07 prefetch.3.2.1: 1) Resolving 'SRR29131276's dependencies...
2026-03-20T07:11:07 prefetch.3.2.1: 'SRR29131276' has 0 unresolved dependencies
[fasterq-dump] SRC=/work/ugbogu/pipeline/data/rbl/GSE268136_primary_tumours/sra/SRR29131276
[fasterq-dump] threads=8
[fasterq-dump] tmp=/work/ugbogu/pipeline/data/rbl/GSE268136_primary_tumours/tmp/85694
[fasterq-dump] outdir=/work/ugbogu/pipeline/data/rbl/GSE268136_primary_tumours/fastq
[pigz] compressing SRR29131276_1.fastq and SRR29131276_2.fastq
---- Fri Mar 20 07:21:52 UTC 2026 :: DONE SRR29131276 ----
[SEQ] (19/50) SRR29131275
---- Fri Mar 20 07:21:52 UTC 2026 :: START SRR29131275 ----
[prefetch] downloading SRR29131275 -> /work/ugbogu/pipeline/data/rbl/GSE268136_primary_tumours/sra
2026-03-20T07:21:52 prefetch.3.2.1: 1) Resolving 'SRR29131275'...
2026-03-20T07:21:56 prefetch.3.2.1: Current preference is set to retrieve SRA Normalized Format files with full base quality scores
2026-03-20T07:21:56 prefetch.3.2.1: 1) Downloading 'SRR29131275'...
2026-03-20T07:21:56 prefetch.3.2.1:  SRA Normalized Format file is being retrieved
2026-03-20T07:21:56 prefetch.3.2.1:  Downloading via HTTPS...
2026-03-20T07:30:03 prefetch.3.2.1:  HTTPS download succeed
2026-03-20T07:30:15 prefetch.3.2.1:  'SRR29131275' is valid: 7713445601 bytes were streamed from 7713430175
2026-03-20T07:30:15 prefetch.3.2.1: 1) 'SRR29131275' was downloaded successfully
2026-03-20T07:30:15 prefetch.3.2.1: 1) Resolving 'SRR29131275's dependencies...
2026-03-20T07:30:15 prefetch.3.2.1: 'SRR29131275' has 0 unresolved dependencies
[fasterq-dump] SRC=/work/ugbogu/pipeline/data/rbl/GSE268136_primary_tumours/sra/SRR29131275
[fasterq-dump] threads=8
[fasterq-dump] tmp=/work/ugbogu/pipeline/data/rbl/GSE268136_primary_tumours/tmp/85694
[fasterq-dump] outdir=/work/ugbogu/pipeline/data/rbl/GSE268136_primary_tumours/fastq
[pigz] compressing SRR29131275_1.fastq and SRR29131275_2.fastq
---- Fri Mar 20 07:45:11 UTC 2026 :: DONE SRR29131275 ----
[SEQ] (20/50) SRR29131274
---- Fri Mar 20 07:45:11 UTC 2026 :: START SRR29131274 ----
[prefetch] downloading SRR29131274 -> /work/ugbogu/pipeline/data/rbl/GSE268136_primary_tumours/sra
2026-03-20T07:45:11 prefetch.3.2.1: 1) Resolving 'SRR29131274'...
2026-03-20T07:45:15 prefetch.3.2.1: Current preference is set to retrieve SRA Normalized Format files with full base quality scores
2026-03-20T07:45:19 prefetch.3.2.1: 1) Downloading 'SRR29131274'...
2026-03-20T07:45:19 prefetch.3.2.1:  SRA Normalized Format file is being retrieved
2026-03-20T07:45:19 prefetch.3.2.1:  Downloading via HTTPS...
2026-03-20T07:50:27 prefetch.3.2.1:  HTTPS download succeed
2026-03-20T07:50:36 prefetch.3.2.1:  'SRR29131274' is valid: 5624742707 bytes were streamed from 5624731415
2026-03-20T07:50:36 prefetch.3.2.1: 1) 'SRR29131274' was downloaded successfully
2026-03-20T07:50:36 prefetch.3.2.1: 1) Resolving 'SRR29131274's dependencies...
2026-03-20T07:50:36 prefetch.3.2.1: 'SRR29131274' has 0 unresolved dependencies
[fasterq-dump] SRC=/work/ugbogu/pipeline/data/rbl/GSE268136_primary_tumours/sra/SRR29131274
[fasterq-dump] threads=8
[fasterq-dump] tmp=/work/ugbogu/pipeline/data/rbl/GSE268136_primary_tumours/tmp/85694
[fasterq-dump] outdir=/work/ugbogu/pipeline/data/rbl/GSE268136_primary_tumours/fastq
[pigz] compressing SRR29131274_1.fastq and SRR29131274_2.fastq
---- Fri Mar 20 08:00:59 UTC 2026 :: DONE SRR29131274 ----
[SEQ] (21/50) SRR29131273
---- Fri Mar 20 08:00:59 UTC 2026 :: START SRR29131273 ----
[prefetch] downloading SRR29131273 -> /work/ugbogu/pipeline/data/rbl/GSE268136_primary_tumours/sra
2026-03-20T08:00:59 prefetch.3.2.1: 1) Resolving 'SRR29131273'...
2026-03-20T08:01:01 prefetch.3.2.1: 1) Failed to resolve 'SRR29131273'...
