                                 Started job on |	Apr 10 11:38:33
                             Started mapping on |	Apr 10 11:38:51
                                    Finished on |	Apr 10 11:50:46
       Mapping speed, Million of reads per hour |	130.25

                          Number of input reads |	25868721
                      Average input read length |	202
                                    UNIQUE READS:
                   Uniquely mapped reads number |	20192756
                        Uniquely mapped reads % |	78.06%
                          Average mapped length |	199.15
                       Number of splices: Total |	3430863
            Number of splices: Annotated (sjdb) |	3252369
                       Number of splices: GT/AG |	3324150
                       Number of splices: GC/AG |	27192
                       Number of splices: AT/AC |	3279
               Number of splices: Non-canonical |	76242
                      Mismatch rate per base, % |	0.37%
                         Deletion rate per base |	0.02%
                        Deletion average length |	1.46
                        Insertion rate per base |	0.01%
                       Insertion average length |	1.75
                             MULTI-MAPPING READS:
        Number of reads mapped to multiple loci |	2588135
             % of reads mapped to multiple loci |	10.00%
        Number of reads mapped to too many loci |	148233
             % of reads mapped to too many loci |	0.57%
                                  UNMAPPED READS:
  Number of reads unmapped: too many mismatches |	0
       % of reads unmapped: too many mismatches |	0.00%
            Number of reads unmapped: too short |	2595782
                 % of reads unmapped: too short |	10.03%
                Number of reads unmapped: other |	343815
                     % of reads unmapped: other |	1.33%
                                  CHIMERIC READS:
                       Number of chimeric reads |	0
                            % of chimeric reads |	0.00%
