spots read      : 70,249,703
reads read      : 140,499,406
reads written   : 140,499,406
spots read      : 170,327,614
reads read      : 340,655,228
reads written   : 340,655,228
spots read      : 121,840,659
reads read      : 243,681,318
reads written   : 243,681,318
spots read      : 110,636,699
reads read      : 221,273,398
reads written   : 221,273,398
spots read      : 121,352,426
reads read      : 242,704,852
reads written   : 242,704,852
spots read      : 76,923,765
reads read      : 153,847,530
reads written   : 153,847,530
spots read      : 82,453,309
reads read      : 164,906,618
reads written   : 164,906,618
spots read      : 70,069,938
reads read      : 140,139,876
reads written   : 140,139,876
spots read      : 82,014,834
reads read      : 164,029,668
reads written   : 164,029,668
spots read      : 89,625,184
reads read      : 179,250,368
reads written   : 179,250,368
spots read      : 85,258,161
reads read      : 170,516,322
reads written   : 170,516,322
spots read      : 98,324,181
reads read      : 196,648,362
reads written   : 196,648,362
spots read      : 80,187,186
reads read      : 160,374,372
reads written   : 160,374,372
spots read      : 77,199,080
reads read      : 154,398,160
reads written   : 154,398,160
spots read      : 99,090,012
reads read      : 198,180,024
reads written   : 198,180,024
spots read      : 82,058,642
reads read      : 164,117,284
reads written   : 164,117,284
spots read      : 91,430,469
reads read      : 182,860,938
reads written   : 182,860,938
spots read      : 108,883,747
reads read      : 217,767,494
reads written   : 217,767,494
spots read      : 109,454,672
reads read      : 218,909,344
reads written   : 218,909,344
spots read      : 79,298,786
reads read      : 158,597,572
reads written   : 158,597,572
spots read      : 82,138,085
reads read      : 164,276,170
reads written   : 164,276,170
spots read      : 115,915,732
reads read      : 231,831,464
reads written   : 231,831,464
spots read      : 91,900,838
reads read      : 183,801,676
reads written   : 183,801,676
spots read      : 95,949,952
reads read      : 191,899,904
reads written   : 191,899,904
spots read      : 72,219,610
reads read      : 144,439,220
reads written   : 144,439,220
spots read      : 78,650,268
reads read      : 157,300,536
reads written   : 157,300,536
