                                 Started job on |	Mar 28 16:37:17
                             Started mapping on |	Mar 28 16:37:29
                                    Finished on |	Mar 28 17:00:54
       Mapping speed, Million of reads per hour |	98.94

                          Number of input reads |	38615482
                      Average input read length |	285
                                    UNIQUE READS:
                   Uniquely mapped reads number |	33311520
                        Uniquely mapped reads % |	86.26%
                          Average mapped length |	284.90
                       Number of splices: Total |	46500339
            Number of splices: Annotated (sjdb) |	45699604
                       Number of splices: GT/AG |	46066707
                       Number of splices: GC/AG |	319897
                       Number of splices: AT/AC |	48832
               Number of splices: Non-canonical |	64903
                      Mismatch rate per base, % |	0.31%
                         Deletion rate per base |	0.01%
                        Deletion average length |	1.59
                        Insertion rate per base |	0.00%
                       Insertion average length |	1.70
                             MULTI-MAPPING READS:
        Number of reads mapped to multiple loci |	3329982
             % of reads mapped to multiple loci |	8.62%
        Number of reads mapped to too many loci |	177216
             % of reads mapped to too many loci |	0.46%
                                  UNMAPPED READS:
  Number of reads unmapped: too many mismatches |	0
       % of reads unmapped: too many mismatches |	0.00%
            Number of reads unmapped: too short |	1468731
                 % of reads unmapped: too short |	3.80%
                Number of reads unmapped: other |	328033
                     % of reads unmapped: other |	0.85%
                                  CHIMERIC READS:
                       Number of chimeric reads |	0
                            % of chimeric reads |	0.00%
