                                 Started job on |	Mar 28 16:15:07
                             Started mapping on |	Mar 28 16:19:44
                                    Finished on |	Mar 28 16:24:32
       Mapping speed, Million of reads per hour |	513.72

                          Number of input reads |	41097487
                      Average input read length |	100
                                    UNIQUE READS:
                   Uniquely mapped reads number |	36151416
                        Uniquely mapped reads % |	87.97%
                          Average mapped length |	99.26
                       Number of splices: Total |	5317740
            Number of splices: Annotated (sjdb) |	5278868
                       Number of splices: GT/AG |	5225783
                       Number of splices: GC/AG |	47942
                       Number of splices: AT/AC |	8395
               Number of splices: Non-canonical |	35620
                      Mismatch rate per base, % |	0.32%
                         Deletion rate per base |	0.01%
                        Deletion average length |	1.28
                        Insertion rate per base |	0.01%
                       Insertion average length |	1.20
                             MULTI-MAPPING READS:
        Number of reads mapped to multiple loci |	2279245
             % of reads mapped to multiple loci |	5.55%
        Number of reads mapped to too many loci |	83412
             % of reads mapped to too many loci |	0.20%
                                  UNMAPPED READS:
  Number of reads unmapped: too many mismatches |	0
       % of reads unmapped: too many mismatches |	0.00%
            Number of reads unmapped: too short |	2479432
                 % of reads unmapped: too short |	6.03%
                Number of reads unmapped: other |	103982
                     % of reads unmapped: other |	0.25%
                                  CHIMERIC READS:
                       Number of chimeric reads |	0
                            % of chimeric reads |	0.00%
