                                 Started job on |	Mar 28 19:27:16
                             Started mapping on |	Mar 28 19:31:05
                                    Finished on |	Mar 28 19:34:12
       Mapping speed, Million of reads per hour |	763.24

                          Number of input reads |	39646036
                      Average input read length |	100
                                    UNIQUE READS:
                   Uniquely mapped reads number |	35082558
                        Uniquely mapped reads % |	88.49%
                          Average mapped length |	99.20
                       Number of splices: Total |	7407595
            Number of splices: Annotated (sjdb) |	7371070
                       Number of splices: GT/AG |	7301504
                       Number of splices: GC/AG |	60631
                       Number of splices: AT/AC |	10899
               Number of splices: Non-canonical |	34561
                      Mismatch rate per base, % |	0.28%
                         Deletion rate per base |	0.01%
                        Deletion average length |	1.26
                        Insertion rate per base |	0.00%
                       Insertion average length |	1.20
                             MULTI-MAPPING READS:
        Number of reads mapped to multiple loci |	2088407
             % of reads mapped to multiple loci |	5.27%
        Number of reads mapped to too many loci |	52255
             % of reads mapped to too many loci |	0.13%
                                  UNMAPPED READS:
  Number of reads unmapped: too many mismatches |	0
       % of reads unmapped: too many mismatches |	0.00%
            Number of reads unmapped: too short |	2369472
                 % of reads unmapped: too short |	5.98%
                Number of reads unmapped: other |	53344
                     % of reads unmapped: other |	0.13%
                                  CHIMERIC READS:
                       Number of chimeric reads |	0
                            % of chimeric reads |	0.00%
