[2026-04-17 17:48:31,656] multiqc                                            [DEBUG  ]  This is MultiQC v1.14
[2026-04-17 17:48:31,658] multiqc                                            [DEBUG  ]  Command used: /work/ugbogu/pipeline/preprocessing_and_quality_control/nbl/.snakemake/conda/25bab6eebc31cc5397ba6665e6c28187_/bin/multiqc /work/ugbogu/pipeline/data/nbl/GSE189367/results -o /work/ugbogu/pipeline/data/nbl/GSE189367/results/multiqc -n multiqc_report.html
[2026-04-17 17:48:32,836] multiqc                                            [WARNING]  MultiQC Version v1.33 now available!
[2026-04-17 17:48:32,836] multiqc                                            [DEBUG  ]  Working dir : /work/ugbogu/pipeline/preprocessing_and_quality_control/nbl
[2026-04-17 17:48:32,836] multiqc                                            [DEBUG  ]  Template    : default
[2026-04-17 17:48:32,836] multiqc                                            [DEBUG  ]  Running Python 3.11.15 | packaged by conda-forge | (main, Mar  5 2026, 16:45:40) [GCC 14.3.0]
[2026-04-17 17:48:32,837] multiqc                                            [DEBUG  ]  Analysing modules: custom_content, ccs, ngsderive, purple, conpair, lima, peddy, somalier, methylQA, mosdepth, phantompeakqualtools, qualimap, preseq, hifiasm, quast, qorts, rna_seqc, rockhopper, rsem, rseqc, busco, bustools, goleft_indexcov, gffcompare, disambiguate, supernova, deeptools, sargasso, verifybamid, mirtrace, happy, mirtop, sambamba, gopeaks, homer, hops, macs2, theta2, snpeff, gatk, htseq, bcftools, featureCounts, fgbio, dragen, dragen_fastqc, dedup, pbmarkdup, damageprofiler, biobambam2, jcvi, mtnucratio, picard, vep, sentieon, prokka, qc3C, nanostat, samblaster, samtools, sexdeterrmine, eigenstratdatabasetools, bamtools, jellyfish, vcftools, longranger, stacks, varscan2, snippy, umitools, bbmap, bismark, biscuit, diamond, hicexplorer, hicup, hicpro, salmon, kallisto, slamdunk, star, hisat2, tophat, bowtie2, bowtie1, cellranger, snpsplit, odgi, pangolin, nextclade, humid, kat, leehom, adapterRemoval, bbduk, clipandmerge, cutadapt, flexbar, kaiju, kraken, malt, motus, trimmomatic, sickle, skewer, sortmerna, biobloomtools, fastq_screen, afterqc, fastp, fastqc, filtlong, prinseqplusplus, pychopper, porechop, pycoqc, minionqc, anglerfish, multivcfanalyzer, clusterflow, checkqc, bcl2fastq, bclconvert, interop, ivar, flash, seqyclean, optitype, whatshap
[2026-04-17 17:48:32,837] multiqc                                            [DEBUG  ]  Using temporary directory for creating report: /tmp/tmp_kzwzjrp
[2026-04-17 17:48:32,893] multiqc                                            [INFO   ]  Search path : /work/ugbogu/pipeline/data/nbl/GSE189367/results
[2026-04-17 17:52:13,743] multiqc                                            [DEBUG  ]  Summary of files that were skipped by the search: [skipped_module_specific_max_filesize: 4891] // [skipped_no_match: 832] // [skipped_ignore_pattern: 192] // [skipped_filesize_limit: 168]
[2026-04-17 17:52:14,110] multiqc.plots.bargraph                             [DEBUG  ]  Using matplotlib version 3.10.8
[2026-04-17 17:52:14,112] multiqc.plots.linegraph                            [DEBUG  ]  Using matplotlib version 3.10.8
[2026-04-17 17:52:14,112] multiqc                                            [DEBUG  ]  No samples found: custom_content
[2026-04-17 17:52:14,140] multiqc.modules.picard.picard                      [INFO   ]  Found 64 AlignmentSummaryMetrics reports
[2026-04-17 17:52:16,856] multiqc.modules.picard.picard                      [INFO   ]  Found 64 InsertSizeMetrics reports
[2026-04-17 17:52:16,864] multiqc.modules.picard.picard                      [INFO   ]  Found 64 QualityYieldMetrics reports
[2026-04-17 17:52:17,016] multiqc.modules.star.star                          [INFO   ]  Found 128 reports
[2026-04-17 17:52:18,207] multiqc.modules.fastqc.fastqc                      [INFO   ]  Found 128 reports
[2026-04-17 17:52:20,594] multiqc                                            [INFO   ]  Compressing plot data
[2026-04-17 17:52:21,451] multiqc                                            [INFO   ]  Report      : ../../data/nbl/GSE189367/results/multiqc/multiqc_report.html
[2026-04-17 17:52:21,451] multiqc                                            [INFO   ]  Data        : ../../data/nbl/GSE189367/results/multiqc/multiqc_report_data
[2026-04-17 17:52:21,451] multiqc                                            [DEBUG  ]  Moving data file from '/tmp/tmp_kzwzjrp/multiqc_data' to '/work/ugbogu/pipeline/data/nbl/GSE189367/results/multiqc/multiqc_report_data'
[2026-04-17 17:52:21,590] multiqc                                            [INFO   ]  MultiQC complete
[2026-04-17 17:52:21,590] multiqc                                            [WARNING]  10 flat-image plots used in the report due to large sample numbers
