Starting NBL target strand check...
Job ID: 24502032
Start time: Fri Nov 14 00:24:28 CET 2025
DataFrame with 162 rows and 57 columns
                                        barcode  tumor.code      sample
                                    <character> <character> <character>
TARGET-30-PAMZMG-01A-01R TARGET-30-PAMZMG-01A..          NA          NA
TARGET-30-PARVLK-01A-01R TARGET-30-PARVLK-01A..          NA          NA
TARGET-30-PAIFXV-01A-01R TARGET-30-PAIFXV-01A..          NA          NA
TARGET-30-PAPTCR-01A-01R TARGET-30-PAPTCR-01A..          NA          NA
TARGET-30-PAPKWN-01A-01R TARGET-30-PAPKWN-01A..          NA          NA
...                                         ...         ...         ...
TARGET-30-PASMJG-01A-01R TARGET-30-PASMJG-01A..          NA          NA
TARGET-30-PAPCTS-01A-01R TARGET-30-PAPCTS-01A..          NA          NA
TARGET-30-PANBSP-01A-01R TARGET-30-PANBSP-01A..          NA          NA
TARGET-30-PAPBJE-01A-01R TARGET-30-PAPBJE-01A..          NA          NA
TARGET-30-PANZPV-01A-01R TARGET-30-PANZPV-01A..          NA          NA
                             patient case.unique.id tissue.code
                         <character>    <character> <character>
TARGET-30-PAMZMG-01A-01R          NA             NA          NA
TARGET-30-PARVLK-01A-01R          NA             NA          NA
TARGET-30-PAIFXV-01A-01R          NA             NA          NA
TARGET-30-PAPTCR-01A-01R          NA             NA          NA
TARGET-30-PAPKWN-01A-01R          NA             NA          NA
...                              ...            ...         ...
TARGET-30-PASMJG-01A-01R          NA             NA          NA
TARGET-30-PAPCTS-01A-01R          NA             NA          NA
TARGET-30-PANBSP-01A-01R          NA             NA          NA
TARGET-30-PAPBJE-01A-01R          NA             NA          NA
TARGET-30-PANZPV-01A-01R          NA             NA          NA
                         nucleic.acid.code  definition tumor.definition
                               <character> <character>      <character>
TARGET-30-PAMZMG-01A-01R                NA          NA               NA
TARGET-30-PARVLK-01A-01R                NA          NA               NA
TARGET-30-PAIFXV-01A-01R                NA          NA               NA
TARGET-30-PAPTCR-01A-01R                NA          NA               NA
TARGET-30-PAPKWN-01A-01R                NA          NA               NA
...                                    ...         ...              ...
TARGET-30-PASMJG-01A-01R                NA          NA               NA
TARGET-30-PAPCTS-01A-01R                NA          NA               NA
TARGET-30-PANBSP-01A-01R                NA          NA               NA
TARGET-30-PAPBJE-01A-01R                NA          NA               NA
TARGET-30-PANZPV-01A-01R                NA          NA               NA
                         nucleic.acid.description sample_submitter_id
                                      <character>         <character>
TARGET-30-PAMZMG-01A-01R                       NA                  NA
TARGET-30-PARVLK-01A-01R                       NA                  NA
TARGET-30-PAIFXV-01A-01R                       NA                  NA
TARGET-30-PAPTCR-01A-01R                       NA                  NA
TARGET-30-PAPKWN-01A-01R                       NA                  NA
...                                           ...                 ...
TARGET-30-PASMJG-01A-01R                       NA                  NA
TARGET-30-PAPCTS-01A-01R                       NA                  NA
TARGET-30-PANBSP-01A-01R                       NA                  NA
TARGET-30-PAPBJE-01A-01R                       NA                  NA
TARGET-30-PANZPV-01A-01R                       NA                  NA
                         sample_type_id tumor_descriptor   sample_id
                            <character>      <character> <character>
TARGET-30-PAMZMG-01A-01R             NA               NA          NA
TARGET-30-PARVLK-01A-01R             NA               NA          NA
TARGET-30-PAIFXV-01A-01R             NA               NA          NA
TARGET-30-PAPTCR-01A-01R             NA               NA          NA
TARGET-30-PAPKWN-01A-01R             NA               NA          NA
...                                 ...              ...         ...
TARGET-30-PASMJG-01A-01R             NA               NA          NA
TARGET-30-PAPCTS-01A-01R             NA               NA          NA
TARGET-30-PANBSP-01A-01R             NA               NA          NA
TARGET-30-PAPBJE-01A-01R             NA               NA          NA
TARGET-30-PANZPV-01A-01R             NA               NA          NA
                         freezing_method submitter_id tumor_code_id sample_type
                             <character>  <character>   <character> <character>
TARGET-30-PAMZMG-01A-01R              NA           NA            NA          NA
TARGET-30-PARVLK-01A-01R              NA           NA            NA          NA
TARGET-30-PAIFXV-01A-01R              NA           NA            NA          NA
TARGET-30-PAPTCR-01A-01R              NA           NA            NA          NA
TARGET-30-PAPKWN-01A-01R              NA           NA            NA          NA
...                                  ...          ...           ...         ...
TARGET-30-PASMJG-01A-01R              NA           NA            NA          NA
TARGET-30-PAPCTS-01A-01R              NA           NA            NA          NA
TARGET-30-PANBSP-01A-01R              NA           NA            NA          NA
TARGET-30-PAPBJE-01A-01R              NA           NA            NA          NA
TARGET-30-PANZPV-01A-01R              NA           NA            NA          NA
                          tumor_code oct_embedded specimen_type       state
                         <character>  <character>   <character> <character>
TARGET-30-PAMZMG-01A-01R          NA           NA            NA          NA
TARGET-30-PARVLK-01A-01R          NA           NA            NA          NA
TARGET-30-PAIFXV-01A-01R          NA           NA            NA          NA
TARGET-30-PAPTCR-01A-01R          NA           NA            NA          NA
TARGET-30-PAPKWN-01A-01R          NA           NA            NA          NA
...                              ...          ...           ...         ...
TARGET-30-PASMJG-01A-01R          NA           NA            NA          NA
TARGET-30-PAPCTS-01A-01R          NA           NA            NA          NA
TARGET-30-PANBSP-01A-01R          NA           NA            NA          NA
TARGET-30-PAPBJE-01A-01R          NA           NA            NA          NA
TARGET-30-PANZPV-01A-01R          NA           NA            NA          NA
                         tissue_type preservation_method  inss_stage
                         <character>         <character> <character>
TARGET-30-PAMZMG-01A-01R          NA                  NA          NA
TARGET-30-PARVLK-01A-01R          NA                  NA          NA
TARGET-30-PAIFXV-01A-01R          NA                  NA          NA
TARGET-30-PAPTCR-01A-01R          NA                  NA          NA
TARGET-30-PAPKWN-01A-01R          NA                  NA          NA
...                              ...                 ...         ...
TARGET-30-PASMJG-01A-01R          NA                  NA          NA
TARGET-30-PAPCTS-01A-01R          NA                  NA          NA
TARGET-30-PANBSP-01A-01R          NA                  NA          NA
TARGET-30-PAPBJE-01A-01R          NA                  NA          NA
TARGET-30-PANZPV-01A-01R          NA                  NA          NA
                         days_to_diagnosis treatments tissue_or_organ_of_origin
                                 <integer>     <list>               <character>
TARGET-30-PAMZMG-01A-01R                NA                                   NA
TARGET-30-PARVLK-01A-01R                NA                                   NA
TARGET-30-PAIFXV-01A-01R                NA                                   NA
TARGET-30-PAPTCR-01A-01R                NA                                   NA
TARGET-30-PAPKWN-01A-01R                NA                                   NA
...                                    ...        ...                       ...
TARGET-30-PASMJG-01A-01R                NA                                   NA
TARGET-30-PAPCTS-01A-01R                NA                                   NA
TARGET-30-PANBSP-01A-01R                NA                                   NA
TARGET-30-PAPBJE-01A-01R                NA                                   NA
TARGET-30-PANZPV-01A-01R                NA                                   NA
                         age_at_diagnosis primary_diagnosis
                                <integer>       <character>
TARGET-30-PAMZMG-01A-01R               NA                NA
TARGET-30-PARVLK-01A-01R               NA                NA
TARGET-30-PAIFXV-01A-01R               NA                NA
TARGET-30-PAPTCR-01A-01R               NA                NA
TARGET-30-PAPKWN-01A-01R               NA                NA
...                                   ...               ...
TARGET-30-PASMJG-01A-01R               NA                NA
TARGET-30-PAPCTS-01A-01R               NA                NA
TARGET-30-PANBSP-01A-01R               NA                NA
TARGET-30-PAPBJE-01A-01R               NA                NA
TARGET-30-PANZPV-01A-01R               NA                NA
                         cog_neuroblastoma_risk_group year_of_diagnosis
                                          <character>         <integer>
TARGET-30-PAMZMG-01A-01R                           NA                NA
TARGET-30-PARVLK-01A-01R                           NA                NA
TARGET-30-PAIFXV-01A-01R                           NA                NA
TARGET-30-PAPTCR-01A-01R                           NA                NA
TARGET-30-PAPKWN-01A-01R                           NA                NA
...                                               ...               ...
TARGET-30-PASMJG-01A-01R                           NA                NA
TARGET-30-PAPCTS-01A-01R                           NA                NA
TARGET-30-PANBSP-01A-01R                           NA                NA
TARGET-30-PAPBJE-01A-01R                           NA                NA
TARGET-30-PANZPV-01A-01R                           NA                NA
                         diagnosis_is_primary_disease
                                            <logical>
TARGET-30-PAMZMG-01A-01R                           NA
TARGET-30-PARVLK-01A-01R                           NA
TARGET-30-PAIFXV-01A-01R                           NA
TARGET-30-PAPTCR-01A-01R                           NA
TARGET-30-PAPKWN-01A-01R                           NA
...                                               ...
TARGET-30-PASMJG-01A-01R                           NA
TARGET-30-PAPCTS-01A-01R                           NA
TARGET-30-PANBSP-01A-01R                           NA
TARGET-30-PAPBJE-01A-01R                           NA
TARGET-30-PANZPV-01A-01R                           NA
                         mitosis_karyorrhexis_index  inpc_grade  morphology
                                        <character> <character> <character>
TARGET-30-PAMZMG-01A-01R                         NA          NA          NA
TARGET-30-PARVLK-01A-01R                         NA          NA          NA
TARGET-30-PAIFXV-01A-01R                         NA          NA          NA
TARGET-30-PAPTCR-01A-01R                         NA          NA          NA
TARGET-30-PAPKWN-01A-01R                         NA          NA          NA
...                                             ...         ...         ...
TARGET-30-PASMJG-01A-01R                         NA          NA          NA
TARGET-30-PAPCTS-01A-01R                         NA          NA          NA
TARGET-30-PANBSP-01A-01R                         NA          NA          NA
TARGET-30-PAPBJE-01A-01R                         NA          NA          NA
TARGET-30-PANZPV-01A-01R                         NA          NA          NA
                         classification_of_tumor diagnosis_id icd_10_code
                                     <character>  <character> <character>
TARGET-30-PAMZMG-01A-01R                      NA           NA          NA
TARGET-30-PARVLK-01A-01R                      NA           NA          NA
TARGET-30-PAIFXV-01A-01R                      NA           NA          NA
TARGET-30-PAPTCR-01A-01R                      NA           NA          NA
TARGET-30-PAPKWN-01A-01R                      NA           NA          NA
...                                          ...          ...         ...
TARGET-30-PASMJG-01A-01R                      NA           NA          NA
TARGET-30-PAPCTS-01A-01R                      NA           NA          NA
TARGET-30-PANBSP-01A-01R                      NA           NA          NA
TARGET-30-PAPBJE-01A-01R                      NA           NA          NA
TARGET-30-PANZPV-01A-01R                      NA           NA          NA
                         site_of_resection_or_biopsy        race      gender
                                         <character> <character> <character>
TARGET-30-PAMZMG-01A-01R                          NA          NA          NA
TARGET-30-PARVLK-01A-01R                          NA          NA          NA
TARGET-30-PAIFXV-01A-01R                          NA          NA          NA
TARGET-30-PAPTCR-01A-01R                          NA          NA          NA
TARGET-30-PAPKWN-01A-01R                          NA          NA          NA
...                                              ...         ...         ...
TARGET-30-PASMJG-01A-01R                          NA          NA          NA
TARGET-30-PAPCTS-01A-01R                          NA          NA          NA
TARGET-30-PANBSP-01A-01R                          NA          NA          NA
TARGET-30-PAPBJE-01A-01R                          NA          NA          NA
TARGET-30-PANZPV-01A-01R                          NA          NA          NA
                           ethnicity vital_status age_at_index days_to_birth
                         <character>  <character>    <integer>     <integer>
TARGET-30-PAMZMG-01A-01R          NA           NA           NA            NA
TARGET-30-PARVLK-01A-01R          NA           NA           NA            NA
TARGET-30-PAIFXV-01A-01R          NA           NA           NA            NA
TARGET-30-PAPTCR-01A-01R          NA           NA           NA            NA
TARGET-30-PAPKWN-01A-01R          NA           NA           NA            NA
...                              ...          ...          ...           ...
TARGET-30-PASMJG-01A-01R          NA           NA           NA            NA
TARGET-30-PAPCTS-01A-01R          NA           NA           NA            NA
TARGET-30-PANBSP-01A-01R          NA           NA           NA            NA
TARGET-30-PAPBJE-01A-01R          NA           NA           NA            NA
TARGET-30-PANZPV-01A-01R          NA           NA           NA            NA
                         demographic_id age_is_obfuscated days_to_death
                            <character>         <logical>     <integer>
TARGET-30-PAMZMG-01A-01R             NA                NA            NA
TARGET-30-PARVLK-01A-01R             NA                NA            NA
TARGET-30-PAIFXV-01A-01R             NA                NA            NA
TARGET-30-PAPTCR-01A-01R             NA                NA            NA
TARGET-30-PAPKWN-01A-01R             NA                NA            NA
...                                 ...               ...           ...
TARGET-30-PASMJG-01A-01R             NA                NA            NA
TARGET-30-PAPCTS-01A-01R             NA                NA            NA
TARGET-30-PANBSP-01A-01R             NA                NA            NA
TARGET-30-PAPBJE-01A-01R             NA                NA            NA
TARGET-30-PANZPV-01A-01R             NA                NA            NA
                         bcr_patient_barcode primary_site
                                 <character>       <list>
TARGET-30-PAMZMG-01A-01R                  NA             
TARGET-30-PARVLK-01A-01R                  NA             
TARGET-30-PAIFXV-01A-01R                  NA             
TARGET-30-PAPTCR-01A-01R                  NA             
TARGET-30-PAPKWN-01A-01R                  NA             
...                                      ...          ...
TARGET-30-PASMJG-01A-01R                  NA             
TARGET-30-PAPCTS-01A-01R                  NA             
TARGET-30-PANBSP-01A-01R                  NA             
TARGET-30-PAPBJE-01A-01R                  NA             
TARGET-30-PANZPV-01A-01R                  NA             
                         dbgap_accession_number  project_id disease_type
                                    <character> <character>       <list>
TARGET-30-PAMZMG-01A-01R                     NA          NA             
TARGET-30-PARVLK-01A-01R                     NA          NA             
TARGET-30-PAIFXV-01A-01R                     NA          NA             
TARGET-30-PAPTCR-01A-01R                     NA          NA             
TARGET-30-PAPKWN-01A-01R                     NA          NA             
...                                         ...         ...          ...
TARGET-30-PASMJG-01A-01R                     NA          NA             
TARGET-30-PAPCTS-01A-01R                     NA          NA             
TARGET-30-PANBSP-01A-01R                     NA          NA             
TARGET-30-PAPBJE-01A-01R                     NA          NA             
TARGET-30-PANZPV-01A-01R                     NA          NA             
                                name releasable  released
                         <character>  <logical> <logical>
TARGET-30-PAMZMG-01A-01R          NA         NA        NA
TARGET-30-PARVLK-01A-01R          NA         NA        NA
TARGET-30-PAIFXV-01A-01R          NA         NA        NA
TARGET-30-PAPTCR-01A-01R          NA         NA        NA
TARGET-30-PAPKWN-01A-01R          NA         NA        NA
...                              ...        ...       ...
TARGET-30-PASMJG-01A-01R          NA         NA        NA
TARGET-30-PAPCTS-01A-01R          NA         NA        NA
TARGET-30-PANBSP-01A-01R          NA         NA        NA
TARGET-30-PAPBJE-01A-01R          NA         NA        NA
TARGET-30-PANZPV-01A-01R          NA         NA        NA
NBL target strand check completed successfully!
End time: Fri Nov 14 00:24:52 CET 2025
