Starting NBL cohort aggregation (nbl_cohort_aggregator.py)...
Job ID: 24496663
Start time: Thu Nov 13 22:13:59 CET 2025
Biotype file missing – skipping protein-coding filter.
Loading Ensembl → HGNC map from /home/chu25/data/ensembl_to_hgnc_map.tsv
   → 61,860 mappings loaded
Starting NBL cohort aggregation...

Processing cohort: GSE100148 (4 samples)
   [GSE100148_SRR5710452] Using column 2 (unstranded)
   [GSE100148_SRR5710457] Using column 2 (unstranded)
   [GSE100148_SRR5710462] Using column 2 (unstranded)
   [GSE100148_SRR5710467] Using column 2 (unstranded)
   Cohort matrix: 4 samples × 60660 genes
Processing cohort: GSE189367 (64 samples)
   [GSE189367_SRR17010968] Using column 4 (reverse/-)
   [GSE189367_SRR17010969] Using column 4 (reverse/-)
   [GSE189367_SRR17010970] Using column 4 (reverse/-)
   [GSE189367_SRR17010971] Using column 4 (reverse/-)
   [GSE189367_SRR17010972] Using column 4 (reverse/-)
   [GSE189367_SRR17010973] Using column 4 (reverse/-)
   [GSE189367_SRR17010974] Using column 4 (reverse/-)
   [GSE189367_SRR17010975] Using column 4 (reverse/-)
   [GSE189367_SRR17010976] Using column 4 (reverse/-)
   [GSE189367_SRR17010977] Using column 4 (reverse/-)
   [GSE189367_SRR17010978] Using column 4 (reverse/-)
   [GSE189367_SRR17010979] Using column 4 (reverse/-)
   [GSE189367_SRR17010980] Using column 4 (reverse/-)
   [GSE189367_SRR17010981] Using column 4 (reverse/-)
   [GSE189367_SRR17010982] Using column 4 (reverse/-)
   [GSE189367_SRR17010983] Using column 4 (reverse/-)
   [GSE189367_SRR17010984] Using column 4 (reverse/-)
   [GSE189367_SRR17010985] Using column 4 (reverse/-)
   [GSE189367_SRR17010986] Using column 4 (reverse/-)
   [GSE189367_SRR17010987] Using column 4 (reverse/-)
   [GSE189367_SRR17010988] Using column 4 (reverse/-)
   [GSE189367_SRR17010989] Using column 4 (reverse/-)
   [GSE189367_SRR17010990] Using column 4 (reverse/-)
   [GSE189367_SRR17010991] Using column 4 (reverse/-)
   [GSE189367_SRR17010992] Using column 4 (reverse/-)
   [GSE189367_SRR17010993] Using column 4 (reverse/-)
   [GSE189367_SRR17010994] Using column 4 (reverse/-)
   [GSE189367_SRR17010995] Using column 4 (reverse/-)
   [GSE189367_SRR17010996] Using column 4 (reverse/-)
   [GSE189367_SRR17010997] Using column 4 (reverse/-)
   [GSE189367_SRR17010998] Using column 4 (reverse/-)
   [GSE189367_SRR17010999] Using column 4 (reverse/-)
   [GSE189367_SRR17011000] Using column 4 (reverse/-)
   [GSE189367_SRR17011001] Using column 4 (reverse/-)
   [GSE189367_SRR17011002] Using column 4 (reverse/-)
   [GSE189367_SRR17011003] Using column 4 (reverse/-)
   [GSE189367_SRR17011004] Using column 4 (reverse/-)
   [GSE189367_SRR17011005] Using column 4 (reverse/-)
   [GSE189367_SRR17011006] Using column 4 (reverse/-)
   [GSE189367_SRR17011007] Using column 4 (reverse/-)
   [GSE189367_SRR17011008] Using column 4 (reverse/-)
   [GSE189367_SRR17011009] Using column 4 (reverse/-)
   [GSE189367_SRR17011010] Using column 4 (reverse/-)
   [GSE189367_SRR17011011] Using column 4 (reverse/-)
   [GSE189367_SRR17011012] Using column 4 (reverse/-)
   [GSE189367_SRR17011013] Using column 4 (reverse/-)
   [GSE189367_SRR17011014] Using column 4 (reverse/-)
   [GSE189367_SRR17011015] Using column 4 (reverse/-)
   [GSE189367_SRR17011016] Using column 4 (reverse/-)
   [GSE189367_SRR17011017] Using column 4 (reverse/-)
   [GSE189367_SRR17011018] Using column 4 (reverse/-)
   [GSE189367_SRR17011019] Using column 4 (reverse/-)
   [GSE189367_SRR17011020] Using column 4 (reverse/-)
   [GSE189367_SRR17011021] Using column 4 (reverse/-)
   [GSE189367_SRR17011022] Using column 4 (reverse/-)
   [GSE189367_SRR17011023] Using column 4 (reverse/-)
   [GSE189367_SRR17011024] Using column 4 (reverse/-)
   [GSE189367_SRR17011025] Using column 4 (reverse/-)
   [GSE189367_SRR17011026] Using column 4 (reverse/-)
   [GSE189367_SRR17011027] Using column 4 (reverse/-)
   [GSE189367_SRR17011028] Using column 4 (reverse/-)
   [GSE189367_SRR17011029] Using column 4 (reverse/-)
   [GSE189367_SRR17011030] Using column 4 (reverse/-)
   [GSE189367_SRR17011031] Using column 4 (reverse/-)
   Cohort matrix: 64 samples × 60660 genes
Processing cohort: GSE49711 (5 samples)
   [GSE49711_SRR5710452] Using column 2 (unstranded)
   [GSE49711_SRR5710457] Using column 2 (unstranded)
   [GSE49711_SRR5710462] Using column 2 (unstranded)
   [GSE49711_SRR5710467] Using column 2 (unstranded)
   [GSE49711_SRR5710479] Using column 4 (reverse/-)
   Cohort matrix: 5 samples × 60660 genes
Processing cohort: SRP409177 (47 samples)
   [SRP409177_SRR22373268] Using column 4 (reverse/-)
   [SRP409177_SRR22373269] Using column 4 (reverse/-)
   [SRP409177_SRR22373270] Using column 4 (reverse/-)
   [SRP409177_SRR22373271] Using column 4 (reverse/-)
   [SRP409177_SRR22373272] Using column 4 (reverse/-)
   [SRP409177_SRR22373273] Using column 4 (reverse/-)
   [SRP409177_SRR22373274] Using column 4 (reverse/-)
   [SRP409177_SRR22373275] Using column 4 (reverse/-)
   [SRP409177_SRR22373276] Using column 4 (reverse/-)
   [SRP409177_SRR22373277] Using column 4 (reverse/-)
   [SRP409177_SRR22373278] Using column 4 (reverse/-)
   [SRP409177_SRR22373279] Using column 4 (reverse/-)
   [SRP409177_SRR22373280] Using column 4 (reverse/-)
   [SRP409177_SRR22373281] Using column 4 (reverse/-)
   [SRP409177_SRR22373282] Using column 4 (reverse/-)
   [SRP409177_SRR22373283] Using column 4 (reverse/-)
   [SRP409177_SRR22373284] Using column 4 (reverse/-)
   [SRP409177_SRR22373285] Using column 4 (reverse/-)
   [SRP409177_SRR22373286] Using column 4 (reverse/-)
   [SRP409177_SRR22373287] Using column 4 (reverse/-)
   [SRP409177_SRR22373288] Using column 4 (reverse/-)
   [SRP409177_SRR22373289] Using column 4 (reverse/-)
   [SRP409177_SRR22373290] Using column 4 (reverse/-)
   [SRP409177_SRR22373291] Using column 4 (reverse/-)
   [SRP409177_SRR22373292] Using column 4 (reverse/-)
   [SRP409177_SRR22373293] Using column 4 (reverse/-)
   [SRP409177_SRR22373294] Using column 4 (reverse/-)
   [SRP409177_SRR22373295] Using column 4 (reverse/-)
   [SRP409177_SRR22373296] Using column 4 (reverse/-)
   [SRP409177_SRR22373297] Using column 4 (reverse/-)
   [SRP409177_SRR22373298] Using column 4 (reverse/-)
   [SRP409177_SRR22373299] Using column 4 (reverse/-)
   [SRP409177_SRR22373300] Using column 4 (reverse/-)
   [SRP409177_SRR22373301] Using column 4 (reverse/-)
   [SRP409177_SRR22373302] Using column 4 (reverse/-)
   [SRP409177_SRR22373303] Using column 4 (reverse/-)
   [SRP409177_SRR22373304] Using column 4 (reverse/-)
   [SRP409177_SRR22373305] Using column 4 (reverse/-)
   [SRP409177_SRR22373306] Using column 4 (reverse/-)
   [SRP409177_SRR22373307] Using column 4 (reverse/-)
   [SRP409177_SRR22373308] Using column 4 (reverse/-)
   [SRP409177_SRR22373309] Using column 4 (reverse/-)
   [SRP409177_SRR22373310] Using column 4 (reverse/-)
   [SRP409177_SRR22373311] Using column 4 (reverse/-)
   [SRP409177_SRR22373312] Using column 4 (reverse/-)
   [SRP409177_SRR22373313] Using column 4 (reverse/-)
   [SRP409177_SRR22373314] Using column 4 (reverse/-)
   Cohort matrix: 47 samples × 60660 genes

Merging all cohorts...
Metadata saved → /home/chu25/data/nbl/final_nbl_sample_metadata.csv

Saving Ensembl matrix → /home/chu25/data/nbl/final_nbl_count_matrix.parquet
   → 120 samples × 60660 Ensembl genes

Mapping Ensembl → HGNC...
Saving HGNC matrix → /home/chu25/data/nbl/final_nbl_count_matrix_hgnc.parquet
   → 120 samples × 40356 HGNC genes

Saving gene annotation → /home/chu25/data/nbl/final_nbl_gene_annotation.csv
Saving Ensembl→HGNC map → /home/chu25/data/nbl/final_nbl_ensembl_to_hgnc.tsv
Saving gene list (Ensembl) → /home/chu25/data/nbl/final_nbl_gene_list_ensembl.txt
Saving gene list (HGNC) → /home/chu25/data/nbl/final_nbl_gene_list_hgnc.txt

PIPELINE COMPLETE!
   • Two matrices: Ensembl + HGNC
   • Sample names preserved (index=True)
   • All annotations saved
   • Ready for purity, DE, survival, WGCNA
NBL cohort aggregation completed successfully!
End time: Thu Nov 13 22:15:24 CET 2025
