                                 Started job on |	Mar 26 12:09:11
                             Started mapping on |	Mar 26 12:09:37
                                    Finished on |	Mar 26 12:53:47
       Mapping speed, Million of reads per hour |	87.73

                          Number of input reads |	64581542
                      Average input read length |	292
                                    UNIQUE READS:
                   Uniquely mapped reads number |	54450772
                        Uniquely mapped reads % |	84.31%
                          Average mapped length |	289.30
                       Number of splices: Total |	75551356
            Number of splices: Annotated (sjdb) |	74375557
                       Number of splices: GT/AG |	74865304
                       Number of splices: GC/AG |	507768
                       Number of splices: AT/AC |	82927
               Number of splices: Non-canonical |	95357
                      Mismatch rate per base, % |	0.79%
                         Deletion rate per base |	0.01%
                        Deletion average length |	1.60
                        Insertion rate per base |	0.00%
                       Insertion average length |	1.44
                             MULTI-MAPPING READS:
        Number of reads mapped to multiple loci |	5497729
             % of reads mapped to multiple loci |	8.51%
        Number of reads mapped to too many loci |	204334
             % of reads mapped to too many loci |	0.32%
                                  UNMAPPED READS:
  Number of reads unmapped: too many mismatches |	0
       % of reads unmapped: too many mismatches |	0.00%
            Number of reads unmapped: too short |	3993360
                 % of reads unmapped: too short |	6.18%
                Number of reads unmapped: other |	435347
                     % of reads unmapped: other |	0.67%
                                  CHIMERIC READS:
                       Number of chimeric reads |	0
                            % of chimeric reads |	0.00%
