                                 Started job on |	Apr 10 00:54:55
                             Started mapping on |	Apr 10 00:55:13
                                    Finished on |	Apr 10 01:02:22
       Mapping speed, Million of reads per hour |	261.32

                          Number of input reads |	31141130
                      Average input read length |	202
                                    UNIQUE READS:
                   Uniquely mapped reads number |	25898797
                        Uniquely mapped reads % |	83.17%
                          Average mapped length |	200.11
                       Number of splices: Total |	7084366
            Number of splices: Annotated (sjdb) |	6906163
                       Number of splices: GT/AG |	6991104
                       Number of splices: GC/AG |	48282
                       Number of splices: AT/AC |	6052
               Number of splices: Non-canonical |	38928
                      Mismatch rate per base, % |	0.27%
                         Deletion rate per base |	0.02%
                        Deletion average length |	1.58
                        Insertion rate per base |	0.01%
                       Insertion average length |	1.66
                             MULTI-MAPPING READS:
        Number of reads mapped to multiple loci |	2634853
             % of reads mapped to multiple loci |	8.46%
        Number of reads mapped to too many loci |	73545
             % of reads mapped to too many loci |	0.24%
                                  UNMAPPED READS:
  Number of reads unmapped: too many mismatches |	0
       % of reads unmapped: too many mismatches |	0.00%
            Number of reads unmapped: too short |	2460790
                 % of reads unmapped: too short |	7.90%
                Number of reads unmapped: other |	73145
                     % of reads unmapped: other |	0.23%
                                  CHIMERIC READS:
                       Number of chimeric reads |	0
                            % of chimeric reads |	0.00%
