                                 Started job on |	Mar 26 10:07:52
                             Started mapping on |	Mar 26 10:08:13
                                    Finished on |	Mar 26 10:24:22
       Mapping speed, Million of reads per hour |	91.02

                          Number of input reads |	24498812
                      Average input read length |	284
                                    UNIQUE READS:
                   Uniquely mapped reads number |	21072270
                        Uniquely mapped reads % |	86.01%
                          Average mapped length |	283.22
                       Number of splices: Total |	29337563
            Number of splices: Annotated (sjdb) |	28968955
                       Number of splices: GT/AG |	29095673
                       Number of splices: GC/AG |	183981
                       Number of splices: AT/AC |	24474
               Number of splices: Non-canonical |	33435
                      Mismatch rate per base, % |	0.31%
                         Deletion rate per base |	0.01%
                        Deletion average length |	1.66
                        Insertion rate per base |	0.00%
                       Insertion average length |	1.75
                             MULTI-MAPPING READS:
        Number of reads mapped to multiple loci |	2210876
             % of reads mapped to multiple loci |	9.02%
        Number of reads mapped to too many loci |	129037
             % of reads mapped to too many loci |	0.53%
                                  UNMAPPED READS:
  Number of reads unmapped: too many mismatches |	0
       % of reads unmapped: too many mismatches |	0.00%
            Number of reads unmapped: too short |	951679
                 % of reads unmapped: too short |	3.88%
                Number of reads unmapped: other |	134950
                     % of reads unmapped: other |	0.55%
                                  CHIMERIC READS:
                       Number of chimeric reads |	0
                            % of chimeric reads |	0.00%
