                                 Started job on |	Mar 28 19:34:30
                             Started mapping on |	Mar 28 19:34:41
                                    Finished on |	Mar 28 19:59:47
       Mapping speed, Million of reads per hour |	99.97

                          Number of input reads |	41821547
                      Average input read length |	287
                                    UNIQUE READS:
                   Uniquely mapped reads number |	36506017
                        Uniquely mapped reads % |	87.29%
                          Average mapped length |	286.29
                       Number of splices: Total |	50757312
            Number of splices: Annotated (sjdb) |	49959160
                       Number of splices: GT/AG |	50289509
                       Number of splices: GC/AG |	341024
                       Number of splices: AT/AC |	48005
               Number of splices: Non-canonical |	78774
                      Mismatch rate per base, % |	0.29%
                         Deletion rate per base |	0.01%
                        Deletion average length |	1.74
                        Insertion rate per base |	0.00%
                       Insertion average length |	1.51
                             MULTI-MAPPING READS:
        Number of reads mapped to multiple loci |	3360846
             % of reads mapped to multiple loci |	8.04%
        Number of reads mapped to too many loci |	183644
             % of reads mapped to too many loci |	0.44%
                                  UNMAPPED READS:
  Number of reads unmapped: too many mismatches |	0
       % of reads unmapped: too many mismatches |	0.00%
            Number of reads unmapped: too short |	1582945
                 % of reads unmapped: too short |	3.78%
                Number of reads unmapped: other |	188095
                     % of reads unmapped: other |	0.45%
                                  CHIMERIC READS:
                       Number of chimeric reads |	0
                            % of chimeric reads |	0.00%
