                                 Started job on |	Mar 28 16:15:07
                             Started mapping on |	Mar 28 16:15:28
                                    Finished on |	Mar 28 16:18:39
       Mapping speed, Million of reads per hour |	774.61

                          Number of input reads |	41097487
                      Average input read length |	100
                                    UNIQUE READS:
                   Uniquely mapped reads number |	36160608
                        Uniquely mapped reads % |	87.99%
                          Average mapped length |	99.25
                       Number of splices: Total |	5163102
            Number of splices: Annotated (sjdb) |	5064765
                       Number of splices: GT/AG |	5085138
                       Number of splices: GC/AG |	35296
                       Number of splices: AT/AC |	6781
               Number of splices: Non-canonical |	35887
                      Mismatch rate per base, % |	0.32%
                         Deletion rate per base |	0.01%
                        Deletion average length |	1.28
                        Insertion rate per base |	0.01%
                       Insertion average length |	1.20
                             MULTI-MAPPING READS:
        Number of reads mapped to multiple loci |	2250669
             % of reads mapped to multiple loci |	5.48%
        Number of reads mapped to too many loci |	76847
             % of reads mapped to too many loci |	0.19%
                                  UNMAPPED READS:
  Number of reads unmapped: too many mismatches |	0
       % of reads unmapped: too many mismatches |	0.00%
            Number of reads unmapped: too short |	2505978
                 % of reads unmapped: too short |	6.10%
                Number of reads unmapped: other |	103385
                     % of reads unmapped: other |	0.25%
                                  CHIMERIC READS:
                       Number of chimeric reads |	0
                            % of chimeric reads |	0.00%
