                                 Started job on |	Apr 09 23:46:12
                             Started mapping on |	Apr 09 23:46:30
                                    Finished on |	Apr 10 00:10:05
       Mapping speed, Million of reads per hour |	103.51

                          Number of input reads |	40686294
                      Average input read length |	284
                                    UNIQUE READS:
                   Uniquely mapped reads number |	35453754
                        Uniquely mapped reads % |	87.14%
                          Average mapped length |	283.94
                       Number of splices: Total |	49925523
            Number of splices: Annotated (sjdb) |	49207380
                       Number of splices: GT/AG |	49458192
                       Number of splices: GC/AG |	340924
                       Number of splices: AT/AC |	50068
               Number of splices: Non-canonical |	76339
                      Mismatch rate per base, % |	0.30%
                         Deletion rate per base |	0.01%
                        Deletion average length |	1.73
                        Insertion rate per base |	0.00%
                       Insertion average length |	1.71
                             MULTI-MAPPING READS:
        Number of reads mapped to multiple loci |	3286465
             % of reads mapped to multiple loci |	8.08%
        Number of reads mapped to too many loci |	171958
             % of reads mapped to too many loci |	0.42%
                                  UNMAPPED READS:
  Number of reads unmapped: too many mismatches |	0
       % of reads unmapped: too many mismatches |	0.00%
            Number of reads unmapped: too short |	1542365
                 % of reads unmapped: too short |	3.79%
                Number of reads unmapped: other |	231752
                     % of reads unmapped: other |	0.57%
                                  CHIMERIC READS:
                       Number of chimeric reads |	0
                            % of chimeric reads |	0.00%
