                                 Started job on |	Apr 09 22:20:58
                             Started mapping on |	Apr 09 22:21:15
                                    Finished on |	Apr 09 22:25:11
       Mapping speed, Million of reads per hour |	459.98

                          Number of input reads |	30153986
                      Average input read length |	202
                                    UNIQUE READS:
                   Uniquely mapped reads number |	26165489
                        Uniquely mapped reads % |	86.77%
                          Average mapped length |	200.91
                       Number of splices: Total |	6206177
            Number of splices: Annotated (sjdb) |	6049052
                       Number of splices: GT/AG |	6132046
                       Number of splices: GC/AG |	46191
                       Number of splices: AT/AC |	6219
               Number of splices: Non-canonical |	21721
                      Mismatch rate per base, % |	0.20%
                         Deletion rate per base |	0.03%
                        Deletion average length |	1.25
                        Insertion rate per base |	0.01%
                       Insertion average length |	1.52
                             MULTI-MAPPING READS:
        Number of reads mapped to multiple loci |	2142918
             % of reads mapped to multiple loci |	7.11%
        Number of reads mapped to too many loci |	50080
             % of reads mapped to too many loci |	0.17%
                                  UNMAPPED READS:
  Number of reads unmapped: too many mismatches |	0
       % of reads unmapped: too many mismatches |	0.00%
            Number of reads unmapped: too short |	1765594
                 % of reads unmapped: too short |	5.86%
                Number of reads unmapped: other |	29905
                     % of reads unmapped: other |	0.10%
                                  CHIMERIC READS:
                       Number of chimeric reads |	0
                            % of chimeric reads |	0.00%
