During startup - Warning message:
Setting LC_CTYPE failed, using "C" 
==> TARGET NBL count merge
    Input dir  : /work/ugbogu/pipeline/data/nbl/target_nbl/count_data 
    Output dir : /work/ugbogu/pipeline/data/nbl/target_nbl/merged 
    Samples    : 162 

Reading first sample as template: TARGET-30-PASVRU-01A-01R 
Reading sample 2 of 162 : TARGET-30-PASCTR-01A-01R 
Reading sample 3 of 162 : TARGET-30-PAMZMG-01A-01R 
Reading sample 4 of 162 : TARGET-30-PASMNT-01A-01R 
Reading sample 5 of 162 : TARGET-30-PANWRR-01A-01R 
Reading sample 6 of 162 : TARGET-30-PAPZYZ-01A-01R 
Reading sample 7 of 162 : TARGET-30-PALVKK-01A-01R 
Reading sample 8 of 162 : TARGET-30-PALTEG-01A-01R 
Reading sample 9 of 162 : TARGET-30-PANBMJ-01A-01R 
Reading sample 10 of 162 : TARGET-30-PATHVK-01A-01R 
Reading sample 11 of 162 : TARGET-30-PATDWN-01A-01R 
Reading sample 12 of 162 : TARGET-30-PANXJL-01A-01R 
Reading sample 13 of 162 : TARGET-30-PARJVP-01A-01R 
Reading sample 14 of 162 : TARGET-30-PAMVRA-01A-01R 
Reading sample 15 of 162 : TARGET-30-PASXGP-01A-01R 
Reading sample 16 of 162 : TARGET-30-PANNMS-01A-01R 
Reading sample 17 of 162 : TARGET-30-PASRFS-01A-01R 
Reading sample 18 of 162 : TARGET-30-PASXIE-01A-01R 
Reading sample 19 of 162 : TARGET-30-PARSBI-01A-01R 
Reading sample 20 of 162 : TARGET-30-PAPBGH-01A-01R 
Reading sample 21 of 162 : TARGET-30-PASWYR-01A-01R 
Reading sample 22 of 162 : TARGET-30-PASJZC-01A-01R 
Reading sample 23 of 162 : TARGET-30-PASZKE-01A-01R 
Reading sample 24 of 162 : TARGET-30-PASTCN-01A-01R 
Reading sample 25 of 162 : TARGET-30-PASSRN-01A-01R 
Reading sample 26 of 162 : TARGET-30-PASPER-01A-01R 
Reading sample 27 of 162 : TARGET-30-PATCFL-01A-01R 
Reading sample 28 of 162 : TARGET-30-PAITCI-01A-01R 
Reading sample 29 of 162 : TARGET-30-PALNVP-01A-01R 
Reading sample 30 of 162 : TARGET-30-PANUIF-01A-01R 
Reading sample 31 of 162 : TARGET-30-PARKGJ-01A-01R 
Reading sample 32 of 162 : TARGET-30-PASTKC-01A-01R 
Reading sample 33 of 162 : TARGET-30-PASZPI-01A-01R 
Reading sample 34 of 162 : TARGET-30-PASSRS-01A-01R 
Reading sample 35 of 162 : TARGET-30-PAPUEB-01A-01R 
Reading sample 36 of 162 : TARGET-30-PASUYG-01A-01R 
Reading sample 37 of 162 : TARGET-30-PASWIJ-01A-01R 
Reading sample 38 of 162 : TARGET-30-PASGUT-01A-01R 
Reading sample 39 of 162 : TARGET-30-PAISNS-01A-01R 
Reading sample 40 of 162 : TARGET-30-PALKUC-01A-01R 
Reading sample 41 of 162 : TARGET-30-PATESI-01A-01R 
Reading sample 42 of 162 : TARGET-30-PANRRW-01A-01R 
Reading sample 43 of 162 : TARGET-30-PAKYZS-01A-01R 
Reading sample 44 of 162 : TARGET-30-PANUKV-01A-01R 
Reading sample 45 of 162 : TARGET-30-PALBFW-01A-01R 
Reading sample 46 of 162 : TARGET-30-PATGLU-01A-01R 
Reading sample 47 of 162 : TARGET-30-PASGAP-02A-01R 
Reading sample 48 of 162 : TARGET-30-PAPVEB-04A-01R 
Reading sample 49 of 162 : TARGET-30-PAPUWY-01A-01R 
Reading sample 50 of 162 : TARGET-30-PARFWB-01A-01R 
Reading sample 51 of 162 : TARGET-30-PALETP-01A-01R 
Reading sample 52 of 162 : TARGET-30-PAMNLH-01A-01R 
Reading sample 53 of 162 : TARGET-30-PAITEG-01A-01R 
Reading sample 54 of 162 : TARGET-30-PARHAM-01A-01R 
Reading sample 55 of 162 : TARGET-30-PATEKG-01A-01R 
Reading sample 56 of 162 : TARGET-30-PAPEFE-01A-01R 
Reading sample 57 of 162 : TARGET-30-PANYGR-01A-01R 
Reading sample 58 of 162 : TARGET-30-PARACS-01A-01R 
Reading sample 59 of 162 : TARGET-30-PASXRG-01A-01R 
Reading sample 60 of 162 : TARGET-30-PASXRJ-01A-01R 
Reading sample 61 of 162 : TARGET-30-PALUYS-01A-01R 
Reading sample 62 of 162 : TARGET-30-PASFIC-01A-01R 
Reading sample 63 of 162 : TARGET-30-PANRVJ-01A-01R 
Reading sample 64 of 162 : TARGET-30-PASPBZ-01A-01R 
Reading sample 65 of 162 : TARGET-30-PANKFE-01A-01R 
Reading sample 66 of 162 : TARGET-30-PARDIW-01A-01R 
Reading sample 67 of 162 : TARGET-30-PANSBN-01A-01R 
Reading sample 68 of 162 : TARGET-30-PAUDDK-02A-01R 
Reading sample 69 of 162 : TARGET-30-PANJLH-01A-01R 
Reading sample 70 of 162 : TARGET-30-PATHKB-01A-01R 
Reading sample 71 of 162 : TARGET-30-PASNPG-01A-01R 
Reading sample 72 of 162 : TARGET-30-PARVLK-01A-01R 
Reading sample 73 of 162 : TARGET-30-PAPVRN-01A-01R 
Reading sample 74 of 162 : TARGET-30-PARFRE-01A-01R 
Reading sample 75 of 162 : TARGET-30-PAPLSD-01A-01R 
Reading sample 76 of 162 : TARGET-30-PAIXIF-01A-01R 
Reading sample 77 of 162 : TARGET-30-PASSWW-01A-01R 
Reading sample 78 of 162 : TARGET-30-PAUDDK-01A-01R 
Reading sample 79 of 162 : TARGET-30-PAMMXF-01A-01R 
Reading sample 80 of 162 : TARGET-30-PAPTAN-01A-01R 
Reading sample 81 of 162 : TARGET-30-PALIIN-01A-01R 
Reading sample 82 of 162 : TARGET-30-PANZRV-01A-01R 
Reading sample 83 of 162 : TARGET-30-PASWVY-01A-01R 
Reading sample 84 of 162 : TARGET-30-PASMJG-01A-01R 
Reading sample 85 of 162 : TARGET-30-PANGXK-01A-01R 
Reading sample 86 of 162 : TARGET-30-PASWFB-01A-01R 
Reading sample 87 of 162 : TARGET-30-PAIPGU-01A-01R 
Reading sample 88 of 162 : TARGET-30-PAPKXS-01A-01R 
Reading sample 89 of 162 : TARGET-30-PANBSP-01A-01R 
Reading sample 90 of 162 : TARGET-30-PALWVJ-01A-01R 
Reading sample 91 of 162 : TARGET-30-PAPUNH-01A-01R 
Reading sample 92 of 162 : TARGET-30-PANRHJ-01A-01R 
Reading sample 93 of 162 : TARGET-30-PAKZRH-01A-01R 
Reading sample 94 of 162 : TARGET-30-PARBGP-01A-01R 
Reading sample 95 of 162 : TARGET-30-PASUCB-01A-01R 
Reading sample 96 of 162 : TARGET-30-PARZCJ-01A-01R 
Reading sample 97 of 162 : TARGET-30-PARACM-01A-01R 
Reading sample 98 of 162 : TARGET-30-PANZPV-01A-01R 
Reading sample 99 of 162 : TARGET-30-PAMYCE-01A-01R 
Reading sample 100 of 162 : TARGET-30-PASNML-01A-01R 
Reading sample 101 of 162 : TARGET-30-PARNNC-01A-01R 
Reading sample 102 of 162 : TARGET-30-PAPZYP-01A-01R 
Reading sample 103 of 162 : TARGET-30-PAPTLV-01A-01R 
Reading sample 104 of 162 : TARGET-30-PATINJ-01A-01R 
Reading sample 105 of 162 : TARGET-30-PASCFC-01A-01R 
Reading sample 106 of 162 : TARGET-30-PASGAP-01A-01R 
Reading sample 107 of 162 : TARGET-30-PAPKWN-01A-01R 
Reading sample 108 of 162 : TARGET-30-PATGJU-01A-01R 
Reading sample 109 of 162 : TARGET-30-PAMBMJ-01A-01R 
Reading sample 110 of 162 : TARGET-30-PARAMT-01A-01R 
Reading sample 111 of 162 : TARGET-30-PAMEZH-01A-01R 
Reading sample 112 of 162 : TARGET-30-PANZVU-01A-01R 
Reading sample 113 of 162 : TARGET-30-PANBJH-01A-01R 
Reading sample 114 of 162 : TARGET-30-PASMDM-01A-01R 
Reading sample 115 of 162 : TARGET-30-PALCBW-01A-01R 
Reading sample 116 of 162 : TARGET-30-PATYIL-01A-01R 
Reading sample 117 of 162 : TARGET-30-PARYNK-01A-01R 
Reading sample 118 of 162 : TARGET-30-PATDXG-01A-01R 
Reading sample 119 of 162 : TARGET-30-PASYPX-01A-01R 
Reading sample 120 of 162 : TARGET-30-PAPTDH-01A-01R 
Reading sample 121 of 162 : TARGET-30-PAPTCR-01A-01R 
Reading sample 122 of 162 : TARGET-30-PARZCJ-02A-01R 
Reading sample 123 of 162 : TARGET-30-PARHAM-02A-01R 
Reading sample 124 of 162 : TARGET-30-PASHFA-01A-01R 
Reading sample 125 of 162 : TARGET-30-PARDCK-01A-01R 
Reading sample 126 of 162 : TARGET-30-PAPTFZ-01A-01R 
Reading sample 127 of 162 : TARGET-30-PAMZGT-01A-01R 
Reading sample 128 of 162 : TARGET-30-PASFGG-01A-01R 
Reading sample 129 of 162 : TARGET-30-PATBMM-01A-01R 
Reading sample 130 of 162 : TARGET-30-PAPHPE-01A-01R 
Reading sample 131 of 162 : TARGET-30-PAIVHE-01A-01R 
Reading sample 132 of 162 : TARGET-30-PAPEAV-01A-01R 
Reading sample 133 of 162 : TARGET-30-PATAYJ-01A-01R 
Reading sample 134 of 162 : TARGET-30-PAIFXV-01A-01R 
Reading sample 135 of 162 : TARGET-30-PARGKK-01A-01R 
Reading sample 136 of 162 : TARGET-30-PASNPG-02A-01R 
Reading sample 137 of 162 : TARGET-30-PATNKP-02A-01R 
Reading sample 138 of 162 : TARGET-30-PARZIP-01A-01R 
Reading sample 139 of 162 : TARGET-30-PAPUAR-01A-01R 
Reading sample 140 of 162 : TARGET-30-PASXHE-01A-01R 
Reading sample 141 of 162 : TARGET-30-PAPICY-01A-01R 
Reading sample 142 of 162 : TARGET-30-PATEPF-01A-01R 
Reading sample 143 of 162 : TARGET-30-PAPBJE-01A-01R 
Reading sample 144 of 162 : TARGET-30-PATFXV-01A-01R 
Reading sample 145 of 162 : TARGET-30-PATYIL-02A-01R 
Reading sample 146 of 162 : TARGET-30-PARBAJ-02A-01R 
Reading sample 147 of 162 : TARGET-30-PASNEF-01A-01R 
Reading sample 148 of 162 : TARGET-30-PAPVFD-01A-01R 
Reading sample 149 of 162 : TARGET-30-PATDXC-01A-01R 
Reading sample 150 of 162 : TARGET-30-PATFCY-01A-01R 
Reading sample 151 of 162 : TARGET-30-PASEGA-01A-01R 
Reading sample 152 of 162 : TARGET-30-PASNZU-01A-01R 
Reading sample 153 of 162 : TARGET-30-PALZZV-01A-01R 
Reading sample 154 of 162 : TARGET-30-PARBAJ-01A-01R 
Reading sample 155 of 162 : TARGET-30-PAPBZI-01A-01R 
Reading sample 156 of 162 : TARGET-30-PASUML-01A-01R 
Reading sample 157 of 162 : TARGET-30-PAPCTS-01A-01R 
Reading sample 158 of 162 : TARGET-30-PALEVG-01A-01R 
Reading sample 159 of 162 : TARGET-30-PARZHA-01A-01R 
Reading sample 160 of 162 : TARGET-30-PALXTB-01A-01R 
Reading sample 161 of 162 : TARGET-30-PAPVXS-01A-01R 
Reading sample 162 of 162 : TARGET-30-PANLET-01A-01R 

Final matrix dimensions:
  genes   = 60660 
  samples = 162 

Saved:
  Matrix   : /work/ugbogu/pipeline/data/nbl/target_nbl/merged/target_nbl_count.rds 
  Metadata : /work/ugbogu/pipeline/data/nbl/target_nbl/merged/target_nbl_sample_metadata.csv 
  Gene IDs : /work/ugbogu/pipeline/data/nbl/target_nbl/merged/target_nbl_gene_list.txt 

Done.
