

processing file: dsmz_tcga_correlation5.Rmd
1/20                       
2/20 [setup]               
3/20                       
4/20 [config]              
5/20                       
6/20 [io_functions]        
7/20                       
8/20 [purity_module]       
9/20                       
10/20 [correlation_module]  
11/20                       
12/20 [visualization_module]
13/20                       
14/20 [pca]                 
15/20                       
16/20 [output_helpers]      
17/20                       
18/20 [main_function]       
19/20                       
20/20 [run]                 
output file: dsmz_tcga_correlation5.knit.md

/home/chu25/miniconda3/envs/tcga-r-env/bin/pandoc +RTS -K512m -RTS dsmz_tcga_correlation5.knit.md --to latex --from markdown+autolink_bare_uris+tex_math_single_backslash --output dsmz_tcga_correlation5.tex --lua-filter /home/chu25/miniconda3/envs/tcga-r-env/lib/R/library/rmarkdown/rmarkdown/lua/pagebreak.lua --lua-filter /home/chu25/miniconda3/envs/tcga-r-env/lib/R/library/rmarkdown/rmarkdown/lua/latex-div.lua --embed-resources --standalone --table-of-contents --toc-depth 2 --number-sections --highlight-style tango --pdf-engine xelatex --variable graphics 

Output created: dsmz_tcga_correlation5.pdf
There were 50 or more warnings (use warnings() to see the first 50)
