                                 Started job on |	Mar 28 17:45:19
                             Started mapping on |	Mar 28 17:45:39
                                    Finished on |	Mar 28 17:59:12
       Mapping speed, Million of reads per hour |	126.23

                          Number of input reads |	28505999
                      Average input read length |	282
                                    UNIQUE READS:
                   Uniquely mapped reads number |	25276672
                        Uniquely mapped reads % |	88.67%
                          Average mapped length |	281.76
                       Number of splices: Total |	38263210
            Number of splices: Annotated (sjdb) |	37859429
                       Number of splices: GT/AG |	37926814
                       Number of splices: GC/AG |	237840
                       Number of splices: AT/AC |	37481
               Number of splices: Non-canonical |	61075
                      Mismatch rate per base, % |	0.29%
                         Deletion rate per base |	0.01%
                        Deletion average length |	1.79
                        Insertion rate per base |	0.00%
                       Insertion average length |	1.83
                             MULTI-MAPPING READS:
        Number of reads mapped to multiple loci |	2191449
             % of reads mapped to multiple loci |	7.69%
        Number of reads mapped to too many loci |	43101
             % of reads mapped to too many loci |	0.15%
                                  UNMAPPED READS:
  Number of reads unmapped: too many mismatches |	0
       % of reads unmapped: too many mismatches |	0.00%
            Number of reads unmapped: too short |	912557
                 % of reads unmapped: too short |	3.20%
                Number of reads unmapped: other |	82220
                     % of reads unmapped: other |	0.29%
                                  CHIMERIC READS:
                       Number of chimeric reads |	0
                            % of chimeric reads |	0.00%
