                                 Started job on |	Apr 10 02:17:13
                             Started mapping on |	Apr 10 02:17:21
                                    Finished on |	Apr 10 02:21:18
       Mapping speed, Million of reads per hour |	457.19

                          Number of input reads |	30098404
                      Average input read length |	202
                                    UNIQUE READS:
                   Uniquely mapped reads number |	25641492
                        Uniquely mapped reads % |	85.19%
                          Average mapped length |	200.40
                       Number of splices: Total |	9154848
            Number of splices: Annotated (sjdb) |	8995530
                       Number of splices: GT/AG |	9060544
                       Number of splices: GC/AG |	67944
                       Number of splices: AT/AC |	9554
               Number of splices: Non-canonical |	16806
                      Mismatch rate per base, % |	0.19%
                         Deletion rate per base |	0.02%
                        Deletion average length |	1.17
                        Insertion rate per base |	0.01%
                       Insertion average length |	1.47
                             MULTI-MAPPING READS:
        Number of reads mapped to multiple loci |	2337171
             % of reads mapped to multiple loci |	7.77%
        Number of reads mapped to too many loci |	56814
             % of reads mapped to too many loci |	0.19%
                                  UNMAPPED READS:
  Number of reads unmapped: too many mismatches |	0
       % of reads unmapped: too many mismatches |	0.00%
            Number of reads unmapped: too short |	2035791
                 % of reads unmapped: too short |	6.76%
                Number of reads unmapped: other |	27136
                     % of reads unmapped: other |	0.09%
                                  CHIMERIC READS:
                       Number of chimeric reads |	0
                            % of chimeric reads |	0.00%
