=== [frodo] Starting CLL bulk RNA-seq download at Thu Dec  4 21:28:46 CET 2025 ===
[INFO] Using conda env: sra3
[INFO] Output directory: /home/chu25/data/cll/GSE237907/fastq
[INFO] which prefetch: /home/chu25/miniconda3/envs/sra3/bin/prefetch
[INFO] which fasterq-dump: /home/chu25/miniconda3/envs/sra3/bin/fasterq-dump

prefetch : 3.0.10


fasterq-dump : 3.0.10

[INFO] Using pigz for compression
============================================================
[INFO] Downloading and converting SRR25381845 ...
============================================================

2025-12-04T20:29:19 prefetch.3.0.10: Current preference is set to retrieve SRA Normalized Format files with full base quality scores.
2025-12-04T20:29:20 prefetch.3.0.10: 1) Downloading 'SRR25381845'...
2025-12-04T20:29:20 prefetch.3.0.10: SRA Normalized Format file is being retrieved, if this is different from your preference, it may be due to current file availability.
2025-12-04T20:29:20 prefetch.3.0.10:  Downloading via HTTPS...
2025-12-04T20:31:01 prefetch.3.0.10:  HTTPS download succeed
2025-12-04T20:31:05 prefetch.3.0.10:  'SRR25381845' is valid
2025-12-04T20:31:05 prefetch.3.0.10: 1) 'SRR25381845' was downloaded successfully
2025-12-04T20:31:05 prefetch.3.0.10: 'SRR25381845' has 0 unresolved dependencies
[INFO] prefetch complete for SRR25381845
[INFO] FASTQ conversion complete for SRR25381845
[INFO] Compressing SRR25381845_1.fastq and SRR25381845_2.fastq ...
============================================================
[INFO] Downloading and converting SRR25381846 ...
============================================================

2025-12-04T20:33:22 prefetch.3.0.10: Current preference is set to retrieve SRA Normalized Format files with full base quality scores.
2025-12-04T20:33:23 prefetch.3.0.10: 1) Downloading 'SRR25381846'...
2025-12-04T20:33:23 prefetch.3.0.10: SRA Normalized Format file is being retrieved, if this is different from your preference, it may be due to current file availability.
2025-12-04T20:33:23 prefetch.3.0.10:  Downloading via HTTPS...
2025-12-04T20:34:17 prefetch.3.0.10:  HTTPS download succeed
2025-12-04T20:34:20 prefetch.3.0.10:  'SRR25381846' is valid
2025-12-04T20:34:20 prefetch.3.0.10: 1) 'SRR25381846' was downloaded successfully
2025-12-04T20:34:20 prefetch.3.0.10: 'SRR25381846' has 0 unresolved dependencies
[INFO] prefetch complete for SRR25381846
[INFO] FASTQ conversion complete for SRR25381846
[INFO] Compressing SRR25381846_1.fastq and SRR25381846_2.fastq ...
============================================================
[INFO] Downloading and converting SRR25381847 ...
============================================================

2025-12-04T20:35:43 prefetch.3.0.10: Current preference is set to retrieve SRA Normalized Format files with full base quality scores.
2025-12-04T20:35:43 prefetch.3.0.10: 1) Downloading 'SRR25381847'...
2025-12-04T20:35:43 prefetch.3.0.10: SRA Normalized Format file is being retrieved, if this is different from your preference, it may be due to current file availability.
2025-12-04T20:35:43 prefetch.3.0.10:  Downloading via HTTPS...
2025-12-04T20:36:57 prefetch.3.0.10:  HTTPS download succeed
2025-12-04T20:37:00 prefetch.3.0.10:  'SRR25381847' is valid
2025-12-04T20:37:00 prefetch.3.0.10: 1) 'SRR25381847' was downloaded successfully
2025-12-04T20:37:00 prefetch.3.0.10: 'SRR25381847' has 0 unresolved dependencies
[INFO] prefetch complete for SRR25381847
[INFO] FASTQ conversion complete for SRR25381847
[INFO] Compressing SRR25381847_1.fastq and SRR25381847_2.fastq ...
============================================================
[INFO] Downloading and converting SRR25381848 ...
============================================================

2025-12-04T20:38:48 prefetch.3.0.10: Current preference is set to retrieve SRA Normalized Format files with full base quality scores.
2025-12-04T20:38:49 prefetch.3.0.10: 1) Downloading 'SRR25381848'...
2025-12-04T20:38:50 prefetch.3.0.10: SRA Normalized Format file is being retrieved, if this is different from your preference, it may be due to current file availability.
2025-12-04T20:38:50 prefetch.3.0.10:  Downloading via HTTPS...
2025-12-04T20:41:02 prefetch.3.0.10:  HTTPS download succeed
2025-12-04T20:41:07 prefetch.3.0.10:  'SRR25381848' is valid
2025-12-04T20:41:07 prefetch.3.0.10: 1) 'SRR25381848' was downloaded successfully
2025-12-04T20:41:07 prefetch.3.0.10: 'SRR25381848' has 0 unresolved dependencies
[INFO] prefetch complete for SRR25381848
[INFO] FASTQ conversion complete for SRR25381848
[INFO] Compressing SRR25381848_1.fastq and SRR25381848_2.fastq ...
============================================================
[INFO] Downloading and converting SRR25381849 ...
============================================================

2025-12-04T20:44:45 prefetch.3.0.10: Current preference is set to retrieve SRA Normalized Format files with full base quality scores.
2025-12-04T20:44:45 prefetch.3.0.10: 1) Downloading 'SRR25381849'...
2025-12-04T20:44:46 prefetch.3.0.10: SRA Normalized Format file is being retrieved, if this is different from your preference, it may be due to current file availability.
2025-12-04T20:44:46 prefetch.3.0.10:  Downloading via HTTPS...
2025-12-04T21:01:21 prefetch.3.0.10:  HTTPS download succeed
2025-12-04T21:01:55 prefetch.3.0.10:  'SRR25381849' is valid
2025-12-04T21:01:55 prefetch.3.0.10: 1) 'SRR25381849' was downloaded successfully
2025-12-04T21:01:55 prefetch.3.0.10: 'SRR25381849' has 0 unresolved dependencies
[INFO] prefetch complete for SRR25381849
[INFO] FASTQ conversion complete for SRR25381849
[INFO] Compressing SRR25381849_1.fastq and SRR25381849_2.fastq ...
============================================================
[INFO] Downloading and converting SRR25381850 ...
============================================================

2025-12-04T21:22:20 prefetch.3.0.10: Current preference is set to retrieve SRA Normalized Format files with full base quality scores.
2025-12-04T21:22:21 prefetch.3.0.10: 1) Downloading 'SRR25381850'...
2025-12-04T21:22:21 prefetch.3.0.10: SRA Normalized Format file is being retrieved, if this is different from your preference, it may be due to current file availability.
2025-12-04T21:22:21 prefetch.3.0.10:  Downloading via HTTPS...
2025-12-04T21:25:59 prefetch.3.0.10:  HTTPS download succeed
2025-12-04T21:26:03 prefetch.3.0.10:  'SRR25381850' is valid
2025-12-04T21:26:03 prefetch.3.0.10: 1) 'SRR25381850' was downloaded successfully
2025-12-04T21:26:03 prefetch.3.0.10: 'SRR25381850' has 0 unresolved dependencies
[INFO] prefetch complete for SRR25381850
[INFO] FASTQ conversion complete for SRR25381850
[INFO] Compressing SRR25381850_1.fastq and SRR25381850_2.fastq ...
============================================================
[INFO] Downloading and converting SRR25381851 ...
============================================================

2025-12-04T21:28:00 prefetch.3.0.10: Current preference is set to retrieve SRA Normalized Format files with full base quality scores.
2025-12-04T21:28:00 prefetch.3.0.10: 1) Downloading 'SRR25381851'...
2025-12-04T21:28:00 prefetch.3.0.10: SRA Normalized Format file is being retrieved, if this is different from your preference, it may be due to current file availability.
2025-12-04T21:28:00 prefetch.3.0.10:  Downloading via HTTPS...
2025-12-04T21:29:32 prefetch.3.0.10:  HTTPS download succeed
2025-12-04T21:29:34 prefetch.3.0.10:  'SRR25381851' is valid
2025-12-04T21:29:34 prefetch.3.0.10: 1) 'SRR25381851' was downloaded successfully
2025-12-04T21:29:34 prefetch.3.0.10: 'SRR25381851' has 0 unresolved dependencies
[INFO] prefetch complete for SRR25381851
[INFO] FASTQ conversion complete for SRR25381851
[INFO] Compressing SRR25381851_1.fastq and SRR25381851_2.fastq ...
============================================================
[INFO] Downloading and converting SRR25381852 ...
============================================================

2025-12-04T21:31:04 prefetch.3.0.10: Current preference is set to retrieve SRA Normalized Format files with full base quality scores.
2025-12-04T21:31:04 prefetch.3.0.10: 1) Downloading 'SRR25381852'...
2025-12-04T21:31:04 prefetch.3.0.10: SRA Normalized Format file is being retrieved, if this is different from your preference, it may be due to current file availability.
2025-12-04T21:31:04 prefetch.3.0.10:  Downloading via HTTPS...
2025-12-04T21:32:08 prefetch.3.0.10:  HTTPS download succeed
2025-12-04T21:32:12 prefetch.3.0.10:  'SRR25381852' is valid
2025-12-04T21:32:12 prefetch.3.0.10: 1) 'SRR25381852' was downloaded successfully
2025-12-04T21:32:12 prefetch.3.0.10: 'SRR25381852' has 0 unresolved dependencies
[INFO] prefetch complete for SRR25381852
[INFO] FASTQ conversion complete for SRR25381852
[INFO] Compressing SRR25381852_1.fastq and SRR25381852_2.fastq ...
============================================================
[INFO] Downloading and converting SRR25381853 ...
============================================================

2025-12-04T21:34:30 prefetch.3.0.10: Current preference is set to retrieve SRA Normalized Format files with full base quality scores.
2025-12-04T21:34:30 prefetch.3.0.10: 1) Downloading 'SRR25381853'...
2025-12-04T21:34:30 prefetch.3.0.10: SRA Normalized Format file is being retrieved, if this is different from your preference, it may be due to current file availability.
2025-12-04T21:34:30 prefetch.3.0.10:  Downloading via HTTPS...
2025-12-04T21:35:47 prefetch.3.0.10:  HTTPS download succeed
2025-12-04T21:35:51 prefetch.3.0.10:  'SRR25381853' is valid
2025-12-04T21:35:51 prefetch.3.0.10: 1) 'SRR25381853' was downloaded successfully
2025-12-04T21:35:51 prefetch.3.0.10: 'SRR25381853' has 0 unresolved dependencies
[INFO] prefetch complete for SRR25381853
[INFO] FASTQ conversion complete for SRR25381853
[INFO] Compressing SRR25381853_1.fastq and SRR25381853_2.fastq ...
============================================================
[INFO] Downloading and converting SRR25381854 ...
============================================================

2025-12-04T21:38:12 prefetch.3.0.10: Current preference is set to retrieve SRA Normalized Format files with full base quality scores.
2025-12-04T21:38:13 prefetch.3.0.10: 1) Downloading 'SRR25381854'...
2025-12-04T21:38:13 prefetch.3.0.10: SRA Normalized Format file is being retrieved, if this is different from your preference, it may be due to current file availability.
2025-12-04T21:38:13 prefetch.3.0.10:  Downloading via HTTPS...
2025-12-04T21:39:44 prefetch.3.0.10:  HTTPS download succeed
2025-12-04T21:39:50 prefetch.3.0.10:  'SRR25381854' is valid
2025-12-04T21:39:50 prefetch.3.0.10: 1) 'SRR25381854' was downloaded successfully
2025-12-04T21:39:50 prefetch.3.0.10: 'SRR25381854' has 0 unresolved dependencies
[INFO] prefetch complete for SRR25381854
[INFO] FASTQ conversion complete for SRR25381854
[INFO] Compressing SRR25381854_1.fastq and SRR25381854_2.fastq ...
=== Finished CLL bulk RNA-seq downloads at Thu Dec  4 22:43:26 CET 2025 ===
