spots read      : 32,451,032
reads read      : 64,902,064
reads written   : 64,902,064
spots read      : 19,963,629
reads read      : 39,927,258
reads written   : 39,927,258
spots read      : 27,531,545
reads read      : 55,063,090
reads written   : 55,063,090
spots read      : 40,119,329
reads read      : 80,238,658
reads written   : 80,238,658
spots read      : 306,048,702
reads read      : 612,097,404
reads written   : 612,097,404
spots read      : 28,292,933
reads read      : 56,585,866
reads written   : 56,585,866
spots read      : 21,128,820
reads read      : 42,257,640
reads written   : 42,257,640
spots read      : 33,232,257
reads read      : 66,464,514
reads written   : 66,464,514
spots read      : 34,273,582
reads read      : 68,547,164
reads written   : 68,547,164
spots read      : 53,787,967
reads read      : 107,575,934
reads written   : 107,575,934
