Assuming unrestricted shared filesystem usage.
None
host: frodo.hpc.dsmz.de
Building DAG of jobs...
Using shell: /usr/bin/bash
Provided cores: 8
Rules claiming more threads will be scaled down.
Job stats:
job                       count
----------------------  -------
all                           1
breast_cancer_subtypes        1
make_outdir                   1
total                         3

Select jobs to execute...
Execute 1 jobs...
[Sun Oct 12 22:36:51 2025]
localrule make_outdir:
    output: /home/chu25/dsmz/results/brca_vst_dual/.init
    jobid: 2
    reason: Missing output files: /home/chu25/dsmz/results/brca_vst_dual/.init
    resources: tmpdir=/tmp
Shell command: mkdir -p /home/chu25/dsmz/results/brca_vst_dual && touch /home/chu25/dsmz/results/brca_vst_dual/.init
[Sun Oct 12 22:36:55 2025]
Finished jobid: 2 (Rule: make_outdir)
1 of 3 steps (33%) done
Select jobs to execute...
Execute 1 jobs...
[Sun Oct 12 22:36:55 2025]
localrule breast_cancer_subtypes:
    input: /home/chu25/data/tcga/ALL_TCGA_STAR_Counts_SummarizedExperiment_filtered.rds, /home/chu25/data/dsmz/DSMZ_count_gene.rds, /home/chu25/data/dsmz/DSMZ_metadata.csv, /home/chu25/dsmz/results/brca_vst_dual/.init
    output: /home/chu25/dsmz/results/brca_vst_dual/VST_tcga_brca.rds, /home/chu25/dsmz/results/brca_vst_dual/VST_dsmz_brca.rds, /home/chu25/dsmz/results/brca_vst_dual/dimension_report.txt, /home/chu25/dsmz/results/brca_vst_dual/kmeans_metrics_HVG.csv, /home/chu25/dsmz/results/brca_vst_dual/kmeans_elbow_HVG.pdf, /home/chu25/dsmz/results/brca_vst_dual/kmeans_metrics_panel_HVG.pdf, /home/chu25/dsmz/results/brca_vst_dual/clusters_HVG_kmeans.csv, /home/chu25/dsmz/results/brca_vst_dual/umap_dataset.pdf, /home/chu25/dsmz/results/brca_vst_dual/umap_tcga_subtype.pdf, /home/chu25/dsmz/results/brca_vst_dual/umap_dsmz_cluster.pdf, /home/chu25/dsmz/results/brca_vst_dual/umap_combined.pdf, /home/chu25/dsmz/results/brca_vst_dual/umap_discovery_HVG_coords.csv, /home/chu25/dsmz/results/brca_vst_dual/heatmap_marker_vst.pdf, /home/chu25/dsmz/results/brca_vst_dual/HVGs_used_for_discovery_3k.txt, /home/chu25/dsmz/results/brca_vst_dual/mapping_dsmz_to_tcga.csv, /home/chu25/dsmz/results/brca_vst_dual/_SUCCESS.txt
    log: logs/brca_subtypes.out, logs/brca_subtypes.err
    jobid: 1
    reason: Missing output files: /home/chu25/dsmz/results/brca_vst_dual/_SUCCESS.txt; Input files updated by another job: /home/chu25/dsmz/results/brca_vst_dual/.init
    threads: 8
    resources: tmpdir=/tmp, mem_mb=64000, mem_mib=61036
Shell command: 
        set -euo pipefail
        mkdir -p "logs"
        Rscript "breast_cancer_subtypes.R" > "logs/brca_subtypes.out" 2> "logs/brca_subtypes.err"
        touch "/home/chu25/dsmz/results/brca_vst_dual/_SUCCESS.txt"
        
Activating conda environment: deseq2-r-env
RuleException:
CalledProcessError in file "/home/chu25/dsmz/scripts/brca_analysis/breast_cancer_subtypes.smk", line 98:
Command 'source /home/chu25/miniconda3/bin/activate 'deseq2-r-env'; set -euo pipefail;  
        set -euo pipefail
        mkdir -p "logs"
        Rscript "breast_cancer_subtypes.R" > "logs/brca_subtypes.out" 2> "logs/brca_subtypes.err"
        touch "/home/chu25/dsmz/results/brca_vst_dual/_SUCCESS.txt"' returned non-zero exit status 1.
[Sun Oct 12 22:48:08 2025]
Error in rule breast_cancer_subtypes:
    message: None
    jobid: 1
    input: /home/chu25/data/tcga/ALL_TCGA_STAR_Counts_SummarizedExperiment_filtered.rds, /home/chu25/data/dsmz/DSMZ_count_gene.rds, /home/chu25/data/dsmz/DSMZ_metadata.csv, /home/chu25/dsmz/results/brca_vst_dual/.init
    output: /home/chu25/dsmz/results/brca_vst_dual/VST_tcga_brca.rds, /home/chu25/dsmz/results/brca_vst_dual/VST_dsmz_brca.rds, /home/chu25/dsmz/results/brca_vst_dual/dimension_report.txt, /home/chu25/dsmz/results/brca_vst_dual/kmeans_metrics_HVG.csv, /home/chu25/dsmz/results/brca_vst_dual/kmeans_elbow_HVG.pdf, /home/chu25/dsmz/results/brca_vst_dual/kmeans_metrics_panel_HVG.pdf, /home/chu25/dsmz/results/brca_vst_dual/clusters_HVG_kmeans.csv, /home/chu25/dsmz/results/brca_vst_dual/umap_dataset.pdf, /home/chu25/dsmz/results/brca_vst_dual/umap_tcga_subtype.pdf, /home/chu25/dsmz/results/brca_vst_dual/umap_dsmz_cluster.pdf, /home/chu25/dsmz/results/brca_vst_dual/umap_combined.pdf, /home/chu25/dsmz/results/brca_vst_dual/umap_discovery_HVG_coords.csv, /home/chu25/dsmz/results/brca_vst_dual/heatmap_marker_vst.pdf, /home/chu25/dsmz/results/brca_vst_dual/HVGs_used_for_discovery_3k.txt, /home/chu25/dsmz/results/brca_vst_dual/mapping_dsmz_to_tcga.csv, /home/chu25/dsmz/results/brca_vst_dual/_SUCCESS.txt
    log: logs/brca_subtypes.out, logs/brca_subtypes.err (check log file(s) for error details)
    conda-env: deseq2-r-env
    shell:
        
        set -euo pipefail
        mkdir -p "logs"
        Rscript "breast_cancer_subtypes.R" > "logs/brca_subtypes.out" 2> "logs/brca_subtypes.err"
        touch "/home/chu25/dsmz/results/brca_vst_dual/_SUCCESS.txt"
        
        (command exited with non-zero exit code)
Removing output files of failed job breast_cancer_subtypes since they might be corrupted:
/home/chu25/dsmz/results/brca_vst_dual/VST_tcga_brca.rds, /home/chu25/dsmz/results/brca_vst_dual/VST_dsmz_brca.rds, /home/chu25/dsmz/results/brca_vst_dual/dimension_report.txt, /home/chu25/dsmz/results/brca_vst_dual/kmeans_metrics_HVG.csv, /home/chu25/dsmz/results/brca_vst_dual/kmeans_elbow_HVG.pdf, /home/chu25/dsmz/results/brca_vst_dual/kmeans_metrics_panel_HVG.pdf, /home/chu25/dsmz/results/brca_vst_dual/clusters_HVG_kmeans.csv, /home/chu25/dsmz/results/brca_vst_dual/umap_discovery_HVG_coords.csv, /home/chu25/dsmz/results/brca_vst_dual/heatmap_marker_vst.pdf, /home/chu25/dsmz/results/brca_vst_dual/HVGs_used_for_discovery_3k.txt, /home/chu25/dsmz/results/brca_vst_dual/mapping_dsmz_to_tcga.csv
Exiting because a job execution failed. Look below for error messages
[Sun Oct 12 22:48:20 2025]
Error in rule breast_cancer_subtypes:
    message: None
    jobid: 1
    input: /home/chu25/data/tcga/ALL_TCGA_STAR_Counts_SummarizedExperiment_filtered.rds, /home/chu25/data/dsmz/DSMZ_count_gene.rds, /home/chu25/data/dsmz/DSMZ_metadata.csv, /home/chu25/dsmz/results/brca_vst_dual/.init
    output: /home/chu25/dsmz/results/brca_vst_dual/VST_tcga_brca.rds, /home/chu25/dsmz/results/brca_vst_dual/VST_dsmz_brca.rds, /home/chu25/dsmz/results/brca_vst_dual/dimension_report.txt, /home/chu25/dsmz/results/brca_vst_dual/kmeans_metrics_HVG.csv, /home/chu25/dsmz/results/brca_vst_dual/kmeans_elbow_HVG.pdf, /home/chu25/dsmz/results/brca_vst_dual/kmeans_metrics_panel_HVG.pdf, /home/chu25/dsmz/results/brca_vst_dual/clusters_HVG_kmeans.csv, /home/chu25/dsmz/results/brca_vst_dual/umap_dataset.pdf, /home/chu25/dsmz/results/brca_vst_dual/umap_tcga_subtype.pdf, /home/chu25/dsmz/results/brca_vst_dual/umap_dsmz_cluster.pdf, /home/chu25/dsmz/results/brca_vst_dual/umap_combined.pdf, /home/chu25/dsmz/results/brca_vst_dual/umap_discovery_HVG_coords.csv, /home/chu25/dsmz/results/brca_vst_dual/heatmap_marker_vst.pdf, /home/chu25/dsmz/results/brca_vst_dual/HVGs_used_for_discovery_3k.txt, /home/chu25/dsmz/results/brca_vst_dual/mapping_dsmz_to_tcga.csv, /home/chu25/dsmz/results/brca_vst_dual/_SUCCESS.txt
    log: logs/brca_subtypes.out, logs/brca_subtypes.err (check log file(s) for error details)
    conda-env: deseq2-r-env
    shell:
        
        set -euo pipefail
        mkdir -p "logs"
        Rscript "breast_cancer_subtypes.R" > "logs/brca_subtypes.out" 2> "logs/brca_subtypes.err"
        touch "/home/chu25/dsmz/results/brca_vst_dual/_SUCCESS.txt"
        
        (command exited with non-zero exit code)
Complete log(s): /home/chu25/dsmz/scripts/brca_analysis/.snakemake/log/2025-10-12T223650.632345.snakemake.log
WorkflowError:
At least one job did not complete successfully.
