Assuming unrestricted shared filesystem usage.
None
host: gtw-node07
Building DAG of jobs...
Creating conda environment /home/chu25/dsmz/envs/multiqc.yaml...
Downloading and installing remote packages.
CreateCondaEnvironmentException:
Could not create conda environment from /home/chu25/dsmz/envs/multiqc.yaml:
Command:
conda env create --quiet --no-default-packages --file "/mnt/beegfs/mnt/work/bioinfo/home/chu25/dsmz/scripts/multiqc/.snakemake/conda/3e2cc05ce88f5d51b1f5687e0a48787c_.yaml" --prefix "/mnt/beegfs/mnt/work/bioinfo/home/chu25/dsmz/scripts/multiqc/.snakemake/conda/3e2cc05ce88f5d51b1f5687e0a48787c_"
Output:
2 channel Terms of Service accepted
Channels:
 - bioconda
 - conda-forge
 - defaults
Platform: linux-64
Collecting package metadata (repodata.json): ...working... WARNING conda.gateways.repodata:load_state(588): JSONDecodeError loading /home/chu25/miniconda3/pkgs/cache/ffeee55f.info.json
WARNING conda.gateways.repodata:load_state(588): JSONDecodeError loading /home/chu25/miniconda3/pkgs/cache/2a957770.info.json
WARNING conda.gateways.repodata:load_state(588): JSONDecodeError loading /home/chu25/miniconda3/pkgs/cache/2ce54b42.info.json
WARNING conda.gateways.repodata:load_state(588): JSONDecodeError loading /home/chu25/miniconda3/pkgs/cache/497deca9.info.json
WARNING conda.gateways.repodata:load_state(588): JSONDecodeError loading /home/chu25/miniconda3/pkgs/cache/09cdf8bf.info.json
WARNING conda.gateways.repodata:load_state(588): JSONDecodeError loading /home/chu25/miniconda3/pkgs/cache/47929eba.info.json
WARNING conda.gateways.repodata:load_state(588): JSONDecodeError loading /home/chu25/miniconda3/pkgs/cache/3e39a7aa.info.json
WARNING conda.gateways.repodata:load_state(588): JSONDecodeError loading /home/chu25/miniconda3/pkgs/cache/4ea078d6.info.json
done
Solving environment: ...working... failed

LibMambaUnsatisfiableError: Encountered problems while solving:
  - package multiqc-1.12-pyhdfd78af_0 requires requests, but none of the providers can be installed

Could not solve for environment specs
The following packages are incompatible
├─ multiqc =1.12 * is installable and it requires
│  └─ requests =* * with the potential options
│     ├─ requests [2.10.0|2.11.0|...|2.9.2] would require
│     │  └─ python =2.7 *, which can be installed;
│     ├─ requests [2.10.0|2.11.0|...|2.9.2] would require
│     │  └─ python =3.4 *, which can be installed;
│     ├─ requests [2.10.0|2.11.0|...|2.9.2] would require
│     │  └─ python =3.5 *, which can be installed;
│     ├─ requests [2.12.4|2.12.5|2.13.0] would require
│     │  └─ python =3.6 *, which can be installed;
│     ├─ requests [2.17.3|2.18.1|2.18.2|2.18.3|2.18.4] would require
│     │  └─ urllib3 >=1.21.1,<1.22 *, which conflicts with any installable versions previously reported;
│     ├─ requests 2.18.4 would require
│     │  └─ urllib3 >=1.21.1,<1.23 *, which conflicts with any installable versions previously reported;
│     ├─ requests [2.19.0|2.19.1|2.20.0|2.20.1] would require
│     │  └─ urllib3 >=1.21.1,<1.24 *, which conflicts with any installable versions previously reported;
│     ├─ requests [2.21.0|2.22.0] would require
│     │  └─ urllib3 >=1.21.1,<1.25 *, which conflicts with any installable versions previously reported;
│     ├─ requests [2.22.0|2.23.0|2.24.0|2.25.0] would require
│     │  └─ urllib3 >=1.21.1,(<1.26,(!=1.25.0,!=1.25.1)) *, which conflicts with any installable versions previously reported;
│     ├─ requests [2.25.1|2.26.0|...|2.29.0] would require
│     │  └─ urllib3 >=1.21.1,<1.27 *, which conflicts with any installable versions previously reported;
│     ├─ requests [2.31.0|2.32.1|2.32.2|2.32.3|2.32.4] would require
│     │  └─ urllib3 >=1.21.1,<3 *, which conflicts with any installable versions previously reported;
│     └─ requests [2.18.4|2.19.1|...|2.32.4] conflicts with any installable versions previously reported;
└─ python =3.9 * is not installable because it conflicts with any installable versions previously reported.


