Assuming unrestricted shared filesystem usage.
None
host: gtw-node01
Building DAG of jobs...
Using shell: /usr/bin/bash
Provided cores: 1 (use --cores to define parallelism)
Rules claiming more threads will be scaled down.
Job stats:
job                       count
----------------------  -------
all                           1
multiqc_fastqc_summary        1
total                         2

Select jobs to execute...
Execute 1 jobs...
[Mon Aug  4 02:34:41 2025]
localrule multiqc_fastqc_summary:
    input: /home/chu25/dsmz/results/fastqc
    output: /home/chu25/dsmz/results/multiqc/multiqc_report.html
    jobid: 1
    reason: Missing output files: /home/chu25/dsmz/results/multiqc/multiqc_report.html
    resources: tmpdir=/tmp, mem_mb=4000, mem_mib=3815
Activating conda environment: .snakemake/conda/1f732a99056a7280e0f3531034c79289_
RuleException:
CalledProcessError in file "/home/chu25/dsmz/scripts/multiqc/Snakefile", line 18:
Command 'source /home/chu25/miniconda3/bin/activate '/mnt/beegfs/mnt/work/bioinfo/home/chu25/dsmz/scripts/multiqc/.snakemake/conda/1f732a99056a7280e0f3531034c79289_'; set -euo pipefail;  
        echo "[INFO] Running MultiQC summary..."
        multiqc /home/chu25/dsmz/results/fastqc --outdir $(dirname /home/chu25/dsmz/results/multiqc/multiqc_report.html)' returned non-zero exit status 1.
[Mon Aug  4 02:34:50 2025]
Error in rule multiqc_fastqc_summary:
    message: None
    jobid: 1
    input: /home/chu25/dsmz/results/fastqc
    output: /home/chu25/dsmz/results/multiqc/multiqc_report.html
    conda-env: /mnt/beegfs/mnt/work/bioinfo/home/chu25/dsmz/scripts/multiqc/.snakemake/conda/1f732a99056a7280e0f3531034c79289_
    shell:
        
        echo "[INFO] Running MultiQC summary..."
        multiqc /home/chu25/dsmz/results/fastqc --outdir $(dirname /home/chu25/dsmz/results/multiqc/multiqc_report.html)
        
        (command exited with non-zero exit code)
Shutting down, this might take some time.
Exiting because a job execution failed. Look below for error messages
[Mon Aug  4 02:34:50 2025]
Error in rule multiqc_fastqc_summary:
    message: None
    jobid: 1
    input: /home/chu25/dsmz/results/fastqc
    output: /home/chu25/dsmz/results/multiqc/multiqc_report.html
    conda-env: /mnt/beegfs/mnt/work/bioinfo/home/chu25/dsmz/scripts/multiqc/.snakemake/conda/1f732a99056a7280e0f3531034c79289_
    shell:
        
        echo "[INFO] Running MultiQC summary..."
        multiqc /home/chu25/dsmz/results/fastqc --outdir $(dirname /home/chu25/dsmz/results/multiqc/multiqc_report.html)
        
        (command exited with non-zero exit code)
Complete log(s): /mnt/beegfs/mnt/work/bioinfo/home/chu25/dsmz/scripts/multiqc/.snakemake/log/2025-08-04T023429.535511.snakemake.log
WorkflowError:
At least one job did not complete successfully.
